Starting…
Running 'Verilator.Lint' at 'designs/prec_int8/runs/RUN_2026-10-05_20-13-05/01-verilator-lint'…
Logging subprocess to [repr.filename]'designs/prec_int8/runs/RUN_2026-10-05_20-13-05/01-verilator-lint/verilator-lint.log'[/repr.filename]…
Running 'Checker.LintTimingConstructs' at 'designs/prec_int8/runs/RUN_2026-10-05_20-13-05/02-checker-linttimingconstructs'…
Check for Lint Timing Errors clear.
Running 'Checker.LintErrors' at 'designs/prec_int8/runs/RUN_2026-10-05_20-13-05/03-checker-linterrors'…
Check for Lint errors clear.
Running 'Checker.LintWarnings' at 'designs/prec_int8/runs/RUN_2026-10-05_20-13-05/04-checker-lintwarnings'…
446 Lint warnings found.
Running 'Yosys.JsonHeader' at 'designs/prec_int8/runs/RUN_2026-10-05_20-13-05/05-yosys-jsonheader'…
Logging subprocess to [repr.filename]'designs/prec_int8/runs/RUN_2026-10-05_20-13-05/05-yosys-jsonheader/yosys-jsonheader.log'[/repr.filename]…
Running 'Yosys.Synthesis' at 'designs/prec_int8/runs/RUN_2026-10-05_20-13-05/06-yosys-synthesis'…
Logging subprocess to [repr.filename]'designs/prec_int8/runs/RUN_2026-10-05_20-13-05/06-yosys-synthesis/yosys-synthesis.log'[/repr.filename]…
Parsing synthesis checks…
Running 'Checker.YosysUnmappedCells' at 'designs/prec_int8/runs/RUN_2026-10-05_20-13-05/07-checker-yosysunmappedcells'…
Check for Unmapped Yosys instances clear.
Running 'Checker.YosysSynthChecks' at 'designs/prec_int8/runs/RUN_2026-10-05_20-13-05/08-checker-yosyssynthchecks'…
Check for Yosys check errors clear.
Running 'Checker.NetlistAssignStatements' at 'designs/prec_int8/runs/RUN_2026-10-05_20-13-05/09-checker-netlistassignstatements'…
Running 'OpenROAD.CheckSDCFiles' at 'designs/prec_int8/runs/RUN_2026-10-05_20-13-05/10-openroad-checksdcfiles'…
'PNR_SDC_FILE' is not defined. Using generic fallback SDC for OpenROAD PnR steps.
'SIGNOFF_SDC_FILE' is not defined. Using generic fallback SDC for OpenROAD PnR steps.
Running 'OpenROAD.CheckMacroInstances' at 'designs/prec_int8/runs/RUN_2026-10-05_20-13-05/11-openroad-checkmacroinstances'…
No macros found, skipping instance check…
Running 'OpenROAD.STAPrePNR' at 'designs/prec_int8/runs/RUN_2026-10-05_20-13-05/12-openroad-staprepnr'…
Starting STA for the nom_tt_025C_1v80 timing corner…
Starting STA for the nom_ss_100C_1v60 timing corner…
Starting STA for the nom_ff_n40C_1v95 timing corner…
Skipping corner min_tt_025C_1v80 for STA (identical to nom_tt_025C_1v80 at this stage)…
Skipping corner min_ss_100C_1v60 for STA (identical to nom_ss_100C_1v60 at this stage)…
Skipping corner min_ff_n40C_1v95 for STA (identical to nom_ff_n40C_1v95 at this stage)…
Skipping corner max_tt_025C_1v80 for STA (identical to nom_tt_025C_1v80 at this stage)…
Skipping corner max_ss_100C_1v60 for STA (identical to nom_ss_100C_1v60 at this stage)…
Logging subprocess to [repr.filename]'designs/prec_int8/runs/RUN_2026-10-05_20-13-05/12-openroad-staprepnr/nom_ff_n40C_1v95/sta.log'[/repr.filename]…
Skipping corner max_ff_n40C_1v95 for STA (identical to nom_ff_n40C_1v95 at this stage)…
Logging subprocess to [repr.filename]'designs/prec_int8/runs/RUN_2026-10-05_20-13-05/12-openroad-staprepnr/nom_tt_025C_1v80/sta.log'[/repr.filename]…
Logging subprocess to [repr.filename]'designs/prec_int8/runs/RUN_2026-10-05_20-13-05/12-openroad-staprepnr/nom_ss_100C_1v60/sta.log'[/repr.filename]…
Finished STA for the nom_ff_n40C_1v95 timing corner.
Finished STA for the nom_ss_100C_1v60 timing corner.
Finished STA for the nom_tt_025C_1v80 timing corner.
Running 'OpenROAD.Floorplan' at 'designs/prec_int8/runs/RUN_2026-10-05_20-13-05/13-openroad-floorplan'…
Logging subprocess to [repr.filename]'designs/prec_int8/runs/RUN_2026-10-05_20-13-05/13-openroad-floorplan/openroad-floorplan.log'[/repr.filename]…
Running 'OpenROAD.DumpRCValues' at 'designs/prec_int8/runs/RUN_2026-10-05_20-13-05/14-openroad-dumprcvalues'…
Logging subprocess to [repr.filename]'designs/prec_int8/runs/RUN_2026-10-05_20-13-05/14-openroad-dumprcvalues/openroad-dumprcvalues.log'[/repr.filename]…
Running 'Odb.CheckMacroAntennaProperties' at 'designs/prec_int8/runs/RUN_2026-10-05_20-13-05/15-odb-checkmacroantennaproperties'…
No cells provided, skipping 'Odb.CheckMacroAntennaProperties'…
Running 'Odb.SetPowerConnections' at 'designs/prec_int8/runs/RUN_2026-10-05_20-13-05/16-odb-setpowerconnections'…
Logging subprocess to [repr.filename]'designs/prec_int8/runs/RUN_2026-10-05_20-13-05/16-odb-setpowerconnections/odb-setpowerconnections.log'[/repr.filename]…
Running 'Odb.ManualMacroPlacement' at 'designs/prec_int8/runs/RUN_2026-10-05_20-13-05/17-odb-manualmacroplacement'…
No instances found, skipping 'Odb.ManualMacroPlacement'…
Running 'OpenROAD.CutRows' at 'designs/prec_int8/runs/RUN_2026-10-05_20-13-05/18-openroad-cutrows'…
Logging subprocess to [repr.filename]'designs/prec_int8/runs/RUN_2026-10-05_20-13-05/18-openroad-cutrows/openroad-cutrows.log'[/repr.filename]…
Running 'OpenROAD.TapEndcapInsertion' at 'designs/prec_int8/runs/RUN_2026-10-05_20-13-05/19-openroad-tapendcapinsertion'…
Logging subprocess to [repr.filename]'designs/prec_int8/runs/RUN_2026-10-05_20-13-05/19-openroad-tapendcapinsertion/openroad-tapendcapinsertion.log'[/repr.filename]…
Running 'Odb.AddPDNObstructions' at 'designs/prec_int8/runs/RUN_2026-10-05_20-13-05/20-odb-addpdnobstructions'…
'PDN_OBSTRUCTIONS' is not defined. Skipping 'Odb.AddPDNObstructions'…
Running 'OpenROAD.GeneratePDN' at 'designs/prec_int8/runs/RUN_2026-10-05_20-13-05/21-openroad-generatepdn'…
'PDN_CFG' not explicitly set, setting it to /nix/store/ql4nbdxqdd9ph8x1k8awi7yklk8rx51j-python3-3.13.9-env/lib/python3.13/site-packages/librelane/scripts/openroad/common/pdn_cfg.tcl…
Logging subprocess to [repr.filename]'designs/prec_int8/runs/RUN_2026-10-05_20-13-05/21-openroad-generatepdn/openroad-generatepdn.log'[/repr.filename]…
Running 'Odb.RemovePDNObstructions' at 'designs/prec_int8/runs/RUN_2026-10-05_20-13-05/22-odb-removepdnobstructions'…
'PDN_OBSTRUCTIONS' is not defined. Skipping 'Odb.RemovePDNObstructions'…
Running 'Odb.AddRoutingObstructions' at 'designs/prec_int8/runs/RUN_2026-10-05_20-13-05/23-odb-addroutingobstructions'…
'ROUTING_OBSTRUCTIONS' is not defined. Skipping 'Odb.AddRoutingObstructions'…
Running 'OpenROAD.GlobalPlacementSkipIO' at 'designs/prec_int8/runs/RUN_2026-10-05_20-13-05/24-openroad-globalplacementskipio'…
'PL_TARGET_DENSITY_PCT' not explicitly set, using dynamically calculated target density: 46.758500…
Logging subprocess to [repr.filename]'designs/prec_int8/runs/RUN_2026-10-05_20-13-05/24-openroad-globalplacementskipio/openroad-globalplacementskipio.log'[/repr.filename]…
Running 'OpenROAD.IOPlacement' at 'designs/prec_int8/runs/RUN_2026-10-05_20-13-05/25-openroad-ioplacement'…
Logging subprocess to [repr.filename]'designs/prec_int8/runs/RUN_2026-10-05_20-13-05/25-openroad-ioplacement/openroad-ioplacement.log'[/repr.filename]…
Running 'Odb.CustomIOPlacement' at 'designs/prec_int8/runs/RUN_2026-10-05_20-13-05/26-odb-customioplacement'…
No custom I/O placement file configured, skipping 'Odb.CustomIOPlacement'…
Running 'Odb.ApplyDEFTemplate' at 'designs/prec_int8/runs/RUN_2026-10-05_20-13-05/27-odb-applydeftemplate'…
No DEF template provided, skipping 'Odb.ApplyDEFTemplate'…
Running 'OpenROAD.GlobalPlacement' at 'designs/prec_int8/runs/RUN_2026-10-05_20-13-05/28-openroad-globalplacement'…
'PL_TARGET_DENSITY_PCT' not explicitly set, using dynamically calculated target density: 46.758500…
Logging subprocess to [repr.filename]'designs/prec_int8/runs/RUN_2026-10-05_20-13-05/28-openroad-globalplacement/openroad-globalplacement.log'[/repr.filename]…
Running 'Odb.WriteVerilogHeader' at 'designs/prec_int8/runs/RUN_2026-10-05_20-13-05/29-odb-writeverilogheader'…
Logging subprocess to [repr.filename]'designs/prec_int8/runs/RUN_2026-10-05_20-13-05/29-odb-writeverilogheader/odb-writeverilogheader.log'[/repr.filename]…
Running 'Checker.PowerGridViolations' at 'designs/prec_int8/runs/RUN_2026-10-05_20-13-05/30-checker-powergridviolations'…
Check for power grid violations (as reported by OpenROAD PSM- you may ignore these if LVS passes) clear.
Running 'OpenROAD.STAMidPNR' at 'designs/prec_int8/runs/RUN_2026-10-05_20-13-05/31-openroad-stamidpnr'…
Logging subprocess to [repr.filename]'designs/prec_int8/runs/RUN_2026-10-05_20-13-05/31-openroad-stamidpnr/openroad-stamidpnr.log'[/repr.filename]…
Running 'OpenROAD.RepairDesignPostGPL' at 'designs/prec_int8/runs/RUN_2026-10-05_20-13-05/32-openroad-repairdesignpostgpl'…
Logging subprocess to [repr.filename]'designs/prec_int8/runs/RUN_2026-10-05_20-13-05/32-openroad-repairdesignpostgpl/openroad-repairdesignpostgpl.log'[/repr.filename]…
[STA-1140] ~/.volare/sky130A/libs.ref/sky130_fd_sc_hd/lib/sky130_fd_sc_hd__tt_025C_1v80.lib line 1, library sky130_fd_sc_hd__tt_025C_1v80 already exists.
[STA-1140] ~/.volare/sky130A/libs.ref/sky130_fd_sc_hd/lib/sky130_fd_sc_hd__ff_n40C_1v95.lib line 1, library sky130_fd_sc_hd__ff_n40C_1v95 already exists.
[STA-1140] ~/.volare/sky130A/libs.ref/sky130_fd_sc_hd/lib/sky130_fd_sc_hd__ss_100C_1v60.lib line 1, library sky130_fd_sc_hd__ss_100C_1v60 already exists.
[STA-1140] ~/.volare/sky130A/libs.ref/sky130_fd_sc_hd/lib/sky130_fd_sc_hd__tt_025C_1v80.lib line 1, library sky130_fd_sc_hd__tt_025C_1v80 already exists.
[STA-1140] ~/.volare/sky130A/libs.ref/sky130_fd_sc_hd/lib/sky130_fd_sc_hd__ss_100C_1v60.lib line 1, library sky130_fd_sc_hd__ss_100C_1v60 already exists.
[STA-1140] ~/.volare/sky130A/libs.ref/sky130_fd_sc_hd/lib/sky130_fd_sc_hd__ff_n40C_1v95.lib line 1, library sky130_fd_sc_hd__ff_n40C_1v95 already exists.
[RSZ-0020] found 2 floating nets.
Running 'Odb.ManualGlobalPlacement' at 'designs/prec_int8/runs/RUN_2026-10-05_20-13-05/33-odb-manualglobalplacement'…
'MANUAL_GLOBAL_PLACEMENTS' not set. Skipping 'Odb.ManualGlobalPlacement'…
Running 'OpenROAD.DetailedPlacement' at 'designs/prec_int8/runs/RUN_2026-10-05_20-13-05/34-openroad-detailedplacement'…
Logging subprocess to [repr.filename]'designs/prec_int8/runs/RUN_2026-10-05_20-13-05/34-openroad-detailedplacement/openroad-detailedplacement.log'[/repr.filename]…
Running 'OpenROAD.CTS' at 'designs/prec_int8/runs/RUN_2026-10-05_20-13-05/35-openroad-cts'…
Logging subprocess to [repr.filename]'designs/prec_int8/runs/RUN_2026-10-05_20-13-05/35-openroad-cts/openroad-cts.log'[/repr.filename]…
[STA-1140] ~/.volare/sky130A/libs.ref/sky130_fd_sc_hd/lib/sky130_fd_sc_hd__tt_025C_1v80.lib line 1, library sky130_fd_sc_hd__tt_025C_1v80 already exists.
[STA-1140] ~/.volare/sky130A/libs.ref/sky130_fd_sc_hd/lib/sky130_fd_sc_hd__ff_n40C_1v95.lib line 1, library sky130_fd_sc_hd__ff_n40C_1v95 already exists.
[STA-1140] ~/.volare/sky130A/libs.ref/sky130_fd_sc_hd/lib/sky130_fd_sc_hd__ss_100C_1v60.lib line 1, library sky130_fd_sc_hd__ss_100C_1v60 already exists.
[STA-1140] ~/.volare/sky130A/libs.ref/sky130_fd_sc_hd/lib/sky130_fd_sc_hd__tt_025C_1v80.lib line 1, library sky130_fd_sc_hd__tt_025C_1v80 already exists.
[STA-1140] ~/.volare/sky130A/libs.ref/sky130_fd_sc_hd/lib/sky130_fd_sc_hd__ss_100C_1v60.lib line 1, library sky130_fd_sc_hd__ss_100C_1v60 already exists.
[STA-1140] ~/.volare/sky130A/libs.ref/sky130_fd_sc_hd/lib/sky130_fd_sc_hd__ff_n40C_1v95.lib line 1, library sky130_fd_sc_hd__ff_n40C_1v95 already exists.
Running 'OpenROAD.STAMidPNR-1' at 'designs/prec_int8/runs/RUN_2026-10-05_20-13-05/36-openroad-stamidpnr-1'…
Logging subprocess to [repr.filename]'designs/prec_int8/runs/RUN_2026-10-05_20-13-05/36-openroad-stamidpnr-1/openroad-stamidpnr-1.log'[/repr.filename]…
Running 'OpenROAD.ResizerTimingPostCTS' at 'designs/prec_int8/runs/RUN_2026-10-05_20-13-05/37-openroad-resizertimingpostcts'…
Logging subprocess to [repr.filename]'designs/prec_int8/runs/RUN_2026-10-05_20-13-05/37-openroad-resizertimingpostcts/openroad-resizertimingpostcts.log'[/repr.filename]…
[STA-1140] ~/.volare/sky130A/libs.ref/sky130_fd_sc_hd/lib/sky130_fd_sc_hd__tt_025C_1v80.lib line 1, library sky130_fd_sc_hd__tt_025C_1v80 already exists.
[STA-1140] ~/.volare/sky130A/libs.ref/sky130_fd_sc_hd/lib/sky130_fd_sc_hd__ff_n40C_1v95.lib line 1, library sky130_fd_sc_hd__ff_n40C_1v95 already exists.
[STA-1140] ~/.volare/sky130A/libs.ref/sky130_fd_sc_hd/lib/sky130_fd_sc_hd__ss_100C_1v60.lib line 1, library sky130_fd_sc_hd__ss_100C_1v60 already exists.
[STA-1140] ~/.volare/sky130A/libs.ref/sky130_fd_sc_hd/lib/sky130_fd_sc_hd__tt_025C_1v80.lib line 1, library sky130_fd_sc_hd__tt_025C_1v80 already exists.
[STA-1140] ~/.volare/sky130A/libs.ref/sky130_fd_sc_hd/lib/sky130_fd_sc_hd__ss_100C_1v60.lib line 1, library sky130_fd_sc_hd__ss_100C_1v60 already exists.
[STA-1140] ~/.volare/sky130A/libs.ref/sky130_fd_sc_hd/lib/sky130_fd_sc_hd__ff_n40C_1v95.lib line 1, library sky130_fd_sc_hd__ff_n40C_1v95 already exists.
Running 'OpenROAD.STAMidPNR-2' at 'designs/prec_int8/runs/RUN_2026-10-05_20-13-05/38-openroad-stamidpnr-2'…
Logging subprocess to [repr.filename]'designs/prec_int8/runs/RUN_2026-10-05_20-13-05/38-openroad-stamidpnr-2/openroad-stamidpnr-2.log'[/repr.filename]…
Running 'OpenROAD.GlobalRouting' at 'designs/prec_int8/runs/RUN_2026-10-05_20-13-05/39-openroad-globalrouting'…
Logging subprocess to [repr.filename]'designs/prec_int8/runs/RUN_2026-10-05_20-13-05/39-openroad-globalrouting/openroad-globalrouting.log'[/repr.filename]…
Running 'OpenROAD.CheckAntennas' at 'designs/prec_int8/runs/RUN_2026-10-05_20-13-05/40-openroad-checkantennas'…
Logging subprocess to [repr.filename]'designs/prec_int8/runs/RUN_2026-10-05_20-13-05/40-openroad-checkantennas/openroad-checkantennas.log'[/repr.filename]…
Running 'OpenROAD.RepairDesignPostGRT' at 'designs/prec_int8/runs/RUN_2026-10-05_20-13-05/41-openroad-repairdesignpostgrt'…
Logging subprocess to [repr.filename]'designs/prec_int8/runs/RUN_2026-10-05_20-13-05/41-openroad-repairdesignpostgrt/openroad-repairdesignpostgrt.log'[/repr.filename]…
[STA-1140] ~/.volare/sky130A/libs.ref/sky130_fd_sc_hd/lib/sky130_fd_sc_hd__tt_025C_1v80.lib line 1, library sky130_fd_sc_hd__tt_025C_1v80 already exists.
[STA-1140] ~/.volare/sky130A/libs.ref/sky130_fd_sc_hd/lib/sky130_fd_sc_hd__ff_n40C_1v95.lib line 1, library sky130_fd_sc_hd__ff_n40C_1v95 already exists.
[STA-1140] ~/.volare/sky130A/libs.ref/sky130_fd_sc_hd/lib/sky130_fd_sc_hd__ss_100C_1v60.lib line 1, library sky130_fd_sc_hd__ss_100C_1v60 already exists.
[STA-1140] ~/.volare/sky130A/libs.ref/sky130_fd_sc_hd/lib/sky130_fd_sc_hd__tt_025C_1v80.lib line 1, library sky130_fd_sc_hd__tt_025C_1v80 already exists.
[STA-1140] ~/.volare/sky130A/libs.ref/sky130_fd_sc_hd/lib/sky130_fd_sc_hd__ss_100C_1v60.lib line 1, library sky130_fd_sc_hd__ss_100C_1v60 already exists.
[STA-1140] ~/.volare/sky130A/libs.ref/sky130_fd_sc_hd/lib/sky130_fd_sc_hd__ff_n40C_1v95.lib line 1, library sky130_fd_sc_hd__ff_n40C_1v95 already exists.
[EST-0026] Missing route to pin hold59/A in net _002_.
[EST-0026] Missing route to pin _323_/Y in net _002_.
[EST-0026] Missing route to pin hold59/A in net _002_.
[EST-0026] Missing route to pin _323_/Y in net _002_.
[EST-0026] Missing route to pin hold59/A in net _002_.
[EST-0026] Missing route to pin _323_/Y in net _002_.
[EST-0026] Missing route to pin hold59/A in net _002_.
[EST-0026] Missing route to pin _323_/Y in net _002_.
[EST-0026] Missing route to pin hold59/A in net _002_.
[EST-0026] Missing route to pin _323_/Y in net _002_.
[EST-0026] Missing route to pin hold59/A in net _002_.
[EST-0026] Missing route to pin _323_/Y in net _002_.
[EST-0026] Missing route to pin hold59/A in net _002_.
[EST-0026] Missing route to pin _323_/Y in net _002_.
[EST-0026] Missing route to pin hold59/A in net _002_.
[EST-0026] Missing route to pin _323_/Y in net _002_.
[EST-0026] Missing route to pin hold59/A in net _002_.
[EST-0026] Missing route to pin _323_/Y in net _002_.
[EST-0026] Missing route to pin _625_/D in net _004_.
[EST-0026] Missing route to pin _351_/X in net _004_.
[EST-0026] Missing route to pin _625_/D in net _004_.
[EST-0026] Missing route to pin _351_/X in net _004_.
[EST-0026] Missing route to pin _625_/D in net _004_.
[EST-0026] Missing route to pin _351_/X in net _004_.
[EST-0026] Missing route to pin _625_/D in net _004_.
[EST-0026] Missing route to pin _351_/X in net _004_.
[EST-0026] Missing route to pin _625_/D in net _004_.
[EST-0026] Missing route to pin _351_/X in net _004_.
[EST-0026] Missing route to pin _625_/D in net _004_.
[EST-0026] Missing route to pin _351_/X in net _004_.
[EST-0026] Missing route to pin _625_/D in net _004_.
[EST-0026] Missing route to pin _351_/X in net _004_.
[EST-0026] Missing route to pin _625_/D in net _004_.
[EST-0026] Missing route to pin _351_/X in net _004_.
[EST-0026] Missing route to pin _625_/D in net _004_.
[EST-0026] Missing route to pin _351_/X in net _004_.
[EST-0026] Missing route to pin _628_/D in net _007_.
[EST-0026] Missing route to pin _362_/X in net _007_.
[EST-0026] Missing route to pin _628_/D in net _007_.
[EST-0026] Missing route to pin _362_/X in net _007_.
[EST-0026] Missing route to pin _628_/D in net _007_.
[EST-0026] Missing route to pin _362_/X in net _007_.
[EST-0026] Missing route to pin _628_/D in net _007_.
[EST-0026] Missing route to pin _362_/X in net _007_.
[EST-0026] Missing route to pin _628_/D in net _007_.
[EST-0026] Missing route to pin _362_/X in net _007_.
[EST-0026] Missing route to pin _628_/D in net _007_.
[EST-0026] Missing route to pin _362_/X in net _007_.
[EST-0026] Missing route to pin _628_/D in net _007_.
[EST-0026] Missing route to pin _362_/X in net _007_.
[EST-0026] Missing route to pin _628_/D in net _007_.
[EST-0026] Missing route to pin _362_/X in net _007_.
[EST-0026] Missing route to pin _628_/D in net _007_.
[EST-0026] Missing route to pin _362_/X in net _007_.
[EST-0026] Missing route to pin _629_/D in net _008_.
[EST-0026] Missing route to pin _368_/X in net _008_.
[EST-0026] Missing route to pin _629_/D in net _008_.
[EST-0026] Missing route to pin _368_/X in net _008_.
[EST-0026] Missing route to pin _629_/D in net _008_.
[EST-0026] Missing route to pin _368_/X in net _008_.
[EST-0026] Missing route to pin _629_/D in net _008_.
[EST-0026] Missing route to pin _368_/X in net _008_.
[EST-0026] Missing route to pin _629_/D in net _008_.
[EST-0026] Missing route to pin _368_/X in net _008_.
[EST-0026] Missing route to pin _629_/D in net _008_.
[EST-0026] Missing route to pin _368_/X in net _008_.
[EST-0026] Missing route to pin _629_/D in net _008_.
[EST-0026] Missing route to pin _368_/X in net _008_.
[EST-0026] Missing route to pin _629_/D in net _008_.
[EST-0026] Missing route to pin _368_/X in net _008_.
[EST-0026] Missing route to pin _629_/D in net _008_.
[EST-0026] Missing route to pin _368_/X in net _008_.
[EST-0026] Missing route to pin _630_/D in net _009_.
[EST-0026] Missing route to pin _369_/Y in net _009_.
[EST-0026] Missing route to pin _630_/D in net _009_.
[EST-0026] Missing route to pin _369_/Y in net _009_.
[EST-0026] Missing route to pin _630_/D in net _009_.
[EST-0026] Missing route to pin _369_/Y in net _009_.
[EST-0026] Missing route to pin _630_/D in net _009_.
[EST-0026] Missing route to pin _369_/Y in net _009_.
[EST-0026] Missing route to pin _630_/D in net _009_.
[EST-0026] Missing route to pin _369_/Y in net _009_.
[EST-0026] Missing route to pin _630_/D in net _009_.
[EST-0026] Missing route to pin _369_/Y in net _009_.
[EST-0026] Missing route to pin _630_/D in net _009_.
[EST-0026] Missing route to pin _369_/Y in net _009_.
[EST-0026] Missing route to pin _630_/D in net _009_.
[EST-0026] Missing route to pin _369_/Y in net _009_.
[EST-0026] Missing route to pin _630_/D in net _009_.
[EST-0026] Missing route to pin _369_/Y in net _009_.
[EST-0026] Missing route to pin _633_/D in net _012_.
[EST-0026] Missing route to pin _372_/X in net _012_.
[EST-0026] Missing route to pin _633_/D in net _012_.
[EST-0026] Missing route to pin _372_/X in net _012_.
[EST-0026] Missing route to pin _633_/D in net _012_.
[EST-0026] Missing route to pin _372_/X in net _012_.
[EST-0026] Missing route to pin _633_/D in net _012_.
[EST-0026] Missing route to pin _372_/X in net _012_.
[EST-0026] Missing route to pin _633_/D in net _012_.
[EST-0026] Missing route to pin _372_/X in net _012_.
[EST-0026] Missing route to pin _633_/D in net _012_.
[EST-0026] Missing route to pin _372_/X in net _012_.
[EST-0026] Missing route to pin _633_/D in net _012_.
[EST-0026] Missing route to pin _372_/X in net _012_.
[EST-0026] Missing route to pin _633_/D in net _012_.
[EST-0026] Missing route to pin _372_/X in net _012_.
[EST-0026] Missing route to pin _633_/D in net _012_.
[EST-0026] Missing route to pin _372_/X in net _012_.
[EST-0026] Missing route to pin _635_/D in net _014_.
[EST-0026] Missing route to pin _351_/B1 in net _014_.
[EST-0026] Missing route to pin _350_/X in net _014_.
[EST-0026] Missing route to pin _635_/D in net _014_.
[EST-0026] Missing route to pin _351_/B1 in net _014_.
[EST-0026] Missing route to pin _350_/X in net _014_.
[EST-0026] Missing route to pin _635_/D in net _014_.
[EST-0026] Missing route to pin _351_/B1 in net _014_.
[EST-0026] Missing route to pin _350_/X in net _014_.
[EST-0026] Missing route to pin _635_/D in net _014_.
[EST-0026] Missing route to pin _351_/B1 in net _014_.
[EST-0026] Missing route to pin _350_/X in net _014_.
[EST-0026] Missing route to pin _635_/D in net _014_.
[EST-0026] Missing route to pin _351_/B1 in net _014_.
[EST-0026] Missing route to pin _350_/X in net _014_.
[EST-0026] Missing route to pin _635_/D in net _014_.
[EST-0026] Missing route to pin _351_/B1 in net _014_.
[EST-0026] Missing route to pin _350_/X in net _014_.
[EST-0026] Missing route to pin _635_/D in net _014_.
[EST-0026] Missing route to pin _351_/B1 in net _014_.
[EST-0026] Missing route to pin _350_/X in net _014_.
[EST-0026] Missing route to pin _635_/D in net _014_.
[EST-0026] Missing route to pin _351_/B1 in net _014_.
[EST-0026] Missing route to pin _350_/X in net _014_.
[EST-0026] Missing route to pin _635_/D in net _014_.
[EST-0026] Missing route to pin _351_/B1 in net _014_.
[EST-0026] Missing route to pin _350_/X in net _014_.
[EST-0026] Missing route to pin _636_/D in net _015_.
[EST-0026] Missing route to pin _374_/X in net _015_.
[EST-0026] Missing route to pin _636_/D in net _015_.
[EST-0026] Missing route to pin _374_/X in net _015_.
[EST-0026] Missing route to pin _636_/D in net _015_.
[EST-0026] Missing route to pin _374_/X in net _015_.
[EST-0026] Missing route to pin _636_/D in net _015_.
[EST-0026] Missing route to pin _374_/X in net _015_.
[EST-0026] Missing route to pin _636_/D in net _015_.
[EST-0026] Missing route to pin _374_/X in net _015_.
[EST-0026] Missing route to pin _636_/D in net _015_.
[EST-0026] Missing route to pin _374_/X in net _015_.
[EST-0026] Missing route to pin _636_/D in net _015_.
[EST-0026] Missing route to pin _374_/X in net _015_.
[EST-0026] Missing route to pin _636_/D in net _015_.
[EST-0026] Missing route to pin _374_/X in net _015_.
[EST-0026] Missing route to pin _636_/D in net _015_.
[EST-0026] Missing route to pin _374_/X in net _015_.
[EST-0026] Missing route to pin _637_/D in net _016_.
[EST-0026] Missing route to pin _360_/X in net _016_.
[EST-0026] Missing route to pin _637_/D in net _016_.
[EST-0026] Missing route to pin _360_/X in net _016_.
[EST-0026] Missing route to pin _637_/D in net _016_.
[EST-0026] Missing route to pin _360_/X in net _016_.
[EST-0026] Missing route to pin _637_/D in net _016_.
[EST-0026] Missing route to pin _360_/X in net _016_.
[EST-0026] Missing route to pin _637_/D in net _016_.
[EST-0026] Missing route to pin _360_/X in net _016_.
[EST-0026] Missing route to pin _637_/D in net _016_.
[EST-0026] Missing route to pin _360_/X in net _016_.
[EST-0026] Missing route to pin _637_/D in net _016_.
[EST-0026] Missing route to pin _360_/X in net _016_.
[EST-0026] Missing route to pin _637_/D in net _016_.
[EST-0026] Missing route to pin _360_/X in net _016_.
[EST-0026] Missing route to pin _637_/D in net _016_.
[EST-0026] Missing route to pin _360_/X in net _016_.
[EST-0026] Missing route to pin _638_/D in net _017_.
[EST-0026] Missing route to pin _359_/Y in net _017_.
[EST-0026] Missing route to pin _638_/D in net _017_.
[EST-0026] Missing route to pin _359_/Y in net _017_.
[EST-0026] Missing route to pin _638_/D in net _017_.
[EST-0026] Missing route to pin _359_/Y in net _017_.
[EST-0026] Missing route to pin _638_/D in net _017_.
[EST-0026] Missing route to pin _359_/Y in net _017_.
[EST-0026] Missing route to pin _638_/D in net _017_.
[EST-0026] Missing route to pin _359_/Y in net _017_.
[EST-0026] Missing route to pin _638_/D in net _017_.
[EST-0026] Missing route to pin _359_/Y in net _017_.
[EST-0026] Missing route to pin _638_/D in net _017_.
[EST-0026] Missing route to pin _359_/Y in net _017_.
[EST-0026] Missing route to pin _638_/D in net _017_.
[EST-0026] Missing route to pin _359_/Y in net _017_.
[EST-0026] Missing route to pin _638_/D in net _017_.
[EST-0026] Missing route to pin _359_/Y in net _017_.
[EST-0026] Missing route to pin _639_/D in net _018_.
[EST-0026] Missing route to pin _382_/X in net _018_.
[EST-0026] Missing route to pin _639_/D in net _018_.
[EST-0026] Missing route to pin _382_/X in net _018_.
[EST-0026] Missing route to pin _639_/D in net _018_.
[EST-0026] Missing route to pin _382_/X in net _018_.
[EST-0026] Missing route to pin _639_/D in net _018_.
[EST-0026] Missing route to pin _382_/X in net _018_.
[EST-0026] Missing route to pin _639_/D in net _018_.
[EST-0026] Missing route to pin _382_/X in net _018_.
[EST-0026] Missing route to pin _639_/D in net _018_.
[EST-0026] Missing route to pin _382_/X in net _018_.
[EST-0026] Missing route to pin _639_/D in net _018_.
[EST-0026] Missing route to pin _382_/X in net _018_.
[EST-0026] Missing route to pin _639_/D in net _018_.
[EST-0026] Missing route to pin _382_/X in net _018_.
[EST-0026] Missing route to pin _639_/D in net _018_.
[EST-0026] Missing route to pin _382_/X in net _018_.
[EST-0026] Missing route to pin _640_/D in net _019_.
[EST-0026] Missing route to pin _391_/X in net _019_.
[EST-0026] Missing route to pin _640_/D in net _019_.
[EST-0026] Missing route to pin _391_/X in net _019_.
[EST-0026] Missing route to pin _640_/D in net _019_.
[EST-0026] Missing route to pin _391_/X in net _019_.
[EST-0026] Missing route to pin _640_/D in net _019_.
[EST-0026] Missing route to pin _391_/X in net _019_.
[EST-0026] Missing route to pin _640_/D in net _019_.
[EST-0026] Missing route to pin _391_/X in net _019_.
[EST-0026] Missing route to pin _640_/D in net _019_.
[EST-0026] Missing route to pin _391_/X in net _019_.
[EST-0026] Missing route to pin _640_/D in net _019_.
[EST-0026] Missing route to pin _391_/X in net _019_.
[EST-0026] Missing route to pin _640_/D in net _019_.
[EST-0026] Missing route to pin _391_/X in net _019_.
[EST-0026] Missing route to pin _640_/D in net _019_.
[EST-0026] Missing route to pin _391_/X in net _019_.
[EST-0026] Missing route to pin _641_/D in net _020_.
[EST-0026] Missing route to pin _404_/X in net _020_.
[EST-0026] Missing route to pin _641_/D in net _020_.
[EST-0026] Missing route to pin _404_/X in net _020_.
[EST-0026] Missing route to pin _641_/D in net _020_.
[EST-0026] Missing route to pin _404_/X in net _020_.
[EST-0026] Missing route to pin _641_/D in net _020_.
[EST-0026] Missing route to pin _404_/X in net _020_.
[EST-0026] Missing route to pin _641_/D in net _020_.
[EST-0026] Missing route to pin _404_/X in net _020_.
[EST-0026] Missing route to pin _641_/D in net _020_.
[EST-0026] Missing route to pin _404_/X in net _020_.
[EST-0026] Missing route to pin _641_/D in net _020_.
[EST-0026] Missing route to pin _404_/X in net _020_.
[EST-0026] Missing route to pin _641_/D in net _020_.
[EST-0026] Missing route to pin _404_/X in net _020_.
[EST-0026] Missing route to pin _641_/D in net _020_.
[EST-0026] Missing route to pin _404_/X in net _020_.
[EST-0026] Missing route to pin _642_/D in net _021_.
[EST-0026] Missing route to pin _425_/X in net _021_.
[EST-0026] Missing route to pin _642_/D in net _021_.
[EST-0026] Missing route to pin _425_/X in net _021_.
[EST-0026] Missing route to pin _642_/D in net _021_.
[EST-0026] Missing route to pin _425_/X in net _021_.
[EST-0026] Missing route to pin _642_/D in net _021_.
[EST-0026] Missing route to pin _425_/X in net _021_.
[EST-0026] Missing route to pin _642_/D in net _021_.
[EST-0026] Missing route to pin _425_/X in net _021_.
[EST-0026] Missing route to pin _642_/D in net _021_.
[EST-0026] Missing route to pin _425_/X in net _021_.
[EST-0026] Missing route to pin _642_/D in net _021_.
[EST-0026] Missing route to pin _425_/X in net _021_.
[EST-0026] Missing route to pin _642_/D in net _021_.
[EST-0026] Missing route to pin _425_/X in net _021_.
[EST-0026] Missing route to pin _642_/D in net _021_.
[EST-0026] Missing route to pin _425_/X in net _021_.
[EST-0026] Missing route to pin _643_/D in net _022_.
[EST-0026] Missing route to pin _448_/X in net _022_.
[EST-0026] Missing route to pin _643_/D in net _022_.
[EST-0026] Missing route to pin _448_/X in net _022_.
[EST-0026] Missing route to pin _643_/D in net _022_.
[EST-0026] Missing route to pin _448_/X in net _022_.
[EST-0026] Missing route to pin _643_/D in net _022_.
[EST-0026] Missing route to pin _448_/X in net _022_.
[EST-0026] Missing route to pin _643_/D in net _022_.
[EST-0026] Missing route to pin _448_/X in net _022_.
[EST-0026] Missing route to pin _643_/D in net _022_.
[EST-0026] Missing route to pin _448_/X in net _022_.
[EST-0026] Missing route to pin _643_/D in net _022_.
[EST-0026] Missing route to pin _448_/X in net _022_.
[EST-0026] Missing route to pin _643_/D in net _022_.
[EST-0026] Missing route to pin _448_/X in net _022_.
[EST-0026] Missing route to pin _643_/D in net _022_.
[EST-0026] Missing route to pin _448_/X in net _022_.
[EST-0026] Missing route to pin _648_/D in net _027_.
[EST-0026] Missing route to pin _563_/Y in net _027_.
[EST-0026] Missing route to pin _648_/D in net _027_.
[EST-0026] Missing route to pin _563_/Y in net _027_.
[EST-0026] Missing route to pin _648_/D in net _027_.
[EST-0026] Missing route to pin _563_/Y in net _027_.
[EST-0026] Missing route to pin _648_/D in net _027_.
[EST-0026] Missing route to pin _563_/Y in net _027_.
[EST-0026] Missing route to pin _648_/D in net _027_.
[EST-0026] Missing route to pin _563_/Y in net _027_.
[EST-0026] Missing route to pin _648_/D in net _027_.
[EST-0026] Missing route to pin _563_/Y in net _027_.
[EST-0026] Missing route to pin _648_/D in net _027_.
[EST-0026] Missing route to pin _563_/Y in net _027_.
[EST-0026] Missing route to pin _648_/D in net _027_.
[EST-0026] Missing route to pin _563_/Y in net _027_.
[EST-0026] Missing route to pin _648_/D in net _027_.
[EST-0026] Missing route to pin _563_/Y in net _027_.
[EST-0026] Missing route to pin _649_/D in net _028_.
[EST-0026] Missing route to pin _580_/Y in net _028_.
[EST-0026] Missing route to pin _649_/D in net _028_.
[EST-0026] Missing route to pin _580_/Y in net _028_.
[EST-0026] Missing route to pin _649_/D in net _028_.
[EST-0026] Missing route to pin _580_/Y in net _028_.
[EST-0026] Missing route to pin _649_/D in net _028_.
[EST-0026] Missing route to pin _580_/Y in net _028_.
[EST-0026] Missing route to pin _649_/D in net _028_.
[EST-0026] Missing route to pin _580_/Y in net _028_.
[EST-0026] Missing route to pin _649_/D in net _028_.
[EST-0026] Missing route to pin _580_/Y in net _028_.
[EST-0026] Missing route to pin _649_/D in net _028_.
[EST-0026] Missing route to pin _580_/Y in net _028_.
[EST-0026] Missing route to pin _649_/D in net _028_.
[EST-0026] Missing route to pin _580_/Y in net _028_.
[EST-0026] Missing route to pin _649_/D in net _028_.
[EST-0026] Missing route to pin _580_/Y in net _028_.
[EST-0026] Missing route to pin _651_/D in net _030_.
[EST-0026] Missing route to pin _597_/Y in net _030_.
[EST-0026] Missing route to pin _651_/D in net _030_.
[EST-0026] Missing route to pin _597_/Y in net _030_.
[EST-0026] Missing route to pin _651_/D in net _030_.
[EST-0026] Missing route to pin _597_/Y in net _030_.
[EST-0026] Missing route to pin _651_/D in net _030_.
[EST-0026] Missing route to pin _597_/Y in net _030_.
[EST-0026] Missing route to pin _651_/D in net _030_.
[EST-0026] Missing route to pin _597_/Y in net _030_.
[EST-0026] Missing route to pin _651_/D in net _030_.
[EST-0026] Missing route to pin _597_/Y in net _030_.
[EST-0026] Missing route to pin _651_/D in net _030_.
[EST-0026] Missing route to pin _597_/Y in net _030_.
[EST-0026] Missing route to pin _651_/D in net _030_.
[EST-0026] Missing route to pin _597_/Y in net _030_.
[EST-0026] Missing route to pin _651_/D in net _030_.
[EST-0026] Missing route to pin _597_/Y in net _030_.
[EST-0026] Missing route to pin _652_/D in net _031_.
[EST-0026] Missing route to pin _602_/X in net _031_.
[EST-0026] Missing route to pin _652_/D in net _031_.
[EST-0026] Missing route to pin _602_/X in net _031_.
[EST-0026] Missing route to pin _652_/D in net _031_.
[EST-0026] Missing route to pin _602_/X in net _031_.
[EST-0026] Missing route to pin _652_/D in net _031_.
[EST-0026] Missing route to pin _602_/X in net _031_.
[EST-0026] Missing route to pin _652_/D in net _031_.
[EST-0026] Missing route to pin _602_/X in net _031_.
[EST-0026] Missing route to pin _652_/D in net _031_.
[EST-0026] Missing route to pin _602_/X in net _031_.
[EST-0026] Missing route to pin _652_/D in net _031_.
[EST-0026] Missing route to pin _602_/X in net _031_.
[EST-0026] Missing route to pin _652_/D in net _031_.
[EST-0026] Missing route to pin _602_/X in net _031_.
[EST-0026] Missing route to pin _652_/D in net _031_.
[EST-0026] Missing route to pin _602_/X in net _031_.
[EST-0026] Missing route to pin _653_/D in net _032_.
[EST-0026] Missing route to pin _612_/X in net _032_.
[EST-0026] Missing route to pin _653_/D in net _032_.
[EST-0026] Missing route to pin _612_/X in net _032_.
[EST-0026] Missing route to pin _653_/D in net _032_.
[EST-0026] Missing route to pin _612_/X in net _032_.
[EST-0026] Missing route to pin _653_/D in net _032_.
[EST-0026] Missing route to pin _612_/X in net _032_.
[EST-0026] Missing route to pin _653_/D in net _032_.
[EST-0026] Missing route to pin _612_/X in net _032_.
[EST-0026] Missing route to pin _653_/D in net _032_.
[EST-0026] Missing route to pin _612_/X in net _032_.
[EST-0026] Missing route to pin _653_/D in net _032_.
[EST-0026] Missing route to pin _612_/X in net _032_.
[EST-0026] Missing route to pin _653_/D in net _032_.
[EST-0026] Missing route to pin _612_/X in net _032_.
[EST-0026] Missing route to pin _653_/D in net _032_.
[EST-0026] Missing route to pin _612_/X in net _032_.
[EST-0026] Missing route to pin _654_/D in net _033_.
[EST-0026] Missing route to pin _618_/Y in net _033_.
[EST-0026] Missing route to pin _654_/D in net _033_.
[EST-0026] Missing route to pin _618_/Y in net _033_.
[EST-0026] Missing route to pin _654_/D in net _033_.
[EST-0026] Missing route to pin _618_/Y in net _033_.
[EST-0026] Missing route to pin _654_/D in net _033_.
[EST-0026] Missing route to pin _618_/Y in net _033_.
[EST-0026] Missing route to pin _654_/D in net _033_.
[EST-0026] Missing route to pin _618_/Y in net _033_.
[EST-0026] Missing route to pin _654_/D in net _033_.
[EST-0026] Missing route to pin _618_/Y in net _033_.
[EST-0026] Missing route to pin _654_/D in net _033_.
[EST-0026] Missing route to pin _618_/Y in net _033_.
[EST-0026] Missing route to pin _654_/D in net _033_.
[EST-0026] Missing route to pin _618_/Y in net _033_.
[EST-0026] Missing route to pin _654_/D in net _033_.
[EST-0026] Missing route to pin _618_/Y in net _033_.
[EST-0026] Missing route to pin _655_/D in net _034_.
[EST-0026] Missing route to pin _624_/X in net _034_.
[EST-0026] Missing route to pin _655_/D in net _034_.
[EST-0026] Missing route to pin _624_/X in net _034_.
[EST-0026] Missing route to pin _655_/D in net _034_.
[EST-0026] Missing route to pin _624_/X in net _034_.
[EST-0026] Missing route to pin _655_/D in net _034_.
[EST-0026] Missing route to pin _624_/X in net _034_.
[EST-0026] Missing route to pin _655_/D in net _034_.
[EST-0026] Missing route to pin _624_/X in net _034_.
[EST-0026] Missing route to pin _655_/D in net _034_.
[EST-0026] Missing route to pin _624_/X in net _034_.
[EST-0026] Missing route to pin _655_/D in net _034_.
[EST-0026] Missing route to pin _624_/X in net _034_.
[EST-0026] Missing route to pin _655_/D in net _034_.
[EST-0026] Missing route to pin _624_/X in net _034_.
[EST-0026] Missing route to pin _655_/D in net _034_.
[EST-0026] Missing route to pin _624_/X in net _034_.
[EST-0026] Missing route to pin _546_/S in net _035_.
[EST-0026] Missing route to pin _500_/B2 in net _035_.
[EST-0026] Missing route to pin _453_/B1 in net _035_.
[EST-0026] Missing route to pin _429_/B1 in net _035_.
[EST-0026] Missing route to pin _316_/Y in net _035_.
[EST-0026] Missing route to pin _546_/S in net _035_.
[EST-0026] Missing route to pin _500_/B2 in net _035_.
[EST-0026] Missing route to pin _453_/B1 in net _035_.
[EST-0026] Missing route to pin _429_/B1 in net _035_.
[EST-0026] Missing route to pin _316_/Y in net _035_.
[EST-0026] Missing route to pin _546_/S in net _035_.
[EST-0026] Missing route to pin _500_/B2 in net _035_.
[EST-0026] Missing route to pin _453_/B1 in net _035_.
[EST-0026] Missing route to pin _429_/B1 in net _035_.
[EST-0026] Missing route to pin _316_/Y in net _035_.
[EST-0026] Missing route to pin _546_/S in net _035_.
[EST-0026] Missing route to pin _500_/B2 in net _035_.
[EST-0026] Missing route to pin _453_/B1 in net _035_.
[EST-0026] Missing route to pin _429_/B1 in net _035_.
[EST-0026] Missing route to pin _316_/Y in net _035_.
[EST-0026] Missing route to pin _546_/S in net _035_.
[EST-0026] Missing route to pin _500_/B2 in net _035_.
[EST-0026] Missing route to pin _453_/B1 in net _035_.
[EST-0026] Missing route to pin _429_/B1 in net _035_.
[EST-0026] Missing route to pin _316_/Y in net _035_.
[EST-0026] Missing route to pin _546_/S in net _035_.
[EST-0026] Missing route to pin _500_/B2 in net _035_.
[EST-0026] Missing route to pin _453_/B1 in net _035_.
[EST-0026] Missing route to pin _429_/B1 in net _035_.
[EST-0026] Missing route to pin _316_/Y in net _035_.
[EST-0026] Missing route to pin _546_/S in net _035_.
[EST-0026] Missing route to pin _500_/B2 in net _035_.
[EST-0026] Missing route to pin _453_/B1 in net _035_.
[EST-0026] Missing route to pin _429_/B1 in net _035_.
[EST-0026] Missing route to pin _316_/Y in net _035_.
[EST-0026] Missing route to pin _546_/S in net _035_.
[EST-0026] Missing route to pin _500_/B2 in net _035_.
[EST-0026] Missing route to pin _453_/B1 in net _035_.
[EST-0026] Missing route to pin _429_/B1 in net _035_.
[EST-0026] Missing route to pin _316_/Y in net _035_.
[EST-0026] Missing route to pin _546_/S in net _035_.
[EST-0026] Missing route to pin _500_/B2 in net _035_.
[EST-0026] Missing route to pin _453_/B1 in net _035_.
[EST-0026] Missing route to pin _429_/B1 in net _035_.
[EST-0026] Missing route to pin _316_/Y in net _035_.
[EST-0026] Missing route to pin _369_/B in net _036_.
[EST-0026] Missing route to pin _317_/Y in net _036_.
[EST-0026] Missing route to pin _369_/B in net _036_.
[EST-0026] Missing route to pin _317_/Y in net _036_.
[EST-0026] Missing route to pin _369_/B in net _036_.
[EST-0026] Missing route to pin _317_/Y in net _036_.
[EST-0026] Missing route to pin _369_/B in net _036_.
[EST-0026] Missing route to pin _317_/Y in net _036_.
[EST-0026] Missing route to pin _369_/B in net _036_.
[EST-0026] Missing route to pin _317_/Y in net _036_.
[EST-0026] Missing route to pin _369_/B in net _036_.
[EST-0026] Missing route to pin _317_/Y in net _036_.
[EST-0026] Missing route to pin _369_/B in net _036_.
[EST-0026] Missing route to pin _317_/Y in net _036_.
[EST-0026] Missing route to pin _369_/B in net _036_.
[EST-0026] Missing route to pin _317_/Y in net _036_.
[EST-0026] Missing route to pin _369_/B in net _036_.
[EST-0026] Missing route to pin _317_/Y in net _036_.
[EST-0026] Missing route to pin _321_/B in net _037_.
[EST-0026] Missing route to pin _320_/X in net _037_.
[EST-0026] Missing route to pin _321_/B in net _037_.
[EST-0026] Missing route to pin _320_/X in net _037_.
[EST-0026] Missing route to pin _321_/B in net _037_.
[EST-0026] Missing route to pin _320_/X in net _037_.
[EST-0026] Missing route to pin _321_/B in net _037_.
[EST-0026] Missing route to pin _320_/X in net _037_.
[EST-0026] Missing route to pin _321_/B in net _037_.
[EST-0026] Missing route to pin _320_/X in net _037_.
[EST-0026] Missing route to pin _321_/B in net _037_.
[EST-0026] Missing route to pin _320_/X in net _037_.
[EST-0026] Missing route to pin _321_/B in net _037_.
[EST-0026] Missing route to pin _320_/X in net _037_.
[EST-0026] Missing route to pin _321_/B in net _037_.
[EST-0026] Missing route to pin _320_/X in net _037_.
[EST-0026] Missing route to pin _321_/B in net _037_.
[EST-0026] Missing route to pin _320_/X in net _037_.
[EST-0026] Missing route to pin _344_/A3 in net _038_.
[EST-0026] Missing route to pin _343_/D in net _038_.
[EST-0026] Missing route to pin _323_/B1 in net _038_.
[EST-0026] Missing route to pin _322_/Y in net _038_.
[EST-0026] Missing route to pin _344_/A3 in net _038_.
[EST-0026] Missing route to pin _343_/D in net _038_.
[EST-0026] Missing route to pin _323_/B1 in net _038_.
[EST-0026] Missing route to pin _322_/Y in net _038_.
[EST-0026] Missing route to pin _344_/A3 in net _038_.
[EST-0026] Missing route to pin _343_/D in net _038_.
[EST-0026] Missing route to pin _323_/B1 in net _038_.
[EST-0026] Missing route to pin _322_/Y in net _038_.
[EST-0026] Missing route to pin _344_/A3 in net _038_.
[EST-0026] Missing route to pin _343_/D in net _038_.
[EST-0026] Missing route to pin _323_/B1 in net _038_.
[EST-0026] Missing route to pin _322_/Y in net _038_.
[EST-0026] Missing route to pin _344_/A3 in net _038_.
[EST-0026] Missing route to pin _343_/D in net _038_.
[EST-0026] Missing route to pin _323_/B1 in net _038_.
[EST-0026] Missing route to pin _322_/Y in net _038_.
[EST-0026] Missing route to pin _344_/A3 in net _038_.
[EST-0026] Missing route to pin _343_/D in net _038_.
[EST-0026] Missing route to pin _323_/B1 in net _038_.
[EST-0026] Missing route to pin _322_/Y in net _038_.
[EST-0026] Missing route to pin _344_/A3 in net _038_.
[EST-0026] Missing route to pin _343_/D in net _038_.
[EST-0026] Missing route to pin _323_/B1 in net _038_.
[EST-0026] Missing route to pin _322_/Y in net _038_.
[EST-0026] Missing route to pin _344_/A3 in net _038_.
[EST-0026] Missing route to pin _343_/D in net _038_.
[EST-0026] Missing route to pin _323_/B1 in net _038_.
[EST-0026] Missing route to pin _322_/Y in net _038_.
[EST-0026] Missing route to pin _344_/A3 in net _038_.
[EST-0026] Missing route to pin _343_/D in net _038_.
[EST-0026] Missing route to pin _323_/B1 in net _038_.
[EST-0026] Missing route to pin _322_/Y in net _038_.
[EST-0026] Missing route to pin _325_/B1 in net _039_.
[EST-0026] Missing route to pin _324_/Y in net _039_.
[EST-0026] Missing route to pin _325_/B1 in net _039_.
[EST-0026] Missing route to pin _324_/Y in net _039_.
[EST-0026] Missing route to pin _325_/B1 in net _039_.
[EST-0026] Missing route to pin _324_/Y in net _039_.
[EST-0026] Missing route to pin _325_/B1 in net _039_.
[EST-0026] Missing route to pin _324_/Y in net _039_.
[EST-0026] Missing route to pin _325_/B1 in net _039_.
[EST-0026] Missing route to pin _324_/Y in net _039_.
[EST-0026] Missing route to pin _325_/B1 in net _039_.
[EST-0026] Missing route to pin _324_/Y in net _039_.
[EST-0026] Missing route to pin _325_/B1 in net _039_.
[EST-0026] Missing route to pin _324_/Y in net _039_.
[EST-0026] Missing route to pin _325_/B1 in net _039_.
[EST-0026] Missing route to pin _324_/Y in net _039_.
[EST-0026] Missing route to pin _325_/B1 in net _039_.
[EST-0026] Missing route to pin _324_/Y in net _039_.
[EST-0026] Missing route to pin _327_/B1 in net _040_.
[EST-0026] Missing route to pin _326_/Y in net _040_.
[EST-0026] Missing route to pin _327_/B1 in net _040_.
[EST-0026] Missing route to pin _326_/Y in net _040_.
[EST-0026] Missing route to pin _327_/B1 in net _040_.
[EST-0026] Missing route to pin _326_/Y in net _040_.
[EST-0026] Missing route to pin _327_/B1 in net _040_.
[EST-0026] Missing route to pin _326_/Y in net _040_.
[EST-0026] Missing route to pin _327_/B1 in net _040_.
[EST-0026] Missing route to pin _326_/Y in net _040_.
[EST-0026] Missing route to pin _327_/B1 in net _040_.
[EST-0026] Missing route to pin _326_/Y in net _040_.
[EST-0026] Missing route to pin _327_/B1 in net _040_.
[EST-0026] Missing route to pin _326_/Y in net _040_.
[EST-0026] Missing route to pin _327_/B1 in net _040_.
[EST-0026] Missing route to pin _326_/Y in net _040_.
[EST-0026] Missing route to pin _327_/B1 in net _040_.
[EST-0026] Missing route to pin _326_/Y in net _040_.
[EST-0026] Missing route to pin _327_/X in net _041_.
[EST-0026] Missing route to pin _327_/X in net _041_.
[EST-0026] Missing route to pin _327_/X in net _041_.
[EST-0026] Missing route to pin _327_/X in net _041_.
[EST-0026] Missing route to pin _327_/X in net _041_.
[EST-0026] Missing route to pin _327_/X in net _041_.
[EST-0026] Missing route to pin _327_/X in net _041_.
[EST-0026] Missing route to pin _327_/X in net _041_.
[EST-0026] Missing route to pin _327_/X in net _041_.
[EST-0026] Missing route to pin _330_/A1 in net _042_.
[EST-0026] Missing route to pin _329_/X in net _042_.
[EST-0026] Missing route to pin _330_/A1 in net _042_.
[EST-0026] Missing route to pin _329_/X in net _042_.
[EST-0026] Missing route to pin _330_/A1 in net _042_.
[EST-0026] Missing route to pin _329_/X in net _042_.
[EST-0026] Missing route to pin _330_/A1 in net _042_.
[EST-0026] Missing route to pin _329_/X in net _042_.
[EST-0026] Missing route to pin _330_/A1 in net _042_.
[EST-0026] Missing route to pin _329_/X in net _042_.
[EST-0026] Missing route to pin _330_/A1 in net _042_.
[EST-0026] Missing route to pin _329_/X in net _042_.
[EST-0026] Missing route to pin _330_/A1 in net _042_.
[EST-0026] Missing route to pin _329_/X in net _042_.
[EST-0026] Missing route to pin _330_/A1 in net _042_.
[EST-0026] Missing route to pin _329_/X in net _042_.
[EST-0026] Missing route to pin _330_/A1 in net _042_.
[EST-0026] Missing route to pin _329_/X in net _042_.
[EST-0026] Missing route to pin _332_/B1 in net _043_.
[EST-0026] Missing route to pin _331_/Y in net _043_.
[EST-0026] Missing route to pin _332_/B1 in net _043_.
[EST-0026] Missing route to pin _331_/Y in net _043_.
[EST-0026] Missing route to pin _332_/B1 in net _043_.
[EST-0026] Missing route to pin _331_/Y in net _043_.
[EST-0026] Missing route to pin _332_/B1 in net _043_.
[EST-0026] Missing route to pin _331_/Y in net _043_.
[EST-0026] Missing route to pin _332_/B1 in net _043_.
[EST-0026] Missing route to pin _331_/Y in net _043_.
[EST-0026] Missing route to pin _332_/B1 in net _043_.
[EST-0026] Missing route to pin _331_/Y in net _043_.
[EST-0026] Missing route to pin _332_/B1 in net _043_.
[EST-0026] Missing route to pin _331_/Y in net _043_.
[EST-0026] Missing route to pin _332_/B1 in net _043_.
[EST-0026] Missing route to pin _331_/Y in net _043_.
[EST-0026] Missing route to pin _332_/B1 in net _043_.
[EST-0026] Missing route to pin _331_/Y in net _043_.
[EST-0026] Missing route to pin _336_/B1 in net _045_.
[EST-0026] Missing route to pin _335_/Y in net _045_.
[EST-0026] Missing route to pin _336_/B1 in net _045_.
[EST-0026] Missing route to pin _335_/Y in net _045_.
[EST-0026] Missing route to pin _336_/B1 in net _045_.
[EST-0026] Missing route to pin _335_/Y in net _045_.
[EST-0026] Missing route to pin _336_/B1 in net _045_.
[EST-0026] Missing route to pin _335_/Y in net _045_.
[EST-0026] Missing route to pin _336_/B1 in net _045_.
[EST-0026] Missing route to pin _335_/Y in net _045_.
[EST-0026] Missing route to pin _336_/B1 in net _045_.
[EST-0026] Missing route to pin _335_/Y in net _045_.
[EST-0026] Missing route to pin _336_/B1 in net _045_.
[EST-0026] Missing route to pin _335_/Y in net _045_.
[EST-0026] Missing route to pin _336_/B1 in net _045_.
[EST-0026] Missing route to pin _335_/Y in net _045_.
[EST-0026] Missing route to pin _336_/B1 in net _045_.
[EST-0026] Missing route to pin _335_/Y in net _045_.
[EST-0026] Missing route to pin _338_/B1 in net _046_.
[EST-0026] Missing route to pin _337_/Y in net _046_.
[EST-0026] Missing route to pin _338_/B1 in net _046_.
[EST-0026] Missing route to pin _337_/Y in net _046_.
[EST-0026] Missing route to pin _338_/B1 in net _046_.
[EST-0026] Missing route to pin _337_/Y in net _046_.
[EST-0026] Missing route to pin _338_/B1 in net _046_.
[EST-0026] Missing route to pin _337_/Y in net _046_.
[EST-0026] Missing route to pin _338_/B1 in net _046_.
[EST-0026] Missing route to pin _337_/Y in net _046_.
[EST-0026] Missing route to pin _338_/B1 in net _046_.
[EST-0026] Missing route to pin _337_/Y in net _046_.
[EST-0026] Missing route to pin _338_/B1 in net _046_.
[EST-0026] Missing route to pin _337_/Y in net _046_.
[EST-0026] Missing route to pin _338_/B1 in net _046_.
[EST-0026] Missing route to pin _337_/Y in net _046_.
[EST-0026] Missing route to pin _338_/B1 in net _046_.
[EST-0026] Missing route to pin _337_/Y in net _046_.
[EST-0026] Missing route to pin _342_/B1 in net _048_.
[EST-0026] Missing route to pin _341_/Y in net _048_.
[EST-0026] Missing route to pin _342_/B1 in net _048_.
[EST-0026] Missing route to pin _341_/Y in net _048_.
[EST-0026] Missing route to pin _342_/B1 in net _048_.
[EST-0026] Missing route to pin _341_/Y in net _048_.
[EST-0026] Missing route to pin _342_/B1 in net _048_.
[EST-0026] Missing route to pin _341_/Y in net _048_.
[EST-0026] Missing route to pin _342_/B1 in net _048_.
[EST-0026] Missing route to pin _341_/Y in net _048_.
[EST-0026] Missing route to pin _342_/B1 in net _048_.
[EST-0026] Missing route to pin _341_/Y in net _048_.
[EST-0026] Missing route to pin _342_/B1 in net _048_.
[EST-0026] Missing route to pin _341_/Y in net _048_.
[EST-0026] Missing route to pin _342_/B1 in net _048_.
[EST-0026] Missing route to pin _341_/Y in net _048_.
[EST-0026] Missing route to pin _342_/B1 in net _048_.
[EST-0026] Missing route to pin _341_/Y in net _048_.
[EST-0026] Missing route to pin _364_/B in net _049_.
[EST-0026] Missing route to pin _363_/B in net _049_.
[EST-0026] Missing route to pin _344_/B1 in net _049_.
[EST-0026] Missing route to pin _343_/X in net _049_.
[EST-0026] Missing route to pin _364_/B in net _049_.
[EST-0026] Missing route to pin _363_/B in net _049_.
[EST-0026] Missing route to pin _344_/B1 in net _049_.
[EST-0026] Missing route to pin _343_/X in net _049_.
[EST-0026] Missing route to pin _364_/B in net _049_.
[EST-0026] Missing route to pin _363_/B in net _049_.
[EST-0026] Missing route to pin _344_/B1 in net _049_.
[EST-0026] Missing route to pin _343_/X in net _049_.
[EST-0026] Missing route to pin _364_/B in net _049_.
[EST-0026] Missing route to pin _363_/B in net _049_.
[EST-0026] Missing route to pin _344_/B1 in net _049_.
[EST-0026] Missing route to pin _343_/X in net _049_.
[EST-0026] Missing route to pin _364_/B in net _049_.
[EST-0026] Missing route to pin _363_/B in net _049_.
[EST-0026] Missing route to pin _344_/B1 in net _049_.
[EST-0026] Missing route to pin _343_/X in net _049_.
[EST-0026] Missing route to pin _364_/B in net _049_.
[EST-0026] Missing route to pin _363_/B in net _049_.
[EST-0026] Missing route to pin _344_/B1 in net _049_.
[EST-0026] Missing route to pin _343_/X in net _049_.
[EST-0026] Missing route to pin _364_/B in net _049_.
[EST-0026] Missing route to pin _363_/B in net _049_.
[EST-0026] Missing route to pin _344_/B1 in net _049_.
[EST-0026] Missing route to pin _343_/X in net _049_.
[EST-0026] Missing route to pin _364_/B in net _049_.
[EST-0026] Missing route to pin _363_/B in net _049_.
[EST-0026] Missing route to pin _344_/B1 in net _049_.
[EST-0026] Missing route to pin _343_/X in net _049_.
[EST-0026] Missing route to pin _364_/B in net _049_.
[EST-0026] Missing route to pin _363_/B in net _049_.
[EST-0026] Missing route to pin _344_/B1 in net _049_.
[EST-0026] Missing route to pin _343_/X in net _049_.
[EST-0026] Missing route to pin _367_/A in net _050_.
[EST-0026] Missing route to pin _347_/B1 in net _050_.
[EST-0026] Missing route to pin _344_/Y in net _050_.
[EST-0026] Missing route to pin _367_/A in net _050_.
[EST-0026] Missing route to pin _347_/B1 in net _050_.
[EST-0026] Missing route to pin _344_/Y in net _050_.
[EST-0026] Missing route to pin _367_/A in net _050_.
[EST-0026] Missing route to pin _347_/B1 in net _050_.
[EST-0026] Missing route to pin _344_/Y in net _050_.
[EST-0026] Missing route to pin _367_/A in net _050_.
[EST-0026] Missing route to pin _347_/B1 in net _050_.
[EST-0026] Missing route to pin _344_/Y in net _050_.
[EST-0026] Missing route to pin _367_/A in net _050_.
[EST-0026] Missing route to pin _347_/B1 in net _050_.
[EST-0026] Missing route to pin _344_/Y in net _050_.
[EST-0026] Missing route to pin _367_/A in net _050_.
[EST-0026] Missing route to pin _347_/B1 in net _050_.
[EST-0026] Missing route to pin _344_/Y in net _050_.
[EST-0026] Missing route to pin _367_/A in net _050_.
[EST-0026] Missing route to pin _347_/B1 in net _050_.
[EST-0026] Missing route to pin _344_/Y in net _050_.
[EST-0026] Missing route to pin _367_/A in net _050_.
[EST-0026] Missing route to pin _347_/B1 in net _050_.
[EST-0026] Missing route to pin _344_/Y in net _050_.
[EST-0026] Missing route to pin _367_/A in net _050_.
[EST-0026] Missing route to pin _347_/B1 in net _050_.
[EST-0026] Missing route to pin _344_/Y in net _050_.
[EST-0026] Missing route to pin _353_/A1 in net _051_.
[EST-0026] Missing route to pin _346_/A2 in net _051_.
[EST-0026] Missing route to pin _345_/X in net _051_.
[EST-0026] Missing route to pin _353_/A1 in net _051_.
[EST-0026] Missing route to pin _346_/A2 in net _051_.
[EST-0026] Missing route to pin _345_/X in net _051_.
[EST-0026] Missing route to pin _353_/A1 in net _051_.
[EST-0026] Missing route to pin _346_/A2 in net _051_.
[EST-0026] Missing route to pin _345_/X in net _051_.
[EST-0026] Missing route to pin _353_/A1 in net _051_.
[EST-0026] Missing route to pin _346_/A2 in net _051_.
[EST-0026] Missing route to pin _345_/X in net _051_.
[EST-0026] Missing route to pin _353_/A1 in net _051_.
[EST-0026] Missing route to pin _346_/A2 in net _051_.
[EST-0026] Missing route to pin _345_/X in net _051_.
[EST-0026] Missing route to pin _353_/A1 in net _051_.
[EST-0026] Missing route to pin _346_/A2 in net _051_.
[EST-0026] Missing route to pin _345_/X in net _051_.
[EST-0026] Missing route to pin _353_/A1 in net _051_.
[EST-0026] Missing route to pin _346_/A2 in net _051_.
[EST-0026] Missing route to pin _345_/X in net _051_.
[EST-0026] Missing route to pin _353_/A1 in net _051_.
[EST-0026] Missing route to pin _346_/A2 in net _051_.
[EST-0026] Missing route to pin _345_/X in net _051_.
[EST-0026] Missing route to pin _353_/A1 in net _051_.
[EST-0026] Missing route to pin _346_/A2 in net _051_.
[EST-0026] Missing route to pin _345_/X in net _051_.
[EST-0026] Missing route to pin _369_/C in net _052_.
[EST-0026] Missing route to pin _366_/B1 in net _052_.
[EST-0026] Missing route to pin _347_/A2 in net _052_.
[EST-0026] Missing route to pin _346_/X in net _052_.
[EST-0026] Missing route to pin _369_/C in net _052_.
[EST-0026] Missing route to pin _366_/B1 in net _052_.
[EST-0026] Missing route to pin _347_/A2 in net _052_.
[EST-0026] Missing route to pin _346_/X in net _052_.
[EST-0026] Missing route to pin _369_/C in net _052_.
[EST-0026] Missing route to pin _366_/B1 in net _052_.
[EST-0026] Missing route to pin _347_/A2 in net _052_.
[EST-0026] Missing route to pin _346_/X in net _052_.
[EST-0026] Missing route to pin _369_/C in net _052_.
[EST-0026] Missing route to pin _366_/B1 in net _052_.
[EST-0026] Missing route to pin _347_/A2 in net _052_.
[EST-0026] Missing route to pin _346_/X in net _052_.
[EST-0026] Missing route to pin _369_/C in net _052_.
[EST-0026] Missing route to pin _366_/B1 in net _052_.
[EST-0026] Missing route to pin _347_/A2 in net _052_.
[EST-0026] Missing route to pin _346_/X in net _052_.
[EST-0026] Missing route to pin _369_/C in net _052_.
[EST-0026] Missing route to pin _366_/B1 in net _052_.
[EST-0026] Missing route to pin _347_/A2 in net _052_.
[EST-0026] Missing route to pin _346_/X in net _052_.
[EST-0026] Missing route to pin _369_/C in net _052_.
[EST-0026] Missing route to pin _366_/B1 in net _052_.
[EST-0026] Missing route to pin _347_/A2 in net _052_.
[EST-0026] Missing route to pin _346_/X in net _052_.
[EST-0026] Missing route to pin _369_/C in net _052_.
[EST-0026] Missing route to pin _366_/B1 in net _052_.
[EST-0026] Missing route to pin _347_/A2 in net _052_.
[EST-0026] Missing route to pin _346_/X in net _052_.
[EST-0026] Missing route to pin _369_/C in net _052_.
[EST-0026] Missing route to pin _366_/B1 in net _052_.
[EST-0026] Missing route to pin _347_/A2 in net _052_.
[EST-0026] Missing route to pin _346_/X in net _052_.
[EST-0026] Missing route to pin _357_/A_N in net _053_.
[EST-0026] Missing route to pin _353_/B1 in net _053_.
[EST-0026] Missing route to pin _351_/B2 in net _053_.
[EST-0026] Missing route to pin _348_/B in net _053_.
[EST-0026] Missing route to pin _347_/X in net _053_.
[EST-0026] Missing route to pin _357_/A_N in net _053_.
[EST-0026] Missing route to pin _353_/B1 in net _053_.
[EST-0026] Missing route to pin _351_/B2 in net _053_.
[EST-0026] Missing route to pin _348_/B in net _053_.
[EST-0026] Missing route to pin _347_/X in net _053_.
[EST-0026] Missing route to pin _357_/A_N in net _053_.
[EST-0026] Missing route to pin _353_/B1 in net _053_.
[EST-0026] Missing route to pin _351_/B2 in net _053_.
[EST-0026] Missing route to pin _348_/B in net _053_.
[EST-0026] Missing route to pin _347_/X in net _053_.
[EST-0026] Missing route to pin _357_/A_N in net _053_.
[EST-0026] Missing route to pin _353_/B1 in net _053_.
[EST-0026] Missing route to pin _351_/B2 in net _053_.
[EST-0026] Missing route to pin _348_/B in net _053_.
[EST-0026] Missing route to pin _347_/X in net _053_.
[EST-0026] Missing route to pin _357_/A_N in net _053_.
[EST-0026] Missing route to pin _353_/B1 in net _053_.
[EST-0026] Missing route to pin _351_/B2 in net _053_.
[EST-0026] Missing route to pin _348_/B in net _053_.
[EST-0026] Missing route to pin _347_/X in net _053_.
[EST-0026] Missing route to pin _357_/A_N in net _053_.
[EST-0026] Missing route to pin _353_/B1 in net _053_.
[EST-0026] Missing route to pin _351_/B2 in net _053_.
[EST-0026] Missing route to pin _348_/B in net _053_.
[EST-0026] Missing route to pin _347_/X in net _053_.
[EST-0026] Missing route to pin _357_/A_N in net _053_.
[EST-0026] Missing route to pin _353_/B1 in net _053_.
[EST-0026] Missing route to pin _351_/B2 in net _053_.
[EST-0026] Missing route to pin _348_/B in net _053_.
[EST-0026] Missing route to pin _347_/X in net _053_.
[EST-0026] Missing route to pin _357_/A_N in net _053_.
[EST-0026] Missing route to pin _353_/B1 in net _053_.
[EST-0026] Missing route to pin _351_/B2 in net _053_.
[EST-0026] Missing route to pin _348_/B in net _053_.
[EST-0026] Missing route to pin _347_/X in net _053_.
[EST-0026] Missing route to pin _357_/A_N in net _053_.
[EST-0026] Missing route to pin _353_/B1 in net _053_.
[EST-0026] Missing route to pin _351_/B2 in net _053_.
[EST-0026] Missing route to pin _348_/B in net _053_.
[EST-0026] Missing route to pin _347_/X in net _053_.
[EST-0026] Missing route to pin _361_/A4 in net _054_.
[EST-0026] Missing route to pin _355_/A3 in net _054_.
[EST-0026] Missing route to pin _353_/A2 in net _054_.
[EST-0026] Missing route to pin _351_/A1 in net _054_.
[EST-0026] Missing route to pin _348_/Y in net _054_.
[EST-0026] Missing route to pin _361_/A4 in net _054_.
[EST-0026] Missing route to pin _355_/A3 in net _054_.
[EST-0026] Missing route to pin _353_/A2 in net _054_.
[EST-0026] Missing route to pin _351_/A1 in net _054_.
[EST-0026] Missing route to pin _348_/Y in net _054_.
[EST-0026] Missing route to pin _361_/A4 in net _054_.
[EST-0026] Missing route to pin _355_/A3 in net _054_.
[EST-0026] Missing route to pin _353_/A2 in net _054_.
[EST-0026] Missing route to pin _351_/A1 in net _054_.
[EST-0026] Missing route to pin _348_/Y in net _054_.
[EST-0026] Missing route to pin _361_/A4 in net _054_.
[EST-0026] Missing route to pin _355_/A3 in net _054_.
[EST-0026] Missing route to pin _353_/A2 in net _054_.
[EST-0026] Missing route to pin _351_/A1 in net _054_.
[EST-0026] Missing route to pin _348_/Y in net _054_.
[EST-0026] Missing route to pin _361_/A4 in net _054_.
[EST-0026] Missing route to pin _355_/A3 in net _054_.
[EST-0026] Missing route to pin _353_/A2 in net _054_.
[EST-0026] Missing route to pin _351_/A1 in net _054_.
[EST-0026] Missing route to pin _348_/Y in net _054_.
[EST-0026] Missing route to pin _361_/A4 in net _054_.
[EST-0026] Missing route to pin _355_/A3 in net _054_.
[EST-0026] Missing route to pin _353_/A2 in net _054_.
[EST-0026] Missing route to pin _351_/A1 in net _054_.
[EST-0026] Missing route to pin _348_/Y in net _054_.
[EST-0026] Missing route to pin _361_/A4 in net _054_.
[EST-0026] Missing route to pin _355_/A3 in net _054_.
[EST-0026] Missing route to pin _353_/A2 in net _054_.
[EST-0026] Missing route to pin _351_/A1 in net _054_.
[EST-0026] Missing route to pin _348_/Y in net _054_.
[EST-0026] Missing route to pin _361_/A4 in net _054_.
[EST-0026] Missing route to pin _355_/A3 in net _054_.
[EST-0026] Missing route to pin _353_/A2 in net _054_.
[EST-0026] Missing route to pin _351_/A1 in net _054_.
[EST-0026] Missing route to pin _348_/Y in net _054_.
[EST-0026] Missing route to pin _361_/A4 in net _054_.
[EST-0026] Missing route to pin _355_/A3 in net _054_.
[EST-0026] Missing route to pin _353_/A2 in net _054_.
[EST-0026] Missing route to pin _351_/A1 in net _054_.
[EST-0026] Missing route to pin _348_/Y in net _054_.
[EST-0026] Missing route to pin _354_/B in net _057_.
[EST-0026] Missing route to pin _353_/X in net _057_.
[EST-0026] Missing route to pin _354_/B in net _057_.
[EST-0026] Missing route to pin _353_/X in net _057_.
[EST-0026] Missing route to pin _354_/B in net _057_.
[EST-0026] Missing route to pin _353_/X in net _057_.
[EST-0026] Missing route to pin _354_/B in net _057_.
[EST-0026] Missing route to pin _353_/X in net _057_.
[EST-0026] Missing route to pin _354_/B in net _057_.
[EST-0026] Missing route to pin _353_/X in net _057_.
[EST-0026] Missing route to pin _354_/B in net _057_.
[EST-0026] Missing route to pin _353_/X in net _057_.
[EST-0026] Missing route to pin _354_/B in net _057_.
[EST-0026] Missing route to pin _353_/X in net _057_.
[EST-0026] Missing route to pin _354_/B in net _057_.
[EST-0026] Missing route to pin _353_/X in net _057_.
[EST-0026] Missing route to pin _354_/B in net _057_.
[EST-0026] Missing route to pin _353_/X in net _057_.
[EST-0026] Missing route to pin _358_/B in net _058_.
[EST-0026] Missing route to pin _355_/X in net _058_.
[EST-0026] Missing route to pin _358_/B in net _058_.
[EST-0026] Missing route to pin _355_/X in net _058_.
[EST-0026] Missing route to pin _358_/B in net _058_.
[EST-0026] Missing route to pin _355_/X in net _058_.
[EST-0026] Missing route to pin _358_/B in net _058_.
[EST-0026] Missing route to pin _355_/X in net _058_.
[EST-0026] Missing route to pin _358_/B in net _058_.
[EST-0026] Missing route to pin _355_/X in net _058_.
[EST-0026] Missing route to pin _358_/B in net _058_.
[EST-0026] Missing route to pin _355_/X in net _058_.
[EST-0026] Missing route to pin _358_/B in net _058_.
[EST-0026] Missing route to pin _355_/X in net _058_.
[EST-0026] Missing route to pin _358_/B in net _058_.
[EST-0026] Missing route to pin _355_/X in net _058_.
[EST-0026] Missing route to pin _358_/B in net _058_.
[EST-0026] Missing route to pin _355_/X in net _058_.
[EST-0026] Missing route to pin _357_/B in net _059_.
[EST-0026] Missing route to pin _356_/X in net _059_.
[EST-0026] Missing route to pin _357_/B in net _059_.
[EST-0026] Missing route to pin _356_/X in net _059_.
[EST-0026] Missing route to pin _357_/B in net _059_.
[EST-0026] Missing route to pin _356_/X in net _059_.
[EST-0026] Missing route to pin _357_/B in net _059_.
[EST-0026] Missing route to pin _356_/X in net _059_.
[EST-0026] Missing route to pin _357_/B in net _059_.
[EST-0026] Missing route to pin _356_/X in net _059_.
[EST-0026] Missing route to pin _357_/B in net _059_.
[EST-0026] Missing route to pin _356_/X in net _059_.
[EST-0026] Missing route to pin _357_/B in net _059_.
[EST-0026] Missing route to pin _356_/X in net _059_.
[EST-0026] Missing route to pin _357_/B in net _059_.
[EST-0026] Missing route to pin _356_/X in net _059_.
[EST-0026] Missing route to pin _357_/B in net _059_.
[EST-0026] Missing route to pin _356_/X in net _059_.
[EST-0026] Missing route to pin _362_/A2 in net _060_.
[EST-0026] Missing route to pin _358_/C in net _060_.
[EST-0026] Missing route to pin _357_/Y in net _060_.
[EST-0026] Missing route to pin _362_/A2 in net _060_.
[EST-0026] Missing route to pin _358_/C in net _060_.
[EST-0026] Missing route to pin _357_/Y in net _060_.
[EST-0026] Missing route to pin _362_/A2 in net _060_.
[EST-0026] Missing route to pin _358_/C in net _060_.
[EST-0026] Missing route to pin _357_/Y in net _060_.
[EST-0026] Missing route to pin _362_/A2 in net _060_.
[EST-0026] Missing route to pin _358_/C in net _060_.
[EST-0026] Missing route to pin _357_/Y in net _060_.
[EST-0026] Missing route to pin _362_/A2 in net _060_.
[EST-0026] Missing route to pin _358_/C in net _060_.
[EST-0026] Missing route to pin _357_/Y in net _060_.
[EST-0026] Missing route to pin _362_/A2 in net _060_.
[EST-0026] Missing route to pin _358_/C in net _060_.
[EST-0026] Missing route to pin _357_/Y in net _060_.
[EST-0026] Missing route to pin _362_/A2 in net _060_.
[EST-0026] Missing route to pin _358_/C in net _060_.
[EST-0026] Missing route to pin _357_/Y in net _060_.
[EST-0026] Missing route to pin _362_/A2 in net _060_.
[EST-0026] Missing route to pin _358_/C in net _060_.
[EST-0026] Missing route to pin _357_/Y in net _060_.
[EST-0026] Missing route to pin _362_/A2 in net _060_.
[EST-0026] Missing route to pin _358_/C in net _060_.
[EST-0026] Missing route to pin _357_/Y in net _060_.
[EST-0026] Missing route to pin _497_/B1 in net _062_.
[EST-0026] Missing route to pin _425_/B1 in net _062_.
[EST-0026] Missing route to pin _368_/B1 in net _062_.
[EST-0026] Missing route to pin _363_/Y in net _062_.
[EST-0026] Missing route to pin _497_/B1 in net _062_.
[EST-0026] Missing route to pin _425_/B1 in net _062_.
[EST-0026] Missing route to pin _368_/B1 in net _062_.
[EST-0026] Missing route to pin _363_/Y in net _062_.
[EST-0026] Missing route to pin _497_/B1 in net _062_.
[EST-0026] Missing route to pin _425_/B1 in net _062_.
[EST-0026] Missing route to pin _368_/B1 in net _062_.
[EST-0026] Missing route to pin _363_/Y in net _062_.
[EST-0026] Missing route to pin _497_/B1 in net _062_.
[EST-0026] Missing route to pin _425_/B1 in net _062_.
[EST-0026] Missing route to pin _368_/B1 in net _062_.
[EST-0026] Missing route to pin _363_/Y in net _062_.
[EST-0026] Missing route to pin _497_/B1 in net _062_.
[EST-0026] Missing route to pin _425_/B1 in net _062_.
[EST-0026] Missing route to pin _368_/B1 in net _062_.
[EST-0026] Missing route to pin _363_/Y in net _062_.
[EST-0026] Missing route to pin _497_/B1 in net _062_.
[EST-0026] Missing route to pin _425_/B1 in net _062_.
[EST-0026] Missing route to pin _368_/B1 in net _062_.
[EST-0026] Missing route to pin _363_/Y in net _062_.
[EST-0026] Missing route to pin _497_/B1 in net _062_.
[EST-0026] Missing route to pin _425_/B1 in net _062_.
[EST-0026] Missing route to pin _368_/B1 in net _062_.
[EST-0026] Missing route to pin _363_/Y in net _062_.
[EST-0026] Missing route to pin _497_/B1 in net _062_.
[EST-0026] Missing route to pin _425_/B1 in net _062_.
[EST-0026] Missing route to pin _368_/B1 in net _062_.
[EST-0026] Missing route to pin _363_/Y in net _062_.
[EST-0026] Missing route to pin _497_/B1 in net _062_.
[EST-0026] Missing route to pin _425_/B1 in net _062_.
[EST-0026] Missing route to pin _368_/B1 in net _062_.
[EST-0026] Missing route to pin _363_/Y in net _062_.
[EST-0026] Missing route to pin fanout27/A in net _063_.
[EST-0026] Missing route to pin _364_/X in net _063_.
[EST-0026] Missing route to pin fanout27/A in net _063_.
[EST-0026] Missing route to pin _364_/X in net _063_.
[EST-0026] Missing route to pin fanout27/A in net _063_.
[EST-0026] Missing route to pin _364_/X in net _063_.
[EST-0026] Missing route to pin fanout27/A in net _063_.
[EST-0026] Missing route to pin _364_/X in net _063_.
[EST-0026] Missing route to pin fanout27/A in net _063_.
[EST-0026] Missing route to pin _364_/X in net _063_.
[EST-0026] message limit (1000) reached. This message will no longer print.
Running 'Odb.DiodesOnPorts' at 'designs/prec_int8/runs/RUN_2026-10-05_20-13-05/42-odb-diodesonports'…
'DIODE_ON_PORTS' is set to 'none': skipping 'Odb.DiodesOnPorts'…
Running 'Odb.HeuristicDiodeInsertion' at 'designs/prec_int8/runs/RUN_2026-10-05_20-13-05/43-odb-heuristicdiodeinsertion'…
Running 'Odb.FuzzyDiodePlacement' at 'designs/prec_int8/runs/RUN_2026-10-05_20-13-05/43-odb-heuristicdiodeinsertion/1-odb-fuzzydiodeplacement'…
'GPL_CELL_PADDING' is set to 0. This step may cause overlap failures.
Logging subprocess to [repr.filename]'designs/prec_int8/runs/RUN_2026-10-05_20-13-05/43-odb-heuristicdiodeinsertion/1-odb-fuzzydiodeplacement/odb-fuzzydiodeplacement.log'[/repr.filename]…
Running 'OpenROAD.DetailedPlacement' at 'designs/prec_int8/runs/RUN_2026-10-05_20-13-05/43-odb-heuristicdiodeinsertion/2-openroad-detailedplacement'…
Logging subprocess to [repr.filename]'designs/prec_int8/runs/RUN_2026-10-05_20-13-05/43-odb-heuristicdiodeinsertion/2-openroad-detailedplacement/openroad-detailedplacement.log'[/repr.filename]…
Running 'OpenROAD.GlobalRouting' at 'designs/prec_int8/runs/RUN_2026-10-05_20-13-05/43-odb-heuristicdiodeinsertion/3-openroad-globalrouting'…
Logging subprocess to [repr.filename]'designs/prec_int8/runs/RUN_2026-10-05_20-13-05/43-odb-heuristicdiodeinsertion/3-openroad-globalrouting/openroad-globalrouting.log'[/repr.filename]…
Running 'OpenROAD.RepairAntennas' at 'designs/prec_int8/runs/RUN_2026-10-05_20-13-05/44-openroad-repairantennas'…
Running 'OpenROAD.DiodeInsertion' at 'designs/prec_int8/runs/RUN_2026-10-05_20-13-05/44-openroad-repairantennas/1-openroad-diodeinsertion'…
Logging subprocess to [repr.filename]'designs/prec_int8/runs/RUN_2026-10-05_20-13-05/44-openroad-repairantennas/1-openroad-diodeinsertion/openroad-diodeinsertion.log'[/repr.filename]…
Running 'OpenROAD.CheckAntennas' at 'designs/prec_int8/runs/RUN_2026-10-05_20-13-05/44-openroad-repairantennas/2-openroad-checkantennas'…
Logging subprocess to [repr.filename]'designs/prec_int8/runs/RUN_2026-10-05_20-13-05/44-openroad-repairantennas/2-openroad-checkantennas/openroad-checkantennas.log'[/repr.filename]…
Gating variable for step 'OpenROAD.ResizerTimingPostGRT' set to 'False'- the step will be skipped.
Skipping step 'Resizer Timing Optimizations (Post-Global Routing)'…
Running 'OpenROAD.STAMidPNR-3' at 'designs/prec_int8/runs/RUN_2026-10-05_20-13-05/45-openroad-stamidpnr-3'…
Logging subprocess to [repr.filename]'designs/prec_int8/runs/RUN_2026-10-05_20-13-05/45-openroad-stamidpnr-3/openroad-stamidpnr-3.log'[/repr.filename]…
Running 'OpenROAD.DetailedRouting' at 'designs/prec_int8/runs/RUN_2026-10-05_20-13-05/46-openroad-detailedrouting'…
Running TritonRoute with 6 threads…
Logging subprocess to [repr.filename]'designs/prec_int8/runs/RUN_2026-10-05_20-13-05/46-openroad-detailedrouting/openroad-detailedrouting.log'[/repr.filename]…
[DRT-0349] LEF58_ENCLOSURE with no CUTCLASS is not supported. Skipping for layer mcon
[DRT-0349] LEF58_ENCLOSURE with no CUTCLASS is not supported. Skipping for layer mcon
[DRT-0349] LEF58_ENCLOSURE with no CUTCLASS is not supported. Skipping for layer via
[DRT-0349] LEF58_ENCLOSURE with no CUTCLASS is not supported. Skipping for layer via
[DRT-0349] LEF58_ENCLOSURE with no CUTCLASS is not supported. Skipping for layer via2
[DRT-0349] LEF58_ENCLOSURE with no CUTCLASS is not supported. Skipping for layer via2
[DRT-0349] LEF58_ENCLOSURE with no CUTCLASS is not supported. Skipping for layer via3
[DRT-0349] LEF58_ENCLOSURE with no CUTCLASS is not supported. Skipping for layer via3
[DRT-0349] LEF58_ENCLOSURE with no CUTCLASS is not supported. Skipping for layer via4
[DRT-0349] LEF58_ENCLOSURE with no CUTCLASS is not supported. Skipping for layer via4
Running 'Odb.RemoveRoutingObstructions' at 'designs/prec_int8/runs/RUN_2026-10-05_20-13-05/47-odb-removeroutingobstructions'…
'ROUTING_OBSTRUCTIONS' is not defined. Skipping 'Odb.RemoveRoutingObstructions'…
Running 'OpenROAD.CheckAntennas-1' at 'designs/prec_int8/runs/RUN_2026-10-05_20-13-05/48-openroad-checkantennas-1'…
Logging subprocess to [repr.filename]'designs/prec_int8/runs/RUN_2026-10-05_20-13-05/48-openroad-checkantennas-1/openroad-checkantennas-1.log'[/repr.filename]…
Running 'Checker.TrDRC' at 'designs/prec_int8/runs/RUN_2026-10-05_20-13-05/49-checker-trdrc'…
Check for Routing DRC errors clear.
Running 'Odb.ReportDisconnectedPins' at 'designs/prec_int8/runs/RUN_2026-10-05_20-13-05/50-odb-reportdisconnectedpins'…
Logging subprocess to [repr.filename]'designs/prec_int8/runs/RUN_2026-10-05_20-13-05/50-odb-reportdisconnectedpins/odb-reportdisconnectedpins.log'[/repr.filename]…
Running 'Checker.DisconnectedPins' at 'designs/prec_int8/runs/RUN_2026-10-05_20-13-05/51-checker-disconnectedpins'…
Check for critical disconnected pins clear.
Running 'Odb.ReportWireLength' at 'designs/prec_int8/runs/RUN_2026-10-05_20-13-05/52-odb-reportwirelength'…
Logging subprocess to [repr.filename]'designs/prec_int8/runs/RUN_2026-10-05_20-13-05/52-odb-reportwirelength/odb-reportwirelength.log'[/repr.filename]…
Running 'Checker.WireLength' at 'designs/prec_int8/runs/RUN_2026-10-05_20-13-05/53-checker-wirelength'…
Threshold for Threshold-surpassing long wires is not set. The checker will be skipped.
Running 'OpenROAD.FillInsertion' at 'designs/prec_int8/runs/RUN_2026-10-05_20-13-05/54-openroad-fillinsertion'…
Logging subprocess to [repr.filename]'designs/prec_int8/runs/RUN_2026-10-05_20-13-05/54-openroad-fillinsertion/openroad-fillinsertion.log'[/repr.filename]…
Running 'Odb.CellFrequencyTables' at 'designs/prec_int8/runs/RUN_2026-10-05_20-13-05/55-odb-cellfrequencytables'…
Logging subprocess to [repr.filename]'designs/prec_int8/runs/RUN_2026-10-05_20-13-05/55-odb-cellfrequencytables/buffer_list.txt'[/repr.filename]…
Logging subprocess to [repr.filename]'designs/prec_int8/runs/RUN_2026-10-05_20-13-05/55-odb-cellfrequencytables/odb-cellfrequencytables.log'[/repr.filename]…
Running 'OpenROAD.RCX' at 'designs/prec_int8/runs/RUN_2026-10-05_20-13-05/56-openroad-rcx'…
Running RCX for corners matching nom_* (~/raja/open-ai-chip/designs/prec_int8/runs/RUN_2026-10-05_20-13-05/56-openroad-rcx/nom/rcx.log)…
Running RCX for corners matching min_* (~/raja/open-ai-chip/designs/prec_int8/runs/RUN_2026-10-05_20-13-05/56-openroad-rcx/min/rcx.log)…
Running RCX for corners matching max_* (~/raja/open-ai-chip/designs/prec_int8/runs/RUN_2026-10-05_20-13-05/56-openroad-rcx/max/rcx.log)…
Logging subprocess to [repr.filename]'designs/prec_int8/runs/RUN_2026-10-05_20-13-05/56-openroad-rcx/nom/rcx.log'[/repr.filename]…
Logging subprocess to [repr.filename]'designs/prec_int8/runs/RUN_2026-10-05_20-13-05/56-openroad-rcx/max/rcx.log'[/repr.filename]…
Logging subprocess to [repr.filename]'designs/prec_int8/runs/RUN_2026-10-05_20-13-05/56-openroad-rcx/min/rcx.log'[/repr.filename]…
Finished RCX for corners matching nom_*.
Finished RCX for corners matching min_*.
Finished RCX for corners matching max_*.
Running 'OpenROAD.STAPostPNR' at 'designs/prec_int8/runs/RUN_2026-10-05_20-13-05/57-openroad-stapostpnr'…
Starting STA for the nom_tt_025C_1v80 timing corner…
Starting STA for the nom_ss_100C_1v60 timing corner…
Starting STA for the nom_ff_n40C_1v95 timing corner…
Starting STA for the min_tt_025C_1v80 timing corner…
Starting STA for the min_ss_100C_1v60 timing corner…
Starting STA for the min_ff_n40C_1v95 timing corner…
Logging subprocess to [repr.filename]'designs/prec_int8/runs/RUN_2026-10-05_20-13-05/57-openroad-stapostpnr/nom_tt_025C_1v80/sta.log'[/repr.filename]…
Logging subprocess to [repr.filename]'designs/prec_int8/runs/RUN_2026-10-05_20-13-05/57-openroad-stapostpnr/nom_ss_100C_1v60/sta.log'[/repr.filename]…
Logging subprocess to [repr.filename]'designs/prec_int8/runs/RUN_2026-10-05_20-13-05/57-openroad-stapostpnr/nom_ff_n40C_1v95/sta.log'[/repr.filename]…
Logging subprocess to [repr.filename]'designs/prec_int8/runs/RUN_2026-10-05_20-13-05/57-openroad-stapostpnr/min_tt_025C_1v80/sta.log'[/repr.filename]…
Logging subprocess to [repr.filename]'designs/prec_int8/runs/RUN_2026-10-05_20-13-05/57-openroad-stapostpnr/min_ff_n40C_1v95/sta.log'[/repr.filename]…
Logging subprocess to [repr.filename]'designs/prec_int8/runs/RUN_2026-10-05_20-13-05/57-openroad-stapostpnr/min_ss_100C_1v60/sta.log'[/repr.filename]…
Finished STA for the min_tt_025C_1v80 timing corner.
Logging subprocess to [repr.filename]'designs/prec_int8/runs/RUN_2026-10-05_20-13-05/57-openroad-stapostpnr/min_tt_025C_1v80/filter_unannotated.log'[/repr.filename]…
Finished STA for the min_ff_n40C_1v95 timing corner.
Logging subprocess to [repr.filename]'designs/prec_int8/runs/RUN_2026-10-05_20-13-05/57-openroad-stapostpnr/min_ff_n40C_1v95/filter_unannotated.log'[/repr.filename]…
Finished STA for the nom_ss_100C_1v60 timing corner.
Logging subprocess to [repr.filename]'designs/prec_int8/runs/RUN_2026-10-05_20-13-05/57-openroad-stapostpnr/nom_ss_100C_1v60/filter_unannotated.log'[/repr.filename]…
Finished STA for the nom_ff_n40C_1v95 timing corner.
Logging subprocess to [repr.filename]'designs/prec_int8/runs/RUN_2026-10-05_20-13-05/57-openroad-stapostpnr/nom_ff_n40C_1v95/filter_unannotated.log'[/repr.filename]…
Finished STA for the min_ss_100C_1v60 timing corner.
Logging subprocess to [repr.filename]'designs/prec_int8/runs/RUN_2026-10-05_20-13-05/57-openroad-stapostpnr/min_ss_100C_1v60/filter_unannotated.log'[/repr.filename]…
Finished STA for the nom_tt_025C_1v80 timing corner.
Logging subprocess to [repr.filename]'designs/prec_int8/runs/RUN_2026-10-05_20-13-05/57-openroad-stapostpnr/nom_tt_025C_1v80/filter_unannotated.log'[/repr.filename]…
Starting STA for the max_tt_025C_1v80 timing corner…
Logging subprocess to [repr.filename]'designs/prec_int8/runs/RUN_2026-10-05_20-13-05/57-openroad-stapostpnr/max_tt_025C_1v80/sta.log'[/repr.filename]…
Starting STA for the max_ss_100C_1v60 timing corner…
Logging subprocess to [repr.filename]'designs/prec_int8/runs/RUN_2026-10-05_20-13-05/57-openroad-stapostpnr/max_ss_100C_1v60/sta.log'[/repr.filename]…
Starting STA for the max_ff_n40C_1v95 timing corner…
Logging subprocess to [repr.filename]'designs/prec_int8/runs/RUN_2026-10-05_20-13-05/57-openroad-stapostpnr/max_ff_n40C_1v95/sta.log'[/repr.filename]…
Finished STA for the max_ss_100C_1v60 timing corner.
Logging subprocess to [repr.filename]'designs/prec_int8/runs/RUN_2026-10-05_20-13-05/57-openroad-stapostpnr/max_ss_100C_1v60/filter_unannotated.log'[/repr.filename]…
Finished STA for the max_tt_025C_1v80 timing corner.
Logging subprocess to [repr.filename]'designs/prec_int8/runs/RUN_2026-10-05_20-13-05/57-openroad-stapostpnr/max_tt_025C_1v80/filter_unannotated.log'[/repr.filename]…
Finished STA for the max_ff_n40C_1v95 timing corner.
Logging subprocess to [repr.filename]'designs/prec_int8/runs/RUN_2026-10-05_20-13-05/57-openroad-stapostpnr/max_ff_n40C_1v95/filter_unannotated.log'[/repr.filename]…
Running 'OpenROAD.IRDropReport' at 'designs/prec_int8/runs/RUN_2026-10-05_20-13-05/58-openroad-irdropreport'…
'VSRC_LOC_FILES' was not given a value, which may make the results of IR drop analysis inaccurate. If you are not integrating a top-level chip for manufacture, you may ignore this warning, otherwise, see the documentation for 'VSRC_LOC_FILES'.
Logging subprocess to [repr.filename]'designs/prec_int8/runs/RUN_2026-10-05_20-13-05/58-openroad-irdropreport/openroad-irdropreport.log'[/repr.filename]…
+ analyze_power_grid -net vccd1 -voltage_file ~/raja/open-ai-chip/designs/prec_int8/runs/RUN_2026-10-05_20-13-05/58-openroad-irdropreport/net-vccd1.csv
[INFO PSM-0040] All shapes on net vccd1 are connected.
########## IR report #################
Net              : vccd1
Corner           : nom_tt_025C_1v80
Total power      : 2.06e-04 W
Supply voltage   : 1.80e+00 V
Worstcase voltage: 1.80e+00 V
Average voltage  : 1.80e+00 V
Average IR drop  : 4.67e-05 V
Worstcase IR drop: 2.60e-04 V
Percentage drop  : 0.01 %
######################################
+ analyze_power_grid -net vssd1 -voltage_file ~/raja/open-ai-chip/designs/prec_int8/runs/RUN_2026-10-05_20-13-05/58-openroad-irdropreport/net-vssd1.csv
[INFO PSM-0040] All shapes on net vssd1 are connected.
########## IR report #################
Net              : vssd1
Corner           : nom_tt_025C_1v80
Total power      : 2.06e-04 W
Supply voltage   : 0.00e+00 V
Worstcase voltage: 2.46e-04 V
Average voltage  : 4.18e-05 V
Average IR drop  : 4.18e-05 V
Worstcase IR drop: 2.46e-04 V
Percentage drop  : 0.01 %
######################################

Running 'Magic.StreamOut' at 'designs/prec_int8/runs/RUN_2026-10-05_20-13-05/59-magic-streamout'…
Logging subprocess to [repr.filename]'designs/prec_int8/runs/RUN_2026-10-05_20-13-05/59-magic-streamout/magic-streamout.log'[/repr.filename]…
Running 'KLayout.StreamOut' at 'designs/prec_int8/runs/RUN_2026-10-05_20-13-05/60-klayout-streamout'…
Logging subprocess to [repr.filename]'designs/prec_int8/runs/RUN_2026-10-05_20-13-05/60-klayout-streamout/klayout-streamout.log'[/repr.filename]…
Running 'KLayout.Render' at 'designs/prec_int8/runs/RUN_2026-10-05_20-13-05/61-klayout-render'…
Logging subprocess to [repr.filename]'designs/prec_int8/runs/RUN_2026-10-05_20-13-05/61-klayout-render/klayout-render.log'[/repr.filename]…
Running 'Magic.WriteLEF' at 'designs/prec_int8/runs/RUN_2026-10-05_20-13-05/62-magic-writelef'…
Logging subprocess to [repr.filename]'designs/prec_int8/runs/RUN_2026-10-05_20-13-05/62-magic-writelef/magic-writelef.log'[/repr.filename]…
Running 'Odb.CheckDesignAntennaProperties' at 'designs/prec_int8/runs/RUN_2026-10-05_20-13-05/63-odb-checkdesignantennaproperties'…
Logging subprocess to [repr.filename]'designs/prec_int8/runs/RUN_2026-10-05_20-13-05/63-odb-checkdesignantennaproperties/odb-checkdesignantennaproperties.log'[/repr.filename]…
Running 'KLayout.XOR' at 'designs/prec_int8/runs/RUN_2026-10-05_20-13-05/64-klayout-xor'…
Running XOR with 2 threads…
Logging subprocess to [repr.filename]'designs/prec_int8/runs/RUN_2026-10-05_20-13-05/64-klayout-xor/klayout-xor.log'[/repr.filename]…
Running 'Checker.XOR' at 'designs/prec_int8/runs/RUN_2026-10-05_20-13-05/65-checker-xor'…
Check for XOR differences clear.
Running 'Magic.DRC' at 'designs/prec_int8/runs/RUN_2026-10-05_20-13-05/66-magic-drc'…
Logging subprocess to [repr.filename]'designs/prec_int8/runs/RUN_2026-10-05_20-13-05/66-magic-drc/magic-drc.log'[/repr.filename]…
Running 'KLayout.DRC' at 'designs/prec_int8/runs/RUN_2026-10-05_20-13-05/67-klayout-drc'…
Running KLayout DRC with 2 threads…
Logging subprocess to [repr.filename]'designs/prec_int8/runs/RUN_2026-10-05_20-13-05/67-klayout-drc/klayout-drc.log'[/repr.filename]…
Logging subprocess to [repr.filename]'designs/prec_int8/runs/RUN_2026-10-05_20-13-05/67-klayout-drc/xml_drc_report_to_json.log'[/repr.filename]…
Running 'Checker.MagicDRC' at 'designs/prec_int8/runs/RUN_2026-10-05_20-13-05/68-checker-magicdrc'…
Check for Magic DRC errors clear.
Running 'Checker.KLayoutDRC' at 'designs/prec_int8/runs/RUN_2026-10-05_20-13-05/69-checker-klayoutdrc'…
Check for KLayout DRC errors clear.
Running 'Magic.SpiceExtraction' at 'designs/prec_int8/runs/RUN_2026-10-05_20-13-05/70-magic-spiceextraction'…
Logging subprocess to [repr.filename]'designs/prec_int8/runs/RUN_2026-10-05_20-13-05/70-magic-spiceextraction/magic-spiceextraction.log'[/repr.filename]…
Running 'Checker.IllegalOverlap' at 'designs/prec_int8/runs/RUN_2026-10-05_20-13-05/71-checker-illegaloverlap'…
Check for Magic Illegal Overlap errors clear.
Running 'Netgen.LVS' at 'designs/prec_int8/runs/RUN_2026-10-05_20-13-05/72-netgen-lvs'…
Logging subprocess to [repr.filename]'designs/prec_int8/runs/RUN_2026-10-05_20-13-05/72-netgen-lvs/netgen-lvs.log'[/repr.filename]…
Running 'Checker.LVS' at 'designs/prec_int8/runs/RUN_2026-10-05_20-13-05/73-checker-lvs'…
Check for LVS errors clear.
Gating variable for step 'Yosys.EQY' set to 'False'- the step will be skipped.
Skipping step 'Equivalence Check'…
Running 'Checker.SetupViolations' at 'designs/prec_int8/runs/RUN_2026-10-05_20-13-05/74-checker-setupviolations'…
No setup violations found
Running 'Checker.HoldViolations' at 'designs/prec_int8/runs/RUN_2026-10-05_20-13-05/75-checker-holdviolations'…
No hold violations found
Running 'Checker.MaxSlewViolations' at 'designs/prec_int8/runs/RUN_2026-10-05_20-13-05/76-checker-maxslewviolations'…
Max Slew violations found in the following corners:
* max_ss_100C_1v60
* min_ss_100C_1v60
* nom_ss_100C_1v60
No max slew violations found
Running 'Checker.MaxCapViolations' at 'designs/prec_int8/runs/RUN_2026-10-05_20-13-05/77-checker-maxcapviolations'…
No max cap violations found
Running 'Misc.ReportManufacturability' at 'designs/prec_int8/runs/RUN_2026-10-05_20-13-05/78-misc-reportmanufacturability'…
Saving views to '~/raja/open-ai-chip/designs/prec_int8/runs/RUN_2026-10-05_20-13-05/final'…
Flow complete.
