                                                                        Cells by Master                                                                         
┏━━━━━━━━━━━━━━━━━━━━━━━━━━━━━━━━━━━━━━━━━━━━━━━━━━━━━━━━━━━━━━━━━━━━━━━━━━━━━━━━━━━━━━━━━━━━━━━━━━━━━━━━━━━━━━━━━━━━━━━━━━━━━━━━━━━┳━━━━━━━━━━━━━━━━━━━━━━━━━━┓
┃ Cell                                                                                                                              ┃ Count                    ┃
┡━━━━━━━━━━━━━━━━━━━━━━━━━━━━━━━━━━━━━━━━━━━━━━━━━━━━━━━━━━━━━━━━━━━━━━━━━━━━━━━━━━━━━━━━━━━━━━━━━━━━━━━━━━━━━━━━━━━━━━━━━━━━━━━━━━━╇━━━━━━━━━━━━━━━━━━━━━━━━━━┩
│ sky130_fd_sc_hd__a2111o_2                                                                                                         │ 2                        │
│ sky130_fd_sc_hd__a2111oi_1                                                                                                        │ 1                        │
│ sky130_fd_sc_hd__a211o_2                                                                                                          │ 5                        │
│ sky130_fd_sc_hd__a211oi_2                                                                                                         │ 5                        │
│ sky130_fd_sc_hd__a21bo_2                                                                                                          │ 3                        │
│ sky130_fd_sc_hd__a21boi_2                                                                                                         │ 1                        │
│ sky130_fd_sc_hd__a21o_2                                                                                                           │ 23                       │
│ sky130_fd_sc_hd__a21oi_2                                                                                                          │ 25                       │
│ sky130_fd_sc_hd__a221o_2                                                                                                          │ 8                        │
│ sky130_fd_sc_hd__a221oi_2                                                                                                         │ 1                        │
│ sky130_fd_sc_hd__a22o_2                                                                                                           │ 42                       │
│ sky130_fd_sc_hd__a22oi_2                                                                                                          │ 2                        │
│ sky130_fd_sc_hd__a2bb2o_2                                                                                                         │ 7                        │
│ sky130_fd_sc_hd__a311o_2                                                                                                          │ 3                        │
│ sky130_fd_sc_hd__a311oi_2                                                                                                         │ 2                        │
│ sky130_fd_sc_hd__a31o_2                                                                                                           │ 12                       │
│ sky130_fd_sc_hd__a31oi_2                                                                                                          │ 3                        │
│ sky130_fd_sc_hd__a32o_2                                                                                                           │ 19                       │
│ sky130_fd_sc_hd__and2_2                                                                                                           │ 41                       │
│ sky130_fd_sc_hd__and2b_2                                                                                                          │ 8                        │
│ sky130_fd_sc_hd__and3_2                                                                                                           │ 46                       │
│ sky130_fd_sc_hd__and3b_2                                                                                                          │ 10                       │
│ sky130_fd_sc_hd__and4_2                                                                                                           │ 6                        │
│ sky130_fd_sc_hd__and4b_2                                                                                                          │ 1                        │
│ sky130_fd_sc_hd__and4bb_2                                                                                                         │ 2                        │
│ sky130_fd_sc_hd__buf_1                                                                                                            │ 6                        │
│ sky130_fd_sc_hd__buf_12                                                                                                           │ 24                       │
│ sky130_fd_sc_hd__buf_2                                                                                                            │ 4                        │
│ sky130_fd_sc_hd__buf_4                                                                                                            │ 26                       │
│ sky130_fd_sc_hd__clkbuf_16                                                                                                        │ 1                        │
│ sky130_fd_sc_hd__clkbuf_4                                                                                                         │ 5                        │
│ sky130_fd_sc_hd__clkbuf_8                                                                                                         │ 30                       │
│ sky130_fd_sc_hd__clkdlybuf4s25_1                                                                                                  │ 103                      │
│ sky130_fd_sc_hd__conb_1                                                                                                           │ 12                       │
│ sky130_fd_sc_hd__decap_3                                                                                                          │ 10780                    │
│ sky130_fd_sc_hd__dfxtp_2                                                                                                          │ 109                      │
│ sky130_fd_sc_hd__diode_2                                                                                                          │ 49                       │
│ sky130_fd_sc_hd__dlygate4sd3_1                                                                                                    │ 83                       │
│ sky130_fd_sc_hd__fill_1                                                                                                           │ 639                      │
│ sky130_fd_sc_hd__fill_2                                                                                                           │ 422                      │
│ sky130_fd_sc_hd__inv_2                                                                                                            │ 31                       │
│ sky130_fd_sc_hd__mux2_1                                                                                                           │ 10                       │
│ sky130_fd_sc_hd__mux4_2                                                                                                           │ 2                        │
│ sky130_fd_sc_hd__nand2_2                                                                                                          │ 38                       │
│ sky130_fd_sc_hd__nand2b_2                                                                                                         │ 9                        │
│ sky130_fd_sc_hd__nand3_2                                                                                                          │ 4                        │
│ sky130_fd_sc_hd__nand3b_2                                                                                                         │ 1                        │
│ sky130_fd_sc_hd__nand4_2                                                                                                          │ 1                        │
│ sky130_fd_sc_hd__nor2_2                                                                                                           │ 52                       │
│ sky130_fd_sc_hd__nor3_2                                                                                                           │ 6                        │
│ sky130_fd_sc_hd__nor3b_2                                                                                                          │ 2                        │
│ sky130_fd_sc_hd__o211a_2                                                                                                          │ 13                       │
│ sky130_fd_sc_hd__o211ai_2                                                                                                         │ 1                        │
│ sky130_fd_sc_hd__o21a_2                                                                                                           │ 18                       │
│ sky130_fd_sc_hd__o21ai_2                                                                                                          │ 10                       │
│ sky130_fd_sc_hd__o21ba_2                                                                                                          │ 1                        │
│ sky130_fd_sc_hd__o21bai_2                                                                                                         │ 1                        │
│ sky130_fd_sc_hd__o221a_2                                                                                                          │ 1                        │
│ sky130_fd_sc_hd__o22a_2                                                                                                           │ 2                        │
│ sky130_fd_sc_hd__o22ai_2                                                                                                          │ 1                        │
│ sky130_fd_sc_hd__o2bb2a_2                                                                                                         │ 3                        │
│ sky130_fd_sc_hd__o311a_2                                                                                                          │ 7                        │
│ sky130_fd_sc_hd__o31a_2                                                                                                           │ 7                        │
│ sky130_fd_sc_hd__o32a_2                                                                                                           │ 3                        │
│ sky130_fd_sc_hd__o41a_2                                                                                                           │ 1                        │
│ sky130_fd_sc_hd__or2_2                                                                                                            │ 32                       │
│ sky130_fd_sc_hd__or3_2                                                                                                            │ 16                       │
│ sky130_fd_sc_hd__or3b_2                                                                                                           │ 9                        │
│ sky130_fd_sc_hd__or4_2                                                                                                            │ 19                       │
│ sky130_fd_sc_hd__or4b_2                                                                                                           │ 3                        │
│ sky130_fd_sc_hd__or4bb_2                                                                                                          │ 1                        │
│ sky130_fd_sc_hd__tapvpwrvgnd_1                                                                                                    │ 765                      │
│ sky130_fd_sc_hd__xnor2_2                                                                                                          │ 5                        │
│ sky130_fd_sc_hd__xor2_2                                                                                                           │ 4                        │
└───────────────────────────────────────────────────────────────────────────────────────────────────────────────────────────────────┴──────────────────────────┘
