150. Printing statistics.

=== tiny_ai_core ===

        +----------Local Count, excluding submodules.
        |        +-Local Area, excluding submodules.
        |        | 
      677        - wires
     1267        - wire bits
      104        - public wires
      694        - public wire bits
       17        - ports
      607        - port bits
      900 8.11E+03 cells
        2   30.029   sky130_fd_sc_hd__a2111oi_2
        9   90.086   sky130_fd_sc_hd__a211o_2
        2   25.024   sky130_fd_sc_hd__a211oi_2
        6   60.058   sky130_fd_sc_hd__a21bo_2
        2   22.522   sky130_fd_sc_hd__a21boi_2
       16  140.134   sky130_fd_sc_hd__a21o_2
       33  289.027   sky130_fd_sc_hd__a21oi_2
        9  101.347   sky130_fd_sc_hd__a221o_2
       40  400.384   sky130_fd_sc_hd__a22o_2
        1   12.512   sky130_fd_sc_hd__a22oi_2
        7   78.826   sky130_fd_sc_hd__a2bb2o_2
        2   22.522   sky130_fd_sc_hd__a311o_2
       10   87.584   sky130_fd_sc_hd__a31o_2
        5    62.56   sky130_fd_sc_hd__a31oi_2
       20  225.216   sky130_fd_sc_hd__a32o_2
        1   16.266   sky130_fd_sc_hd__a32oi_2
        1   11.261   sky130_fd_sc_hd__a41o_2
       48  360.346   sky130_fd_sc_hd__and2_2
       11   96.342   sky130_fd_sc_hd__and2b_2
       40  300.288   sky130_fd_sc_hd__and3_2
        4   40.038   sky130_fd_sc_hd__and3b_2
        6   60.058   sky130_fd_sc_hd__and4_2
        1   11.261   sky130_fd_sc_hd__and4b_2
        2   25.024   sky130_fd_sc_hd__and4bb_2
       21  105.101   sky130_fd_sc_hd__buf_2
      176  660.634   sky130_fd_sc_hd__conb_1
      109 2.32E+03   sky130_fd_sc_hd__dfxtp_2
       32  120.115   sky130_fd_sc_hd__inv_2
       12   135.13   sky130_fd_sc_hd__mux2_1
       45   281.52   sky130_fd_sc_hd__nand2_2
        6    52.55   sky130_fd_sc_hd__nand2b_2
        4   40.038   sky130_fd_sc_hd__nand3_2
        2   22.522   sky130_fd_sc_hd__nand3b_2
       59  369.104   sky130_fd_sc_hd__nor2_2
        6   60.058   sky130_fd_sc_hd__nor3_2
        1   12.512   sky130_fd_sc_hd__nor3b_2
        1   12.512   sky130_fd_sc_hd__nor4_2
        7   70.067   sky130_fd_sc_hd__o211a_2
        2   25.024   sky130_fd_sc_hd__o211ai_2
       19   166.41   sky130_fd_sc_hd__o21a_2
       13  113.859   sky130_fd_sc_hd__o21ai_2
        2   20.019   sky130_fd_sc_hd__o21ba_2
        3   33.782   sky130_fd_sc_hd__o221a_2
        4   40.038   sky130_fd_sc_hd__o22a_2
        3   33.782   sky130_fd_sc_hd__o2bb2a_2
        3   33.782   sky130_fd_sc_hd__o311a_2
        4   40.038   sky130_fd_sc_hd__o31a_2
        2   22.522   sky130_fd_sc_hd__o32a_2
       26  162.656   sky130_fd_sc_hd__or2_2
       16  120.115   sky130_fd_sc_hd__or3_2
       12  105.101   sky130_fd_sc_hd__or3b_2
       17  148.893   sky130_fd_sc_hd__or4_2
        4   40.038   sky130_fd_sc_hd__or4b_2
        1   12.512   sky130_fd_sc_hd__or4bb_2
        8  130.125   sky130_fd_sc_hd__xnor2_2
        2   32.531   sky130_fd_sc_hd__xor2_2

   Chip area for module '\tiny_ai_core': 8110.278400
     of which used for sequential elements: 2318.473600 (28.59%)

