
===========================================================================
report_checks -path_delay max (Setup)
============================================================================
======================= max_ss_100C_1v60 Corner ===================================

Startpoint: wb_rst_i (input port clocked by clk)
Endpoint: _1235_ (rising edge-triggered flip-flop clocked by clk)
Path Group: clk
Path Type: max

Fanout         Cap        Slew       Delay        Time   Description
---------------------------------------------------------------------------------------------
                                  0.000000    0.000000   clock clk (rise edge)
                                  5.570000    5.570000   clock network delay (propagated)
                                 12.500000   18.070000 ^ input external delay
     2    0.005929    0.000000    0.000000   18.070000 ^ wb_rst_i (in)
                                                         wb_rst_i (net)
                      0.000317    0.000158   18.070158 ^ input1/A (sky130_fd_sc_hd__clkdlybuf4s25_1)
     3    0.040483    0.650669    0.847979   18.918137 ^ input1/X (sky130_fd_sc_hd__clkdlybuf4s25_1)
                                                         net1 (net)
                      0.650708    0.005494   18.923632 ^ fanout162/A (sky130_fd_sc_hd__clkdlybuf4s25_1)
     5    0.049423    0.791110    1.195533   20.119164 ^ fanout162/X (sky130_fd_sc_hd__clkdlybuf4s25_1)
                                                         net162 (net)
                      0.791110    0.002467   20.121632 ^ fanout156/A (sky130_fd_sc_hd__clkdlybuf4s25_1)
     4    0.031974    0.518388    1.035529   21.157160 ^ fanout156/X (sky130_fd_sc_hd__clkdlybuf4s25_1)
                                                         net156 (net)
                      0.518402    0.003356   21.160515 ^ _0594_/A (sky130_fd_sc_hd__inv_2)
     1    0.004646    0.097168    0.173745   21.334261 v _0594_/Y (sky130_fd_sc_hd__inv_2)
                                                         _0131_ (net)
                      0.097168    0.000302   21.334562 v fanout149/A (sky130_fd_sc_hd__clkdlybuf4s25_1)
     4    0.032879    0.446633    0.765905   22.100468 v fanout149/X (sky130_fd_sc_hd__clkdlybuf4s25_1)
                                                         net149 (net)
                      0.446637    0.002078   22.102547 v fanout144/A (sky130_fd_sc_hd__clkdlybuf4s25_1)
     4    0.032039    0.436849    0.891660   22.994205 v fanout144/X (sky130_fd_sc_hd__clkdlybuf4s25_1)
                                                         net144 (net)
                      0.436849    0.000952   22.995159 v fanout141/A (sky130_fd_sc_hd__clkdlybuf4s25_1)
     8    0.041121    0.552933    0.974156   23.969315 v fanout141/X (sky130_fd_sc_hd__clkdlybuf4s25_1)
                                                         net141 (net)
                      0.552934    0.001942   23.971256 v _1078_/A (sky130_fd_sc_hd__and2_2)
     1    0.004224    0.076257    0.597371   24.568626 v _1078_/X (sky130_fd_sc_hd__and2_2)
                                                         _0107_ (net)
                      0.076257    0.000306   24.568932 v fanout80/A (sky130_fd_sc_hd__clkdlybuf4s25_1)
     4    0.044034    0.590106    0.860084   25.429016 v fanout80/X (sky130_fd_sc_hd__clkdlybuf4s25_1)
                                                         net80 (net)
                      0.590106    0.001169   25.430185 v fanout79/A (sky130_fd_sc_hd__clkdlybuf4s25_1)
     5    0.031789    0.434023    0.938883   26.369068 v fanout79/X (sky130_fd_sc_hd__clkdlybuf4s25_1)
                                                         net79 (net)
                      0.434023    0.001515   26.370583 v fanout78/A (sky130_fd_sc_hd__clkdlybuf4s25_1)
     8    0.037302    0.502794    0.938570   27.309153 v fanout78/X (sky130_fd_sc_hd__clkdlybuf4s25_1)
                                                         net78 (net)
                      0.502794    0.000465   27.309618 v _1093_/A2 (sky130_fd_sc_hd__a22o_2)
     1    0.001714    0.059974    0.631561   27.941179 v _1093_/X (sky130_fd_sc_hd__a22o_2)
                                                         _0081_ (net)
                      0.059975    0.000121   27.941299 v hold226/A (sky130_fd_sc_hd__dlygate4sd3_1)
     1    0.002452    0.103015    1.113184   29.054483 v hold226/X (sky130_fd_sc_hd__dlygate4sd3_1)
                                                         net226 (net)
                      0.103015    0.000158   29.054642 v _1235_/D (sky130_fd_sc_hd__dfxtp_2)
                                             29.054642   data arrival time

                                 25.000000   25.000000   clock clk (rise edge)
                                  4.650000   29.650000   clock source latency
     2    0.034401    0.610000    0.000000   29.650000 ^ wb_clk_i (in)
                                                         wb_clk_i (net)
                      0.618260    0.004130   29.654129 ^ clkbuf_0_wb_clk_i/A (sky130_fd_sc_hd__clkbuf_16)
     2    0.014971    0.069396    0.444984   30.099113 ^ clkbuf_0_wb_clk_i/X (sky130_fd_sc_hd__clkbuf_16)
                                                         clknet_0_wb_clk_i (net)
                      0.069396    0.000792   30.099905 ^ clkbuf_1_0_0_wb_clk_i/A (sky130_fd_sc_hd__clkbuf_8)
     2    0.019637    0.082597    0.233840   30.333746 ^ clkbuf_1_0_0_wb_clk_i/X (sky130_fd_sc_hd__clkbuf_8)
                                                         clknet_1_0_0_wb_clk_i (net)
                      0.082637    0.001638   30.335382 ^ clkbuf_2_0_0_wb_clk_i/A (sky130_fd_sc_hd__clkbuf_8)
     2    0.019877    0.083080    0.240441   30.575823 ^ clkbuf_2_0_0_wb_clk_i/X (sky130_fd_sc_hd__clkbuf_8)
                                                         clknet_2_0_0_wb_clk_i (net)
                      0.083103    0.001322   30.577145 ^ clkbuf_3_1_0_wb_clk_i/A (sky130_fd_sc_hd__clkbuf_8)
     2    0.009943    0.061266    0.218563   30.795708 ^ clkbuf_3_1_0_wb_clk_i/X (sky130_fd_sc_hd__clkbuf_8)
                                                         clknet_3_1_0_wb_clk_i (net)
                      0.061266    0.000423   30.796131 ^ clkbuf_4_3_0_wb_clk_i/A (sky130_fd_sc_hd__clkbuf_8)
     7    0.025707    0.097131    0.244498   31.040628 ^ clkbuf_4_3_0_wb_clk_i/X (sky130_fd_sc_hd__clkbuf_8)
                                                         clknet_4_3_0_wb_clk_i (net)
                      0.097137    0.000824   31.041452 ^ _1235_/CLK (sky130_fd_sc_hd__dfxtp_2)
                                 -0.250000   30.791452   clock uncertainty
                                  0.000000   30.791452   clock reconvergence pessimism
                                 -0.280755   30.510698   library setup time
                                             30.510698   data required time
---------------------------------------------------------------------------------------------
                                             30.510698   data required time
                                            -29.054642   data arrival time
---------------------------------------------------------------------------------------------
                                              1.456057   slack (MET)


Startpoint: wb_rst_i (input port clocked by clk)
Endpoint: _1233_ (rising edge-triggered flip-flop clocked by clk)
Path Group: clk
Path Type: max

Fanout         Cap        Slew       Delay        Time   Description
---------------------------------------------------------------------------------------------
                                  0.000000    0.000000   clock clk (rise edge)
                                  5.570000    5.570000   clock network delay (propagated)
                                 12.500000   18.070000 ^ input external delay
     2    0.005929    0.000000    0.000000   18.070000 ^ wb_rst_i (in)
                                                         wb_rst_i (net)
                      0.000317    0.000158   18.070158 ^ input1/A (sky130_fd_sc_hd__clkdlybuf4s25_1)
     3    0.040483    0.650669    0.847979   18.918137 ^ input1/X (sky130_fd_sc_hd__clkdlybuf4s25_1)
                                                         net1 (net)
                      0.650708    0.005494   18.923632 ^ fanout162/A (sky130_fd_sc_hd__clkdlybuf4s25_1)
     5    0.049423    0.791110    1.195533   20.119164 ^ fanout162/X (sky130_fd_sc_hd__clkdlybuf4s25_1)
                                                         net162 (net)
                      0.791110    0.002467   20.121632 ^ fanout156/A (sky130_fd_sc_hd__clkdlybuf4s25_1)
     4    0.031974    0.518388    1.035529   21.157160 ^ fanout156/X (sky130_fd_sc_hd__clkdlybuf4s25_1)
                                                         net156 (net)
                      0.518402    0.003356   21.160515 ^ _0594_/A (sky130_fd_sc_hd__inv_2)
     1    0.004646    0.097168    0.173745   21.334261 v _0594_/Y (sky130_fd_sc_hd__inv_2)
                                                         _0131_ (net)
                      0.097168    0.000302   21.334562 v fanout149/A (sky130_fd_sc_hd__clkdlybuf4s25_1)
     4    0.032879    0.446633    0.765905   22.100468 v fanout149/X (sky130_fd_sc_hd__clkdlybuf4s25_1)
                                                         net149 (net)
                      0.446637    0.002078   22.102547 v fanout144/A (sky130_fd_sc_hd__clkdlybuf4s25_1)
     4    0.032039    0.436849    0.891660   22.994205 v fanout144/X (sky130_fd_sc_hd__clkdlybuf4s25_1)
                                                         net144 (net)
                      0.436849    0.000952   22.995159 v fanout141/A (sky130_fd_sc_hd__clkdlybuf4s25_1)
     8    0.041121    0.552933    0.974156   23.969315 v fanout141/X (sky130_fd_sc_hd__clkdlybuf4s25_1)
                                                         net141 (net)
                      0.552934    0.001942   23.971256 v _1078_/A (sky130_fd_sc_hd__and2_2)
     1    0.004224    0.076257    0.597371   24.568626 v _1078_/X (sky130_fd_sc_hd__and2_2)
                                                         _0107_ (net)
                      0.076257    0.000306   24.568932 v fanout80/A (sky130_fd_sc_hd__clkdlybuf4s25_1)
     4    0.044034    0.590106    0.860084   25.429016 v fanout80/X (sky130_fd_sc_hd__clkdlybuf4s25_1)
                                                         net80 (net)
                      0.590106    0.001169   25.430185 v fanout79/A (sky130_fd_sc_hd__clkdlybuf4s25_1)
     5    0.031789    0.434023    0.938883   26.369068 v fanout79/X (sky130_fd_sc_hd__clkdlybuf4s25_1)
                                                         net79 (net)
                      0.434023    0.001515   26.370583 v fanout78/A (sky130_fd_sc_hd__clkdlybuf4s25_1)
     8    0.037302    0.502794    0.938570   27.309153 v fanout78/X (sky130_fd_sc_hd__clkdlybuf4s25_1)
                                                         net78 (net)
                      0.502799    0.002315   27.311468 v _1080_/A (sky130_fd_sc_hd__or2_2)
     1    0.001860    0.105143    0.822046   28.133514 v _1080_/X (sky130_fd_sc_hd__or2_2)
                                                         _0079_ (net)
                      0.105143    0.000131   28.133646 v _1233_/D (sky130_fd_sc_hd__dfxtp_2)
                                             28.133646   data arrival time

                                 25.000000   25.000000   clock clk (rise edge)
                                  4.650000   29.650000   clock source latency
     2    0.034401    0.610000    0.000000   29.650000 ^ wb_clk_i (in)
                                                         wb_clk_i (net)
                      0.618260    0.004130   29.654129 ^ clkbuf_0_wb_clk_i/A (sky130_fd_sc_hd__clkbuf_16)
     2    0.014971    0.069396    0.444984   30.099113 ^ clkbuf_0_wb_clk_i/X (sky130_fd_sc_hd__clkbuf_16)
                                                         clknet_0_wb_clk_i (net)
                      0.069396    0.000792   30.099905 ^ clkbuf_1_0_0_wb_clk_i/A (sky130_fd_sc_hd__clkbuf_8)
     2    0.019637    0.082597    0.233840   30.333746 ^ clkbuf_1_0_0_wb_clk_i/X (sky130_fd_sc_hd__clkbuf_8)
                                                         clknet_1_0_0_wb_clk_i (net)
                      0.082637    0.001638   30.335382 ^ clkbuf_2_0_0_wb_clk_i/A (sky130_fd_sc_hd__clkbuf_8)
     2    0.019877    0.083080    0.240441   30.575823 ^ clkbuf_2_0_0_wb_clk_i/X (sky130_fd_sc_hd__clkbuf_8)
                                                         clknet_2_0_0_wb_clk_i (net)
                      0.083103    0.001322   30.577145 ^ clkbuf_3_1_0_wb_clk_i/A (sky130_fd_sc_hd__clkbuf_8)
     2    0.009943    0.061266    0.218563   30.795708 ^ clkbuf_3_1_0_wb_clk_i/X (sky130_fd_sc_hd__clkbuf_8)
                                                         clknet_3_1_0_wb_clk_i (net)
                      0.061266    0.000213   30.795921 ^ clkbuf_4_2_0_wb_clk_i/A (sky130_fd_sc_hd__clkbuf_8)
     7    0.025940    0.097699    0.244583   31.040504 ^ clkbuf_4_2_0_wb_clk_i/X (sky130_fd_sc_hd__clkbuf_8)
                                                         clknet_4_2_0_wb_clk_i (net)
                      0.097717    0.001325   31.041830 ^ _1233_/CLK (sky130_fd_sc_hd__dfxtp_2)
                                 -0.250000   30.791828   clock uncertainty
                                  0.000000   30.791828   clock reconvergence pessimism
                                 -0.281481   30.510347   library setup time
                                             30.510347   data required time
---------------------------------------------------------------------------------------------
                                             30.510347   data required time
                                            -28.133646   data arrival time
---------------------------------------------------------------------------------------------
                                              2.376702   slack (MET)


Startpoint: wb_rst_i (input port clocked by clk)
Endpoint: _1236_ (rising edge-triggered flip-flop clocked by clk)
Path Group: clk
Path Type: max

Fanout         Cap        Slew       Delay        Time   Description
---------------------------------------------------------------------------------------------
                                  0.000000    0.000000   clock clk (rise edge)
                                  5.570000    5.570000   clock network delay (propagated)
                                 12.500000   18.070000 ^ input external delay
     2    0.005929    0.000000    0.000000   18.070000 ^ wb_rst_i (in)
                                                         wb_rst_i (net)
                      0.000317    0.000158   18.070158 ^ input1/A (sky130_fd_sc_hd__clkdlybuf4s25_1)
     3    0.040483    0.650669    0.847979   18.918137 ^ input1/X (sky130_fd_sc_hd__clkdlybuf4s25_1)
                                                         net1 (net)
                      0.650708    0.005494   18.923632 ^ fanout162/A (sky130_fd_sc_hd__clkdlybuf4s25_1)
     5    0.049423    0.791110    1.195533   20.119164 ^ fanout162/X (sky130_fd_sc_hd__clkdlybuf4s25_1)
                                                         net162 (net)
                      0.791110    0.002467   20.121632 ^ fanout156/A (sky130_fd_sc_hd__clkdlybuf4s25_1)
     4    0.031974    0.518388    1.035529   21.157160 ^ fanout156/X (sky130_fd_sc_hd__clkdlybuf4s25_1)
                                                         net156 (net)
                      0.518402    0.003356   21.160515 ^ _0594_/A (sky130_fd_sc_hd__inv_2)
     1    0.004646    0.097168    0.173745   21.334261 v _0594_/Y (sky130_fd_sc_hd__inv_2)
                                                         _0131_ (net)
                      0.097168    0.000302   21.334562 v fanout149/A (sky130_fd_sc_hd__clkdlybuf4s25_1)
     4    0.032879    0.446633    0.765905   22.100468 v fanout149/X (sky130_fd_sc_hd__clkdlybuf4s25_1)
                                                         net149 (net)
                      0.446637    0.002078   22.102547 v fanout144/A (sky130_fd_sc_hd__clkdlybuf4s25_1)
     4    0.032039    0.436849    0.891660   22.994205 v fanout144/X (sky130_fd_sc_hd__clkdlybuf4s25_1)
                                                         net144 (net)
                      0.436849    0.000952   22.995159 v fanout141/A (sky130_fd_sc_hd__clkdlybuf4s25_1)
     8    0.041121    0.552933    0.974156   23.969315 v fanout141/X (sky130_fd_sc_hd__clkdlybuf4s25_1)
                                                         net141 (net)
                      0.552934    0.001942   23.971256 v _1078_/A (sky130_fd_sc_hd__and2_2)
     1    0.004224    0.076257    0.597371   24.568626 v _1078_/X (sky130_fd_sc_hd__and2_2)
                                                         _0107_ (net)
                      0.076257    0.000306   24.568932 v fanout80/A (sky130_fd_sc_hd__clkdlybuf4s25_1)
     4    0.044034    0.590106    0.860084   25.429016 v fanout80/X (sky130_fd_sc_hd__clkdlybuf4s25_1)
                                                         net80 (net)
                      0.590106    0.001169   25.430185 v fanout79/A (sky130_fd_sc_hd__clkdlybuf4s25_1)
     5    0.031789    0.434023    0.938883   26.369068 v fanout79/X (sky130_fd_sc_hd__clkdlybuf4s25_1)
                                                         net79 (net)
                      0.434023    0.001515   26.370583 v fanout78/A (sky130_fd_sc_hd__clkdlybuf4s25_1)
     8    0.037302    0.502794    0.938570   27.309153 v fanout78/X (sky130_fd_sc_hd__clkdlybuf4s25_1)
                                                         net78 (net)
                      0.502794    0.000474   27.309628 v _1100_/B2 (sky130_fd_sc_hd__a22o_2)
     1    0.002625    0.064823    0.579695   27.889322 v _1100_/X (sky130_fd_sc_hd__a22o_2)
                                                         _0082_ (net)
                      0.064823    0.000185   27.889507 v _1236_/D (sky130_fd_sc_hd__dfxtp_2)
                                             27.889507   data arrival time

                                 25.000000   25.000000   clock clk (rise edge)
                                  4.650000   29.650000   clock source latency
     2    0.034401    0.610000    0.000000   29.650000 ^ wb_clk_i (in)
                                                         wb_clk_i (net)
                      0.618260    0.004130   29.654129 ^ clkbuf_0_wb_clk_i/A (sky130_fd_sc_hd__clkbuf_16)
     2    0.014971    0.069396    0.444984   30.099113 ^ clkbuf_0_wb_clk_i/X (sky130_fd_sc_hd__clkbuf_16)
                                                         clknet_0_wb_clk_i (net)
                      0.069396    0.000771   30.099884 ^ clkbuf_1_1_0_wb_clk_i/A (sky130_fd_sc_hd__clkbuf_8)
     2    0.020174    0.083860    0.235012   30.334896 ^ clkbuf_1_1_0_wb_clk_i/X (sky130_fd_sc_hd__clkbuf_8)
                                                         clknet_1_1_0_wb_clk_i (net)
                      0.083914    0.001890   30.336786 ^ clkbuf_2_2_0_wb_clk_i/A (sky130_fd_sc_hd__clkbuf_8)
     2    0.017058    0.076588    0.234881   30.571667 ^ clkbuf_2_2_0_wb_clk_i/X (sky130_fd_sc_hd__clkbuf_8)
                                                         clknet_2_2_0_wb_clk_i (net)
                      0.076602    0.000952   30.572618 ^ clkbuf_3_4_0_wb_clk_i/A (sky130_fd_sc_hd__clkbuf_8)
     2    0.009586    0.060517    0.214783   30.787401 ^ clkbuf_3_4_0_wb_clk_i/X (sky130_fd_sc_hd__clkbuf_8)
                                                         clknet_3_4_0_wb_clk_i (net)
                      0.060517    0.000231   30.787632 ^ clkbuf_4_9_0_wb_clk_i/A (sky130_fd_sc_hd__clkbuf_8)
     7    0.029799    0.107252    0.252800   31.040434 ^ clkbuf_4_9_0_wb_clk_i/X (sky130_fd_sc_hd__clkbuf_8)
                                                         clknet_4_9_0_wb_clk_i (net)
                      0.107283    0.001766   31.042198 ^ _1236_/CLK (sky130_fd_sc_hd__dfxtp_2)
                                 -0.250000   30.792198   clock uncertainty
                                  0.000000   30.792198   clock reconvergence pessimism
                                 -0.262138   30.530062   library setup time
                                             30.530062   data required time
---------------------------------------------------------------------------------------------
                                             30.530062   data required time
                                            -27.889507   data arrival time
---------------------------------------------------------------------------------------------
                                              2.640554   slack (MET)


Startpoint: wb_rst_i (input port clocked by clk)
Endpoint: _1248_ (rising edge-triggered flip-flop clocked by clk)
Path Group: clk
Path Type: max

Fanout         Cap        Slew       Delay        Time   Description
---------------------------------------------------------------------------------------------
                                  0.000000    0.000000   clock clk (rise edge)
                                  5.570000    5.570000   clock network delay (propagated)
                                 12.500000   18.070000 ^ input external delay
     2    0.005929    0.000000    0.000000   18.070000 ^ wb_rst_i (in)
                                                         wb_rst_i (net)
                      0.000317    0.000158   18.070158 ^ input1/A (sky130_fd_sc_hd__clkdlybuf4s25_1)
     3    0.040483    0.650669    0.847979   18.918137 ^ input1/X (sky130_fd_sc_hd__clkdlybuf4s25_1)
                                                         net1 (net)
                      0.650708    0.005494   18.923632 ^ fanout162/A (sky130_fd_sc_hd__clkdlybuf4s25_1)
     5    0.049423    0.791110    1.195533   20.119164 ^ fanout162/X (sky130_fd_sc_hd__clkdlybuf4s25_1)
                                                         net162 (net)
                      0.791110    0.002467   20.121632 ^ fanout156/A (sky130_fd_sc_hd__clkdlybuf4s25_1)
     4    0.031974    0.518388    1.035529   21.157160 ^ fanout156/X (sky130_fd_sc_hd__clkdlybuf4s25_1)
                                                         net156 (net)
                      0.518402    0.003356   21.160515 ^ _0594_/A (sky130_fd_sc_hd__inv_2)
     1    0.004646    0.097168    0.173745   21.334261 v _0594_/Y (sky130_fd_sc_hd__inv_2)
                                                         _0131_ (net)
                      0.097168    0.000302   21.334562 v fanout149/A (sky130_fd_sc_hd__clkdlybuf4s25_1)
     4    0.032879    0.446633    0.765905   22.100468 v fanout149/X (sky130_fd_sc_hd__clkdlybuf4s25_1)
                                                         net149 (net)
                      0.446637    0.002078   22.102547 v fanout144/A (sky130_fd_sc_hd__clkdlybuf4s25_1)
     4    0.032039    0.436849    0.891660   22.994205 v fanout144/X (sky130_fd_sc_hd__clkdlybuf4s25_1)
                                                         net144 (net)
                      0.436849    0.000952   22.995159 v fanout141/A (sky130_fd_sc_hd__clkdlybuf4s25_1)
     8    0.041121    0.552933    0.974156   23.969315 v fanout141/X (sky130_fd_sc_hd__clkdlybuf4s25_1)
                                                         net141 (net)
                      0.552934    0.001942   23.971256 v _1078_/A (sky130_fd_sc_hd__and2_2)
     1    0.004224    0.076257    0.597371   24.568626 v _1078_/X (sky130_fd_sc_hd__and2_2)
                                                         _0107_ (net)
                      0.076257    0.000306   24.568932 v fanout80/A (sky130_fd_sc_hd__clkdlybuf4s25_1)
     4    0.044034    0.590106    0.860084   25.429016 v fanout80/X (sky130_fd_sc_hd__clkdlybuf4s25_1)
                                                         net80 (net)
                      0.590106    0.001169   25.430185 v fanout79/A (sky130_fd_sc_hd__clkdlybuf4s25_1)
     5    0.031789    0.434023    0.938883   26.369068 v fanout79/X (sky130_fd_sc_hd__clkdlybuf4s25_1)
                                                         net79 (net)
                      0.434023    0.001515   26.370583 v fanout78/A (sky130_fd_sc_hd__clkdlybuf4s25_1)
     8    0.037302    0.502794    0.938570   27.309153 v fanout78/X (sky130_fd_sc_hd__clkdlybuf4s25_1)
                                                         net78 (net)
