145. Printing statistics.

=== prec_tern ===

        +----------Local Count, excluding submodules.
        |        +-Local Area, excluding submodules.
        |        | 
      159        - wires
      173        - wire bits
       36        - public wires
       50        - public wire bits
       10        - ports
       24        - port bits
      160 1.82E+03 cells
        6   60.058   sky130_fd_sc_hd__a211o_2
        2   25.024   sky130_fd_sc_hd__a211oi_2
        1    10.01   sky130_fd_sc_hd__a21bo_2
        1   11.261   sky130_fd_sc_hd__a21boi_2
       12  105.101   sky130_fd_sc_hd__a21o_2
        6    52.55   sky130_fd_sc_hd__a21oi_2
        1   11.261   sky130_fd_sc_hd__a221o_2
        2   20.019   sky130_fd_sc_hd__a22o_2
        4   35.034   sky130_fd_sc_hd__a31o_2
        1   12.512   sky130_fd_sc_hd__a31oi_2
        2   22.522   sky130_fd_sc_hd__a41o_2
       20  150.144   sky130_fd_sc_hd__and2_2
        2   17.517   sky130_fd_sc_hd__and2b_2
        1    7.507   sky130_fd_sc_hd__and3_2
        2   20.019   sky130_fd_sc_hd__and4_2
       28  595.571   sky130_fd_sc_hd__dfxtp_2
        6   22.522   sky130_fd_sc_hd__inv_2
        3   33.782   sky130_fd_sc_hd__mux2_1
        8   50.048   sky130_fd_sc_hd__nand2_2
        2   17.517   sky130_fd_sc_hd__nand2b_2
        1    10.01   sky130_fd_sc_hd__nand3_2
       12   75.072   sky130_fd_sc_hd__nor2_2
        1   12.512   sky130_fd_sc_hd__nor4_2
        1    10.01   sky130_fd_sc_hd__o211a_2
        7   61.309   sky130_fd_sc_hd__o21a_2
        1    8.758   sky130_fd_sc_hd__o21ai_2
        1    10.01   sky130_fd_sc_hd__o21ba_2
        1   15.014   sky130_fd_sc_hd__o221ai_2
        1   11.261   sky130_fd_sc_hd__o2bb2a_2
        1    10.01   sky130_fd_sc_hd__o31a_2
        4   25.024   sky130_fd_sc_hd__or2_2
        1    7.507   sky130_fd_sc_hd__or3_2
        1    8.758   sky130_fd_sc_hd__or4_2
       11  178.922   sky130_fd_sc_hd__xnor2_2
        6   97.594   sky130_fd_sc_hd__xor2_2

   Chip area for module '\prec_tern': 1821.747200
     of which used for sequential elements: 595.571200 (32.69%)

