                                                                        Cells by Master                                                                         
┏━━━━━━━━━━━━━━━━━━━━━━━━━━━━━━━━━━━━━━━━━━━━━━━━━━━━━━━━━━━━━━━━━━━━━━━━━━━━━━━━━━━━━━━━━━━━━━━━━━━━━━━━━━━━━━━━━━━━━━━━━━━━━━━━━━━┳━━━━━━━━━━━━━━━━━━━━━━━━━━┓
┃ Cell                                                                                                                              ┃ Count                    ┃
┡━━━━━━━━━━━━━━━━━━━━━━━━━━━━━━━━━━━━━━━━━━━━━━━━━━━━━━━━━━━━━━━━━━━━━━━━━━━━━━━━━━━━━━━━━━━━━━━━━━━━━━━━━━━━━━━━━━━━━━━━━━━━━━━━━━━╇━━━━━━━━━━━━━━━━━━━━━━━━━━┩
│ sky130_fd_sc_hd__a2111o_2                                                                                                         │ 1                        │
│ sky130_fd_sc_hd__a211o_2                                                                                                          │ 2                        │
│ sky130_fd_sc_hd__a21boi_2                                                                                                         │ 1                        │
│ sky130_fd_sc_hd__a21o_2                                                                                                           │ 5                        │
│ sky130_fd_sc_hd__a21oi_2                                                                                                          │ 8                        │
│ sky130_fd_sc_hd__a221o_2                                                                                                          │ 2                        │
│ sky130_fd_sc_hd__a22o_2                                                                                                           │ 2                        │
│ sky130_fd_sc_hd__a32o_2                                                                                                           │ 8                        │
│ sky130_fd_sc_hd__and2_2                                                                                                           │ 15                       │
│ sky130_fd_sc_hd__and2b_2                                                                                                          │ 2                        │
│ sky130_fd_sc_hd__and3_2                                                                                                           │ 5                        │
│ sky130_fd_sc_hd__and3b_2                                                                                                          │ 1                        │
│ sky130_fd_sc_hd__buf_1                                                                                                            │ 15                       │
│ sky130_fd_sc_hd__buf_2                                                                                                            │ 3                        │
│ sky130_fd_sc_hd__clkbuf_1                                                                                                         │ 1                        │
│ sky130_fd_sc_hd__clkbuf_16                                                                                                        │ 5                        │
│ sky130_fd_sc_hd__clkbuf_2                                                                                                         │ 3                        │
│ sky130_fd_sc_hd__clkbuf_4                                                                                                         │ 6                        │
│ sky130_fd_sc_hd__clkdlybuf4s25_1                                                                                                  │ 18                       │
│ sky130_fd_sc_hd__conb_1                                                                                                           │ 5                        │
│ sky130_fd_sc_hd__decap_3                                                                                                          │ 358                      │
│ sky130_fd_sc_hd__dfxtp_2                                                                                                          │ 24                       │
│ sky130_fd_sc_hd__diode_2                                                                                                          │ 13                       │
│ sky130_fd_sc_hd__dlygate4sd3_1                                                                                                    │ 8                        │
│ sky130_fd_sc_hd__fill_1                                                                                                           │ 63                       │
│ sky130_fd_sc_hd__fill_2                                                                                                           │ 53                       │
│ sky130_fd_sc_hd__inv_2                                                                                                            │ 7                        │
│ sky130_fd_sc_hd__mux2_1                                                                                                           │ 5                        │
│ sky130_fd_sc_hd__nand2_2                                                                                                          │ 13                       │
│ sky130_fd_sc_hd__nand2b_2                                                                                                         │ 1                        │
│ sky130_fd_sc_hd__nand3b_2                                                                                                         │ 1                        │
│ sky130_fd_sc_hd__nor2_2                                                                                                           │ 12                       │
│ sky130_fd_sc_hd__nor3_2                                                                                                           │ 1                        │
│ sky130_fd_sc_hd__nor3b_2                                                                                                          │ 1                        │
│ sky130_fd_sc_hd__nor4_4                                                                                                           │ 1                        │
│ sky130_fd_sc_hd__o211a_2                                                                                                          │ 4                        │
│ sky130_fd_sc_hd__o211ai_2                                                                                                         │ 1                        │
│ sky130_fd_sc_hd__o21a_2                                                                                                           │ 8                        │
│ sky130_fd_sc_hd__o21ai_2                                                                                                          │ 9                        │
│ sky130_fd_sc_hd__o221a_2                                                                                                          │ 1                        │
│ sky130_fd_sc_hd__o22a_2                                                                                                           │ 1                        │
│ sky130_fd_sc_hd__o31a_2                                                                                                           │ 3                        │
│ sky130_fd_sc_hd__o32a_2                                                                                                           │ 1                        │
│ sky130_fd_sc_hd__o41a_2                                                                                                           │ 1                        │
│ sky130_fd_sc_hd__or2_2                                                                                                            │ 2                        │
│ sky130_fd_sc_hd__or3_2                                                                                                            │ 5                        │
│ sky130_fd_sc_hd__or3b_2                                                                                                           │ 3                        │
│ sky130_fd_sc_hd__or4_2                                                                                                            │ 2                        │
│ sky130_fd_sc_hd__tapvpwrvgnd_1                                                                                                    │ 57                       │
│ sky130_fd_sc_hd__xnor2_2                                                                                                          │ 3                        │
│ sky130_fd_sc_hd__xor2_2                                                                                                           │ 1                        │
└───────────────────────────────────────────────────────────────────────────────────────────────────────────────────────────────────┴──────────────────────────┘
