+ analyze_power_grid -net vccd1 -voltage_file ~/raja/open-ai-chip/designs/vision_block/runs/RUN_2026-10-05_18-15-29/58-openroad-irdropreport/net-vccd1.csv
[INFO PSM-0040] All shapes on net vccd1 are connected.
########## IR report #################
Net              : vccd1
Corner           : nom_tt_025C_1v80
Total power      : 1.08e-04 W
Supply voltage   : 1.80e+00 V
Worstcase voltage: 1.80e+00 V
Average voltage  : 1.80e+00 V
Average IR drop  : 2.92e-05 V
Worstcase IR drop: 9.43e-05 V
Percentage drop  : 0.01 %
######################################
+ analyze_power_grid -net vssd1 -voltage_file ~/raja/open-ai-chip/designs/vision_block/runs/RUN_2026-10-05_18-15-29/58-openroad-irdropreport/net-vssd1.csv
[INFO PSM-0040] All shapes on net vssd1 are connected.
########## IR report #################
Net              : vssd1
Corner           : nom_tt_025C_1v80
Total power      : 1.08e-04 W
Supply voltage   : 0.00e+00 V
Worstcase voltage: 9.12e-05 V
Average voltage  : 2.54e-05 V
Average IR drop  : 2.54e-05 V
Worstcase IR drop: 9.12e-05 V
Percentage drop  : 0.01 %
######################################
