137. Printing statistics.

=== vision_block ===

        +----------Local Count, excluding submodules.
        |        +-Local Area, excluding submodules.
        |        | 
      167        - wires
      181        - wire bits
       32        - public wires
       46        - public wire bits
       10        - ports
       24        - port bits
      168 1.73E+03 cells
        1   12.512   sky130_fd_sc_hd__a2111o_2
        2   20.019   sky130_fd_sc_hd__a211o_2
        1   11.261   sky130_fd_sc_hd__a21boi_2
        5   43.792   sky130_fd_sc_hd__a21o_2
        8   70.067   sky130_fd_sc_hd__a21oi_2
        2   22.522   sky130_fd_sc_hd__a221o_2
        2   20.019   sky130_fd_sc_hd__a22o_2
        8   90.086   sky130_fd_sc_hd__a32o_2
       15  112.608   sky130_fd_sc_hd__and2_2
        2   17.517   sky130_fd_sc_hd__and2b_2
        5   37.536   sky130_fd_sc_hd__and3_2
        1    10.01   sky130_fd_sc_hd__and3b_2
        5   18.768   sky130_fd_sc_hd__conb_1
       24   510.49   sky130_fd_sc_hd__dfxtp_2
        7   26.275   sky130_fd_sc_hd__inv_2
        5   56.304   sky130_fd_sc_hd__mux2_1
       13   81.328   sky130_fd_sc_hd__nand2_2
        1    8.758   sky130_fd_sc_hd__nand2b_2
        1   11.261   sky130_fd_sc_hd__nand3b_2
       12   75.072   sky130_fd_sc_hd__nor2_2
        1    10.01   sky130_fd_sc_hd__nor3_2
        1   12.512   sky130_fd_sc_hd__nor3b_2
        1   12.512   sky130_fd_sc_hd__nor4_2
        4   40.038   sky130_fd_sc_hd__o211a_2
        1   12.512   sky130_fd_sc_hd__o211ai_2
        8   70.067   sky130_fd_sc_hd__o21a_2
        9   78.826   sky130_fd_sc_hd__o21ai_2
        1   11.261   sky130_fd_sc_hd__o221a_2
        1    10.01   sky130_fd_sc_hd__o22a_2
        3   30.029   sky130_fd_sc_hd__o31a_2
        1   11.261   sky130_fd_sc_hd__o32a_2
        1   12.512   sky130_fd_sc_hd__o41a_2
        2   12.512   sky130_fd_sc_hd__or2_2
        5   37.536   sky130_fd_sc_hd__or3_2
        3   26.275   sky130_fd_sc_hd__or3b_2
        2   17.517   sky130_fd_sc_hd__or4_2
        3   48.797   sky130_fd_sc_hd__xnor2_2
        1   16.266   sky130_fd_sc_hd__xor2_2

   Chip area for module '\vision_block': 1726.656000
     of which used for sequential elements: 510.489600 (29.57%)

