
===========================================================================
report_checks -path_delay min (Hold)
============================================================================
======================= min_ff_n40C_1v95 Corner ===================================

Startpoint: _279_ (rising edge-triggered flip-flop clocked by clk)
Endpoint: _279_ (rising edge-triggered flip-flop clocked by clk)
Path Group: clk
Path Type: min

Fanout         Cap        Slew       Delay        Time   Description
---------------------------------------------------------------------------------------------
                                  0.000000    0.000000   clock clk (rise edge)
                                  0.000000    0.000000   clock source latency
     2    0.015298    0.056115    0.037956    0.037956 ^ clk (in)
                                                         clk (net)
                      0.056118    0.000000    0.037956 ^ clkbuf_0_clk/A (sky130_fd_sc_hd__clkbuf_16)
     4    0.038437    0.044142    0.103364    0.141321 ^ clkbuf_0_clk/X (sky130_fd_sc_hd__clkbuf_16)
                                                         clknet_0_clk (net)
                      0.044146    0.000399    0.141720 ^ clkbuf_2_0__f_clk/A (sky130_fd_sc_hd__clkbuf_16)
     6    0.019854    0.031108    0.088235    0.229955 ^ clkbuf_2_0__f_clk/X (sky130_fd_sc_hd__clkbuf_16)
                                                         clknet_2_0__leaf_clk (net)
                      0.031108    0.000060    0.230015 ^ _279_/CLK (sky130_fd_sc_hd__dfxtp_2)
     3    0.008851    0.041386    0.203953    0.433968 ^ _279_/Q (sky130_fd_sc_hd__dfxtp_2)
                                                         frame[1] (net)
                      0.041386    0.000051    0.434019 ^ _196_/B2 (sky130_fd_sc_hd__a32o_2)
     1    0.002396    0.023233    0.065309    0.499328 ^ _196_/X (sky130_fd_sc_hd__a32o_2)
                                                         _046_ (net)
                      0.023233    0.000025    0.499353 ^ _197_/B (sky130_fd_sc_hd__and2_2)
     1    0.002167    0.022830    0.074227    0.573580 ^ _197_/X (sky130_fd_sc_hd__and2_2)
                                                         _009_ (net)
                      0.022830    0.000020    0.573600 ^ _279_/D (sky130_fd_sc_hd__dfxtp_2)
                                              0.573600   data arrival time

                                  0.000000    0.000000   clock clk (rise edge)
                                  0.000000    0.000000   clock source latency
     2    0.015298    0.056115    0.037956    0.037956 ^ clk (in)
                                                         clk (net)
                      0.056118    0.000000    0.037956 ^ clkbuf_0_clk/A (sky130_fd_sc_hd__clkbuf_16)
     4    0.038437    0.044142    0.103364    0.141321 ^ clkbuf_0_clk/X (sky130_fd_sc_hd__clkbuf_16)
                                                         clknet_0_clk (net)
                      0.044146    0.000399    0.141720 ^ clkbuf_2_0__f_clk/A (sky130_fd_sc_hd__clkbuf_16)
     6    0.019854    0.031108    0.088235    0.229955 ^ clkbuf_2_0__f_clk/X (sky130_fd_sc_hd__clkbuf_16)
                                                         clknet_2_0__leaf_clk (net)
                      0.031108    0.000060    0.230015 ^ _279_/CLK (sky130_fd_sc_hd__dfxtp_2)
                                  0.250000    0.480015   clock uncertainty
                                  0.000000    0.480015   clock reconvergence pessimism
                                 -0.016719    0.463296   library hold time
                                              0.463296   data required time
---------------------------------------------------------------------------------------------
                                              0.463296   data required time
                                             -0.573600   data arrival time
---------------------------------------------------------------------------------------------
                                              0.110304   slack (MET)


Startpoint: _276_ (rising edge-triggered flip-flop clocked by clk)
Endpoint: _285_ (rising edge-triggered flip-flop clocked by clk)
Path Group: clk
Path Type: min

Fanout         Cap        Slew       Delay        Time   Description
---------------------------------------------------------------------------------------------
                                  0.000000    0.000000   clock clk (rise edge)
                                  0.000000    0.000000   clock source latency
     2    0.015298    0.056115    0.037956    0.037956 ^ clk (in)
                                                         clk (net)
                      0.056118    0.000000    0.037956 ^ clkbuf_0_clk/A (sky130_fd_sc_hd__clkbuf_16)
     4    0.038437    0.044142    0.103364    0.141321 ^ clkbuf_0_clk/X (sky130_fd_sc_hd__clkbuf_16)
                                                         clknet_0_clk (net)
                      0.044144    0.000297    0.141618 ^ clkbuf_2_2__f_clk/A (sky130_fd_sc_hd__clkbuf_16)
     6    0.019894    0.031133    0.088248    0.229866 ^ clkbuf_2_2__f_clk/X (sky130_fd_sc_hd__clkbuf_16)
                                                         clknet_2_2__leaf_clk (net)
                      0.031133    0.000241    0.230107 ^ _276_/CLK (sky130_fd_sc_hd__dfxtp_2)
     3    0.010780    0.029316    0.205932    0.436039 v _276_/Q (sky130_fd_sc_hd__dfxtp_2)
                                                         count[2] (net)
                      0.029316    0.000144    0.436183 v _208_/A (sky130_fd_sc_hd__nand2_2)
     2    0.005717    0.030647    0.039529    0.475712 ^ _208_/Y (sky130_fd_sc_hd__nand2_2)
                                                         _055_ (net)
                      0.030647    0.000046    0.475758 ^ _221_/A2 (sky130_fd_sc_hd__o21a_2)
     1    0.006036    0.030701    0.073365    0.549123 ^ _221_/X (sky130_fd_sc_hd__o21a_2)
                                                         _065_ (net)
                      0.030701    0.000076    0.549198 ^ _222_/B (sky130_fd_sc_hd__nor2_2)
     1    0.002286    0.011373    0.015670    0.564868 v _222_/Y (sky130_fd_sc_hd__nor2_2)
                                                         _015_ (net)
                      0.011373    0.000022    0.564890 v _285_/D (sky130_fd_sc_hd__dfxtp_2)
                                              0.564890   data arrival time

                                  0.000000    0.000000   clock clk (rise edge)
                                  0.000000    0.000000   clock source latency
     2    0.015298    0.056115    0.037956    0.037956 ^ clk (in)
                                                         clk (net)
                      0.056118    0.000000    0.037956 ^ clkbuf_0_clk/A (sky130_fd_sc_hd__clkbuf_16)
     4    0.038437    0.044142    0.103364    0.141321 ^ clkbuf_0_clk/X (sky130_fd_sc_hd__clkbuf_16)
                                                         clknet_0_clk (net)
                      0.044145    0.000365    0.141686 ^ clkbuf_2_1__f_clk/A (sky130_fd_sc_hd__clkbuf_16)
     6    0.021604    0.032263    0.089395    0.231081 ^ clkbuf_2_1__f_clk/X (sky130_fd_sc_hd__clkbuf_16)
                                                         clknet_2_1__leaf_clk (net)
                      0.032263    0.000190    0.231271 ^ _285_/CLK (sky130_fd_sc_hd__dfxtp_2)
                                  0.250000    0.481271   clock uncertainty
                                  0.000000    0.481271   clock reconvergence pessimism
                                 -0.028005    0.453266   library hold time
                                              0.453266   data required time
---------------------------------------------------------------------------------------------
                                              0.453266   data required time
                                             -0.564890   data arrival time
---------------------------------------------------------------------------------------------
                                              0.111624   slack (MET)


Startpoint: _280_ (rising edge-triggered flip-flop clocked by clk)
Endpoint: _280_ (rising edge-triggered flip-flop clocked by clk)
Path Group: clk
Path Type: min

Fanout         Cap        Slew       Delay        Time   Description
---------------------------------------------------------------------------------------------
                                  0.000000    0.000000   clock clk (rise edge)
                                  0.000000    0.000000   clock source latency
     2    0.015298    0.056115    0.037956    0.037956 ^ clk (in)
                                                         clk (net)
                      0.056118    0.000000    0.037956 ^ clkbuf_0_clk/A (sky130_fd_sc_hd__clkbuf_16)
     4    0.038437    0.044142    0.103364    0.141321 ^ clkbuf_0_clk/X (sky130_fd_sc_hd__clkbuf_16)
                                                         clknet_0_clk (net)
                      0.044146    0.000399    0.141720 ^ clkbuf_2_0__f_clk/A (sky130_fd_sc_hd__clkbuf_16)
     6    0.019854    0.031108    0.088235    0.229955 ^ clkbuf_2_0__f_clk/X (sky130_fd_sc_hd__clkbuf_16)
                                                         clknet_2_0__leaf_clk (net)
                      0.031108    0.000098    0.230053 ^ _280_/CLK (sky130_fd_sc_hd__dfxtp_2)
     2    0.009825    0.044728    0.206540    0.436592 ^ _280_/Q (sky130_fd_sc_hd__dfxtp_2)
                                                         frame[2] (net)
                      0.044728    0.000026    0.436618 ^ _200_/B2 (sky130_fd_sc_hd__a32o_2)
     1    0.002286    0.022801    0.065649    0.502267 ^ _200_/X (sky130_fd_sc_hd__a32o_2)
                                                         _049_ (net)
                      0.022801    0.000024    0.502291 ^ _201_/B (sky130_fd_sc_hd__and2_2)
     1    0.002124    0.022697    0.073968    0.576259 ^ _201_/X (sky130_fd_sc_hd__and2_2)
                                                         _010_ (net)
                      0.022697    0.000020    0.576279 ^ _280_/D (sky130_fd_sc_hd__dfxtp_2)
                                              0.576279   data arrival time

                                  0.000000    0.000000   clock clk (rise edge)
                                  0.000000    0.000000   clock source latency
     2    0.015298    0.056115    0.037956    0.037956 ^ clk (in)
                                                         clk (net)
                      0.056118    0.000000    0.037956 ^ clkbuf_0_clk/A (sky130_fd_sc_hd__clkbuf_16)
     4    0.038437    0.044142    0.103364    0.141321 ^ clkbuf_0_clk/X (sky130_fd_sc_hd__clkbuf_16)
                                                         clknet_0_clk (net)
                      0.044146    0.000399    0.141720 ^ clkbuf_2_0__f_clk/A (sky130_fd_sc_hd__clkbuf_16)
     6    0.019854    0.031108    0.088235    0.229955 ^ clkbuf_2_0__f_clk/X (sky130_fd_sc_hd__clkbuf_16)
                                                         clknet_2_0__leaf_clk (net)
                      0.031108    0.000098    0.230053 ^ _280_/CLK (sky130_fd_sc_hd__dfxtp_2)
                                  0.250000    0.480053   clock uncertainty
                                  0.000000    0.480053   clock reconvergence pessimism
                                 -0.016710    0.463343   library hold time
                                              0.463343   data required time
---------------------------------------------------------------------------------------------
                                              0.463343   data required time
                                             -0.576279   data arrival time
---------------------------------------------------------------------------------------------
                                              0.112936   slack (MET)


Startpoint: _284_ (rising edge-triggered flip-flop clocked by clk)
Endpoint: _284_ (rising edge-triggered flip-flop clocked by clk)
Path Group: clk
Path Type: min

Fanout         Cap        Slew       Delay        Time   Description
---------------------------------------------------------------------------------------------
                                  0.000000    0.000000   clock clk (rise edge)
                                  0.000000    0.000000   clock source latency
     2    0.015298    0.056115    0.037956    0.037956 ^ clk (in)
                                                         clk (net)
                      0.056118    0.000000    0.037956 ^ clkbuf_0_clk/A (sky130_fd_sc_hd__clkbuf_16)
     4    0.038437    0.044142    0.103364    0.141321 ^ clkbuf_0_clk/X (sky130_fd_sc_hd__clkbuf_16)
                                                         clknet_0_clk (net)
                      0.044146    0.000399    0.141720 ^ clkbuf_2_0__f_clk/A (sky130_fd_sc_hd__clkbuf_16)
     6    0.019854    0.031108    0.088235    0.229955 ^ clkbuf_2_0__f_clk/X (sky130_fd_sc_hd__clkbuf_16)
                                                         clknet_2_0__leaf_clk (net)
                      0.031108    0.000169    0.230123 ^ _284_/CLK (sky130_fd_sc_hd__dfxtp_2)
     2    0.009359    0.043132    0.205291    0.435414 ^ _284_/Q (sky130_fd_sc_hd__dfxtp_2)
                                                         frame[6] (net)
                      0.043132    0.000072    0.435486 ^ _217_/B2 (sky130_fd_sc_hd__a32o_2)
     1    0.002693    0.024339    0.066726    0.502212 ^ _217_/X (sky130_fd_sc_hd__a32o_2)
                                                         _062_ (net)
                      0.024339    0.000031    0.502243 ^ _218_/B (sky130_fd_sc_hd__and2_2)
     1    0.002224    0.023006    0.074699    0.576943 ^ _218_/X (sky130_fd_sc_hd__and2_2)
                                                         _014_ (net)
                      0.023006    0.000021    0.576963 ^ _284_/D (sky130_fd_sc_hd__dfxtp_2)
                                              0.576963   data arrival time

                                  0.000000    0.000000   clock clk (rise edge)
                                  0.000000    0.000000   clock source latency
     2    0.015298    0.056115    0.037956    0.037956 ^ clk (in)
                                                         clk (net)
                      0.056118    0.000000    0.037956 ^ clkbuf_0_clk/A (sky130_fd_sc_hd__clkbuf_16)
     4    0.038437    0.044142    0.103364    0.141321 ^ clkbuf_0_clk/X (sky130_fd_sc_hd__clkbuf_16)
                                                         clknet_0_clk (net)
                      0.044146    0.000399    0.141720 ^ clkbuf_2_0__f_clk/A (sky130_fd_sc_hd__clkbuf_16)
     6    0.019854    0.031108    0.088235    0.229955 ^ clkbuf_2_0__f_clk/X (sky130_fd_sc_hd__clkbuf_16)
                                                         clknet_2_0__leaf_clk (net)
                      0.031108    0.000169    0.230123 ^ _284_/CLK (sky130_fd_sc_hd__dfxtp_2)
                                  0.250000    0.480124   clock uncertainty
                                  0.000000    0.480124   clock reconvergence pessimism
                                 -0.016732    0.463392   library hold time
                                              0.463392   data required time
---------------------------------------------------------------------------------------------
                                              0.463392   data required time
                                             -0.576963   data arrival time
---------------------------------------------------------------------------------------------
                                              0.113571   slack (MET)


Startpoint: _276_ (rising edge-triggered flip-flop clocked by clk)
Endpoint: _282_ (rising edge-triggered flip-flop clocked by clk)
Path Group: clk
Path Type: min

Fanout         Cap        Slew       Delay        Time   Description
---------------------------------------------------------------------------------------------
                                  0.000000    0.000000   clock clk (rise edge)
                                  0.000000    0.000000   clock source latency
     2    0.015298    0.056115    0.037956    0.037956 ^ clk (in)
                                                         clk (net)
                      0.056118    0.000000    0.037956 ^ clkbuf_0_clk/A (sky130_fd_sc_hd__clkbuf_16)
     4    0.038437    0.044142    0.103364    0.141321 ^ clkbuf_0_clk/X (sky130_fd_sc_hd__clkbuf_16)
                                                         clknet_0_clk (net)
                      0.044144    0.000297    0.141618 ^ clkbuf_2_2__f_clk/A (sky130_fd_sc_hd__clkbuf_16)
     6    0.019894    0.031133    0.088248    0.229866 ^ clkbuf_2_2__f_clk/X (sky130_fd_sc_hd__clkbuf_16)
                                                         clknet_2_2__leaf_clk (net)
                      0.031133    0.000241    0.230107 ^ _276_/CLK (sky130_fd_sc_hd__dfxtp_2)
     3    0.010780    0.029316    0.205932    0.436039 v _276_/Q (sky130_fd_sc_hd__dfxtp_2)
                                                         count[2] (net)
                      0.029316    0.000144    0.436183 v _208_/A (sky130_fd_sc_hd__nand2_2)
     2    0.005717    0.030647    0.039529    0.475712 ^ _208_/Y (sky130_fd_sc_hd__nand2_2)
                                                         _055_ (net)
                      0.030647    0.000050    0.475762 ^ _209_/A3 (sky130_fd_sc_hd__o31a_2)
     1    0.005426    0.030429    0.076854    0.552616 ^ _209_/X (sky130_fd_sc_hd__o31a_2)
                                                         _056_ (net)
                      0.030429    0.000056    0.552673 ^ _210_/B (sky130_fd_sc_hd__nor2_2)
     1    0.002047    0.011057    0.015217    0.567890 v _210_/Y (sky130_fd_sc_hd__nor2_2)
                                                         _012_ (net)
                      0.011057    0.000018    0.567908 v _282_/D (sky130_fd_sc_hd__dfxtp_2)
                                              0.567908   data arrival time

                                  0.000000    0.000000   clock clk (rise edge)
                                  0.000000    0.000000   clock source latency
     2    0.015298    0.056115    0.037956    0.037956 ^ clk (in)
                                                         clk (net)
                      0.056118    0.000000    0.037956 ^ clkbuf_0_clk/A (sky130_fd_sc_hd__clkbuf_16)
     4    0.038437    0.044142    0.103364    0.141321 ^ clkbuf_0_clk/X (sky130_fd_sc_hd__clkbuf_16)
                                                         clknet_0_clk (net)
                      0.044145    0.000365    0.141686 ^ clkbuf_2_1__f_clk/A (sky130_fd_sc_hd__clkbuf_16)
     6    0.021604    0.032263    0.089395    0.231081 ^ clkbuf_2_1__f_clk/X (sky130_fd_sc_hd__clkbuf_16)
                                                         clknet_2_1__leaf_clk (net)
                      0.032263    0.000200    0.231281 ^ _282_/CLK (sky130_fd_sc_hd__dfxtp_2)
                                  0.250000    0.481281   clock uncertainty
                                  0.000000    0.481281   clock reconvergence pessimism
                                 -0.027899    0.453381   library hold time
                                              0.453381   data required time
---------------------------------------------------------------------------------------------
                                              0.453381   data required time
                                             -0.567908   data arrival time
---------------------------------------------------------------------------------------------
                                              0.114526   slack (MET)


Startpoint: _290_ (rising edge-triggered flip-flop clocked by clk)
Endpoint: _290_ (rising edge-triggered flip-flop clocked by clk)
Path Group: clk
Path Type: min

Fanout         Cap        Slew       Delay        Time   Description
---------------------------------------------------------------------------------------------
                                  0.000000    0.000000   clock clk (rise edge)
                                  0.000000    0.000000   clock source latency
     2    0.015298    0.056115    0.037956    0.037956 ^ clk (in)
                                                         clk (net)
                      0.056118    0.000000    0.037956 ^ clkbuf_0_clk/A (sky130_fd_sc_hd__clkbuf_16)
     4    0.038437    0.044142    0.103364    0.141321 ^ clkbuf_0_clk/X (sky130_fd_sc_hd__clkbuf_16)
                                                         clknet_0_clk (net)
                      0.044144    0.000314    0.141635 ^ clkbuf_2_3__f_clk/A (sky130_fd_sc_hd__clkbuf_16)
     6    0.018709    0.030348    0.087447    0.229082 ^ clkbuf_2_3__f_clk/X (sky130_fd_sc_hd__clkbuf_16)
                                                         clknet_2_3__leaf_clk (net)
                      0.030348    0.000154    0.229235 ^ _290_/CLK (sky130_fd_sc_hd__dfxtp_2)
     3    0.010054    0.045514    0.206945    0.436180 ^ _290_/Q (sky130_fd_sc_hd__dfxtp_2)
                                                         best[0] (net)
                      0.045514    0.000056    0.436236 ^ _263_/A (sky130_fd_sc_hd__and2_2)
     1    0.003273    0.026281    0.080409    0.516645 ^ _263_/X (sky130_fd_sc_hd__and2_2)
                                                         _102_ (net)
                      0.026281    0.000042    0.516687 ^ _264_/A1 (sky130_fd_sc_hd__mux2_1)
     1    0.002098    0.024777    0.067852    0.584539 ^ _264_/X (sky130_fd_sc_hd__mux2_1)
                                                         _020_ (net)
                      0.024777    0.000018    0.584557 ^ _290_/D (sky130_fd_sc_hd__dfxtp_2)
                                              0.584557   data arrival time

                                  0.000000    0.000000   clock clk (rise edge)
                                  0.000000    0.000000   clock source latency
     2    0.015298    0.056115    0.037956    0.037956 ^ clk (in)
                                                         clk (net)
