Starting…
Running 'Verilator.Lint' at 'designs/audio_onset/runs/RUN_2026-10-05_20-00-31/01-verilator-lint'…
Logging subprocess to [repr.filename]'designs/audio_onset/runs/RUN_2026-10-05_20-00-31/01-verilator-lint/verilator-lint.log'[/repr.filename]…
Running 'Checker.LintTimingConstructs' at 'designs/audio_onset/runs/RUN_2026-10-05_20-00-31/02-checker-linttimingconstructs'…
Check for Lint Timing Errors clear.
Running 'Checker.LintErrors' at 'designs/audio_onset/runs/RUN_2026-10-05_20-00-31/03-checker-linterrors'…
Check for Lint errors clear.
Running 'Checker.LintWarnings' at 'designs/audio_onset/runs/RUN_2026-10-05_20-00-31/04-checker-lintwarnings'…
446 Lint warnings found.
Running 'Yosys.JsonHeader' at 'designs/audio_onset/runs/RUN_2026-10-05_20-00-31/05-yosys-jsonheader'…
Logging subprocess to [repr.filename]'designs/audio_onset/runs/RUN_2026-10-05_20-00-31/05-yosys-jsonheader/yosys-jsonheader.log'[/repr.filename]…
Running 'Yosys.Synthesis' at 'designs/audio_onset/runs/RUN_2026-10-05_20-00-31/06-yosys-synthesis'…
Logging subprocess to [repr.filename]'designs/audio_onset/runs/RUN_2026-10-05_20-00-31/06-yosys-synthesis/yosys-synthesis.log'[/repr.filename]…
Parsing synthesis checks…
Running 'Checker.YosysUnmappedCells' at 'designs/audio_onset/runs/RUN_2026-10-05_20-00-31/07-checker-yosysunmappedcells'…
Check for Unmapped Yosys instances clear.
Running 'Checker.YosysSynthChecks' at 'designs/audio_onset/runs/RUN_2026-10-05_20-00-31/08-checker-yosyssynthchecks'…
Check for Yosys check errors clear.
Running 'Checker.NetlistAssignStatements' at 'designs/audio_onset/runs/RUN_2026-10-05_20-00-31/09-checker-netlistassignstatements'…
Running 'OpenROAD.CheckSDCFiles' at 'designs/audio_onset/runs/RUN_2026-10-05_20-00-31/10-openroad-checksdcfiles'…
'PNR_SDC_FILE' is not defined. Using generic fallback SDC for OpenROAD PnR steps.
'SIGNOFF_SDC_FILE' is not defined. Using generic fallback SDC for OpenROAD PnR steps.
Running 'OpenROAD.CheckMacroInstances' at 'designs/audio_onset/runs/RUN_2026-10-05_20-00-31/11-openroad-checkmacroinstances'…
No macros found, skipping instance check…
Running 'OpenROAD.STAPrePNR' at 'designs/audio_onset/runs/RUN_2026-10-05_20-00-31/12-openroad-staprepnr'…
Starting STA for the nom_tt_025C_1v80 timing corner…
Starting STA for the nom_ss_100C_1v60 timing corner…
Starting STA for the nom_ff_n40C_1v95 timing corner…
Skipping corner min_tt_025C_1v80 for STA (identical to nom_tt_025C_1v80 at this stage)…
Skipping corner min_ss_100C_1v60 for STA (identical to nom_ss_100C_1v60 at this stage)…
Skipping corner min_ff_n40C_1v95 for STA (identical to nom_ff_n40C_1v95 at this stage)…
Skipping corner max_tt_025C_1v80 for STA (identical to nom_tt_025C_1v80 at this stage)…
Logging subprocess to [repr.filename]'designs/audio_onset/runs/RUN_2026-10-05_20-00-31/12-openroad-staprepnr/nom_tt_025C_1v80/sta.log'[/repr.filename]…
Skipping corner max_ss_100C_1v60 for STA (identical to nom_ss_100C_1v60 at this stage)…
Skipping corner max_ff_n40C_1v95 for STA (identical to nom_ff_n40C_1v95 at this stage)…
Logging subprocess to [repr.filename]'designs/audio_onset/runs/RUN_2026-10-05_20-00-31/12-openroad-staprepnr/nom_ss_100C_1v60/sta.log'[/repr.filename]…
Logging subprocess to [repr.filename]'designs/audio_onset/runs/RUN_2026-10-05_20-00-31/12-openroad-staprepnr/nom_ff_n40C_1v95/sta.log'[/repr.filename]…
Finished STA for the nom_ff_n40C_1v95 timing corner.
Finished STA for the nom_tt_025C_1v80 timing corner.
Finished STA for the nom_ss_100C_1v60 timing corner.
Running 'OpenROAD.Floorplan' at 'designs/audio_onset/runs/RUN_2026-10-05_20-00-31/13-openroad-floorplan'…
Logging subprocess to [repr.filename]'designs/audio_onset/runs/RUN_2026-10-05_20-00-31/13-openroad-floorplan/openroad-floorplan.log'[/repr.filename]…
Running 'OpenROAD.DumpRCValues' at 'designs/audio_onset/runs/RUN_2026-10-05_20-00-31/14-openroad-dumprcvalues'…
Logging subprocess to [repr.filename]'designs/audio_onset/runs/RUN_2026-10-05_20-00-31/14-openroad-dumprcvalues/openroad-dumprcvalues.log'[/repr.filename]…
Running 'Odb.CheckMacroAntennaProperties' at 'designs/audio_onset/runs/RUN_2026-10-05_20-00-31/15-odb-checkmacroantennaproperties'…
No cells provided, skipping 'Odb.CheckMacroAntennaProperties'…
Running 'Odb.SetPowerConnections' at 'designs/audio_onset/runs/RUN_2026-10-05_20-00-31/16-odb-setpowerconnections'…
Logging subprocess to [repr.filename]'designs/audio_onset/runs/RUN_2026-10-05_20-00-31/16-odb-setpowerconnections/odb-setpowerconnections.log'[/repr.filename]…
Running 'Odb.ManualMacroPlacement' at 'designs/audio_onset/runs/RUN_2026-10-05_20-00-31/17-odb-manualmacroplacement'…
No instances found, skipping 'Odb.ManualMacroPlacement'…
Running 'OpenROAD.CutRows' at 'designs/audio_onset/runs/RUN_2026-10-05_20-00-31/18-openroad-cutrows'…
Logging subprocess to [repr.filename]'designs/audio_onset/runs/RUN_2026-10-05_20-00-31/18-openroad-cutrows/openroad-cutrows.log'[/repr.filename]…
Running 'OpenROAD.TapEndcapInsertion' at 'designs/audio_onset/runs/RUN_2026-10-05_20-00-31/19-openroad-tapendcapinsertion'…
Logging subprocess to [repr.filename]'designs/audio_onset/runs/RUN_2026-10-05_20-00-31/19-openroad-tapendcapinsertion/openroad-tapendcapinsertion.log'[/repr.filename]…
Running 'Odb.AddPDNObstructions' at 'designs/audio_onset/runs/RUN_2026-10-05_20-00-31/20-odb-addpdnobstructions'…
'PDN_OBSTRUCTIONS' is not defined. Skipping 'Odb.AddPDNObstructions'…
Running 'OpenROAD.GeneratePDN' at 'designs/audio_onset/runs/RUN_2026-10-05_20-00-31/21-openroad-generatepdn'…
'PDN_CFG' not explicitly set, setting it to /nix/store/ql4nbdxqdd9ph8x1k8awi7yklk8rx51j-python3-3.13.9-env/lib/python3.13/site-packages/librelane/scripts/openroad/common/pdn_cfg.tcl…
Logging subprocess to [repr.filename]'designs/audio_onset/runs/RUN_2026-10-05_20-00-31/21-openroad-generatepdn/openroad-generatepdn.log'[/repr.filename]…
Running 'Odb.RemovePDNObstructions' at 'designs/audio_onset/runs/RUN_2026-10-05_20-00-31/22-odb-removepdnobstructions'…
'PDN_OBSTRUCTIONS' is not defined. Skipping 'Odb.RemovePDNObstructions'…
Running 'Odb.AddRoutingObstructions' at 'designs/audio_onset/runs/RUN_2026-10-05_20-00-31/23-odb-addroutingobstructions'…
'ROUTING_OBSTRUCTIONS' is not defined. Skipping 'Odb.AddRoutingObstructions'…
Running 'OpenROAD.GlobalPlacementSkipIO' at 'designs/audio_onset/runs/RUN_2026-10-05_20-00-31/24-openroad-globalplacementskipio'…
'PL_TARGET_DENSITY_PCT' not explicitly set, using dynamically calculated target density: 64.969600…
Logging subprocess to [repr.filename]'designs/audio_onset/runs/RUN_2026-10-05_20-00-31/24-openroad-globalplacementskipio/openroad-globalplacementskipio.log'[/repr.filename]…
Running 'OpenROAD.IOPlacement' at 'designs/audio_onset/runs/RUN_2026-10-05_20-00-31/25-openroad-ioplacement'…
Logging subprocess to [repr.filename]'designs/audio_onset/runs/RUN_2026-10-05_20-00-31/25-openroad-ioplacement/openroad-ioplacement.log'[/repr.filename]…
Running 'Odb.CustomIOPlacement' at 'designs/audio_onset/runs/RUN_2026-10-05_20-00-31/26-odb-customioplacement'…
No custom I/O placement file configured, skipping 'Odb.CustomIOPlacement'…
Running 'Odb.ApplyDEFTemplate' at 'designs/audio_onset/runs/RUN_2026-10-05_20-00-31/27-odb-applydeftemplate'…
No DEF template provided, skipping 'Odb.ApplyDEFTemplate'…
Running 'OpenROAD.GlobalPlacement' at 'designs/audio_onset/runs/RUN_2026-10-05_20-00-31/28-openroad-globalplacement'…
'PL_TARGET_DENSITY_PCT' not explicitly set, using dynamically calculated target density: 64.969600…
Logging subprocess to [repr.filename]'designs/audio_onset/runs/RUN_2026-10-05_20-00-31/28-openroad-globalplacement/openroad-globalplacement.log'[/repr.filename]…
Running 'Odb.WriteVerilogHeader' at 'designs/audio_onset/runs/RUN_2026-10-05_20-00-31/29-odb-writeverilogheader'…
Logging subprocess to [repr.filename]'designs/audio_onset/runs/RUN_2026-10-05_20-00-31/29-odb-writeverilogheader/odb-writeverilogheader.log'[/repr.filename]…
Running 'Checker.PowerGridViolations' at 'designs/audio_onset/runs/RUN_2026-10-05_20-00-31/30-checker-powergridviolations'…
Check for power grid violations (as reported by OpenROAD PSM- you may ignore these if LVS passes) clear.
Running 'OpenROAD.STAMidPNR' at 'designs/audio_onset/runs/RUN_2026-10-05_20-00-31/31-openroad-stamidpnr'…
Logging subprocess to [repr.filename]'designs/audio_onset/runs/RUN_2026-10-05_20-00-31/31-openroad-stamidpnr/openroad-stamidpnr.log'[/repr.filename]…
Running 'OpenROAD.RepairDesignPostGPL' at 'designs/audio_onset/runs/RUN_2026-10-05_20-00-31/32-openroad-repairdesignpostgpl'…
Logging subprocess to [repr.filename]'designs/audio_onset/runs/RUN_2026-10-05_20-00-31/32-openroad-repairdesignpostgpl/openroad-repairdesignpostgpl.log'[/repr.filename]…
[STA-1140] ~/.volare/sky130A/libs.ref/sky130_fd_sc_hd/lib/sky130_fd_sc_hd__tt_025C_1v80.lib line 1, library sky130_fd_sc_hd__tt_025C_1v80 already exists.
[STA-1140] ~/.volare/sky130A/libs.ref/sky130_fd_sc_hd/lib/sky130_fd_sc_hd__ff_n40C_1v95.lib line 1, library sky130_fd_sc_hd__ff_n40C_1v95 already exists.
[STA-1140] ~/.volare/sky130A/libs.ref/sky130_fd_sc_hd/lib/sky130_fd_sc_hd__ss_100C_1v60.lib line 1, library sky130_fd_sc_hd__ss_100C_1v60 already exists.
[STA-1140] ~/.volare/sky130A/libs.ref/sky130_fd_sc_hd/lib/sky130_fd_sc_hd__tt_025C_1v80.lib line 1, library sky130_fd_sc_hd__tt_025C_1v80 already exists.
[STA-1140] ~/.volare/sky130A/libs.ref/sky130_fd_sc_hd/lib/sky130_fd_sc_hd__ss_100C_1v60.lib line 1, library sky130_fd_sc_hd__ss_100C_1v60 already exists.
[STA-1140] ~/.volare/sky130A/libs.ref/sky130_fd_sc_hd/lib/sky130_fd_sc_hd__ff_n40C_1v95.lib line 1, library sky130_fd_sc_hd__ff_n40C_1v95 already exists.
[RSZ-0020] found 2 floating nets.
Running 'Odb.ManualGlobalPlacement' at 'designs/audio_onset/runs/RUN_2026-10-05_20-00-31/33-odb-manualglobalplacement'…
'MANUAL_GLOBAL_PLACEMENTS' not set. Skipping 'Odb.ManualGlobalPlacement'…
Running 'OpenROAD.DetailedPlacement' at 'designs/audio_onset/runs/RUN_2026-10-05_20-00-31/34-openroad-detailedplacement'…
Logging subprocess to [repr.filename]'designs/audio_onset/runs/RUN_2026-10-05_20-00-31/34-openroad-detailedplacement/openroad-detailedplacement.log'[/repr.filename]…
Running 'OpenROAD.CTS' at 'designs/audio_onset/runs/RUN_2026-10-05_20-00-31/35-openroad-cts'…
Logging subprocess to [repr.filename]'designs/audio_onset/runs/RUN_2026-10-05_20-00-31/35-openroad-cts/openroad-cts.log'[/repr.filename]…
[STA-1140] ~/.volare/sky130A/libs.ref/sky130_fd_sc_hd/lib/sky130_fd_sc_hd__tt_025C_1v80.lib line 1, library sky130_fd_sc_hd__tt_025C_1v80 already exists.
[STA-1140] ~/.volare/sky130A/libs.ref/sky130_fd_sc_hd/lib/sky130_fd_sc_hd__ff_n40C_1v95.lib line 1, library sky130_fd_sc_hd__ff_n40C_1v95 already exists.
[STA-1140] ~/.volare/sky130A/libs.ref/sky130_fd_sc_hd/lib/sky130_fd_sc_hd__ss_100C_1v60.lib line 1, library sky130_fd_sc_hd__ss_100C_1v60 already exists.
[STA-1140] ~/.volare/sky130A/libs.ref/sky130_fd_sc_hd/lib/sky130_fd_sc_hd__tt_025C_1v80.lib line 1, library sky130_fd_sc_hd__tt_025C_1v80 already exists.
[STA-1140] ~/.volare/sky130A/libs.ref/sky130_fd_sc_hd/lib/sky130_fd_sc_hd__ss_100C_1v60.lib line 1, library sky130_fd_sc_hd__ss_100C_1v60 already exists.
[STA-1140] ~/.volare/sky130A/libs.ref/sky130_fd_sc_hd/lib/sky130_fd_sc_hd__ff_n40C_1v95.lib line 1, library sky130_fd_sc_hd__ff_n40C_1v95 already exists.
Running 'OpenROAD.STAMidPNR-1' at 'designs/audio_onset/runs/RUN_2026-10-05_20-00-31/36-openroad-stamidpnr-1'…
Logging subprocess to [repr.filename]'designs/audio_onset/runs/RUN_2026-10-05_20-00-31/36-openroad-stamidpnr-1/openroad-stamidpnr-1.log'[/repr.filename]…
Running 'OpenROAD.ResizerTimingPostCTS' at 'designs/audio_onset/runs/RUN_2026-10-05_20-00-31/37-openroad-resizertimingpostcts'…
Logging subprocess to [repr.filename]'designs/audio_onset/runs/RUN_2026-10-05_20-00-31/37-openroad-resizertimingpostcts/openroad-resizertimingpostcts.log'[/repr.filename]…
[STA-1140] ~/.volare/sky130A/libs.ref/sky130_fd_sc_hd/lib/sky130_fd_sc_hd__tt_025C_1v80.lib line 1, library sky130_fd_sc_hd__tt_025C_1v80 already exists.
[STA-1140] ~/.volare/sky130A/libs.ref/sky130_fd_sc_hd/lib/sky130_fd_sc_hd__ff_n40C_1v95.lib line 1, library sky130_fd_sc_hd__ff_n40C_1v95 already exists.
[STA-1140] ~/.volare/sky130A/libs.ref/sky130_fd_sc_hd/lib/sky130_fd_sc_hd__ss_100C_1v60.lib line 1, library sky130_fd_sc_hd__ss_100C_1v60 already exists.
[STA-1140] ~/.volare/sky130A/libs.ref/sky130_fd_sc_hd/lib/sky130_fd_sc_hd__tt_025C_1v80.lib line 1, library sky130_fd_sc_hd__tt_025C_1v80 already exists.
[STA-1140] ~/.volare/sky130A/libs.ref/sky130_fd_sc_hd/lib/sky130_fd_sc_hd__ss_100C_1v60.lib line 1, library sky130_fd_sc_hd__ss_100C_1v60 already exists.
[STA-1140] ~/.volare/sky130A/libs.ref/sky130_fd_sc_hd/lib/sky130_fd_sc_hd__ff_n40C_1v95.lib line 1, library sky130_fd_sc_hd__ff_n40C_1v95 already exists.
Running 'OpenROAD.STAMidPNR-2' at 'designs/audio_onset/runs/RUN_2026-10-05_20-00-31/38-openroad-stamidpnr-2'…
Logging subprocess to [repr.filename]'designs/audio_onset/runs/RUN_2026-10-05_20-00-31/38-openroad-stamidpnr-2/openroad-stamidpnr-2.log'[/repr.filename]…
Running 'OpenROAD.GlobalRouting' at 'designs/audio_onset/runs/RUN_2026-10-05_20-00-31/39-openroad-globalrouting'…
Logging subprocess to [repr.filename]'designs/audio_onset/runs/RUN_2026-10-05_20-00-31/39-openroad-globalrouting/openroad-globalrouting.log'[/repr.filename]…
Running 'OpenROAD.CheckAntennas' at 'designs/audio_onset/runs/RUN_2026-10-05_20-00-31/40-openroad-checkantennas'…
Logging subprocess to [repr.filename]'designs/audio_onset/runs/RUN_2026-10-05_20-00-31/40-openroad-checkantennas/openroad-checkantennas.log'[/repr.filename]…
Running 'OpenROAD.RepairDesignPostGRT' at 'designs/audio_onset/runs/RUN_2026-10-05_20-00-31/41-openroad-repairdesignpostgrt'…
Logging subprocess to [repr.filename]'designs/audio_onset/runs/RUN_2026-10-05_20-00-31/41-openroad-repairdesignpostgrt/openroad-repairdesignpostgrt.log'[/repr.filename]…
[STA-1140] ~/.volare/sky130A/libs.ref/sky130_fd_sc_hd/lib/sky130_fd_sc_hd__tt_025C_1v80.lib line 1, library sky130_fd_sc_hd__tt_025C_1v80 already exists.
[STA-1140] ~/.volare/sky130A/libs.ref/sky130_fd_sc_hd/lib/sky130_fd_sc_hd__ff_n40C_1v95.lib line 1, library sky130_fd_sc_hd__ff_n40C_1v95 already exists.
[STA-1140] ~/.volare/sky130A/libs.ref/sky130_fd_sc_hd/lib/sky130_fd_sc_hd__ss_100C_1v60.lib line 1, library sky130_fd_sc_hd__ss_100C_1v60 already exists.
[STA-1140] ~/.volare/sky130A/libs.ref/sky130_fd_sc_hd/lib/sky130_fd_sc_hd__tt_025C_1v80.lib line 1, library sky130_fd_sc_hd__tt_025C_1v80 already exists.
[STA-1140] ~/.volare/sky130A/libs.ref/sky130_fd_sc_hd/lib/sky130_fd_sc_hd__ss_100C_1v60.lib line 1, library sky130_fd_sc_hd__ss_100C_1v60 already exists.
[STA-1140] ~/.volare/sky130A/libs.ref/sky130_fd_sc_hd/lib/sky130_fd_sc_hd__ff_n40C_1v95.lib line 1, library sky130_fd_sc_hd__ff_n40C_1v95 already exists.
[EST-0026] Missing route to pin _291_/D in net _000_.
[EST-0026] Missing route to pin _289_/X in net _000_.
[EST-0026] Missing route to pin _291_/D in net _000_.
[EST-0026] Missing route to pin _289_/X in net _000_.
[EST-0026] Missing route to pin _291_/D in net _000_.
[EST-0026] Missing route to pin _289_/X in net _000_.
[EST-0026] Missing route to pin _291_/D in net _000_.
[EST-0026] Missing route to pin _289_/X in net _000_.
[EST-0026] Missing route to pin _291_/D in net _000_.
[EST-0026] Missing route to pin _289_/X in net _000_.
[EST-0026] Missing route to pin _291_/D in net _000_.
[EST-0026] Missing route to pin _289_/X in net _000_.
[EST-0026] Missing route to pin _291_/D in net _000_.
[EST-0026] Missing route to pin _289_/X in net _000_.
[EST-0026] Missing route to pin _291_/D in net _000_.
[EST-0026] Missing route to pin _289_/X in net _000_.
[EST-0026] Missing route to pin _291_/D in net _000_.
[EST-0026] Missing route to pin _289_/X in net _000_.
[EST-0026] Missing route to pin _292_/D in net _001_.
[EST-0026] Missing route to pin _290_/X in net _001_.
[EST-0026] Missing route to pin _292_/D in net _001_.
[EST-0026] Missing route to pin _290_/X in net _001_.
[EST-0026] Missing route to pin _292_/D in net _001_.
[EST-0026] Missing route to pin _290_/X in net _001_.
[EST-0026] Missing route to pin _292_/D in net _001_.
[EST-0026] Missing route to pin _290_/X in net _001_.
[EST-0026] Missing route to pin _292_/D in net _001_.
[EST-0026] Missing route to pin _290_/X in net _001_.
[EST-0026] Missing route to pin _292_/D in net _001_.
[EST-0026] Missing route to pin _290_/X in net _001_.
[EST-0026] Missing route to pin _292_/D in net _001_.
[EST-0026] Missing route to pin _290_/X in net _001_.
[EST-0026] Missing route to pin _292_/D in net _001_.
[EST-0026] Missing route to pin _290_/X in net _001_.
[EST-0026] Missing route to pin _292_/D in net _001_.
[EST-0026] Missing route to pin _290_/X in net _001_.
[EST-0026] Missing route to pin _293_/D in net _002_.
[EST-0026] Missing route to pin _145_/X in net _002_.
[EST-0026] Missing route to pin _293_/D in net _002_.
[EST-0026] Missing route to pin _145_/X in net _002_.
[EST-0026] Missing route to pin _293_/D in net _002_.
[EST-0026] Missing route to pin _145_/X in net _002_.
[EST-0026] Missing route to pin _293_/D in net _002_.
[EST-0026] Missing route to pin _145_/X in net _002_.
[EST-0026] Missing route to pin _293_/D in net _002_.
[EST-0026] Missing route to pin _145_/X in net _002_.
[EST-0026] Missing route to pin _293_/D in net _002_.
[EST-0026] Missing route to pin _145_/X in net _002_.
[EST-0026] Missing route to pin _293_/D in net _002_.
[EST-0026] Missing route to pin _145_/X in net _002_.
[EST-0026] Missing route to pin _293_/D in net _002_.
[EST-0026] Missing route to pin _145_/X in net _002_.
[EST-0026] Missing route to pin _293_/D in net _002_.
[EST-0026] Missing route to pin _145_/X in net _002_.
[EST-0026] Missing route to pin _295_/D in net _004_.
[EST-0026] Missing route to pin _147_/X in net _004_.
[EST-0026] Missing route to pin _295_/D in net _004_.
[EST-0026] Missing route to pin _147_/X in net _004_.
[EST-0026] Missing route to pin _295_/D in net _004_.
[EST-0026] Missing route to pin _147_/X in net _004_.
[EST-0026] Missing route to pin _295_/D in net _004_.
[EST-0026] Missing route to pin _147_/X in net _004_.
[EST-0026] Missing route to pin _295_/D in net _004_.
[EST-0026] Missing route to pin _147_/X in net _004_.
[EST-0026] Missing route to pin _295_/D in net _004_.
[EST-0026] Missing route to pin _147_/X in net _004_.
[EST-0026] Missing route to pin _295_/D in net _004_.
[EST-0026] Missing route to pin _147_/X in net _004_.
[EST-0026] Missing route to pin _295_/D in net _004_.
[EST-0026] Missing route to pin _147_/X in net _004_.
[EST-0026] Missing route to pin _295_/D in net _004_.
[EST-0026] Missing route to pin _147_/X in net _004_.
[EST-0026] Missing route to pin _296_/D in net _005_.
[EST-0026] Missing route to pin _148_/X in net _005_.
[EST-0026] Missing route to pin _296_/D in net _005_.
[EST-0026] Missing route to pin _148_/X in net _005_.
[EST-0026] Missing route to pin _296_/D in net _005_.
[EST-0026] Missing route to pin _148_/X in net _005_.
[EST-0026] Missing route to pin _296_/D in net _005_.
[EST-0026] Missing route to pin _148_/X in net _005_.
[EST-0026] Missing route to pin _296_/D in net _005_.
[EST-0026] Missing route to pin _148_/X in net _005_.
[EST-0026] Missing route to pin _296_/D in net _005_.
[EST-0026] Missing route to pin _148_/X in net _005_.
[EST-0026] Missing route to pin _296_/D in net _005_.
[EST-0026] Missing route to pin _148_/X in net _005_.
[EST-0026] Missing route to pin _296_/D in net _005_.
[EST-0026] Missing route to pin _148_/X in net _005_.
[EST-0026] Missing route to pin _296_/D in net _005_.
[EST-0026] Missing route to pin _148_/X in net _005_.
[EST-0026] Missing route to pin _297_/D in net _006_.
[EST-0026] Missing route to pin _149_/X in net _006_.
[EST-0026] Missing route to pin _297_/D in net _006_.
[EST-0026] Missing route to pin _149_/X in net _006_.
[EST-0026] Missing route to pin _297_/D in net _006_.
[EST-0026] Missing route to pin _149_/X in net _006_.
[EST-0026] Missing route to pin _297_/D in net _006_.
[EST-0026] Missing route to pin _149_/X in net _006_.
[EST-0026] Missing route to pin _297_/D in net _006_.
[EST-0026] Missing route to pin _149_/X in net _006_.
[EST-0026] Missing route to pin _297_/D in net _006_.
[EST-0026] Missing route to pin _149_/X in net _006_.
[EST-0026] Missing route to pin _297_/D in net _006_.
[EST-0026] Missing route to pin _149_/X in net _006_.
[EST-0026] Missing route to pin _297_/D in net _006_.
[EST-0026] Missing route to pin _149_/X in net _006_.
[EST-0026] Missing route to pin _297_/D in net _006_.
[EST-0026] Missing route to pin _149_/X in net _006_.
[EST-0026] Missing route to pin _298_/D in net _007_.
[EST-0026] Missing route to pin _150_/X in net _007_.
[EST-0026] Missing route to pin _298_/D in net _007_.
[EST-0026] Missing route to pin _150_/X in net _007_.
[EST-0026] Missing route to pin _298_/D in net _007_.
[EST-0026] Missing route to pin _150_/X in net _007_.
[EST-0026] Missing route to pin _298_/D in net _007_.
[EST-0026] Missing route to pin _150_/X in net _007_.
[EST-0026] Missing route to pin _298_/D in net _007_.
[EST-0026] Missing route to pin _150_/X in net _007_.
[EST-0026] Missing route to pin _298_/D in net _007_.
[EST-0026] Missing route to pin _150_/X in net _007_.
[EST-0026] Missing route to pin _298_/D in net _007_.
[EST-0026] Missing route to pin _150_/X in net _007_.
[EST-0026] Missing route to pin _298_/D in net _007_.
[EST-0026] Missing route to pin _150_/X in net _007_.
[EST-0026] Missing route to pin _298_/D in net _007_.
[EST-0026] Missing route to pin _150_/X in net _007_.
[EST-0026] Missing route to pin _299_/D in net _008_.
[EST-0026] Missing route to pin _151_/X in net _008_.
[EST-0026] Missing route to pin _299_/D in net _008_.
[EST-0026] Missing route to pin _151_/X in net _008_.
[EST-0026] Missing route to pin _299_/D in net _008_.
[EST-0026] Missing route to pin _151_/X in net _008_.
[EST-0026] Missing route to pin _299_/D in net _008_.
[EST-0026] Missing route to pin _151_/X in net _008_.
[EST-0026] Missing route to pin _299_/D in net _008_.
[EST-0026] Missing route to pin _151_/X in net _008_.
[EST-0026] Missing route to pin _299_/D in net _008_.
[EST-0026] Missing route to pin _151_/X in net _008_.
[EST-0026] Missing route to pin _299_/D in net _008_.
[EST-0026] Missing route to pin _151_/X in net _008_.
[EST-0026] Missing route to pin _299_/D in net _008_.
[EST-0026] Missing route to pin _151_/X in net _008_.
[EST-0026] Missing route to pin _299_/D in net _008_.
[EST-0026] Missing route to pin _151_/X in net _008_.
[EST-0026] Missing route to pin _304_/D in net _013_.
[EST-0026] Missing route to pin _159_/X in net _013_.
[EST-0026] Missing route to pin _304_/D in net _013_.
[EST-0026] Missing route to pin _159_/X in net _013_.
[EST-0026] Missing route to pin _304_/D in net _013_.
[EST-0026] Missing route to pin _159_/X in net _013_.
[EST-0026] Missing route to pin _304_/D in net _013_.
[EST-0026] Missing route to pin _159_/X in net _013_.
[EST-0026] Missing route to pin _304_/D in net _013_.
[EST-0026] Missing route to pin _159_/X in net _013_.
[EST-0026] Missing route to pin _304_/D in net _013_.
[EST-0026] Missing route to pin _159_/X in net _013_.
[EST-0026] Missing route to pin _304_/D in net _013_.
[EST-0026] Missing route to pin _159_/X in net _013_.
[EST-0026] Missing route to pin _304_/D in net _013_.
[EST-0026] Missing route to pin _159_/X in net _013_.
[EST-0026] Missing route to pin _304_/D in net _013_.
[EST-0026] Missing route to pin _159_/X in net _013_.
[EST-0026] Missing route to pin _305_/D in net _014_.
[EST-0026] Missing route to pin _164_/Y in net _014_.
[EST-0026] Missing route to pin _305_/D in net _014_.
[EST-0026] Missing route to pin _164_/Y in net _014_.
[EST-0026] Missing route to pin _305_/D in net _014_.
[EST-0026] Missing route to pin _164_/Y in net _014_.
[EST-0026] Missing route to pin _305_/D in net _014_.
[EST-0026] Missing route to pin _164_/Y in net _014_.
[EST-0026] Missing route to pin _305_/D in net _014_.
[EST-0026] Missing route to pin _164_/Y in net _014_.
[EST-0026] Missing route to pin _305_/D in net _014_.
[EST-0026] Missing route to pin _164_/Y in net _014_.
[EST-0026] Missing route to pin _305_/D in net _014_.
[EST-0026] Missing route to pin _164_/Y in net _014_.
[EST-0026] Missing route to pin _305_/D in net _014_.
[EST-0026] Missing route to pin _164_/Y in net _014_.
[EST-0026] Missing route to pin _305_/D in net _014_.
[EST-0026] Missing route to pin _164_/Y in net _014_.
[EST-0026] Missing route to pin _307_/D in net _016_.
[EST-0026] Missing route to pin _168_/X in net _016_.
[EST-0026] Missing route to pin _307_/D in net _016_.
[EST-0026] Missing route to pin _168_/X in net _016_.
[EST-0026] Missing route to pin _307_/D in net _016_.
[EST-0026] Missing route to pin _168_/X in net _016_.
[EST-0026] Missing route to pin _307_/D in net _016_.
[EST-0026] Missing route to pin _168_/X in net _016_.
[EST-0026] Missing route to pin _307_/D in net _016_.
[EST-0026] Missing route to pin _168_/X in net _016_.
[EST-0026] Missing route to pin _307_/D in net _016_.
[EST-0026] Missing route to pin _168_/X in net _016_.
[EST-0026] Missing route to pin _307_/D in net _016_.
[EST-0026] Missing route to pin _168_/X in net _016_.
[EST-0026] Missing route to pin _307_/D in net _016_.
[EST-0026] Missing route to pin _168_/X in net _016_.
[EST-0026] Missing route to pin _307_/D in net _016_.
[EST-0026] Missing route to pin _168_/X in net _016_.
[EST-0026] Missing route to pin _308_/D in net _017_.
[EST-0026] Missing route to pin _271_/X in net _017_.
[EST-0026] Missing route to pin _308_/D in net _017_.
[EST-0026] Missing route to pin _271_/X in net _017_.
[EST-0026] Missing route to pin _308_/D in net _017_.
[EST-0026] Missing route to pin _271_/X in net _017_.
[EST-0026] Missing route to pin _308_/D in net _017_.
[EST-0026] Missing route to pin _271_/X in net _017_.
[EST-0026] Missing route to pin _308_/D in net _017_.
[EST-0026] Missing route to pin _271_/X in net _017_.
[EST-0026] Missing route to pin _308_/D in net _017_.
[EST-0026] Missing route to pin _271_/X in net _017_.
[EST-0026] Missing route to pin _308_/D in net _017_.
[EST-0026] Missing route to pin _271_/X in net _017_.
[EST-0026] Missing route to pin _308_/D in net _017_.
[EST-0026] Missing route to pin _271_/X in net _017_.
[EST-0026] Missing route to pin _308_/D in net _017_.
[EST-0026] Missing route to pin _271_/X in net _017_.
[EST-0026] Missing route to pin _310_/D in net _019_.
[EST-0026] Missing route to pin _276_/X in net _019_.
[EST-0026] Missing route to pin _310_/D in net _019_.
[EST-0026] Missing route to pin _276_/X in net _019_.
[EST-0026] Missing route to pin _310_/D in net _019_.
[EST-0026] Missing route to pin _276_/X in net _019_.
[EST-0026] Missing route to pin _310_/D in net _019_.
[EST-0026] Missing route to pin _276_/X in net _019_.
[EST-0026] Missing route to pin _310_/D in net _019_.
[EST-0026] Missing route to pin _276_/X in net _019_.
[EST-0026] Missing route to pin _310_/D in net _019_.
[EST-0026] Missing route to pin _276_/X in net _019_.
[EST-0026] Missing route to pin _310_/D in net _019_.
[EST-0026] Missing route to pin _276_/X in net _019_.
[EST-0026] Missing route to pin _310_/D in net _019_.
[EST-0026] Missing route to pin _276_/X in net _019_.
[EST-0026] Missing route to pin _310_/D in net _019_.
[EST-0026] Missing route to pin _276_/X in net _019_.
[EST-0026] Missing route to pin _311_/D in net _020_.
[EST-0026] Missing route to pin _277_/X in net _020_.
[EST-0026] Missing route to pin _311_/D in net _020_.
[EST-0026] Missing route to pin _277_/X in net _020_.
[EST-0026] Missing route to pin _311_/D in net _020_.
[EST-0026] Missing route to pin _277_/X in net _020_.
[EST-0026] Missing route to pin _311_/D in net _020_.
[EST-0026] Missing route to pin _277_/X in net _020_.
[EST-0026] Missing route to pin _311_/D in net _020_.
[EST-0026] Missing route to pin _277_/X in net _020_.
[EST-0026] Missing route to pin _311_/D in net _020_.
[EST-0026] Missing route to pin _277_/X in net _020_.
[EST-0026] Missing route to pin _311_/D in net _020_.
[EST-0026] Missing route to pin _277_/X in net _020_.
[EST-0026] Missing route to pin _311_/D in net _020_.
[EST-0026] Missing route to pin _277_/X in net _020_.
[EST-0026] Missing route to pin _311_/D in net _020_.
[EST-0026] Missing route to pin _277_/X in net _020_.
[EST-0026] Missing route to pin _312_/D in net _021_.
[EST-0026] Missing route to pin _278_/X in net _021_.
[EST-0026] Missing route to pin _312_/D in net _021_.
[EST-0026] Missing route to pin _278_/X in net _021_.
[EST-0026] Missing route to pin _312_/D in net _021_.
[EST-0026] Missing route to pin _278_/X in net _021_.
[EST-0026] Missing route to pin _312_/D in net _021_.
[EST-0026] Missing route to pin _278_/X in net _021_.
[EST-0026] Missing route to pin _312_/D in net _021_.
[EST-0026] Missing route to pin _278_/X in net _021_.
[EST-0026] Missing route to pin _312_/D in net _021_.
[EST-0026] Missing route to pin _278_/X in net _021_.
[EST-0026] Missing route to pin _312_/D in net _021_.
[EST-0026] Missing route to pin _278_/X in net _021_.
[EST-0026] Missing route to pin _312_/D in net _021_.
[EST-0026] Missing route to pin _278_/X in net _021_.
[EST-0026] Missing route to pin _312_/D in net _021_.
[EST-0026] Missing route to pin _278_/X in net _021_.
[EST-0026] Missing route to pin _313_/D in net _022_.
[EST-0026] Missing route to pin _279_/X in net _022_.
[EST-0026] Missing route to pin _313_/D in net _022_.
[EST-0026] Missing route to pin _279_/X in net _022_.
[EST-0026] Missing route to pin _313_/D in net _022_.
[EST-0026] Missing route to pin _279_/X in net _022_.
[EST-0026] Missing route to pin _313_/D in net _022_.
[EST-0026] Missing route to pin _279_/X in net _022_.
[EST-0026] Missing route to pin _313_/D in net _022_.
[EST-0026] Missing route to pin _279_/X in net _022_.
[EST-0026] Missing route to pin _313_/D in net _022_.
[EST-0026] Missing route to pin _279_/X in net _022_.
[EST-0026] Missing route to pin _313_/D in net _022_.
[EST-0026] Missing route to pin _279_/X in net _022_.
[EST-0026] Missing route to pin _313_/D in net _022_.
[EST-0026] Missing route to pin _279_/X in net _022_.
[EST-0026] Missing route to pin _313_/D in net _022_.
[EST-0026] Missing route to pin _279_/X in net _022_.
[EST-0026] Missing route to pin _314_/D in net _023_.
[EST-0026] Missing route to pin _281_/Y in net _023_.
[EST-0026] Missing route to pin _314_/D in net _023_.
[EST-0026] Missing route to pin _281_/Y in net _023_.
[EST-0026] Missing route to pin _314_/D in net _023_.
[EST-0026] Missing route to pin _281_/Y in net _023_.
[EST-0026] Missing route to pin _314_/D in net _023_.
[EST-0026] Missing route to pin _281_/Y in net _023_.
[EST-0026] Missing route to pin _314_/D in net _023_.
[EST-0026] Missing route to pin _281_/Y in net _023_.
[EST-0026] Missing route to pin _314_/D in net _023_.
[EST-0026] Missing route to pin _281_/Y in net _023_.
[EST-0026] Missing route to pin _314_/D in net _023_.
[EST-0026] Missing route to pin _281_/Y in net _023_.
[EST-0026] Missing route to pin _314_/D in net _023_.
[EST-0026] Missing route to pin _281_/Y in net _023_.
[EST-0026] Missing route to pin _314_/D in net _023_.
[EST-0026] Missing route to pin _281_/Y in net _023_.
[EST-0026] Missing route to pin _315_/D in net _024_.
[EST-0026] Missing route to pin _282_/X in net _024_.
[EST-0026] Missing route to pin _315_/D in net _024_.
[EST-0026] Missing route to pin _282_/X in net _024_.
[EST-0026] Missing route to pin _315_/D in net _024_.
[EST-0026] Missing route to pin _282_/X in net _024_.
[EST-0026] Missing route to pin _315_/D in net _024_.
[EST-0026] Missing route to pin _282_/X in net _024_.
[EST-0026] Missing route to pin _315_/D in net _024_.
[EST-0026] Missing route to pin _282_/X in net _024_.
[EST-0026] Missing route to pin _315_/D in net _024_.
[EST-0026] Missing route to pin _282_/X in net _024_.
[EST-0026] Missing route to pin _315_/D in net _024_.
[EST-0026] Missing route to pin _282_/X in net _024_.
[EST-0026] Missing route to pin _315_/D in net _024_.
[EST-0026] Missing route to pin _282_/X in net _024_.
[EST-0026] Missing route to pin _315_/D in net _024_.
[EST-0026] Missing route to pin _282_/X in net _024_.
[EST-0026] Missing route to pin _185_/B in net _025_.
[EST-0026] Missing route to pin _174_/A2 in net _025_.
[EST-0026] Missing route to pin _173_/Y in net _025_.
[EST-0026] Missing route to pin _185_/B in net _025_.
[EST-0026] Missing route to pin _174_/A2 in net _025_.
[EST-0026] Missing route to pin _173_/Y in net _025_.
[EST-0026] Missing route to pin _185_/B in net _025_.
[EST-0026] Missing route to pin _174_/A2 in net _025_.
[EST-0026] Missing route to pin _173_/Y in net _025_.
[EST-0026] Missing route to pin _185_/B in net _025_.
[EST-0026] Missing route to pin _174_/A2 in net _025_.
[EST-0026] Missing route to pin _173_/Y in net _025_.
[EST-0026] Missing route to pin _185_/B in net _025_.
[EST-0026] Missing route to pin _174_/A2 in net _025_.
[EST-0026] Missing route to pin _173_/Y in net _025_.
[EST-0026] Missing route to pin _185_/B in net _025_.
[EST-0026] Missing route to pin _174_/A2 in net _025_.
[EST-0026] Missing route to pin _173_/Y in net _025_.
[EST-0026] Missing route to pin _185_/B in net _025_.
[EST-0026] Missing route to pin _174_/A2 in net _025_.
[EST-0026] Missing route to pin _173_/Y in net _025_.
[EST-0026] Missing route to pin _185_/B in net _025_.
[EST-0026] Missing route to pin _174_/A2 in net _025_.
[EST-0026] Missing route to pin _173_/Y in net _025_.
[EST-0026] Missing route to pin _185_/B in net _025_.
[EST-0026] Missing route to pin _174_/A2 in net _025_.
[EST-0026] Missing route to pin _173_/Y in net _025_.
[EST-0026] Missing route to pin _211_/A in net _026_.
[EST-0026] Missing route to pin _210_/B in net _026_.
[EST-0026] Missing route to pin _174_/X in net _026_.
[EST-0026] Missing route to pin _211_/A in net _026_.
[EST-0026] Missing route to pin _210_/B in net _026_.
[EST-0026] Missing route to pin _174_/X in net _026_.
[EST-0026] Missing route to pin _211_/A in net _026_.
[EST-0026] Missing route to pin _210_/B in net _026_.
[EST-0026] Missing route to pin _174_/X in net _026_.
[EST-0026] Missing route to pin _211_/A in net _026_.
[EST-0026] Missing route to pin _210_/B in net _026_.
[EST-0026] Missing route to pin _174_/X in net _026_.
[EST-0026] Missing route to pin _211_/A in net _026_.
[EST-0026] Missing route to pin _210_/B in net _026_.
[EST-0026] Missing route to pin _174_/X in net _026_.
[EST-0026] Missing route to pin _211_/A in net _026_.
[EST-0026] Missing route to pin _210_/B in net _026_.
[EST-0026] Missing route to pin _174_/X in net _026_.
[EST-0026] Missing route to pin _211_/A in net _026_.
[EST-0026] Missing route to pin _210_/B in net _026_.
[EST-0026] Missing route to pin _174_/X in net _026_.
[EST-0026] Missing route to pin _211_/A in net _026_.
[EST-0026] Missing route to pin _210_/B in net _026_.
[EST-0026] Missing route to pin _174_/X in net _026_.
[EST-0026] Missing route to pin _211_/A in net _026_.
[EST-0026] Missing route to pin _210_/B in net _026_.
[EST-0026] Missing route to pin _174_/X in net _026_.
[EST-0026] Missing route to pin _187_/B1 in net _027_.
[EST-0026] Missing route to pin _177_/A_N in net _027_.
[EST-0026] Missing route to pin _175_/X in net _027_.
[EST-0026] Missing route to pin _187_/B1 in net _027_.
[EST-0026] Missing route to pin _177_/A_N in net _027_.
[EST-0026] Missing route to pin _175_/X in net _027_.
[EST-0026] Missing route to pin _187_/B1 in net _027_.
[EST-0026] Missing route to pin _177_/A_N in net _027_.
[EST-0026] Missing route to pin _175_/X in net _027_.
[EST-0026] Missing route to pin _187_/B1 in net _027_.
[EST-0026] Missing route to pin _177_/A_N in net _027_.
[EST-0026] Missing route to pin _175_/X in net _027_.
[EST-0026] Missing route to pin _187_/B1 in net _027_.
[EST-0026] Missing route to pin _177_/A_N in net _027_.
[EST-0026] Missing route to pin _175_/X in net _027_.
[EST-0026] Missing route to pin _187_/B1 in net _027_.
[EST-0026] Missing route to pin _177_/A_N in net _027_.
[EST-0026] Missing route to pin _175_/X in net _027_.
[EST-0026] Missing route to pin _187_/B1 in net _027_.
[EST-0026] Missing route to pin _177_/A_N in net _027_.
[EST-0026] Missing route to pin _175_/X in net _027_.
[EST-0026] Missing route to pin _187_/B1 in net _027_.
[EST-0026] Missing route to pin _177_/A_N in net _027_.
[EST-0026] Missing route to pin _175_/X in net _027_.
[EST-0026] Missing route to pin _187_/B1 in net _027_.
[EST-0026] Missing route to pin _177_/A_N in net _027_.
[EST-0026] Missing route to pin _175_/X in net _027_.
[EST-0026] Missing route to pin _187_/A2 in net _028_.
[EST-0026] Missing route to pin _177_/B in net _028_.
[EST-0026] Missing route to pin _176_/X in net _028_.
[EST-0026] Missing route to pin _187_/A2 in net _028_.
[EST-0026] Missing route to pin _177_/B in net _028_.
[EST-0026] Missing route to pin _176_/X in net _028_.
[EST-0026] Missing route to pin _187_/A2 in net _028_.
[EST-0026] Missing route to pin _177_/B in net _028_.
[EST-0026] Missing route to pin _176_/X in net _028_.
[EST-0026] Missing route to pin _187_/A2 in net _028_.
[EST-0026] Missing route to pin _177_/B in net _028_.
[EST-0026] Missing route to pin _176_/X in net _028_.
[EST-0026] Missing route to pin _187_/A2 in net _028_.
[EST-0026] Missing route to pin _177_/B in net _028_.
[EST-0026] Missing route to pin _176_/X in net _028_.
[EST-0026] Missing route to pin _187_/A2 in net _028_.
[EST-0026] Missing route to pin _177_/B in net _028_.
[EST-0026] Missing route to pin _176_/X in net _028_.
[EST-0026] Missing route to pin _187_/A2 in net _028_.
[EST-0026] Missing route to pin _177_/B in net _028_.
[EST-0026] Missing route to pin _176_/X in net _028_.
[EST-0026] Missing route to pin _187_/A2 in net _028_.
[EST-0026] Missing route to pin _177_/B in net _028_.
[EST-0026] Missing route to pin _176_/X in net _028_.
[EST-0026] Missing route to pin _187_/A2 in net _028_.
[EST-0026] Missing route to pin _177_/B in net _028_.
[EST-0026] Missing route to pin _176_/X in net _028_.
[EST-0026] Missing route to pin _178_/B in net _029_.
[EST-0026] Missing route to pin _177_/X in net _029_.
[EST-0026] Missing route to pin _178_/B in net _029_.
[EST-0026] Missing route to pin _177_/X in net _029_.
[EST-0026] Missing route to pin _178_/B in net _029_.
[EST-0026] Missing route to pin _177_/X in net _029_.
[EST-0026] Missing route to pin _178_/B in net _029_.
[EST-0026] Missing route to pin _177_/X in net _029_.
[EST-0026] Missing route to pin _178_/B in net _029_.
[EST-0026] Missing route to pin _177_/X in net _029_.
[EST-0026] Missing route to pin _178_/B in net _029_.
[EST-0026] Missing route to pin _177_/X in net _029_.
[EST-0026] Missing route to pin _178_/B in net _029_.
[EST-0026] Missing route to pin _177_/X in net _029_.
[EST-0026] Missing route to pin _178_/B in net _029_.
[EST-0026] Missing route to pin _177_/X in net _029_.
[EST-0026] Missing route to pin _178_/B in net _029_.
[EST-0026] Missing route to pin _177_/X in net _029_.
[EST-0026] Missing route to pin _184_/A in net _030_.
[EST-0026] Missing route to pin _183_/A in net _030_.
[EST-0026] Missing route to pin _178_/Y in net _030_.
[EST-0026] Missing route to pin _184_/A in net _030_.
[EST-0026] Missing route to pin _183_/A in net _030_.
[EST-0026] Missing route to pin _178_/Y in net _030_.
[EST-0026] Missing route to pin _184_/A in net _030_.
[EST-0026] Missing route to pin _183_/A in net _030_.
[EST-0026] Missing route to pin _178_/Y in net _030_.
[EST-0026] Missing route to pin _184_/A in net _030_.
[EST-0026] Missing route to pin _183_/A in net _030_.
[EST-0026] Missing route to pin _178_/Y in net _030_.
[EST-0026] Missing route to pin _184_/A in net _030_.
[EST-0026] Missing route to pin _183_/A in net _030_.
[EST-0026] Missing route to pin _178_/Y in net _030_.
[EST-0026] Missing route to pin _184_/A in net _030_.
[EST-0026] Missing route to pin _183_/A in net _030_.
[EST-0026] Missing route to pin _178_/Y in net _030_.
[EST-0026] Missing route to pin _184_/A in net _030_.
[EST-0026] Missing route to pin _183_/A in net _030_.
[EST-0026] Missing route to pin _178_/Y in net _030_.
[EST-0026] Missing route to pin _184_/A in net _030_.
[EST-0026] Missing route to pin _183_/A in net _030_.
[EST-0026] Missing route to pin _178_/Y in net _030_.
[EST-0026] Missing route to pin _184_/A in net _030_.
[EST-0026] Missing route to pin _183_/A in net _030_.
[EST-0026] Missing route to pin _178_/Y in net _030_.
[EST-0026] Missing route to pin _222_/A2 in net _031_.
[EST-0026] Missing route to pin _201_/B1_N in net _031_.
[EST-0026] Missing route to pin _179_/X in net _031_.
[EST-0026] Missing route to pin _222_/A2 in net _031_.
[EST-0026] Missing route to pin _201_/B1_N in net _031_.
[EST-0026] Missing route to pin _179_/X in net _031_.
[EST-0026] Missing route to pin _222_/A2 in net _031_.
[EST-0026] Missing route to pin _201_/B1_N in net _031_.
[EST-0026] Missing route to pin _179_/X in net _031_.
[EST-0026] Missing route to pin _222_/A2 in net _031_.
[EST-0026] Missing route to pin _201_/B1_N in net _031_.
[EST-0026] Missing route to pin _179_/X in net _031_.
[EST-0026] Missing route to pin _222_/A2 in net _031_.
[EST-0026] Missing route to pin _201_/B1_N in net _031_.
[EST-0026] Missing route to pin _179_/X in net _031_.
[EST-0026] Missing route to pin _222_/A2 in net _031_.
[EST-0026] Missing route to pin _201_/B1_N in net _031_.
[EST-0026] Missing route to pin _179_/X in net _031_.
[EST-0026] Missing route to pin _222_/A2 in net _031_.
[EST-0026] Missing route to pin _201_/B1_N in net _031_.
[EST-0026] Missing route to pin _179_/X in net _031_.
[EST-0026] Missing route to pin _222_/A2 in net _031_.
[EST-0026] Missing route to pin _201_/B1_N in net _031_.
[EST-0026] Missing route to pin _179_/X in net _031_.
[EST-0026] Missing route to pin _222_/A2 in net _031_.
[EST-0026] Missing route to pin _201_/B1_N in net _031_.
[EST-0026] Missing route to pin _179_/X in net _031_.
[EST-0026] Missing route to pin _222_/B1_N in net _032_.
[EST-0026] Missing route to pin _201_/A2 in net _032_.
[EST-0026] Missing route to pin _180_/Y in net _032_.
[EST-0026] Missing route to pin _222_/B1_N in net _032_.
[EST-0026] Missing route to pin _201_/A2 in net _032_.
[EST-0026] Missing route to pin _180_/Y in net _032_.
[EST-0026] Missing route to pin _222_/B1_N in net _032_.
[EST-0026] Missing route to pin _201_/A2 in net _032_.
[EST-0026] Missing route to pin _180_/Y in net _032_.
[EST-0026] Missing route to pin _222_/B1_N in net _032_.
[EST-0026] Missing route to pin _201_/A2 in net _032_.
[EST-0026] Missing route to pin _180_/Y in net _032_.
[EST-0026] Missing route to pin _222_/B1_N in net _032_.
[EST-0026] Missing route to pin _201_/A2 in net _032_.
[EST-0026] Missing route to pin _180_/Y in net _032_.
[EST-0026] Missing route to pin _222_/B1_N in net _032_.
[EST-0026] Missing route to pin _201_/A2 in net _032_.
[EST-0026] Missing route to pin _180_/Y in net _032_.
[EST-0026] Missing route to pin _222_/B1_N in net _032_.
[EST-0026] Missing route to pin _201_/A2 in net _032_.
[EST-0026] Missing route to pin _180_/Y in net _032_.
[EST-0026] Missing route to pin _222_/B1_N in net _032_.
[EST-0026] Missing route to pin _201_/A2 in net _032_.
[EST-0026] Missing route to pin _180_/Y in net _032_.
[EST-0026] Missing route to pin _222_/B1_N in net _032_.
[EST-0026] Missing route to pin _201_/A2 in net _032_.
[EST-0026] Missing route to pin _180_/Y in net _032_.
[EST-0026] Missing route to pin _216_/B in net _033_.
[EST-0026] Missing route to pin _182_/B in net _033_.
[EST-0026] Missing route to pin _181_/X in net _033_.
[EST-0026] Missing route to pin _216_/B in net _033_.
[EST-0026] Missing route to pin _182_/B in net _033_.
[EST-0026] Missing route to pin _181_/X in net _033_.
[EST-0026] Missing route to pin _216_/B in net _033_.
[EST-0026] Missing route to pin _182_/B in net _033_.
[EST-0026] Missing route to pin _181_/X in net _033_.
[EST-0026] Missing route to pin _216_/B in net _033_.
[EST-0026] Missing route to pin _182_/B in net _033_.
[EST-0026] Missing route to pin _181_/X in net _033_.
[EST-0026] Missing route to pin _216_/B in net _033_.
[EST-0026] Missing route to pin _182_/B in net _033_.
[EST-0026] Missing route to pin _181_/X in net _033_.
[EST-0026] Missing route to pin _216_/B in net _033_.
[EST-0026] Missing route to pin _182_/B in net _033_.
[EST-0026] Missing route to pin _181_/X in net _033_.
[EST-0026] Missing route to pin _216_/B in net _033_.
[EST-0026] Missing route to pin _182_/B in net _033_.
[EST-0026] Missing route to pin _181_/X in net _033_.
[EST-0026] Missing route to pin _216_/B in net _033_.
[EST-0026] Missing route to pin _182_/B in net _033_.
[EST-0026] Missing route to pin _181_/X in net _033_.
[EST-0026] Missing route to pin _216_/B in net _033_.
[EST-0026] Missing route to pin _182_/B in net _033_.
[EST-0026] Missing route to pin _181_/X in net _033_.
[EST-0026] Missing route to pin _183_/B in net _034_.
[EST-0026] Missing route to pin _182_/Y in net _034_.
[EST-0026] Missing route to pin _183_/B in net _034_.
[EST-0026] Missing route to pin _182_/Y in net _034_.
[EST-0026] Missing route to pin _183_/B in net _034_.
[EST-0026] Missing route to pin _182_/Y in net _034_.
[EST-0026] Missing route to pin _183_/B in net _034_.
[EST-0026] Missing route to pin _182_/Y in net _034_.
[EST-0026] Missing route to pin _183_/B in net _034_.
[EST-0026] Missing route to pin _182_/Y in net _034_.
[EST-0026] Missing route to pin _183_/B in net _034_.
[EST-0026] Missing route to pin _182_/Y in net _034_.
[EST-0026] Missing route to pin _183_/B in net _034_.
[EST-0026] Missing route to pin _182_/Y in net _034_.
[EST-0026] Missing route to pin _183_/B in net _034_.
[EST-0026] Missing route to pin _182_/Y in net _034_.
[EST-0026] Missing route to pin _183_/B in net _034_.
[EST-0026] Missing route to pin _182_/Y in net _034_.
[EST-0026] Missing route to pin _207_/A in net _035_.
[EST-0026] Missing route to pin _206_/A in net _035_.
[EST-0026] Missing route to pin _183_/Y in net _035_.
[EST-0026] Missing route to pin _207_/A in net _035_.
[EST-0026] Missing route to pin _206_/A in net _035_.
[EST-0026] Missing route to pin _183_/Y in net _035_.
[EST-0026] Missing route to pin _207_/A in net _035_.
[EST-0026] Missing route to pin _206_/A in net _035_.
[EST-0026] Missing route to pin _183_/Y in net _035_.
[EST-0026] Missing route to pin _207_/A in net _035_.
[EST-0026] Missing route to pin _206_/A in net _035_.
[EST-0026] Missing route to pin _183_/Y in net _035_.
[EST-0026] Missing route to pin _207_/A in net _035_.
[EST-0026] Missing route to pin _206_/A in net _035_.
[EST-0026] Missing route to pin _183_/Y in net _035_.
[EST-0026] Missing route to pin _207_/A in net _035_.
[EST-0026] Missing route to pin _206_/A in net _035_.
[EST-0026] Missing route to pin _183_/Y in net _035_.
[EST-0026] Missing route to pin _207_/A in net _035_.
[EST-0026] Missing route to pin _206_/A in net _035_.
[EST-0026] Missing route to pin _183_/Y in net _035_.
[EST-0026] Missing route to pin _207_/A in net _035_.
[EST-0026] Missing route to pin _206_/A in net _035_.
[EST-0026] Missing route to pin _183_/Y in net _035_.
[EST-0026] Missing route to pin _207_/A in net _035_.
[EST-0026] Missing route to pin _206_/A in net _035_.
[EST-0026] Missing route to pin _183_/Y in net _035_.
[EST-0026] Missing route to pin _212_/A in net _036_.
[EST-0026] Missing route to pin _186_/A in net _036_.
[EST-0026] Missing route to pin _184_/X in net _036_.
[EST-0026] Missing route to pin _212_/A in net _036_.
[EST-0026] Missing route to pin _186_/A in net _036_.
[EST-0026] Missing route to pin _184_/X in net _036_.
[EST-0026] Missing route to pin _212_/A in net _036_.
[EST-0026] Missing route to pin _186_/A in net _036_.
[EST-0026] Missing route to pin _184_/X in net _036_.
[EST-0026] Missing route to pin _212_/A in net _036_.
[EST-0026] Missing route to pin _186_/A in net _036_.
[EST-0026] Missing route to pin _184_/X in net _036_.
[EST-0026] Missing route to pin _212_/A in net _036_.
[EST-0026] Missing route to pin _186_/A in net _036_.
[EST-0026] Missing route to pin _184_/X in net _036_.
[EST-0026] Missing route to pin _212_/A in net _036_.
[EST-0026] Missing route to pin _186_/A in net _036_.
[EST-0026] Missing route to pin _184_/X in net _036_.
[EST-0026] Missing route to pin _212_/A in net _036_.
[EST-0026] Missing route to pin _186_/A in net _036_.
[EST-0026] Missing route to pin _184_/X in net _036_.
[EST-0026] Missing route to pin _212_/A in net _036_.
[EST-0026] Missing route to pin _186_/A in net _036_.
[EST-0026] Missing route to pin _184_/X in net _036_.
[EST-0026] Missing route to pin _212_/A in net _036_.
[EST-0026] Missing route to pin _186_/A in net _036_.
[EST-0026] Missing route to pin _184_/X in net _036_.
[EST-0026] Missing route to pin _212_/B in net _037_.
[EST-0026] Missing route to pin _186_/B in net _037_.
[EST-0026] Missing route to pin _185_/Y in net _037_.
[EST-0026] Missing route to pin _212_/B in net _037_.
[EST-0026] Missing route to pin _186_/B in net _037_.
[EST-0026] Missing route to pin _185_/Y in net _037_.
[EST-0026] Missing route to pin _212_/B in net _037_.
[EST-0026] Missing route to pin _186_/B in net _037_.
[EST-0026] Missing route to pin _185_/Y in net _037_.
[EST-0026] Missing route to pin _212_/B in net _037_.
[EST-0026] Missing route to pin _186_/B in net _037_.
[EST-0026] Missing route to pin _185_/Y in net _037_.
[EST-0026] Missing route to pin _212_/B in net _037_.
[EST-0026] Missing route to pin _186_/B in net _037_.
[EST-0026] Missing route to pin _185_/Y in net _037_.
[EST-0026] Missing route to pin _212_/B in net _037_.
[EST-0026] Missing route to pin _186_/B in net _037_.
[EST-0026] Missing route to pin _185_/Y in net _037_.
[EST-0026] Missing route to pin _212_/B in net _037_.
[EST-0026] Missing route to pin _186_/B in net _037_.
[EST-0026] Missing route to pin _185_/Y in net _037_.
[EST-0026] Missing route to pin _212_/B in net _037_.
[EST-0026] Missing route to pin _186_/B in net _037_.
[EST-0026] Missing route to pin _185_/Y in net _037_.
[EST-0026] Missing route to pin _212_/B in net _037_.
[EST-0026] Missing route to pin _186_/B in net _037_.
[EST-0026] Missing route to pin _185_/Y in net _037_.
[EST-0026] Missing route to pin _253_/A1 in net _038_.
[EST-0026] Missing route to pin _209_/A in net _038_.
[EST-0026] Missing route to pin _186_/Y in net _038_.
[EST-0026] Missing route to pin _253_/A1 in net _038_.
[EST-0026] Missing route to pin _209_/A in net _038_.
[EST-0026] Missing route to pin _186_/Y in net _038_.
[EST-0026] Missing route to pin _253_/A1 in net _038_.
[EST-0026] Missing route to pin _209_/A in net _038_.
[EST-0026] Missing route to pin _186_/Y in net _038_.
[EST-0026] Missing route to pin _253_/A1 in net _038_.
[EST-0026] Missing route to pin _209_/A in net _038_.
[EST-0026] Missing route to pin _186_/Y in net _038_.
[EST-0026] Missing route to pin _253_/A1 in net _038_.
[EST-0026] Missing route to pin _209_/A in net _038_.
[EST-0026] Missing route to pin _186_/Y in net _038_.
[EST-0026] Missing route to pin _253_/A1 in net _038_.
[EST-0026] Missing route to pin _209_/A in net _038_.
[EST-0026] Missing route to pin _186_/Y in net _038_.
[EST-0026] Missing route to pin _253_/A1 in net _038_.
[EST-0026] Missing route to pin _209_/A in net _038_.
[EST-0026] Missing route to pin _186_/Y in net _038_.
[EST-0026] Missing route to pin _253_/A1 in net _038_.
[EST-0026] Missing route to pin _209_/A in net _038_.
[EST-0026] Missing route to pin _186_/Y in net _038_.
[EST-0026] Missing route to pin _253_/A1 in net _038_.
[EST-0026] Missing route to pin _209_/A in net _038_.
[EST-0026] Missing route to pin _186_/Y in net _038_.
[EST-0026] Missing route to pin _189_/B in net _039_.
[EST-0026] Missing route to pin _188_/A_N in net _039_.
[EST-0026] Missing route to pin _187_/Y in net _039_.
[EST-0026] Missing route to pin _189_/B in net _039_.
[EST-0026] Missing route to pin _188_/A_N in net _039_.
[EST-0026] Missing route to pin _187_/Y in net _039_.
[EST-0026] Missing route to pin _189_/B in net _039_.
[EST-0026] Missing route to pin _188_/A_N in net _039_.
[EST-0026] Missing route to pin _187_/Y in net _039_.
[EST-0026] Missing route to pin _189_/B in net _039_.
[EST-0026] Missing route to pin _188_/A_N in net _039_.
[EST-0026] Missing route to pin _187_/Y in net _039_.
[EST-0026] Missing route to pin _189_/B in net _039_.
[EST-0026] Missing route to pin _188_/A_N in net _039_.
[EST-0026] Missing route to pin _187_/Y in net _039_.
[EST-0026] Missing route to pin _189_/B in net _039_.
[EST-0026] Missing route to pin _188_/A_N in net _039_.
[EST-0026] Missing route to pin _187_/Y in net _039_.
[EST-0026] Missing route to pin _189_/B in net _039_.
[EST-0026] Missing route to pin _188_/A_N in net _039_.
[EST-0026] Missing route to pin _187_/Y in net _039_.
[EST-0026] Missing route to pin _189_/B in net _039_.
[EST-0026] Missing route to pin _188_/A_N in net _039_.
[EST-0026] Missing route to pin _187_/Y in net _039_.
[EST-0026] Missing route to pin _189_/B in net _039_.
[EST-0026] Missing route to pin _188_/A_N in net _039_.
[EST-0026] Missing route to pin _187_/Y in net _039_.
[EST-0026] Missing route to pin _240_/B1 in net _040_.
[EST-0026] Missing route to pin _188_/X in net _040_.
[EST-0026] Missing route to pin _240_/B1 in net _040_.
[EST-0026] Missing route to pin _188_/X in net _040_.
[EST-0026] Missing route to pin _240_/B1 in net _040_.
[EST-0026] Missing route to pin _188_/X in net _040_.
[EST-0026] Missing route to pin _240_/B1 in net _040_.
[EST-0026] Missing route to pin _188_/X in net _040_.
[EST-0026] Missing route to pin _240_/B1 in net _040_.
[EST-0026] Missing route to pin _188_/X in net _040_.
[EST-0026] Missing route to pin _240_/B1 in net _040_.
[EST-0026] Missing route to pin _188_/X in net _040_.
[EST-0026] Missing route to pin _240_/B1 in net _040_.
[EST-0026] Missing route to pin _188_/X in net _040_.
[EST-0026] Missing route to pin _240_/B1 in net _040_.
[EST-0026] Missing route to pin _188_/X in net _040_.
[EST-0026] Missing route to pin _240_/B1 in net _040_.
[EST-0026] Missing route to pin _188_/X in net _040_.
[EST-0026] Missing route to pin _240_/A2 in net _041_.
[EST-0026] Missing route to pin _190_/B in net _041_.
[EST-0026] Missing route to pin _189_/Y in net _041_.
[EST-0026] Missing route to pin _240_/A2 in net _041_.
[EST-0026] Missing route to pin _190_/B in net _041_.
[EST-0026] Missing route to pin _189_/Y in net _041_.
[EST-0026] Missing route to pin _240_/A2 in net _041_.
[EST-0026] Missing route to pin _190_/B in net _041_.
[EST-0026] Missing route to pin _189_/Y in net _041_.
[EST-0026] Missing route to pin _240_/A2 in net _041_.
[EST-0026] Missing route to pin _190_/B in net _041_.
[EST-0026] Missing route to pin _189_/Y in net _041_.
[EST-0026] Missing route to pin _240_/A2 in net _041_.
[EST-0026] Missing route to pin _190_/B in net _041_.
[EST-0026] Missing route to pin _189_/Y in net _041_.
[EST-0026] Missing route to pin _240_/A2 in net _041_.
[EST-0026] Missing route to pin _190_/B in net _041_.
[EST-0026] Missing route to pin _189_/Y in net _041_.
[EST-0026] Missing route to pin _240_/A2 in net _041_.
[EST-0026] Missing route to pin _190_/B in net _041_.
[EST-0026] Missing route to pin _189_/Y in net _041_.
[EST-0026] Missing route to pin _240_/A2 in net _041_.
[EST-0026] Missing route to pin _190_/B in net _041_.
[EST-0026] Missing route to pin _189_/Y in net _041_.
[EST-0026] Missing route to pin _240_/A2 in net _041_.
[EST-0026] Missing route to pin _190_/B in net _041_.
[EST-0026] Missing route to pin _189_/Y in net _041_.
[EST-0026] Missing route to pin _249_/A1 in net _042_.
[EST-0026] Missing route to pin _208_/A in net _042_.
[EST-0026] Missing route to pin _190_/Y in net _042_.
[EST-0026] Missing route to pin _249_/A1 in net _042_.
[EST-0026] Missing route to pin _208_/A in net _042_.
[EST-0026] Missing route to pin _190_/Y in net _042_.
[EST-0026] Missing route to pin _249_/A1 in net _042_.
[EST-0026] Missing route to pin _208_/A in net _042_.
[EST-0026] Missing route to pin _190_/Y in net _042_.
[EST-0026] Missing route to pin _249_/A1 in net _042_.
[EST-0026] Missing route to pin _208_/A in net _042_.
[EST-0026] Missing route to pin _190_/Y in net _042_.
[EST-0026] Missing route to pin _249_/A1 in net _042_.
[EST-0026] Missing route to pin _208_/A in net _042_.
[EST-0026] Missing route to pin _190_/Y in net _042_.
[EST-0026] Missing route to pin _249_/A1 in net _042_.
[EST-0026] Missing route to pin _208_/A in net _042_.
[EST-0026] Missing route to pin _190_/Y in net _042_.
[EST-0026] Missing route to pin _249_/A1 in net _042_.
[EST-0026] Missing route to pin _208_/A in net _042_.
[EST-0026] Missing route to pin _190_/Y in net _042_.
[EST-0026] Missing route to pin _249_/A1 in net _042_.
[EST-0026] Missing route to pin _208_/A in net _042_.
[EST-0026] Missing route to pin _190_/Y in net _042_.
[EST-0026] Missing route to pin _249_/A1 in net _042_.
[EST-0026] Missing route to pin _208_/A in net _042_.
[EST-0026] Missing route to pin _190_/Y in net _042_.
[EST-0026] Missing route to pin _265_/B1 in net _043_.
[EST-0026] Missing route to pin _196_/A1 in net _043_.
[EST-0026] Missing route to pin _191_/Y in net _043_.
[EST-0026] Missing route to pin _265_/B1 in net _043_.
[EST-0026] Missing route to pin _196_/A1 in net _043_.
[EST-0026] Missing route to pin _191_/Y in net _043_.
[EST-0026] Missing route to pin _265_/B1 in net _043_.
[EST-0026] Missing route to pin _196_/A1 in net _043_.
[EST-0026] Missing route to pin _191_/Y in net _043_.
[EST-0026] Missing route to pin _265_/B1 in net _043_.
[EST-0026] Missing route to pin _196_/A1 in net _043_.
[EST-0026] Missing route to pin _191_/Y in net _043_.
[EST-0026] Missing route to pin _265_/B1 in net _043_.
[EST-0026] Missing route to pin _196_/A1 in net _043_.
[EST-0026] Missing route to pin _191_/Y in net _043_.
[EST-0026] Missing route to pin _265_/B1 in net _043_.
[EST-0026] Missing route to pin _196_/A1 in net _043_.
[EST-0026] Missing route to pin _191_/Y in net _043_.
[EST-0026] Missing route to pin _265_/B1 in net _043_.
[EST-0026] Missing route to pin _196_/A1 in net _043_.
[EST-0026] Missing route to pin _191_/Y in net _043_.
[EST-0026] Missing route to pin _265_/B1 in net _043_.
[EST-0026] Missing route to pin _196_/A1 in net _043_.
[EST-0026] Missing route to pin _191_/Y in net _043_.
[EST-0026] Missing route to pin _265_/B1 in net _043_.
[EST-0026] Missing route to pin _196_/A1 in net _043_.
[EST-0026] Missing route to pin _191_/Y in net _043_.
[EST-0026] Missing route to pin _265_/A2 in net _044_.
[EST-0026] Missing route to pin _264_/A1 in net _044_.
[EST-0026] Missing route to pin _196_/A2 in net _044_.
[EST-0026] Missing route to pin _194_/A in net _044_.
[EST-0026] Missing route to pin _192_/X in net _044_.
[EST-0026] Missing route to pin _265_/A2 in net _044_.
[EST-0026] Missing route to pin _264_/A1 in net _044_.
[EST-0026] Missing route to pin _196_/A2 in net _044_.
[EST-0026] Missing route to pin _194_/A in net _044_.
[EST-0026] Missing route to pin _192_/X in net _044_.
[EST-0026] Missing route to pin _265_/A2 in net _044_.
[EST-0026] Missing route to pin _264_/A1 in net _044_.
[EST-0026] Missing route to pin _196_/A2 in net _044_.
[EST-0026] Missing route to pin _194_/A in net _044_.
[EST-0026] Missing route to pin _192_/X in net _044_.
[EST-0026] Missing route to pin _265_/A2 in net _044_.
[EST-0026] Missing route to pin _264_/A1 in net _044_.
[EST-0026] Missing route to pin _196_/A2 in net _044_.
[EST-0026] Missing route to pin _194_/A in net _044_.
[EST-0026] Missing route to pin _192_/X in net _044_.
[EST-0026] Missing route to pin _265_/A2 in net _044_.
[EST-0026] Missing route to pin _264_/A1 in net _044_.
[EST-0026] Missing route to pin _196_/A2 in net _044_.
[EST-0026] Missing route to pin _194_/A in net _044_.
[EST-0026] Missing route to pin _192_/X in net _044_.
[EST-0026] Missing route to pin _265_/A2 in net _044_.
[EST-0026] Missing route to pin _264_/A1 in net _044_.
[EST-0026] Missing route to pin _196_/A2 in net _044_.
[EST-0026] Missing route to pin _194_/A in net _044_.
[EST-0026] Missing route to pin _192_/X in net _044_.
[EST-0026] Missing route to pin _265_/A2 in net _044_.
[EST-0026] Missing route to pin _264_/A1 in net _044_.
[EST-0026] Missing route to pin _196_/A2 in net _044_.
[EST-0026] Missing route to pin _194_/A in net _044_.
[EST-0026] Missing route to pin _192_/X in net _044_.
[EST-0026] Missing route to pin _265_/A2 in net _044_.
[EST-0026] Missing route to pin _264_/A1 in net _044_.
[EST-0026] Missing route to pin _196_/A2 in net _044_.
[EST-0026] Missing route to pin _194_/A in net _044_.
[EST-0026] Missing route to pin _192_/X in net _044_.
[EST-0026] Missing route to pin _265_/A2 in net _044_.
[EST-0026] Missing route to pin _264_/A1 in net _044_.
[EST-0026] Missing route to pin _196_/A2 in net _044_.
[EST-0026] Missing route to pin _194_/A in net _044_.
[EST-0026] Missing route to pin _192_/X in net _044_.
[EST-0026] Missing route to pin _264_/A2 in net _045_.
[EST-0026] Missing route to pin _196_/A3 in net _045_.
[EST-0026] Missing route to pin _194_/B in net _045_.
[EST-0026] Missing route to pin _193_/X in net _045_.
[EST-0026] Missing route to pin _264_/A2 in net _045_.
[EST-0026] Missing route to pin _196_/A3 in net _045_.
[EST-0026] Missing route to pin _194_/B in net _045_.
[EST-0026] Missing route to pin _193_/X in net _045_.
[EST-0026] Missing route to pin _264_/A2 in net _045_.
[EST-0026] Missing route to pin _196_/A3 in net _045_.
[EST-0026] Missing route to pin _194_/B in net _045_.
[EST-0026] Missing route to pin _193_/X in net _045_.
[EST-0026] Missing route to pin _264_/A2 in net _045_.
[EST-0026] Missing route to pin _196_/A3 in net _045_.
[EST-0026] Missing route to pin _194_/B in net _045_.
[EST-0026] Missing route to pin _193_/X in net _045_.
[EST-0026] Missing route to pin _264_/A2 in net _045_.
[EST-0026] Missing route to pin _196_/A3 in net _045_.
[EST-0026] Missing route to pin _194_/B in net _045_.
[EST-0026] Missing route to pin _193_/X in net _045_.
[EST-0026] Missing route to pin _264_/A2 in net _045_.
[EST-0026] Missing route to pin _196_/A3 in net _045_.
[EST-0026] Missing route to pin _194_/B in net _045_.
[EST-0026] Missing route to pin _193_/X in net _045_.
[EST-0026] Missing route to pin _264_/A2 in net _045_.
[EST-0026] Missing route to pin _196_/A3 in net _045_.
[EST-0026] Missing route to pin _194_/B in net _045_.
[EST-0026] Missing route to pin _193_/X in net _045_.
[EST-0026] Missing route to pin _264_/A2 in net _045_.
[EST-0026] Missing route to pin _196_/A3 in net _045_.
[EST-0026] Missing route to pin _194_/B in net _045_.
[EST-0026] Missing route to pin _193_/X in net _045_.
[EST-0026] Missing route to pin _264_/A2 in net _045_.
[EST-0026] Missing route to pin _196_/A3 in net _045_.
[EST-0026] Missing route to pin _194_/B in net _045_.
[EST-0026] Missing route to pin _193_/X in net _045_.
[EST-0026] Missing route to pin _248_/A in net _046_.
[EST-0026] Missing route to pin _194_/Y in net _046_.
[EST-0026] Missing route to pin _248_/A in net _046_.
[EST-0026] Missing route to pin _194_/Y in net _046_.
[EST-0026] Missing route to pin _248_/A in net _046_.
[EST-0026] Missing route to pin _194_/Y in net _046_.
[EST-0026] Missing route to pin _248_/A in net _046_.
[EST-0026] Missing route to pin _194_/Y in net _046_.
[EST-0026] Missing route to pin _248_/A in net _046_.
[EST-0026] Missing route to pin _194_/Y in net _046_.
[EST-0026] Missing route to pin _248_/A in net _046_.
[EST-0026] Missing route to pin _194_/Y in net _046_.
[EST-0026] Missing route to pin _248_/A in net _046_.
[EST-0026] Missing route to pin _194_/Y in net _046_.
[EST-0026] Missing route to pin _248_/A in net _046_.
[EST-0026] Missing route to pin _194_/Y in net _046_.
[EST-0026] Missing route to pin _248_/A in net _046_.
[EST-0026] Missing route to pin _194_/Y in net _046_.
[EST-0026] Missing route to pin _243_/A in net _048_.
[EST-0026] Missing route to pin _242_/B1 in net _048_.
[EST-0026] Missing route to pin _205_/A in net _048_.
[EST-0026] Missing route to pin _204_/A in net _048_.
[EST-0026] Missing route to pin _196_/X in net _048_.
[EST-0026] Missing route to pin _243_/A in net _048_.
[EST-0026] Missing route to pin _242_/B1 in net _048_.
[EST-0026] Missing route to pin _205_/A in net _048_.
[EST-0026] Missing route to pin _204_/A in net _048_.
[EST-0026] Missing route to pin _196_/X in net _048_.
[EST-0026] Missing route to pin _243_/A in net _048_.
[EST-0026] Missing route to pin _242_/B1 in net _048_.
[EST-0026] Missing route to pin _205_/A in net _048_.
[EST-0026] Missing route to pin _204_/A in net _048_.
[EST-0026] Missing route to pin _196_/X in net _048_.
[EST-0026] Missing route to pin _243_/A in net _048_.
[EST-0026] Missing route to pin _242_/B1 in net _048_.
[EST-0026] Missing route to pin _205_/A in net _048_.
[EST-0026] Missing route to pin _204_/A in net _048_.
[EST-0026] Missing route to pin _196_/X in net _048_.
[EST-0026] Missing route to pin _243_/A in net _048_.
[EST-0026] Missing route to pin _242_/B1 in net _048_.
[EST-0026] Missing route to pin _205_/A in net _048_.
[EST-0026] Missing route to pin _204_/A in net _048_.
[EST-0026] Missing route to pin _196_/X in net _048_.
[EST-0026] Missing route to pin _243_/A in net _048_.
[EST-0026] Missing route to pin _242_/B1 in net _048_.
[EST-0026] Missing route to pin _205_/A in net _048_.
[EST-0026] Missing route to pin _204_/A in net _048_.
[EST-0026] Missing route to pin _196_/X in net _048_.
[EST-0026] Missing route to pin _243_/A in net _048_.
[EST-0026] Missing route to pin _242_/B1 in net _048_.
[EST-0026] Missing route to pin _205_/A in net _048_.
[EST-0026] Missing route to pin _204_/A in net _048_.
[EST-0026] Missing route to pin _196_/X in net _048_.
[EST-0026] Missing route to pin _243_/A in net _048_.
[EST-0026] Missing route to pin _242_/B1 in net _048_.
[EST-0026] Missing route to pin _205_/A in net _048_.
[EST-0026] Missing route to pin _204_/A in net _048_.
[EST-0026] Missing route to pin _196_/X in net _048_.
[EST-0026] Missing route to pin _243_/A in net _048_.
[EST-0026] Missing route to pin _242_/B1 in net _048_.
[EST-0026] Missing route to pin _205_/A in net _048_.
[EST-0026] Missing route to pin _204_/A in net _048_.
[EST-0026] Missing route to pin _196_/X in net _048_.
[EST-0026] Missing route to pin _243_/B in net _049_.
[EST-0026] Missing route to pin _242_/A1 in net _049_.
[EST-0026] Missing route to pin _197_/X in net _049_.
[EST-0026] Missing route to pin _243_/B in net _049_.
[EST-0026] Missing route to pin _242_/A1 in net _049_.
[EST-0026] Missing route to pin _197_/X in net _049_.
[EST-0026] Missing route to pin _243_/B in net _049_.
[EST-0026] Missing route to pin _242_/A1 in net _049_.
[EST-0026] Missing route to pin _197_/X in net _049_.
[EST-0026] Missing route to pin _243_/B in net _049_.
[EST-0026] Missing route to pin _242_/A1 in net _049_.
[EST-0026] Missing route to pin _197_/X in net _049_.
[EST-0026] Missing route to pin _243_/B in net _049_.
[EST-0026] Missing route to pin _242_/A1 in net _049_.
[EST-0026] Missing route to pin _197_/X in net _049_.
[EST-0026] Missing route to pin _243_/B in net _049_.
[EST-0026] Missing route to pin _242_/A1 in net _049_.
[EST-0026] Missing route to pin _197_/X in net _049_.
[EST-0026] Missing route to pin _243_/B in net _049_.
[EST-0026] Missing route to pin _242_/A1 in net _049_.
[EST-0026] Missing route to pin _197_/X in net _049_.
[EST-0026] Missing route to pin _243_/B in net _049_.
[EST-0026] Missing route to pin _242_/A1 in net _049_.
[EST-0026] Missing route to pin _197_/X in net _049_.
[EST-0026] Missing route to pin _243_/B in net _049_.
[EST-0026] Missing route to pin _242_/A1 in net _049_.
[EST-0026] Missing route to pin _197_/X in net _049_.
[EST-0026] Missing route to pin _200_/B in net _050_.
[EST-0026] Missing route to pin _199_/B in net _050_.
[EST-0026] Missing route to pin _198_/X in net _050_.
[EST-0026] Missing route to pin _200_/B in net _050_.
[EST-0026] Missing route to pin _199_/B in net _050_.
[EST-0026] Missing route to pin _198_/X in net _050_.
[EST-0026] Missing route to pin _200_/B in net _050_.
[EST-0026] Missing route to pin _199_/B in net _050_.
[EST-0026] Missing route to pin _198_/X in net _050_.
[EST-0026] Missing route to pin _200_/B in net _050_.
[EST-0026] Missing route to pin _199_/B in net _050_.
[EST-0026] Missing route to pin _198_/X in net _050_.
[EST-0026] Missing route to pin _200_/B in net _050_.
[EST-0026] Missing route to pin _199_/B in net _050_.
[EST-0026] Missing route to pin _198_/X in net _050_.
[EST-0026] Missing route to pin _200_/B in net _050_.
[EST-0026] Missing route to pin _199_/B in net _050_.
[EST-0026] Missing route to pin _198_/X in net _050_.
[EST-0026] Missing route to pin _200_/B in net _050_.
[EST-0026] message limit (1000) reached. This message will no longer print.
Running 'Odb.DiodesOnPorts' at 'designs/audio_onset/runs/RUN_2026-10-05_20-00-31/42-odb-diodesonports'…
'DIODE_ON_PORTS' is set to 'none': skipping 'Odb.DiodesOnPorts'…
Running 'Odb.HeuristicDiodeInsertion' at 'designs/audio_onset/runs/RUN_2026-10-05_20-00-31/43-odb-heuristicdiodeinsertion'…
Running 'Odb.FuzzyDiodePlacement' at 'designs/audio_onset/runs/RUN_2026-10-05_20-00-31/43-odb-heuristicdiodeinsertion/1-odb-fuzzydiodeplacement'…
'GPL_CELL_PADDING' is set to 0. This step may cause overlap failures.
Logging subprocess to [repr.filename]'designs/audio_onset/runs/RUN_2026-10-05_20-00-31/43-odb-heuristicdiodeinsertion/1-odb-fuzzydiodeplacement/odb-fuzzydiodeplacement.log'[/repr.filename]…
Running 'OpenROAD.DetailedPlacement' at 'designs/audio_onset/runs/RUN_2026-10-05_20-00-31/43-odb-heuristicdiodeinsertion/2-openroad-detailedplacement'…
Logging subprocess to [repr.filename]'designs/audio_onset/runs/RUN_2026-10-05_20-00-31/43-odb-heuristicdiodeinsertion/2-openroad-detailedplacement/openroad-detailedplacement.log'[/repr.filename]…
Running 'OpenROAD.GlobalRouting' at 'designs/audio_onset/runs/RUN_2026-10-05_20-00-31/43-odb-heuristicdiodeinsertion/3-openroad-globalrouting'…
Logging subprocess to [repr.filename]'designs/audio_onset/runs/RUN_2026-10-05_20-00-31/43-odb-heuristicdiodeinsertion/3-openroad-globalrouting/openroad-globalrouting.log'[/repr.filename]…
Running 'OpenROAD.RepairAntennas' at 'designs/audio_onset/runs/RUN_2026-10-05_20-00-31/44-openroad-repairantennas'…
Running 'OpenROAD.DiodeInsertion' at 'designs/audio_onset/runs/RUN_2026-10-05_20-00-31/44-openroad-repairantennas/1-openroad-diodeinsertion'…
Logging subprocess to [repr.filename]'designs/audio_onset/runs/RUN_2026-10-05_20-00-31/44-openroad-repairantennas/1-openroad-diodeinsertion/openroad-diodeinsertion.log'[/repr.filename]…
Running 'OpenROAD.CheckAntennas' at 'designs/audio_onset/runs/RUN_2026-10-05_20-00-31/44-openroad-repairantennas/2-openroad-checkantennas'…
Logging subprocess to [repr.filename]'designs/audio_onset/runs/RUN_2026-10-05_20-00-31/44-openroad-repairantennas/2-openroad-checkantennas/openroad-checkantennas.log'[/repr.filename]…
Gating variable for step 'OpenROAD.ResizerTimingPostGRT' set to 'False'- the step will be skipped.
Skipping step 'Resizer Timing Optimizations (Post-Global Routing)'…
Running 'OpenROAD.STAMidPNR-3' at 'designs/audio_onset/runs/RUN_2026-10-05_20-00-31/45-openroad-stamidpnr-3'…
Logging subprocess to [repr.filename]'designs/audio_onset/runs/RUN_2026-10-05_20-00-31/45-openroad-stamidpnr-3/openroad-stamidpnr-3.log'[/repr.filename]…
Running 'OpenROAD.DetailedRouting' at 'designs/audio_onset/runs/RUN_2026-10-05_20-00-31/46-openroad-detailedrouting'…
Running TritonRoute with 6 threads…
Logging subprocess to [repr.filename]'designs/audio_onset/runs/RUN_2026-10-05_20-00-31/46-openroad-detailedrouting/openroad-detailedrouting.log'[/repr.filename]…
[DRT-0349] LEF58_ENCLOSURE with no CUTCLASS is not supported. Skipping for layer mcon
[DRT-0349] LEF58_ENCLOSURE with no CUTCLASS is not supported. Skipping for layer mcon
[DRT-0349] LEF58_ENCLOSURE with no CUTCLASS is not supported. Skipping for layer via
[DRT-0349] LEF58_ENCLOSURE with no CUTCLASS is not supported. Skipping for layer via
[DRT-0349] LEF58_ENCLOSURE with no CUTCLASS is not supported. Skipping for layer via2
[DRT-0349] LEF58_ENCLOSURE with no CUTCLASS is not supported. Skipping for layer via2
[DRT-0349] LEF58_ENCLOSURE with no CUTCLASS is not supported. Skipping for layer via3
[DRT-0349] LEF58_ENCLOSURE with no CUTCLASS is not supported. Skipping for layer via3
[DRT-0349] LEF58_ENCLOSURE with no CUTCLASS is not supported. Skipping for layer via4
[DRT-0349] LEF58_ENCLOSURE with no CUTCLASS is not supported. Skipping for layer via4
Running 'Odb.RemoveRoutingObstructions' at 'designs/audio_onset/runs/RUN_2026-10-05_20-00-31/47-odb-removeroutingobstructions'…
'ROUTING_OBSTRUCTIONS' is not defined. Skipping 'Odb.RemoveRoutingObstructions'…
Running 'OpenROAD.CheckAntennas-1' at 'designs/audio_onset/runs/RUN_2026-10-05_20-00-31/48-openroad-checkantennas-1'…
Logging subprocess to [repr.filename]'designs/audio_onset/runs/RUN_2026-10-05_20-00-31/48-openroad-checkantennas-1/openroad-checkantennas-1.log'[/repr.filename]…
Running 'Checker.TrDRC' at 'designs/audio_onset/runs/RUN_2026-10-05_20-00-31/49-checker-trdrc'…
Check for Routing DRC errors clear.
Running 'Odb.ReportDisconnectedPins' at 'designs/audio_onset/runs/RUN_2026-10-05_20-00-31/50-odb-reportdisconnectedpins'…
Logging subprocess to [repr.filename]'designs/audio_onset/runs/RUN_2026-10-05_20-00-31/50-odb-reportdisconnectedpins/odb-reportdisconnectedpins.log'[/repr.filename]…
Running 'Checker.DisconnectedPins' at 'designs/audio_onset/runs/RUN_2026-10-05_20-00-31/51-checker-disconnectedpins'…
Check for critical disconnected pins clear.
Running 'Odb.ReportWireLength' at 'designs/audio_onset/runs/RUN_2026-10-05_20-00-31/52-odb-reportwirelength'…
Logging subprocess to [repr.filename]'designs/audio_onset/runs/RUN_2026-10-05_20-00-31/52-odb-reportwirelength/odb-reportwirelength.log'[/repr.filename]…
Running 'Checker.WireLength' at 'designs/audio_onset/runs/RUN_2026-10-05_20-00-31/53-checker-wirelength'…
Threshold for Threshold-surpassing long wires is not set. The checker will be skipped.
Running 'OpenROAD.FillInsertion' at 'designs/audio_onset/runs/RUN_2026-10-05_20-00-31/54-openroad-fillinsertion'…
Logging subprocess to [repr.filename]'designs/audio_onset/runs/RUN_2026-10-05_20-00-31/54-openroad-fillinsertion/openroad-fillinsertion.log'[/repr.filename]…
Running 'Odb.CellFrequencyTables' at 'designs/audio_onset/runs/RUN_2026-10-05_20-00-31/55-odb-cellfrequencytables'…
Logging subprocess to [repr.filename]'designs/audio_onset/runs/RUN_2026-10-05_20-00-31/55-odb-cellfrequencytables/buffer_list.txt'[/repr.filename]…
Logging subprocess to [repr.filename]'designs/audio_onset/runs/RUN_2026-10-05_20-00-31/55-odb-cellfrequencytables/odb-cellfrequencytables.log'[/repr.filename]…
Running 'OpenROAD.RCX' at 'designs/audio_onset/runs/RUN_2026-10-05_20-00-31/56-openroad-rcx'…
Running RCX for corners matching nom_* (~/raja/open-ai-chip/designs/audio_onset/runs/RUN_2026-10-05_20-00-31/56-openroad-rcx/nom/rcx.log)…
Running RCX for corners matching min_* (~/raja/open-ai-chip/designs/audio_onset/runs/RUN_2026-10-05_20-00-31/56-openroad-rcx/min/rcx.log)…
Running RCX for corners matching max_* (~/raja/open-ai-chip/designs/audio_onset/runs/RUN_2026-10-05_20-00-31/56-openroad-rcx/max/rcx.log)…
Logging subprocess to [repr.filename]'designs/audio_onset/runs/RUN_2026-10-05_20-00-31/56-openroad-rcx/nom/rcx.log'[/repr.filename]…
Logging subprocess to [repr.filename]'designs/audio_onset/runs/RUN_2026-10-05_20-00-31/56-openroad-rcx/min/rcx.log'[/repr.filename]…
Logging subprocess to [repr.filename]'designs/audio_onset/runs/RUN_2026-10-05_20-00-31/56-openroad-rcx/max/rcx.log'[/repr.filename]…
Finished RCX for corners matching max_*.
Finished RCX for corners matching nom_*.
Finished RCX for corners matching min_*.
Running 'OpenROAD.STAPostPNR' at 'designs/audio_onset/runs/RUN_2026-10-05_20-00-31/57-openroad-stapostpnr'…
Starting STA for the nom_tt_025C_1v80 timing corner…
Starting STA for the nom_ss_100C_1v60 timing corner…
Starting STA for the nom_ff_n40C_1v95 timing corner…
Starting STA for the min_tt_025C_1v80 timing corner…
Starting STA for the min_ss_100C_1v60 timing corner…
Starting STA for the min_ff_n40C_1v95 timing corner…
Logging subprocess to [repr.filename]'designs/audio_onset/runs/RUN_2026-10-05_20-00-31/57-openroad-stapostpnr/nom_tt_025C_1v80/sta.log'[/repr.filename]…
Logging subprocess to [repr.filename]'designs/audio_onset/runs/RUN_2026-10-05_20-00-31/57-openroad-stapostpnr/nom_ss_100C_1v60/sta.log'[/repr.filename]…
Logging subprocess to [repr.filename]'designs/audio_onset/runs/RUN_2026-10-05_20-00-31/57-openroad-stapostpnr/nom_ff_n40C_1v95/sta.log'[/repr.filename]…
Logging subprocess to [repr.filename]'designs/audio_onset/runs/RUN_2026-10-05_20-00-31/57-openroad-stapostpnr/min_tt_025C_1v80/sta.log'[/repr.filename]…
Logging subprocess to [repr.filename]'designs/audio_onset/runs/RUN_2026-10-05_20-00-31/57-openroad-stapostpnr/min_ff_n40C_1v95/sta.log'[/repr.filename]…
Logging subprocess to [repr.filename]'designs/audio_onset/runs/RUN_2026-10-05_20-00-31/57-openroad-stapostpnr/min_ss_100C_1v60/sta.log'[/repr.filename]…
Finished STA for the min_ss_100C_1v60 timing corner.
Logging subprocess to [repr.filename]'designs/audio_onset/runs/RUN_2026-10-05_20-00-31/57-openroad-stapostpnr/min_ss_100C_1v60/filter_unannotated.log'[/repr.filename]…
Finished STA for the min_ff_n40C_1v95 timing corner.
Logging subprocess to [repr.filename]'designs/audio_onset/runs/RUN_2026-10-05_20-00-31/57-openroad-stapostpnr/min_ff_n40C_1v95/filter_unannotated.log'[/repr.filename]…
Finished STA for the nom_tt_025C_1v80 timing corner.
Logging subprocess to [repr.filename]'designs/audio_onset/runs/RUN_2026-10-05_20-00-31/57-openroad-stapostpnr/nom_tt_025C_1v80/filter_unannotated.log'[/repr.filename]…
Finished STA for the min_tt_025C_1v80 timing corner.
Logging subprocess to [repr.filename]'designs/audio_onset/runs/RUN_2026-10-05_20-00-31/57-openroad-stapostpnr/min_tt_025C_1v80/filter_unannotated.log'[/repr.filename]…
Finished STA for the nom_ss_100C_1v60 timing corner.
Logging subprocess to [repr.filename]'designs/audio_onset/runs/RUN_2026-10-05_20-00-31/57-openroad-stapostpnr/nom_ss_100C_1v60/filter_unannotated.log'[/repr.filename]…
Finished STA for the nom_ff_n40C_1v95 timing corner.
Logging subprocess to [repr.filename]'designs/audio_onset/runs/RUN_2026-10-05_20-00-31/57-openroad-stapostpnr/nom_ff_n40C_1v95/filter_unannotated.log'[/repr.filename]…
Starting STA for the max_tt_025C_1v80 timing corner…
Logging subprocess to [repr.filename]'designs/audio_onset/runs/RUN_2026-10-05_20-00-31/57-openroad-stapostpnr/max_tt_025C_1v80/sta.log'[/repr.filename]…
Starting STA for the max_ss_100C_1v60 timing corner…
Logging subprocess to [repr.filename]'designs/audio_onset/runs/RUN_2026-10-05_20-00-31/57-openroad-stapostpnr/max_ss_100C_1v60/sta.log'[/repr.filename]…
Starting STA for the max_ff_n40C_1v95 timing corner…
Logging subprocess to [repr.filename]'designs/audio_onset/runs/RUN_2026-10-05_20-00-31/57-openroad-stapostpnr/max_ff_n40C_1v95/sta.log'[/repr.filename]…
Finished STA for the max_tt_025C_1v80 timing corner.
Logging subprocess to [repr.filename]'designs/audio_onset/runs/RUN_2026-10-05_20-00-31/57-openroad-stapostpnr/max_tt_025C_1v80/filter_unannotated.log'[/repr.filename]…
Finished STA for the max_ss_100C_1v60 timing corner.
Logging subprocess to [repr.filename]'designs/audio_onset/runs/RUN_2026-10-05_20-00-31/57-openroad-stapostpnr/max_ss_100C_1v60/filter_unannotated.log'[/repr.filename]…
Finished STA for the max_ff_n40C_1v95 timing corner.
Logging subprocess to [repr.filename]'designs/audio_onset/runs/RUN_2026-10-05_20-00-31/57-openroad-stapostpnr/max_ff_n40C_1v95/filter_unannotated.log'[/repr.filename]…
Running 'OpenROAD.IRDropReport' at 'designs/audio_onset/runs/RUN_2026-10-05_20-00-31/58-openroad-irdropreport'…
'VSRC_LOC_FILES' was not given a value, which may make the results of IR drop analysis inaccurate. If you are not integrating a top-level chip for manufacture, you may ignore this warning, otherwise, see the documentation for 'VSRC_LOC_FILES'.
Logging subprocess to [repr.filename]'designs/audio_onset/runs/RUN_2026-10-05_20-00-31/58-openroad-irdropreport/openroad-irdropreport.log'[/repr.filename]…
+ analyze_power_grid -net vccd1 -voltage_file ~/raja/open-ai-chip/designs/audio_onset/runs/RUN_2026-10-05_20-00-31/58-openroad-irdropreport/net-vccd1.csv
[INFO PSM-0040] All shapes on net vccd1 are connected.
########## IR report #################
Net              : vccd1
Corner           : nom_tt_025C_1v80
Total power      : 6.98e-04 W
Supply voltage   : 1.80e+00 V
Worstcase voltage: 1.80e+00 V
Average voltage  : 1.80e+00 V
Average IR drop  : 1.90e-04 V
Worstcase IR drop: 7.35e-04 V
Percentage drop  : 0.04 %
######################################
+ analyze_power_grid -net vssd1 -voltage_file ~/raja/open-ai-chip/designs/audio_onset/runs/RUN_2026-10-05_20-00-31/58-openroad-irdropreport/net-vssd1.csv
[INFO PSM-0040] All shapes on net vssd1 are connected.
########## IR report #################
Net              : vssd1
Corner           : nom_tt_025C_1v80
Total power      : 6.98e-04 W
Supply voltage   : 0.00e+00 V
Worstcase voltage: 5.74e-04 V
Average voltage  : 1.70e-04 V
Average IR drop  : 1.70e-04 V
Worstcase IR drop: 5.74e-04 V
Percentage drop  : 0.03 %
######################################

Running 'Magic.StreamOut' at 'designs/audio_onset/runs/RUN_2026-10-05_20-00-31/59-magic-streamout'…
Logging subprocess to [repr.filename]'designs/audio_onset/runs/RUN_2026-10-05_20-00-31/59-magic-streamout/magic-streamout.log'[/repr.filename]…
Running 'KLayout.StreamOut' at 'designs/audio_onset/runs/RUN_2026-10-05_20-00-31/60-klayout-streamout'…
Logging subprocess to [repr.filename]'designs/audio_onset/runs/RUN_2026-10-05_20-00-31/60-klayout-streamout/klayout-streamout.log'[/repr.filename]…
Running 'KLayout.Render' at 'designs/audio_onset/runs/RUN_2026-10-05_20-00-31/61-klayout-render'…
Logging subprocess to [repr.filename]'designs/audio_onset/runs/RUN_2026-10-05_20-00-31/61-klayout-render/klayout-render.log'[/repr.filename]…
Running 'Magic.WriteLEF' at 'designs/audio_onset/runs/RUN_2026-10-05_20-00-31/62-magic-writelef'…
Logging subprocess to [repr.filename]'designs/audio_onset/runs/RUN_2026-10-05_20-00-31/62-magic-writelef/magic-writelef.log'[/repr.filename]…
Running 'Odb.CheckDesignAntennaProperties' at 'designs/audio_onset/runs/RUN_2026-10-05_20-00-31/63-odb-checkdesignantennaproperties'…
Logging subprocess to [repr.filename]'designs/audio_onset/runs/RUN_2026-10-05_20-00-31/63-odb-checkdesignantennaproperties/odb-checkdesignantennaproperties.log'[/repr.filename]…
Running 'KLayout.XOR' at 'designs/audio_onset/runs/RUN_2026-10-05_20-00-31/64-klayout-xor'…
Running XOR with 2 threads…
Logging subprocess to [repr.filename]'designs/audio_onset/runs/RUN_2026-10-05_20-00-31/64-klayout-xor/klayout-xor.log'[/repr.filename]…
Running 'Checker.XOR' at 'designs/audio_onset/runs/RUN_2026-10-05_20-00-31/65-checker-xor'…
Check for XOR differences clear.
Running 'Magic.DRC' at 'designs/audio_onset/runs/RUN_2026-10-05_20-00-31/66-magic-drc'…
Logging subprocess to [repr.filename]'designs/audio_onset/runs/RUN_2026-10-05_20-00-31/66-magic-drc/magic-drc.log'[/repr.filename]…
Running 'KLayout.DRC' at 'designs/audio_onset/runs/RUN_2026-10-05_20-00-31/67-klayout-drc'…
Running KLayout DRC with 2 threads…
Logging subprocess to [repr.filename]'designs/audio_onset/runs/RUN_2026-10-05_20-00-31/67-klayout-drc/klayout-drc.log'[/repr.filename]…
Logging subprocess to [repr.filename]'designs/audio_onset/runs/RUN_2026-10-05_20-00-31/67-klayout-drc/xml_drc_report_to_json.log'[/repr.filename]…
Running 'Checker.MagicDRC' at 'designs/audio_onset/runs/RUN_2026-10-05_20-00-31/68-checker-magicdrc'…
Check for Magic DRC errors clear.
Running 'Checker.KLayoutDRC' at 'designs/audio_onset/runs/RUN_2026-10-05_20-00-31/69-checker-klayoutdrc'…
Check for KLayout DRC errors clear.
Running 'Magic.SpiceExtraction' at 'designs/audio_onset/runs/RUN_2026-10-05_20-00-31/70-magic-spiceextraction'…
Logging subprocess to [repr.filename]'designs/audio_onset/runs/RUN_2026-10-05_20-00-31/70-magic-spiceextraction/magic-spiceextraction.log'[/repr.filename]…
Running 'Checker.IllegalOverlap' at 'designs/audio_onset/runs/RUN_2026-10-05_20-00-31/71-checker-illegaloverlap'…
Check for Magic Illegal Overlap errors clear.
Running 'Netgen.LVS' at 'designs/audio_onset/runs/RUN_2026-10-05_20-00-31/72-netgen-lvs'…
Logging subprocess to [repr.filename]'designs/audio_onset/runs/RUN_2026-10-05_20-00-31/72-netgen-lvs/netgen-lvs.log'[/repr.filename]…
Running 'Checker.LVS' at 'designs/audio_onset/runs/RUN_2026-10-05_20-00-31/73-checker-lvs'…
Check for LVS errors clear.
Gating variable for step 'Yosys.EQY' set to 'False'- the step will be skipped.
Skipping step 'Equivalence Check'…
Running 'Checker.SetupViolations' at 'designs/audio_onset/runs/RUN_2026-10-05_20-00-31/74-checker-setupviolations'…
No setup violations found
Running 'Checker.HoldViolations' at 'designs/audio_onset/runs/RUN_2026-10-05_20-00-31/75-checker-holdviolations'…
No hold violations found
Running 'Checker.MaxSlewViolations' at 'designs/audio_onset/runs/RUN_2026-10-05_20-00-31/76-checker-maxslewviolations'…
Max Slew violations found in the following corners:
* max_ss_100C_1v60
* min_ss_100C_1v60
* nom_ss_100C_1v60
No max slew violations found
Running 'Checker.MaxCapViolations' at 'designs/audio_onset/runs/RUN_2026-10-05_20-00-31/77-checker-maxcapviolations'…
No max cap violations found
Running 'Misc.ReportManufacturability' at 'designs/audio_onset/runs/RUN_2026-10-05_20-00-31/78-misc-reportmanufacturability'…
Saving views to '~/raja/open-ai-chip/designs/audio_onset/runs/RUN_2026-10-05_20-00-31/final'…
Flow complete.
