145. Printing statistics.

=== prec_fp16 ===

        +----------Local Count, excluding submodules.
        |        +-Local Area, excluding submodules.
        |        | 
      904        - wires
      918        - wire bits
       60        - public wires
       74        - public wire bits
       10        - ports
       24        - port bits
      905  8810.95 cells
        3   37.536   sky130_fd_sc_hd__a2111o_2
        1   15.014   sky130_fd_sc_hd__a2111oi_2
       12  120.115   sky130_fd_sc_hd__a211o_2
        9  112.608   sky130_fd_sc_hd__a211oi_2
        6   60.058   sky130_fd_sc_hd__a21bo_2
        8   90.086   sky130_fd_sc_hd__a21boi_2
       41  359.094   sky130_fd_sc_hd__a21o_2
       45  394.128   sky130_fd_sc_hd__a21oi_2
       12   135.13   sky130_fd_sc_hd__a221o_2
        1   15.014   sky130_fd_sc_hd__a221oi_2
       16  160.154   sky130_fd_sc_hd__a22o_2
        3   33.782   sky130_fd_sc_hd__a311o_2
        1   15.014   sky130_fd_sc_hd__a311oi_2
       14  122.618   sky130_fd_sc_hd__a31o_2
        1   12.512   sky130_fd_sc_hd__a31oi_2
        5   56.304   sky130_fd_sc_hd__a32o_2
        2   22.522   sky130_fd_sc_hd__a41o_2
       40  300.288   sky130_fd_sc_hd__and2_2
       22  192.685   sky130_fd_sc_hd__and2b_2
       28  210.202   sky130_fd_sc_hd__and3_2
        2   20.019   sky130_fd_sc_hd__and3b_2
        6   60.058   sky130_fd_sc_hd__and4_2
        2   22.522   sky130_fd_sc_hd__and4b_2
       52 1.11E+03   sky130_fd_sc_hd__dfxtp_2
       44  165.158   sky130_fd_sc_hd__inv_2
       92 1.04E+03   sky130_fd_sc_hd__mux2_1
       64  400.384   sky130_fd_sc_hd__nand2_2
       10   87.584   sky130_fd_sc_hd__nand2b_2
        9   90.086   sky130_fd_sc_hd__nand3_2
        1   11.261   sky130_fd_sc_hd__nand3b_2
        3   37.536   sky130_fd_sc_hd__nand4_2
       85   531.76   sky130_fd_sc_hd__nor2_2
        8   80.077   sky130_fd_sc_hd__nor3_2
        2   25.024   sky130_fd_sc_hd__nor3b_2
        1   12.512   sky130_fd_sc_hd__nor4_2
        1   15.014   sky130_fd_sc_hd__o2111ai_2
       20  200.192   sky130_fd_sc_hd__o211a_2
        2   25.024   sky130_fd_sc_hd__o211ai_2
       17  148.893   sky130_fd_sc_hd__o21a_2
       32  280.269   sky130_fd_sc_hd__o21ai_2
        7   70.067   sky130_fd_sc_hd__o21ba_2
        1   11.261   sky130_fd_sc_hd__o21bai_2
        3   33.782   sky130_fd_sc_hd__o221a_2
        1   15.014   sky130_fd_sc_hd__o221ai_2
        7   70.067   sky130_fd_sc_hd__o22a_2
        2   25.024   sky130_fd_sc_hd__o22ai_2
        2   22.522   sky130_fd_sc_hd__o2bb2a_2
        3   33.782   sky130_fd_sc_hd__o311a_2
        5   50.048   sky130_fd_sc_hd__o31a_2
        1   12.512   sky130_fd_sc_hd__o41a_2
       49  306.544   sky130_fd_sc_hd__or2_2
       18   135.13   sky130_fd_sc_hd__or3_2
       10   87.584   sky130_fd_sc_hd__or3b_2
        6    52.55   sky130_fd_sc_hd__or4_2
        4   40.038   sky130_fd_sc_hd__or4b_2
       37  601.827   sky130_fd_sc_hd__xnor2_2
       26  422.906   sky130_fd_sc_hd__xor2_2

   Chip area for module '\prec_fp16': 8810.950400
     of which used for sequential elements: 1106.060800 (12.55%)

