┏━━━━━━━━━━━━━━━━━━━━━━┳━━━━━━━━━━┳━━━━━━━━━━┳━━━━━━━━━━┳━━━━━━━━━━┳━━━━━━━━━━━┳━━━━━━━━━━┳━━━━━━━━━━━┳━━━━━━━━━━┳━━━━━━━━━━━┳━━━━━━━━━━┳━━━━━━━━━━━┳━━━━━━━━━━┓
┃                      ┃ Hold     ┃ Reg to   ┃          ┃          ┃ of which  ┃ Setup    ┃           ┃          ┃           ┃ of which ┃           ┃          ┃
┃                      ┃ Worst    ┃ Reg      ┃          ┃ Hold Vio ┃ reg to    ┃ Worst    ┃ Reg to    ┃ Setup    ┃ Setup Vio ┃ reg to   ┃ Max Cap   ┃ Max Slew ┃
┃ Corner/Group         ┃ Slack    ┃ Paths    ┃ Hold TNS ┃ Count    ┃ reg       ┃ Slack    ┃ Reg Paths ┃ TNS      ┃ Count     ┃ reg      ┃ Violatio… ┃ Violati… ┃
┡━━━━━━━━━━━━━━━━━━━━━━╇━━━━━━━━━━╇━━━━━━━━━━╇━━━━━━━━━━╇━━━━━━━━━━╇━━━━━━━━━━━╇━━━━━━━━━━╇━━━━━━━━━━━╇━━━━━━━━━━╇━━━━━━━━━━━╇━━━━━━━━━━╇━━━━━━━━━━━╇━━━━━━━━━━┩
│ Overall              │ 0.1108   │ 0.1108   │ 0.0000   │ 0        │ 0         │ 0.1106   │ 0.1106    │ 0.0000   │ 0         │ 0        │ 0         │ 36       │
│ nom_tt_025C_1v80     │ 0.3173   │ 0.3173   │ 0.0000   │ 0        │ 0         │ 12.1783  │ 12.1783   │ 0.0000   │ 0         │ 0        │ 0         │ 0        │
│ nom_ss_100C_1v60     │ 0.8953   │ 0.8953   │ 0.0000   │ 0        │ 0         │ 0.2815   │ 0.2815    │ 0.0000   │ 0         │ 0        │ 0         │ 36       │
│ nom_ff_n40C_1v95     │ 0.1139   │ 0.1139   │ 0.0000   │ 0        │ 0         │ 16.9900  │ 16.9900   │ 0.0000   │ 0         │ 0        │ 0         │ 0        │
│ min_tt_025C_1v80     │ 0.3145   │ 0.3145   │ 0.0000   │ 0        │ 0         │ 12.2618  │ 12.2618   │ 0.0000   │ 0         │ 0        │ 0         │ 0        │
│ min_ss_100C_1v60     │ 0.8905   │ 0.8905   │ 0.0000   │ 0        │ 0         │ 0.4337   │ 0.4337    │ 0.0000   │ 0         │ 0        │ 0         │ 36       │
│ min_ff_n40C_1v95     │ 0.1108   │ 0.1108   │ 0.0000   │ 0        │ 0         │ 17.0516  │ 17.0516   │ 0.0000   │ 0         │ 0        │ 0         │ 0        │
│ max_tt_025C_1v80     │ 0.3196   │ 0.3196   │ 0.0000   │ 0        │ 0         │ 12.0999  │ 12.0999   │ 0.0000   │ 0         │ 0        │ 0         │ 0        │
│ max_ss_100C_1v60     │ 0.8995   │ 0.8995   │ 0.0000   │ 0        │ 0         │ 0.1106   │ 0.1106    │ 0.0000   │ 0         │ 0        │ 0         │ 36       │
│ max_ff_n40C_1v95     │ 0.1165   │ 0.1165   │ 0.0000   │ 0        │ 0         │ 16.9283  │ 16.9283   │ 0.0000   │ 0         │ 0        │ 0         │ 0        │
└──────────────────────┴──────────┴──────────┴──────────┴──────────┴───────────┴──────────┴───────────┴──────────┴───────────┴──────────┴───────────┴──────────┘
