
===========================================================================
report_checks -path_delay max (Setup)
============================================================================
======================= max_ss_100C_1v60 Corner ===================================

Startpoint: _1720_ (rising edge-triggered flip-flop clocked by clk)
Endpoint: _1740_ (rising edge-triggered flip-flop clocked by clk)
Path Group: clk
Path Type: max

Fanout         Cap        Slew       Delay        Time   Description
---------------------------------------------------------------------------------------------
                                  0.000000    0.000000   clock clk (rise edge)
                                  0.000000    0.000000   clock source latency
     2    0.021688    0.161727    0.110854    0.110854 ^ clk (in)
                                                         clk (net)
                      0.161737    0.000000    0.110854 ^ clkbuf_0_clk/A (sky130_fd_sc_hd__clkbuf_16)
    17    0.100723    0.177877    0.354743    0.465597 ^ clkbuf_0_clk/X (sky130_fd_sc_hd__clkbuf_16)
                                                         clknet_0_clk (net)
                      0.178253    0.005536    0.471133 ^ clkbuf_3_5__f_clk/A (sky130_fd_sc_hd__clkbuf_16)
     7    0.019244    0.066497    0.269861    0.740994 ^ clkbuf_3_5__f_clk/X (sky130_fd_sc_hd__clkbuf_16)
                                                         clknet_3_5__leaf_clk (net)
                      0.066497    0.000880    0.741873 ^ _1720_/CLK (sky130_fd_sc_hd__dfxtp_4)
     8    0.033405    0.173134    0.782699    1.524573 ^ _1720_/Q (sky130_fd_sc_hd__dfxtp_4)
                                                         add.pbits[7] (net)
                      0.173280    0.004544    1.529117 ^ _1244_/A_N (sky130_fd_sc_hd__and2b_2)
     2    0.007761    0.091986    0.513518    2.042635 v _1244_/X (sky130_fd_sc_hd__and2b_2)
                                                         _0407_ (net)
                      0.091986    0.000282    2.042917 v _1262_/A (sky130_fd_sc_hd__or4_4)
     2    0.004881    0.153890    1.053017    3.095935 v _1262_/X (sky130_fd_sc_hd__or4_4)
                                                         _0425_ (net)
                      0.153890    0.000272    3.096207 v _1263_/C (sky130_fd_sc_hd__or3_2)
     1    0.002829    0.161066    0.985199    4.081406 v _1263_/X (sky130_fd_sc_hd__or3_2)
                                                         _0426_ (net)
                      0.161066    0.000197    4.081603 v _1268_/B1 (sky130_fd_sc_hd__o311a_2)
     1    0.006152    0.112590    0.297728    4.379330 v _1268_/X (sky130_fd_sc_hd__o311a_2)
                                                         _0431_ (net)
                      0.112590    0.000467    4.379797 v _1269_/C (sky130_fd_sc_hd__or4b_4)
     1    0.010526    0.175089    1.011292    5.391088 v _1269_/X (sky130_fd_sc_hd__or4b_4)
                                                         _0432_ (net)
                      0.175089    0.000826    5.391914 v _1271_/A1 (sky130_fd_sc_hd__a211oi_4)
     3    0.010885    0.349514    0.448099    5.840014 ^ _1271_/Y (sky130_fd_sc_hd__a211oi_4)
                                                         _0434_ (net)
                      0.349515    0.000929    5.840943 ^ max_cap73/A (sky130_fd_sc_hd__buf_6)
     2    0.012860    0.065846    0.284987    6.125930 ^ max_cap73/X (sky130_fd_sc_hd__buf_6)
                                                         net73 (net)
                      0.065888    0.000930    6.126861 ^ _1275_/A1 (sky130_fd_sc_hd__o21ai_4)
     3    0.024886    0.149860    0.170454    6.297315 v _1275_/Y (sky130_fd_sc_hd__o21ai_4)
                                                         _0438_ (net)
                      0.149884    0.001923    6.299238 v fanout70/A (sky130_fd_sc_hd__buf_6)
     5    0.023802    0.063516    0.270155    6.569392 v fanout70/X (sky130_fd_sc_hd__buf_6)
                                                         net70 (net)
                      0.063530    0.000929    6.570322 v _1280_/A2 (sky130_fd_sc_hd__a2111o_2)
     3    0.013274    0.167668    0.963226    7.533547 v _1280_/X (sky130_fd_sc_hd__a2111o_2)
                                                         _0443_ (net)
                      0.167669    0.000777    7.534325 v _1288_/A2 (sky130_fd_sc_hd__a31o_4)
     3    0.021772    0.103861    0.504648    8.038973 v _1288_/X (sky130_fd_sc_hd__a31o_4)
                                                         _0451_ (net)
                      0.103864    0.000675    8.039647 v rebuffer146/A (sky130_fd_sc_hd__buf_2)
     1    0.005480    0.055343    0.256090    8.295737 v rebuffer146/X (sky130_fd_sc_hd__buf_2)
                                                         net146 (net)
                      0.055343    0.000326    8.296063 v _1290_/A0 (sky130_fd_sc_hd__mux2_1)
     1    0.001619    0.098512    0.603065    8.899129 v _1290_/X (sky130_fd_sc_hd__mux2_1)
                                                         _0453_ (net)
                      0.098512    0.000109    8.899238 v _1291_/B1_N (sky130_fd_sc_hd__a21bo_2)
     5    0.029227    0.257748    0.528401    9.427639 ^ _1291_/X (sky130_fd_sc_hd__a21bo_2)
                                                         _0454_ (net)
                      0.257771    0.002633    9.430273 ^ fanout61/A (sky130_fd_sc_hd__clkbuf_4)
     8    0.040179    0.205245    0.431627    9.861900 ^ fanout61/X (sky130_fd_sc_hd__clkbuf_4)
                                                         net61 (net)
                      0.205280    0.002771    9.864671 ^ fanout60/A (sky130_fd_sc_hd__buf_6)
     8    0.050607    0.170898    0.317391   10.182062 ^ fanout60/X (sky130_fd_sc_hd__buf_6)
                                                         net60 (net)
                      0.171180    0.004833   10.186896 ^ _1385_/A (sky130_fd_sc_hd__xnor2_2)
     1    0.004741    0.098850    0.176007   10.362903 v _1385_/Y (sky130_fd_sc_hd__xnor2_2)
                                                         _0548_ (net)
                      0.098850    0.000355   10.363258 v _1386_/B1 (sky130_fd_sc_hd__o31a_2)
     1    0.008860    0.116312    0.243582   10.606840 v _1386_/X (sky130_fd_sc_hd__o31a_2)
                                                         _0549_ (net)
                      0.116312    0.000680   10.607520 v _1387_/B1 (sky130_fd_sc_hd__a2111oi_4)
     1    0.004259    0.385103    0.548558   11.156078 ^ _1387_/Y (sky130_fd_sc_hd__a2111oi_4)
                                                         _0550_ (net)
                      0.385103    0.000291   11.156369 ^ wire58/A (sky130_fd_sc_hd__clkbuf_2)
     1    0.016805    0.156778    0.385104   11.541473 ^ wire58/X (sky130_fd_sc_hd__clkbuf_2)
                                                         net58 (net)
                      0.156792    0.001553   11.543026 ^ wire57/A (sky130_fd_sc_hd__buf_6)
     2    0.010497    0.056772    0.206134   11.749160 ^ wire57/X (sky130_fd_sc_hd__buf_6)
                                                         net57 (net)
                      0.056791    0.000698   11.749858 ^ _1394_/A1 (sky130_fd_sc_hd__a41o_4)
     2    0.008246    0.098975    0.395969   12.145827 ^ _1394_/X (sky130_fd_sc_hd__a41o_4)
                                                         _0557_ (net)
                      0.098975    0.000737   12.146564 ^ _1395_/B2 (sky130_fd_sc_hd__a221oi_1)
     1    0.003120    0.165092    0.162851   12.309415 v _1395_/Y (sky130_fd_sc_hd__a221oi_1)
                                                         _0558_ (net)
                      0.165092    0.000205   12.309620 v wire48/A (sky130_fd_sc_hd__clkbuf_2)
     2    0.004449    0.051355    0.229452   12.539072 v wire48/X (sky130_fd_sc_hd__clkbuf_2)
                                                         net48 (net)
                      0.051355    0.000259   12.539331 v max_cap47/A (sky130_fd_sc_hd__dlygate4sd1_1)
     2    0.007206    0.096740    0.502886   13.042217 v max_cap47/X (sky130_fd_sc_hd__dlygate4sd1_1)
                                                         net47 (net)
                      0.096740    0.000289   13.042506 v _1420_/A (sky130_fd_sc_hd__or4b_4)
     2    0.011985    0.179244    1.108294   14.150800 v _1420_/X (sky130_fd_sc_hd__or4b_4)
                                                         _0583_ (net)
                      0.179244    0.001367   14.152167 v _1443_/A1 (sky130_fd_sc_hd__a2111o_2)
     3    0.014344    0.174545    0.946044   15.098211 v _1443_/X (sky130_fd_sc_hd__a2111o_2)
                                                         _0606_ (net)
                      0.174548    0.001103   15.099315 v rebuffer129/A (sky130_fd_sc_hd__buf_2)
     1    0.004963    0.052683    0.286734   15.386048 v rebuffer129/X (sky130_fd_sc_hd__buf_2)
                                                         net129 (net)
                      0.052683    0.000364   15.386413 v _1476_/B (sky130_fd_sc_hd__nand3_2)
     1    0.003257    0.104430    0.094582   15.480995 ^ _1476_/Y (sky130_fd_sc_hd__nand3_2)
                                                         _0639_ (net)
                      0.104431    0.000220   15.481215 ^ _1478_/B1 (sky130_fd_sc_hd__a32o_2)
     1    0.011453    0.152272    0.298261   15.779476 ^ _1478_/X (sky130_fd_sc_hd__a32o_2)
                                                         _0641_ (net)
                      0.152273    0.000760   15.780236 ^ _1479_/B (sky130_fd_sc_hd__xor2_2)
     1    0.007154    0.110298    0.166370   15.946607 v _1479_/X (sky130_fd_sc_hd__xor2_2)
                                                         _0642_ (net)
                      0.110299    0.000369   15.946976 v wire44/A (sky130_fd_sc_hd__buf_6)
     5    0.027364    0.069387    0.256266   16.203241 v wire44/X (sky130_fd_sc_hd__buf_6)
                                                         net44 (net)
                      0.069427    0.001569   16.204811 v _1541_/A1 (sky130_fd_sc_hd__o211a_4)
     2    0.012097    0.082463    0.475589   16.680399 v _1541_/X (sky130_fd_sc_hd__o211a_4)
                                                         _0704_ (net)
                      0.082463    0.000774   16.681173 v rebuffer134/A (sky130_fd_sc_hd__buf_2)
     3    0.011125    0.076877    0.269386   16.950560 v rebuffer134/X (sky130_fd_sc_hd__buf_2)
                                                         net134 (net)
                      0.076880    0.000551   16.951111 v _1543_/B (sky130_fd_sc_hd__or2_4)
     6    0.030788    0.141214    0.525329   17.476440 v _1543_/X (sky130_fd_sc_hd__or2_4)
                                                         _0706_ (net)
                      0.141232    0.001608   17.478048 v _1555_/S (sky130_fd_sc_hd__mux2_1)
     2    0.008137    0.160342    0.786287   18.264334 v _1555_/X (sky130_fd_sc_hd__mux2_1)
                                                         _0718_ (net)
                      0.160342    0.000526   18.264860 v _1571_/A0 (sky130_fd_sc_hd__mux2_2)
     3    0.014707    0.150882    0.656474   18.921335 v _1571_/X (sky130_fd_sc_hd__mux2_2)
                                                         _0734_ (net)
                      0.150888    0.001114   18.922447 v _1572_/A1 (sky130_fd_sc_hd__a211oi_2)
     3    0.010395    0.412196    0.467027   19.389475 ^ _1572_/Y (sky130_fd_sc_hd__a211oi_2)
                                                         _0735_ (net)
                      0.412196    0.000780   19.390255 ^ _1574_/D (sky130_fd_sc_hd__and4_2)
     2    0.008951    0.145915    0.627331   20.017586 ^ _1574_/X (sky130_fd_sc_hd__and4_2)
                                                         _0737_ (net)
                      0.145915    0.000469   20.018055 ^ _1595_/C (sky130_fd_sc_hd__and4_2)
     2    0.006853    0.130837    0.519570   20.537626 ^ _1595_/X (sky130_fd_sc_hd__and4_2)
                                                         _0758_ (net)
                      0.130883    0.000448   20.538073 ^ _1606_/A (sky130_fd_sc_hd__and3_4)
     3    0.016663    0.139588    0.450484   20.988558 ^ _1606_/X (sky130_fd_sc_hd__and3_4)
                                                         _0769_ (net)
                      0.139592    0.000961   20.989519 ^ _1607_/A2 (sky130_fd_sc_hd__o21a_2)
     2    0.007519    0.091921    0.278087   21.267605 ^ _1607_/X (sky130_fd_sc_hd__o21a_2)
                                                         _0770_ (net)
                      0.091921    0.000355   21.267960 ^ _1611_/A_N (sky130_fd_sc_hd__and2b_2)
     1    0.008591    0.094962    0.483121   21.751081 v _1611_/X (sky130_fd_sc_hd__and2b_2)
                                                         _0774_ (net)
                      0.094962    0.000480   21.751562 v _1629_/B (sky130_fd_sc_hd__xor2_2)
     5    0.024640    0.246088    0.357065   22.108627 v _1629_/X (sky130_fd_sc_hd__xor2_2)
                                                         _0792_ (net)
                      0.246114    0.002075   22.110701 v _1633_/B (sky130_fd_sc_hd__or4_4)
     1    0.004615    0.152449    1.072827   23.183529 v _1633_/X (sky130_fd_sc_hd__or4_4)
                                                         _0796_ (net)
                      0.152449    0.000338   23.183867 v _1634_/A3 (sky130_fd_sc_hd__o31a_4)
     2    0.017159    0.117282    0.589562   23.773428 v _1634_/X (sky130_fd_sc_hd__o31a_4)
                                                         _0797_ (net)
                      0.117412    0.001778   23.775206 v fanout24/A (sky130_fd_sc_hd__buf_8)
     8    0.039964    0.076092    0.264812   24.040018 v fanout24/X (sky130_fd_sc_hd__buf_8)
                                                         net24 (net)
                      0.077145    0.006949   24.046968 v _1685_/B2 (sky130_fd_sc_hd__a22o_2)
     1    0.009121    0.095722    0.450553   24.497520 v _1685_/X (sky130_fd_sc_hd__a22o_2)
                                                         _0836_ (net)
                      0.095728    0.000828   24.498348 v _1687_/A2 (sky130_fd_sc_hd__a211o_2)
     1    0.002037    0.078153    0.608384   25.106733 v _1687_/X (sky130_fd_sc_hd__a211o_2)
                                                         _0048_ (net)
                      0.078153    0.000139   25.106873 v _1740_/D (sky130_fd_sc_hd__dfxtp_2)
                                             25.106873   data arrival time

                                 25.000000   25.000000   clock clk (rise edge)
                                  0.000000   25.000000   clock source latency
     2    0.021688    0.161727    0.110854   25.110853 ^ clk (in)
                                                         clk (net)
                      0.161737    0.000000   25.110853 ^ clkbuf_0_clk/A (sky130_fd_sc_hd__clkbuf_16)
    17    0.100723    0.177877    0.354744   25.465597 ^ clkbuf_0_clk/X (sky130_fd_sc_hd__clkbuf_16)
                                                         clknet_0_clk (net)
                      0.178561    0.008075   25.473671 ^ clkbuf_3_3__f_clk/A (sky130_fd_sc_hd__clkbuf_16)
     7    0.020135    0.067598    0.271404   25.745075 ^ clkbuf_3_3__f_clk/X (sky130_fd_sc_hd__clkbuf_16)
                                                         clknet_3_3__leaf_clk (net)
                      0.067598    0.000783   25.745859 ^ _1740_/CLK (sky130_fd_sc_hd__dfxtp_2)
                                 -0.250000   25.495861   clock uncertainty
                                  0.000000   25.495861   clock reconvergence pessimism
                                 -0.278425   25.217434   library setup time
                                             25.217434   data required time
---------------------------------------------------------------------------------------------
                                             25.217434   data required time
                                            -25.106873   data arrival time
---------------------------------------------------------------------------------------------
                                              0.110562   slack (MET)


Startpoint: _1720_ (rising edge-triggered flip-flop clocked by clk)
Endpoint: _1736_ (rising edge-triggered flip-flop clocked by clk)
Path Group: clk
Path Type: max

Fanout         Cap        Slew       Delay        Time   Description
---------------------------------------------------------------------------------------------
                                  0.000000    0.000000   clock clk (rise edge)
                                  0.000000    0.000000   clock source latency
     2    0.021688    0.161727    0.110854    0.110854 ^ clk (in)
                                                         clk (net)
                      0.161737    0.000000    0.110854 ^ clkbuf_0_clk/A (sky130_fd_sc_hd__clkbuf_16)
    17    0.100723    0.177877    0.354743    0.465597 ^ clkbuf_0_clk/X (sky130_fd_sc_hd__clkbuf_16)
                                                         clknet_0_clk (net)
                      0.178253    0.005536    0.471133 ^ clkbuf_3_5__f_clk/A (sky130_fd_sc_hd__clkbuf_16)
     7    0.019244    0.066497    0.269861    0.740994 ^ clkbuf_3_5__f_clk/X (sky130_fd_sc_hd__clkbuf_16)
                                                         clknet_3_5__leaf_clk (net)
                      0.066497    0.000880    0.741873 ^ _1720_/CLK (sky130_fd_sc_hd__dfxtp_4)
     8    0.033405    0.173134    0.782699    1.524573 ^ _1720_/Q (sky130_fd_sc_hd__dfxtp_4)
                                                         add.pbits[7] (net)
                      0.173280    0.004544    1.529117 ^ _1244_/A_N (sky130_fd_sc_hd__and2b_2)
     2    0.007761    0.091986    0.513518    2.042635 v _1244_/X (sky130_fd_sc_hd__and2b_2)
                                                         _0407_ (net)
                      0.091986    0.000282    2.042917 v _1262_/A (sky130_fd_sc_hd__or4_4)
     2    0.004881    0.153890    1.053017    3.095935 v _1262_/X (sky130_fd_sc_hd__or4_4)
                                                         _0425_ (net)
                      0.153890    0.000272    3.096207 v _1263_/C (sky130_fd_sc_hd__or3_2)
     1    0.002829    0.161066    0.985199    4.081406 v _1263_/X (sky130_fd_sc_hd__or3_2)
                                                         _0426_ (net)
                      0.161066    0.000197    4.081603 v _1268_/B1 (sky130_fd_sc_hd__o311a_2)
     1    0.006152    0.112590    0.297728    4.379330 v _1268_/X (sky130_fd_sc_hd__o311a_2)
                                                         _0431_ (net)
                      0.112590    0.000467    4.379797 v _1269_/C (sky130_fd_sc_hd__or4b_4)
     1    0.010526    0.175089    1.011292    5.391088 v _1269_/X (sky130_fd_sc_hd__or4b_4)
                                                         _0432_ (net)
                      0.175089    0.000826    5.391914 v _1271_/A1 (sky130_fd_sc_hd__a211oi_4)
     3    0.010885    0.349514    0.448099    5.840014 ^ _1271_/Y (sky130_fd_sc_hd__a211oi_4)
                                                         _0434_ (net)
                      0.349515    0.000929    5.840943 ^ max_cap73/A (sky130_fd_sc_hd__buf_6)
     2    0.012860    0.065846    0.284987    6.125930 ^ max_cap73/X (sky130_fd_sc_hd__buf_6)
                                                         net73 (net)
                      0.065888    0.000930    6.126861 ^ _1275_/A1 (sky130_fd_sc_hd__o21ai_4)
     3    0.024886    0.149860    0.170454    6.297315 v _1275_/Y (sky130_fd_sc_hd__o21ai_4)
                                                         _0438_ (net)
                      0.149884    0.001923    6.299238 v fanout70/A (sky130_fd_sc_hd__buf_6)
     5    0.023802    0.063516    0.270155    6.569392 v fanout70/X (sky130_fd_sc_hd__buf_6)
                                                         net70 (net)
                      0.063530    0.000929    6.570322 v _1280_/A2 (sky130_fd_sc_hd__a2111o_2)
     3    0.013274    0.167668    0.963226    7.533547 v _1280_/X (sky130_fd_sc_hd__a2111o_2)
                                                         _0443_ (net)
                      0.167669    0.000777    7.534325 v _1288_/A2 (sky130_fd_sc_hd__a31o_4)
     3    0.021772    0.103861    0.504648    8.038973 v _1288_/X (sky130_fd_sc_hd__a31o_4)
                                                         _0451_ (net)
                      0.103864    0.000675    8.039647 v rebuffer146/A (sky130_fd_sc_hd__buf_2)
     1    0.005480    0.055343    0.256090    8.295737 v rebuffer146/X (sky130_fd_sc_hd__buf_2)
                                                         net146 (net)
                      0.055343    0.000326    8.296063 v _1290_/A0 (sky130_fd_sc_hd__mux2_1)
     1    0.001619    0.098512    0.603065    8.899129 v _1290_/X (sky130_fd_sc_hd__mux2_1)
                                                         _0453_ (net)
                      0.098512    0.000109    8.899238 v _1291_/B1_N (sky130_fd_sc_hd__a21bo_2)
     5    0.029227    0.257748    0.528401    9.427639 ^ _1291_/X (sky130_fd_sc_hd__a21bo_2)
                                                         _0454_ (net)
                      0.257771    0.002633    9.430273 ^ fanout61/A (sky130_fd_sc_hd__clkbuf_4)
     8    0.040179    0.205245    0.431627    9.861900 ^ fanout61/X (sky130_fd_sc_hd__clkbuf_4)
                                                         net61 (net)
                      0.205280    0.002771    9.864671 ^ fanout60/A (sky130_fd_sc_hd__buf_6)
     8    0.050607    0.170898    0.317391   10.182062 ^ fanout60/X (sky130_fd_sc_hd__buf_6)
                                                         net60 (net)
                      0.171180    0.004833   10.186896 ^ _1385_/A (sky130_fd_sc_hd__xnor2_2)
     1    0.004741    0.098850    0.176007   10.362903 v _1385_/Y (sky130_fd_sc_hd__xnor2_2)
                                                         _0548_ (net)
                      0.098850    0.000355   10.363258 v _1386_/B1 (sky130_fd_sc_hd__o31a_2)
     1    0.008860    0.116312    0.243582   10.606840 v _1386_/X (sky130_fd_sc_hd__o31a_2)
                                                         _0549_ (net)
                      0.116312    0.000680   10.607520 v _1387_/B1 (sky130_fd_sc_hd__a2111oi_4)
     1    0.004259    0.385103    0.548558   11.156078 ^ _1387_/Y (sky130_fd_sc_hd__a2111oi_4)
                                                         _0550_ (net)
                      0.385103    0.000291   11.156369 ^ wire58/A (sky130_fd_sc_hd__clkbuf_2)
     1    0.016805    0.156778    0.385104   11.541473 ^ wire58/X (sky130_fd_sc_hd__clkbuf_2)
                                                         net58 (net)
                      0.156792    0.001553   11.543026 ^ wire57/A (sky130_fd_sc_hd__buf_6)
     2    0.010497    0.056772    0.206134   11.749160 ^ wire57/X (sky130_fd_sc_hd__buf_6)
                                                         net57 (net)
                      0.056791    0.000698   11.749858 ^ _1394_/A1 (sky130_fd_sc_hd__a41o_4)
     2    0.008246    0.098975    0.395969   12.145827 ^ _1394_/X (sky130_fd_sc_hd__a41o_4)
                                                         _0557_ (net)
                      0.098975    0.000737   12.146564 ^ _1395_/B2 (sky130_fd_sc_hd__a221oi_1)
     1    0.003120    0.165092    0.162851   12.309415 v _1395_/Y (sky130_fd_sc_hd__a221oi_1)
                                                         _0558_ (net)
                      0.165092    0.000205   12.309620 v wire48/A (sky130_fd_sc_hd__clkbuf_2)
     2    0.004449    0.051355    0.229452   12.539072 v wire48/X (sky130_fd_sc_hd__clkbuf_2)
                                                         net48 (net)
                      0.051355    0.000259   12.539331 v max_cap47/A (sky130_fd_sc_hd__dlygate4sd1_1)
     2    0.007206    0.096740    0.502886   13.042217 v max_cap47/X (sky130_fd_sc_hd__dlygate4sd1_1)
                                                         net47 (net)
                      0.096740    0.000289   13.042506 v _1420_/A (sky130_fd_sc_hd__or4b_4)
     2    0.011985    0.179244    1.108294   14.150800 v _1420_/X (sky130_fd_sc_hd__or4b_4)
                                                         _0583_ (net)
                      0.179244    0.001367   14.152167 v _1443_/A1 (sky130_fd_sc_hd__a2111o_2)
     3    0.014344    0.174545    0.946044   15.098211 v _1443_/X (sky130_fd_sc_hd__a2111o_2)
                                                         _0606_ (net)
                      0.174548    0.001103   15.099315 v rebuffer129/A (sky130_fd_sc_hd__buf_2)
