159. Printing statistics.

=== kv_attn_n16 ===

        +----------Local Count, excluding submodules.
        |        +-Local Area, excluding submodules.
        |        | 
     1040        - wires
     1054        - wire bits
      281        - public wires
      295        - public wire bits
       10        - ports
       24        - port bits
     1041 1.39E+04 cells
        1   12.512   sky130_fd_sc_hd__a2111o_2
        2   30.029   sky130_fd_sc_hd__a2111oi_2
       13  130.125   sky130_fd_sc_hd__a211o_2
        1   12.512   sky130_fd_sc_hd__a211oi_2
        9   90.086   sky130_fd_sc_hd__a21bo_2
       56   490.47   sky130_fd_sc_hd__a21o_2
       22  192.685   sky130_fd_sc_hd__a21oi_2
       16  180.173   sky130_fd_sc_hd__a221o_2
       11  110.106   sky130_fd_sc_hd__a22o_2
        6   67.565   sky130_fd_sc_hd__a2bb2o_2
        1   11.261   sky130_fd_sc_hd__a311o_2
       15  131.376   sky130_fd_sc_hd__a31o_2
        1   12.512   sky130_fd_sc_hd__a31oi_2
       11  123.869   sky130_fd_sc_hd__a32o_2
        1   11.261   sky130_fd_sc_hd__a41o_2
        1   16.266   sky130_fd_sc_hd__a41oi_2
       20  150.144   sky130_fd_sc_hd__and2_2
        4   35.034   sky130_fd_sc_hd__and2b_2
        6   45.043   sky130_fd_sc_hd__and3_2
        2   20.019   sky130_fd_sc_hd__and3b_2
        2   20.019   sky130_fd_sc_hd__and4_2
        3   33.782   sky130_fd_sc_hd__and4b_2
        8   40.038   sky130_fd_sc_hd__buf_2
      277 5.89E+03   sky130_fd_sc_hd__dfxtp_2
       30  112.608   sky130_fd_sc_hd__inv_2
      246 2.77E+03   sky130_fd_sc_hd__mux2_1
       62  1.4E+03   sky130_fd_sc_hd__mux4_2
       24  150.144   sky130_fd_sc_hd__nand2_2
        3   26.275   sky130_fd_sc_hd__nand2b_2
        1    10.01   sky130_fd_sc_hd__nand3_2
        1   11.261   sky130_fd_sc_hd__nand3b_2
       45   281.52   sky130_fd_sc_hd__nor2_2
        3   30.029   sky130_fd_sc_hd__nor3_2
        1   12.512   sky130_fd_sc_hd__nor3b_2
        2   25.024   sky130_fd_sc_hd__nor4_2
        1   15.014   sky130_fd_sc_hd__nor4b_2
        2   25.024   sky130_fd_sc_hd__o2111a_2
       12  120.115   sky130_fd_sc_hd__o211a_2
       43  376.611   sky130_fd_sc_hd__o21a_2
        7   61.309   sky130_fd_sc_hd__o21ai_2
        1    10.01   sky130_fd_sc_hd__o21ba_2
        5   56.304   sky130_fd_sc_hd__o221a_2
        3   30.029   sky130_fd_sc_hd__o22a_2
        1   11.261   sky130_fd_sc_hd__o311a_2
        1    10.01   sky130_fd_sc_hd__o31a_2
        3   33.782   sky130_fd_sc_hd__o32a_2
       27  168.912   sky130_fd_sc_hd__or2_2
       10   75.072   sky130_fd_sc_hd__or3_2
        6    52.55   sky130_fd_sc_hd__or3b_2
        4   35.034   sky130_fd_sc_hd__or4_2
        4   40.038   sky130_fd_sc_hd__or4b_2
        3   48.797   sky130_fd_sc_hd__xnor2_2
        1   16.266   sky130_fd_sc_hd__xor2_2

   Chip area for module '\kv_attn_n16': 13870.803200
     of which used for sequential elements: 5891.900800 (42.48%)

