150. Printing statistics.

=== prec_fp8 ===

        +----------Local Count, excluding submodules.
        |        +-Local Area, excluding submodules.
        |        | 
      708        - wires
      722        - wire bits
       57        - public wires
       71        - public wire bits
       10        - ports
       24        - port bits
      709    7E+03 cells
        1   12.512   sky130_fd_sc_hd__a2111o_2
       19  190.182   sky130_fd_sc_hd__a211o_2
        2   25.024   sky130_fd_sc_hd__a211oi_2
        4   40.038   sky130_fd_sc_hd__a21bo_2
        1   11.261   sky130_fd_sc_hd__a21boi_2
       25   218.96   sky130_fd_sc_hd__a21o_2
       33  289.027   sky130_fd_sc_hd__a21oi_2
       14  157.651   sky130_fd_sc_hd__a221o_2
        2   30.029   sky130_fd_sc_hd__a221oi_2
       14  140.134   sky130_fd_sc_hd__a22o_2
        2   25.024   sky130_fd_sc_hd__a22oi_2
        5   56.304   sky130_fd_sc_hd__a2bb2o_2
       11   96.342   sky130_fd_sc_hd__a31o_2
        1   12.512   sky130_fd_sc_hd__a31oi_2
        4   45.043   sky130_fd_sc_hd__a32o_2
        2   22.522   sky130_fd_sc_hd__a41o_2
       38  285.274   sky130_fd_sc_hd__and2_2
       10   87.584   sky130_fd_sc_hd__and2b_2
       27  202.694   sky130_fd_sc_hd__and3_2
        5   50.048   sky130_fd_sc_hd__and3b_2
        6   60.058   sky130_fd_sc_hd__and4_2
        1   11.261   sky130_fd_sc_hd__and4b_2
       49  1042.25   sky130_fd_sc_hd__dfxtp_2
       45  168.912   sky130_fd_sc_hd__inv_2
       58  653.126   sky130_fd_sc_hd__mux2_1
        3   67.565   sky130_fd_sc_hd__mux4_2
       49  306.544   sky130_fd_sc_hd__nand2_2
        8   70.067   sky130_fd_sc_hd__nand2b_2
        3   30.029   sky130_fd_sc_hd__nand3_2
        1   12.512   sky130_fd_sc_hd__nand4_2
        1   15.014   sky130_fd_sc_hd__nand4b_2
       51  319.056   sky130_fd_sc_hd__nor2_2
        5   50.048   sky130_fd_sc_hd__nor3_2
        1   12.512   sky130_fd_sc_hd__nor4_2
        1   15.014   sky130_fd_sc_hd__nor4b_2
        1   12.512   sky130_fd_sc_hd__o2111a_2
       31  310.298   sky130_fd_sc_hd__o211a_2
        4   50.048   sky130_fd_sc_hd__o211ai_2
       17  148.893   sky130_fd_sc_hd__o21a_2
       28  245.235   sky130_fd_sc_hd__o21ai_2
        5   50.048   sky130_fd_sc_hd__o21ba_2
        2   22.522   sky130_fd_sc_hd__o21bai_2
        1   11.261   sky130_fd_sc_hd__o221a_2
        1   15.014   sky130_fd_sc_hd__o221ai_2
        4   40.038   sky130_fd_sc_hd__o22a_2
        2   22.522   sky130_fd_sc_hd__o2bb2a_2
        1   11.261   sky130_fd_sc_hd__o311a_2
        6   60.058   sky130_fd_sc_hd__o31a_2
        1   16.266   sky130_fd_sc_hd__o32ai_2
        2   25.024   sky130_fd_sc_hd__o41a_2
       31  193.936   sky130_fd_sc_hd__or2_2
       15  112.608   sky130_fd_sc_hd__or3_2
        6    52.55   sky130_fd_sc_hd__or3b_2
        3   26.275   sky130_fd_sc_hd__or4_2
        1    10.01   sky130_fd_sc_hd__or4b_2
       27  439.171   sky130_fd_sc_hd__xnor2_2
       18  292.781   sky130_fd_sc_hd__xor2_2

   Chip area for module '\prec_fp8': 7000.464000
     of which used for sequential elements: 1042.249600 (14.89%)

