
===========================================================================
report_checks -path_delay max (Setup)
============================================================================
======================= max_ss_100C_1v60 Corner ===================================

Startpoint: _1335_ (rising edge-triggered flip-flop clocked by clk)
Endpoint: _1334_ (rising edge-triggered flip-flop clocked by clk)
Path Group: clk
Path Type: max

Fanout         Cap        Slew       Delay        Time   Description
---------------------------------------------------------------------------------------------
                                  0.000000    0.000000   clock clk (rise edge)
                                  0.000000    0.000000   clock source latency
     2    0.024966    0.184654    0.127197    0.127197 ^ clk (in)
                                                         clk (net)
                      0.184666    0.000000    0.127197 ^ clkbuf_0_clk/A (sky130_fd_sc_hd__clkbuf_16)
    17    0.098305    0.174547    0.360417    0.487614 ^ clkbuf_0_clk/X (sky130_fd_sc_hd__clkbuf_16)
                                                         clknet_0_clk (net)
                      0.176858    0.015919    0.503533 ^ clkbuf_3_3__f_clk/A (sky130_fd_sc_hd__clkbuf_16)
     7    0.024732    0.073294    0.276722    0.780255 ^ clkbuf_3_3__f_clk/X (sky130_fd_sc_hd__clkbuf_16)
                                                         clknet_3_3__leaf_clk (net)
                      0.073425    0.001544    0.781799 ^ _1335_/CLK (sky130_fd_sc_hd__dfxtp_2)
     2    0.014279    0.133625    0.708265    1.490064 ^ _1335_/Q (sky130_fd_sc_hd__dfxtp_2)
                                                         acc[10] (net)
                      0.133627    0.000787    1.490852 ^ fanout90/A (sky130_fd_sc_hd__buf_6)
    17    0.081905    0.265064    0.347308    1.838159 ^ fanout90/X (sky130_fd_sc_hd__buf_6)
                                                         net90 (net)
                      0.266506    0.015845    1.854004 ^ _0734_/A (sky130_fd_sc_hd__xnor2_4)
     5    0.024426    0.353626    0.332528    2.186532 ^ _0734_/Y (sky130_fd_sc_hd__xnor2_4)
                                                         _0104_ (net)
                      0.353626    0.000814    2.187346 ^ _0737_/A (sky130_fd_sc_hd__and2_2)
     2    0.008503    0.108537    0.409752    2.597098 ^ _0737_/X (sky130_fd_sc_hd__and2_2)
                                                         _0107_ (net)
                      0.108540    0.000721    2.597818 ^ _0741_/B1 (sky130_fd_sc_hd__o2111a_2)
     1    0.011190    0.150696    0.524238    3.122056 ^ _0741_/X (sky130_fd_sc_hd__o2111a_2)
                                                         _0111_ (net)
                      0.150698    0.000867    3.122924 ^ _0745_/A2 (sky130_fd_sc_hd__a21oi_4)
     2    0.012737    0.092474    0.156818    3.279742 v _0745_/Y (sky130_fd_sc_hd__a21oi_4)
                                                         _0115_ (net)
                      0.092477    0.001009    3.280750 v _0761_/A1 (sky130_fd_sc_hd__o21ai_4)
     3    0.021229    0.308996    0.357333    3.638083 ^ _0761_/Y (sky130_fd_sc_hd__o21ai_4)
                                                         _0131_ (net)
                      0.309004    0.001933    3.640016 ^ fanout55/A (sky130_fd_sc_hd__buf_6)
     4    0.020506    0.086009    0.289777    3.929793 ^ fanout55/X (sky130_fd_sc_hd__buf_6)
                                                         net55 (net)
                      0.086012    0.000619    3.930411 ^ load_slew56/A (sky130_fd_sc_hd__clkbuf_2)
     5    0.027105    0.236613    0.318831    4.249242 ^ load_slew56/X (sky130_fd_sc_hd__clkbuf_2)
                                                         net56 (net)
                      0.236623    0.001813    4.251056 ^ _0762_/S (sky130_fd_sc_hd__mux2_2)
     4    0.020636    0.172490    0.853251    5.104306 v _0762_/X (sky130_fd_sc_hd__mux2_2)
                                                         _0132_ (net)
                      0.172490    0.000882    5.105188 v _0774_/B (sky130_fd_sc_hd__and2b_2)
     2    0.008594    0.095160    0.486858    5.592047 v _0774_/X (sky130_fd_sc_hd__and2b_2)
                                                         _0144_ (net)
                      0.095160    0.000499    5.592545 v _0776_/C1 (sky130_fd_sc_hd__a221o_2)
     4    0.025545    0.195702    0.717370    6.309916 v _0776_/X (sky130_fd_sc_hd__a221o_2)
                                                         _0146_ (net)
                      0.195761    0.003244    6.313159 v _0784_/A2 (sky130_fd_sc_hd__a21oi_4)
     2    0.012143    0.211836    0.332998    6.646158 ^ _0784_/Y (sky130_fd_sc_hd__a21oi_4)
                                                         _0154_ (net)
                      0.211836    0.000731    6.646889 ^ fanout51/A (sky130_fd_sc_hd__buf_4)
     4    0.020863    0.112449    0.304473    6.951362 ^ fanout51/X (sky130_fd_sc_hd__buf_4)
                                                         net51 (net)
                      0.112458    0.001088    6.952449 ^ _0821_/S (sky130_fd_sc_hd__mux2_1)
     3    0.009673    0.175179    0.798348    7.750798 v _0821_/X (sky130_fd_sc_hd__mux2_1)
                                                         _0191_ (net)
                      0.175179    0.000604    7.751401 v _0822_/A1 (sky130_fd_sc_hd__mux2_1)
     2    0.009047    0.169100    0.772295    8.523697 v _0822_/X (sky130_fd_sc_hd__mux2_1)
                                                         _0192_ (net)
                      0.169100    0.000497    8.524194 v _0872_/A0 (sky130_fd_sc_hd__mux2_1)
     2    0.010152    0.180173    0.760577    9.284771 v _0872_/X (sky130_fd_sc_hd__mux2_1)
                                                         _0242_ (net)
                      0.180173    0.000588    9.285359 v _0921_/C (sky130_fd_sc_hd__or4b_4)
     1    0.005319    0.155591    0.999274   10.284633 v _0921_/X (sky130_fd_sc_hd__or4b_4)
                                                         _0291_ (net)
                      0.155591    0.000243   10.284877 v _0922_/A4 (sky130_fd_sc_hd__o41a_4)
     2    0.009737    0.122402    0.708033   10.992909 v _0922_/X (sky130_fd_sc_hd__o41a_4)
                                                         _0292_ (net)
                      0.122402    0.000483   10.993392 v _0930_/B (sky130_fd_sc_hd__or3_4)
     4    0.021165    0.167125    0.818620   11.812012 v _0930_/X (sky130_fd_sc_hd__or3_4)
                                                         _0300_ (net)
                      0.167125    0.000368   11.812380 v _0935_/A2 (sky130_fd_sc_hd__o41a_4)
     4    0.019747    0.153209    0.956396   12.768776 v _0935_/X (sky130_fd_sc_hd__o41a_4)
                                                         _0305_ (net)
                      0.153222    0.001522   12.770298 v _0939_/A1 (sky130_fd_sc_hd__o211a_2)
     2    0.008775    0.096745    0.552394   13.322692 v _0939_/X (sky130_fd_sc_hd__o211a_2)
                                                         _0309_ (net)
                      0.096745    0.000537   13.323229 v _0940_/A3 (sky130_fd_sc_hd__o32ai_2)
     2    0.008275    0.414936    0.428757   13.751987 ^ _0940_/Y (sky130_fd_sc_hd__o32ai_2)
                                                         _0310_ (net)
                      0.414936    0.000329   13.752316 ^ max_cap44/A (sky130_fd_sc_hd__clkbuf_2)
     2    0.008127    0.090872    0.343853   14.096169 ^ max_cap44/X (sky130_fd_sc_hd__clkbuf_2)
                                                         net44 (net)
                      0.090874    0.000549   14.096717 ^ max_cap43/A (sky130_fd_sc_hd__clkdlybuf4s25_1)
     2    0.009728    0.175892    0.549006   14.645723 ^ max_cap43/X (sky130_fd_sc_hd__clkdlybuf4s25_1)
                                                         net43 (net)
                      0.175892    0.000435   14.646158 ^ _0942_/C (sky130_fd_sc_hd__and4b_2)
     2    0.008985    0.146800    0.552539   15.198698 ^ _0942_/X (sky130_fd_sc_hd__and4b_2)
                                                         _0312_ (net)
                      0.146800    0.000426   15.199124 ^ _0951_/A2 (sky130_fd_sc_hd__o311a_2)
     1    0.002510    0.073640    0.379597   15.578721 ^ _0951_/X (sky130_fd_sc_hd__o311a_2)
                                                         _0321_ (net)
                      0.073640    0.000142   15.578863 ^ _0952_/B1_N (sky130_fd_sc_hd__o21bai_2)
     1    0.018424    0.386226    0.273387   15.852250 ^ _0952_/Y (sky130_fd_sc_hd__o21bai_2)
                                                         _0322_ (net)
                      0.386230    0.000918   15.853168 ^ _0953_/A (sky130_fd_sc_hd__xnor2_4)
     3    0.009299    0.207012    0.316140   16.169308 ^ _0953_/Y (sky130_fd_sc_hd__xnor2_4)
                                                         _0323_ (net)
                      0.207012    0.000503   16.169811 ^ _1024_/B1_N (sky130_fd_sc_hd__a21bo_2)
     2    0.008386    0.084976    0.489505   16.659317 v _1024_/X (sky130_fd_sc_hd__a21bo_2)
                                                         _0394_ (net)
                      0.084976    0.000478   16.659794 v fanout34/A (sky130_fd_sc_hd__dlygate4sd1_1)
     4    0.015006    0.158485    0.576460   17.236254 v fanout34/X (sky130_fd_sc_hd__dlygate4sd1_1)
                                                         net34 (net)
                      0.158485    0.000634   17.236889 v _1034_/B (sky130_fd_sc_hd__or3_4)
     5    0.020816    0.166590    0.830736   18.067625 v _1034_/X (sky130_fd_sc_hd__or3_4)
                                                         _0404_ (net)
                      0.166602    0.001572   18.069197 v _1036_/B (sky130_fd_sc_hd__nand2_2)
     2    0.013724    0.140273    0.200261   18.269457 ^ _1036_/Y (sky130_fd_sc_hd__nand2_2)
                                                         _0406_ (net)
                      0.140275    0.000826   18.270283 ^ fanout27/A (sky130_fd_sc_hd__buf_6)
     8    0.049940    0.168656    0.286713   18.556997 ^ fanout27/X (sky130_fd_sc_hd__buf_6)
                                                         net27 (net)
                      0.168797    0.002771   18.559767 ^ _1082_/S (sky130_fd_sc_hd__mux2_4)
     4    0.023244    0.135177    0.668470   19.228237 v _1082_/X (sky130_fd_sc_hd__mux2_4)
                                                         _0452_ (net)
                      0.135195    0.001604   19.229841 v _1101_/C (sky130_fd_sc_hd__or3_2)
     2    0.008159    0.197472    1.051239   20.281080 v _1101_/X (sky130_fd_sc_hd__or3_2)
                                                         _0471_ (net)
                      0.197472    0.000501   20.281582 v _1108_/A2 (sky130_fd_sc_hd__a22oi_2)
     2    0.008490    0.278840    0.403174   20.684755 ^ _1108_/Y (sky130_fd_sc_hd__a22oi_2)
                                                         _0478_ (net)
                      0.278840    0.000739   20.685495 ^ _1109_/C (sky130_fd_sc_hd__and3_4)
     2    0.020333    0.156191    0.540505   21.226000 ^ _1109_/X (sky130_fd_sc_hd__and3_4)
                                                         _0479_ (net)
                      0.156204    0.001558   21.227558 ^ _1114_/B (sky130_fd_sc_hd__xnor2_4)
     3    0.018791    0.142781    0.187907   21.415464 v _1114_/Y (sky130_fd_sc_hd__xnor2_4)
                                                         _0484_ (net)
                      0.142784    0.001053   21.416517 v _1117_/A2 (sky130_fd_sc_hd__a31o_4)
     2    0.012419    0.077985    0.464262   21.880779 v _1117_/X (sky130_fd_sc_hd__a31o_4)
                                                         _0487_ (net)
                      0.077985    0.000620   21.881399 v _1120_/A1 (sky130_fd_sc_hd__a21o_2)
     3    0.017367    0.124199    0.424865   22.306265 v _1120_/X (sky130_fd_sc_hd__a21o_2)
                                                         _0490_ (net)
                      0.124206    0.000998   22.307262 v _1122_/A1 (sky130_fd_sc_hd__a21o_2)
     2    0.012494    0.101234    0.420007   22.727270 v _1122_/X (sky130_fd_sc_hd__a21o_2)
                                                         _0492_ (net)
                      0.101242    0.000986   22.728256 v _1124_/A (sky130_fd_sc_hd__xor2_2)
     2    0.005733    0.100702    0.325926   23.054182 v _1124_/X (sky130_fd_sc_hd__xor2_2)
                                                         _0494_ (net)
                      0.100702    0.000313   23.054495 v _1140_/B1 (sky130_fd_sc_hd__a2bb2o_2)
     2    0.007212    0.101737    0.547651   23.602144 v _1140_/X (sky130_fd_sc_hd__a2bb2o_2)
                                                         _0510_ (net)
                      0.101737    0.000338   23.602482 v fanout24/A (sky130_fd_sc_hd__buf_2)
     8    0.036031    0.173409    0.363928   23.966410 v fanout24/X (sky130_fd_sc_hd__buf_2)
                                                         net24 (net)
                      0.173420    0.001553   23.967962 v _1176_/B1 (sky130_fd_sc_hd__a22o_2)
     1    0.003233    0.067812    0.420537   24.388498 v _1176_/X (sky130_fd_sc_hd__a22o_2)
                                                         _0537_ (net)
                      0.067812    0.000242   24.388741 v _1178_/A2 (sky130_fd_sc_hd__a211o_2)
     1    0.002912    0.081031    0.606129   24.994869 v _1178_/X (sky130_fd_sc_hd__a211o_2)
                                                         _0028_ (net)
                      0.081031    0.000176   24.995045 v _1334_/D (sky130_fd_sc_hd__dfxtp_2)
                                             24.995045   data arrival time

                                 25.000000   25.000000   clock clk (rise edge)
                                  0.000000   25.000000   clock source latency
     2    0.024966    0.184654    0.127198   25.127197 ^ clk (in)
                                                         clk (net)
                      0.184666    0.000000   25.127197 ^ clkbuf_0_clk/A (sky130_fd_sc_hd__clkbuf_16)
    17    0.098305    0.174547    0.360416   25.487614 ^ clkbuf_0_clk/X (sky130_fd_sc_hd__clkbuf_16)
                                                         clknet_0_clk (net)
                      0.176858    0.015920   25.503532 ^ clkbuf_3_3__f_clk/A (sky130_fd_sc_hd__clkbuf_16)
     7    0.024732    0.073294    0.276721   25.780252 ^ clkbuf_3_3__f_clk/X (sky130_fd_sc_hd__clkbuf_16)
                                                         clknet_3_3__leaf_clk (net)
                      0.073457    0.001959   25.782213 ^ _1334_/CLK (sky130_fd_sc_hd__dfxtp_2)
                                 -0.250000   25.532213   clock uncertainty
                                  0.000000   25.532213   clock reconvergence pessimism
                                 -0.278035   25.254179   library setup time
                                             25.254179   data required time
---------------------------------------------------------------------------------------------
                                             25.254179   data required time
                                            -24.995045   data arrival time
---------------------------------------------------------------------------------------------
                                              0.259133   slack (MET)


Startpoint: _1335_ (rising edge-triggered flip-flop clocked by clk)
Endpoint: _1340_ (rising edge-triggered flip-flop clocked by clk)
Path Group: clk
Path Type: max

Fanout         Cap        Slew       Delay        Time   Description
---------------------------------------------------------------------------------------------
                                  0.000000    0.000000   clock clk (rise edge)
                                  0.000000    0.000000   clock source latency
     2    0.024966    0.184654    0.127197    0.127197 ^ clk (in)
                                                         clk (net)
                      0.184666    0.000000    0.127197 ^ clkbuf_0_clk/A (sky130_fd_sc_hd__clkbuf_16)
    17    0.098305    0.174547    0.360417    0.487614 ^ clkbuf_0_clk/X (sky130_fd_sc_hd__clkbuf_16)
                                                         clknet_0_clk (net)
                      0.176858    0.015919    0.503533 ^ clkbuf_3_3__f_clk/A (sky130_fd_sc_hd__clkbuf_16)
     7    0.024732    0.073294    0.276722    0.780255 ^ clkbuf_3_3__f_clk/X (sky130_fd_sc_hd__clkbuf_16)
                                                         clknet_3_3__leaf_clk (net)
                      0.073425    0.001544    0.781799 ^ _1335_/CLK (sky130_fd_sc_hd__dfxtp_2)
     2    0.014279    0.133625    0.708265    1.490064 ^ _1335_/Q (sky130_fd_sc_hd__dfxtp_2)
                                                         acc[10] (net)
                      0.133627    0.000787    1.490852 ^ fanout90/A (sky130_fd_sc_hd__buf_6)
    17    0.081905    0.265064    0.347308    1.838159 ^ fanout90/X (sky130_fd_sc_hd__buf_6)
                                                         net90 (net)
                      0.266506    0.015845    1.854004 ^ _0734_/A (sky130_fd_sc_hd__xnor2_4)
     5    0.024426    0.353626    0.332528    2.186532 ^ _0734_/Y (sky130_fd_sc_hd__xnor2_4)
                                                         _0104_ (net)
                      0.353626    0.000814    2.187346 ^ _0737_/A (sky130_fd_sc_hd__and2_2)
     2    0.008503    0.108537    0.409752    2.597098 ^ _0737_/X (sky130_fd_sc_hd__and2_2)
                                                         _0107_ (net)
                      0.108540    0.000721    2.597818 ^ _0741_/B1 (sky130_fd_sc_hd__o2111a_2)
     1    0.011190    0.150696    0.524238    3.122056 ^ _0741_/X (sky130_fd_sc_hd__o2111a_2)
                                                         _0111_ (net)
                      0.150698    0.000867    3.122924 ^ _0745_/A2 (sky130_fd_sc_hd__a21oi_4)
     2    0.012737    0.092474    0.156818    3.279742 v _0745_/Y (sky130_fd_sc_hd__a21oi_4)
                                                         _0115_ (net)
                      0.092477    0.001009    3.280750 v _0761_/A1 (sky130_fd_sc_hd__o21ai_4)
     3    0.021229    0.308996    0.357333    3.638083 ^ _0761_/Y (sky130_fd_sc_hd__o21ai_4)
                                                         _0131_ (net)
                      0.309004    0.001933    3.640016 ^ fanout55/A (sky130_fd_sc_hd__buf_6)
     4    0.020506    0.086009    0.289777    3.929793 ^ fanout55/X (sky130_fd_sc_hd__buf_6)
                                                         net55 (net)
                      0.086012    0.000619    3.930411 ^ load_slew56/A (sky130_fd_sc_hd__clkbuf_2)
     5    0.027105    0.236613    0.318831    4.249242 ^ load_slew56/X (sky130_fd_sc_hd__clkbuf_2)
                                                         net56 (net)
                      0.236623    0.001813    4.251056 ^ _0762_/S (sky130_fd_sc_hd__mux2_2)
     4    0.020636    0.172490    0.853251    5.104306 v _0762_/X (sky130_fd_sc_hd__mux2_2)
                                                         _0132_ (net)
                      0.172490    0.000882    5.105188 v _0774_/B (sky130_fd_sc_hd__and2b_2)
     2    0.008594    0.095160    0.486858    5.592047 v _0774_/X (sky130_fd_sc_hd__and2b_2)
                                                         _0144_ (net)
                      0.095160    0.000499    5.592545 v _0776_/C1 (sky130_fd_sc_hd__a221o_2)
     4    0.025545    0.195702    0.717370    6.309916 v _0776_/X (sky130_fd_sc_hd__a221o_2)
                                                         _0146_ (net)
                      0.195761    0.003244    6.313159 v _0784_/A2 (sky130_fd_sc_hd__a21oi_4)
     2    0.012143    0.211836    0.332998    6.646158 ^ _0784_/Y (sky130_fd_sc_hd__a21oi_4)
                                                         _0154_ (net)
                      0.211836    0.000731    6.646889 ^ fanout51/A (sky130_fd_sc_hd__buf_4)
     4    0.020863    0.112449    0.304473    6.951362 ^ fanout51/X (sky130_fd_sc_hd__buf_4)
                                                         net51 (net)
                      0.112458    0.001088    6.952449 ^ _0821_/S (sky130_fd_sc_hd__mux2_1)
     3    0.009673    0.175179    0.798348    7.750798 v _0821_/X (sky130_fd_sc_hd__mux2_1)
                                                         _0191_ (net)
                      0.175179    0.000604    7.751401 v _0822_/A1 (sky130_fd_sc_hd__mux2_1)
     2    0.009047    0.169100    0.772295    8.523697 v _0822_/X (sky130_fd_sc_hd__mux2_1)
                                                         _0192_ (net)
                      0.169100    0.000497    8.524194 v _0872_/A0 (sky130_fd_sc_hd__mux2_1)
     2    0.010152    0.180173    0.760577    9.284771 v _0872_/X (sky130_fd_sc_hd__mux2_1)
                                                         _0242_ (net)
                      0.180173    0.000588    9.285359 v _0921_/C (sky130_fd_sc_hd__or4b_4)
     1    0.005319    0.155591    0.999274   10.284633 v _0921_/X (sky130_fd_sc_hd__or4b_4)
                                                         _0291_ (net)
                      0.155591    0.000243   10.284877 v _0922_/A4 (sky130_fd_sc_hd__o41a_4)
     2    0.009737    0.122402    0.708033   10.992909 v _0922_/X (sky130_fd_sc_hd__o41a_4)
                                                         _0292_ (net)
                      0.122402    0.000483   10.993392 v _0930_/B (sky130_fd_sc_hd__or3_4)
     4    0.021165    0.167125    0.818620   11.812012 v _0930_/X (sky130_fd_sc_hd__or3_4)
                                                         _0300_ (net)
                      0.167125    0.000368   11.812380 v _0935_/A2 (sky130_fd_sc_hd__o41a_4)
     4    0.019747    0.153209    0.956396   12.768776 v _0935_/X (sky130_fd_sc_hd__o41a_4)
                                                         _0305_ (net)
                      0.153222    0.001522   12.770298 v _0939_/A1 (sky130_fd_sc_hd__o211a_2)
     2    0.008775    0.096745    0.552394   13.322692 v _0939_/X (sky130_fd_sc_hd__o211a_2)
                                                         _0309_ (net)
                      0.096745    0.000537   13.323229 v _0940_/A3 (sky130_fd_sc_hd__o32ai_2)
     2    0.008275    0.414936    0.428757   13.751987 ^ _0940_/Y (sky130_fd_sc_hd__o32ai_2)
                                                         _0310_ (net)
                      0.414936    0.000329   13.752316 ^ max_cap44/A (sky130_fd_sc_hd__clkbuf_2)
     2    0.008127    0.090872    0.343853   14.096169 ^ max_cap44/X (sky130_fd_sc_hd__clkbuf_2)
                                                         net44 (net)
                      0.090874    0.000549   14.096717 ^ max_cap43/A (sky130_fd_sc_hd__clkdlybuf4s25_1)
     2    0.009728    0.175892    0.549006   14.645723 ^ max_cap43/X (sky130_fd_sc_hd__clkdlybuf4s25_1)
                                                         net43 (net)
                      0.175892    0.000435   14.646158 ^ _0942_/C (sky130_fd_sc_hd__and4b_2)
     2    0.008985    0.146800    0.552539   15.198698 ^ _0942_/X (sky130_fd_sc_hd__and4b_2)
                                                         _0312_ (net)
                      0.146800    0.000426   15.199124 ^ _0951_/A2 (sky130_fd_sc_hd__o311a_2)
     1    0.002510    0.073640    0.379597   15.578721 ^ _0951_/X (sky130_fd_sc_hd__o311a_2)
                                                         _0321_ (net)
                      0.073640    0.000142   15.578863 ^ _0952_/B1_N (sky130_fd_sc_hd__o21bai_2)
     1    0.018424    0.386226    0.273387   15.852250 ^ _0952_/Y (sky130_fd_sc_hd__o21bai_2)
                                                         _0322_ (net)
                      0.386230    0.000918   15.853168 ^ _0953_/A (sky130_fd_sc_hd__xnor2_4)
     3    0.009299    0.207012    0.316140   16.169308 ^ _0953_/Y (sky130_fd_sc_hd__xnor2_4)
                                                         _0323_ (net)
                      0.207012    0.000503   16.169811 ^ _1024_/B1_N (sky130_fd_sc_hd__a21bo_2)
     2    0.008386    0.084976    0.489505   16.659317 v _1024_/X (sky130_fd_sc_hd__a21bo_2)
                                                         _0394_ (net)
                      0.084976    0.000478   16.659794 v fanout34/A (sky130_fd_sc_hd__dlygate4sd1_1)
     4    0.015006    0.158485    0.576460   17.236254 v fanout34/X (sky130_fd_sc_hd__dlygate4sd1_1)
                                                         net34 (net)
                      0.158485    0.000634   17.236889 v _1034_/B (sky130_fd_sc_hd__or3_4)
