                                                                        Cells by Master                                                                         
┏━━━━━━━━━━━━━━━━━━━━━━━━━━━━━━━━━━━━━━━━━━━━━━━━━━━━━━━━━━━━━━━━━━━━━━━━━━━━━━━━━━━━━━━━━━━━━━━━━━━━━━━━━━━━━━━━━━━━━━━━━━━━━━━━━━━┳━━━━━━━━━━━━━━━━━━━━━━━━━━┓
┃ Cell                                                                                                                              ┃ Count                    ┃
┡━━━━━━━━━━━━━━━━━━━━━━━━━━━━━━━━━━━━━━━━━━━━━━━━━━━━━━━━━━━━━━━━━━━━━━━━━━━━━━━━━━━━━━━━━━━━━━━━━━━━━━━━━━━━━━━━━━━━━━━━━━━━━━━━━━━╇━━━━━━━━━━━━━━━━━━━━━━━━━━┩
│ sky130_fd_sc_hd__a211o_2                                                                                                          │ 2                        │
│ sky130_fd_sc_hd__a211oi_2                                                                                                         │ 1                        │
│ sky130_fd_sc_hd__a21bo_2                                                                                                          │ 4                        │
│ sky130_fd_sc_hd__a21boi_2                                                                                                         │ 2                        │
│ sky130_fd_sc_hd__a21o_2                                                                                                           │ 9                        │
│ sky130_fd_sc_hd__a21oi_2                                                                                                          │ 9                        │
│ sky130_fd_sc_hd__a221o_2                                                                                                          │ 20                       │
│ sky130_fd_sc_hd__a22o_2                                                                                                           │ 15                       │
│ sky130_fd_sc_hd__a22oi_2                                                                                                          │ 2                        │
│ sky130_fd_sc_hd__a2bb2o_2                                                                                                         │ 1                        │
│ sky130_fd_sc_hd__a31o_2                                                                                                           │ 14                       │
│ sky130_fd_sc_hd__a31oi_2                                                                                                          │ 4                        │
│ sky130_fd_sc_hd__a32o_2                                                                                                           │ 5                        │
│ sky130_fd_sc_hd__a41o_2                                                                                                           │ 5                        │
│ sky130_fd_sc_hd__a41oi_2                                                                                                          │ 1                        │
│ sky130_fd_sc_hd__and2_2                                                                                                           │ 19                       │
│ sky130_fd_sc_hd__and2b_2                                                                                                          │ 1                        │
│ sky130_fd_sc_hd__and3_2                                                                                                           │ 12                       │
│ sky130_fd_sc_hd__and3b_2                                                                                                          │ 2                        │
│ sky130_fd_sc_hd__and4_2                                                                                                           │ 4                        │
│ sky130_fd_sc_hd__and4b_2                                                                                                          │ 1                        │
│ sky130_fd_sc_hd__and4bb_2                                                                                                         │ 2                        │
│ sky130_fd_sc_hd__buf_1                                                                                                            │ 23                       │
│ sky130_fd_sc_hd__buf_2                                                                                                            │ 15                       │
│ sky130_fd_sc_hd__buf_4                                                                                                            │ 1                        │
│ sky130_fd_sc_hd__clkbuf_16                                                                                                        │ 33                       │
│ sky130_fd_sc_hd__clkbuf_2                                                                                                         │ 3                        │
│ sky130_fd_sc_hd__clkbuf_4                                                                                                         │ 9                        │
│ sky130_fd_sc_hd__clkbuf_8                                                                                                         │ 16                       │
│ sky130_fd_sc_hd__clkdlybuf4s25_1                                                                                                  │ 96                       │
│ sky130_fd_sc_hd__decap_3                                                                                                          │ 10663                    │
│ sky130_fd_sc_hd__dfxtp_2                                                                                                          │ 198                      │
│ sky130_fd_sc_hd__diode_2                                                                                                          │ 632                      │
│ sky130_fd_sc_hd__dlygate4sd3_1                                                                                                    │ 179                      │
│ sky130_fd_sc_hd__fill_1                                                                                                           │ 738                      │
│ sky130_fd_sc_hd__fill_2                                                                                                           │ 515                      │
│ sky130_fd_sc_hd__inv_2                                                                                                            │ 21                       │
│ sky130_fd_sc_hd__mux2_1                                                                                                           │ 155                      │
│ sky130_fd_sc_hd__mux4_2                                                                                                           │ 27                       │
│ sky130_fd_sc_hd__nand2_2                                                                                                          │ 17                       │
│ sky130_fd_sc_hd__nand2b_2                                                                                                         │ 6                        │
│ sky130_fd_sc_hd__nand3_2                                                                                                          │ 1                        │
│ sky130_fd_sc_hd__nand4_2                                                                                                          │ 1                        │
│ sky130_fd_sc_hd__nor2_2                                                                                                           │ 20                       │
│ sky130_fd_sc_hd__nor3_2                                                                                                           │ 5                        │
│ sky130_fd_sc_hd__nor4_1                                                                                                           │ 1                        │
│ sky130_fd_sc_hd__o2111a_2                                                                                                         │ 1                        │
│ sky130_fd_sc_hd__o211a_2                                                                                                          │ 35                       │
│ sky130_fd_sc_hd__o211ai_2                                                                                                         │ 2                        │
│ sky130_fd_sc_hd__o21a_2                                                                                                           │ 15                       │
│ sky130_fd_sc_hd__o21ai_2                                                                                                          │ 14                       │
│ sky130_fd_sc_hd__o21ba_2                                                                                                          │ 6                        │
│ sky130_fd_sc_hd__o21bai_2                                                                                                         │ 1                        │
│ sky130_fd_sc_hd__o221a_2                                                                                                          │ 2                        │
│ sky130_fd_sc_hd__o22a_2                                                                                                           │ 28                       │
│ sky130_fd_sc_hd__o2bb2a_2                                                                                                         │ 1                        │
│ sky130_fd_sc_hd__o311a_2                                                                                                          │ 1                        │
│ sky130_fd_sc_hd__o31a_2                                                                                                           │ 3                        │
│ sky130_fd_sc_hd__or2_2                                                                                                            │ 45                       │
│ sky130_fd_sc_hd__or3_2                                                                                                            │ 3                        │
│ sky130_fd_sc_hd__or3b_2                                                                                                           │ 10                       │
│ sky130_fd_sc_hd__or4_2                                                                                                            │ 2                        │
│ sky130_fd_sc_hd__or4b_2                                                                                                           │ 5                        │
│ sky130_fd_sc_hd__or4bb_2                                                                                                          │ 1                        │
│ sky130_fd_sc_hd__tapvpwrvgnd_1                                                                                                    │ 845                      │
│ sky130_fd_sc_hd__xnor2_2                                                                                                          │ 6                        │
│ sky130_fd_sc_hd__xor2_2                                                                                                           │ 1                        │
└───────────────────────────────────────────────────────────────────────────────────────────────────────────────────────────────────┴──────────────────────────┘
