159. Printing statistics.

=== kv_attn_n8_ring ===

        +----------Local Count, excluding submodules.
        |        +-Local Area, excluding submodules.
        |        | 
      776        - wires
      790        - wire bits
      204        - public wires
      218        - public wire bits
       10        - ports
       24        - port bits
      777    1E+04 cells
        2   20.019   sky130_fd_sc_hd__a211o_2
        1   12.512   sky130_fd_sc_hd__a211oi_2
        4   40.038   sky130_fd_sc_hd__a21bo_2
        2   22.522   sky130_fd_sc_hd__a21boi_2
        9   78.826   sky130_fd_sc_hd__a21o_2
        9   78.826   sky130_fd_sc_hd__a21oi_2
       20  225.216   sky130_fd_sc_hd__a221o_2
       15  150.144   sky130_fd_sc_hd__a22o_2
        2   25.024   sky130_fd_sc_hd__a22oi_2
        1   11.261   sky130_fd_sc_hd__a2bb2o_2
       14  122.618   sky130_fd_sc_hd__a31o_2
        4   50.048   sky130_fd_sc_hd__a31oi_2
        5   56.304   sky130_fd_sc_hd__a32o_2
        5   56.304   sky130_fd_sc_hd__a41o_2
        1   16.266   sky130_fd_sc_hd__a41oi_2
       19  142.637   sky130_fd_sc_hd__and2_2
        1    8.758   sky130_fd_sc_hd__and2b_2
       12   90.086   sky130_fd_sc_hd__and3_2
        2   20.019   sky130_fd_sc_hd__and3b_2
        4   40.038   sky130_fd_sc_hd__and4_2
        1   11.261   sky130_fd_sc_hd__and4b_2
        2   25.024   sky130_fd_sc_hd__and4bb_2
        8   40.038   sky130_fd_sc_hd__buf_2
      198 4.21E+03   sky130_fd_sc_hd__dfxtp_2
       21   78.826   sky130_fd_sc_hd__inv_2
      155 1.75E+03   sky130_fd_sc_hd__mux2_1
       27  608.083   sky130_fd_sc_hd__mux4_2
       17  106.352   sky130_fd_sc_hd__nand2_2
        6    52.55   sky130_fd_sc_hd__nand2b_2
        1    10.01   sky130_fd_sc_hd__nand3_2
        1   12.512   sky130_fd_sc_hd__nand4_2
       20   125.12   sky130_fd_sc_hd__nor2_2
        5   50.048   sky130_fd_sc_hd__nor3_2
        1   12.512   sky130_fd_sc_hd__nor4_2
        1   12.512   sky130_fd_sc_hd__o2111a_2
       35  350.336   sky130_fd_sc_hd__o211a_2
        2   25.024   sky130_fd_sc_hd__o211ai_2
       15  131.376   sky130_fd_sc_hd__o21a_2
       14  122.618   sky130_fd_sc_hd__o21ai_2
        6   60.058   sky130_fd_sc_hd__o21ba_2
        1   11.261   sky130_fd_sc_hd__o21bai_2
        2   22.522   sky130_fd_sc_hd__o221a_2
       28  280.269   sky130_fd_sc_hd__o22a_2
        1   11.261   sky130_fd_sc_hd__o2bb2a_2
        1   11.261   sky130_fd_sc_hd__o311a_2
        3   30.029   sky130_fd_sc_hd__o31a_2
       45   281.52   sky130_fd_sc_hd__or2_2
        3   22.522   sky130_fd_sc_hd__or3_2
       10   87.584   sky130_fd_sc_hd__or3b_2
        2   17.517   sky130_fd_sc_hd__or4_2
        5   50.048   sky130_fd_sc_hd__or4b_2
        1   12.512   sky130_fd_sc_hd__or4bb_2
        6   97.594   sky130_fd_sc_hd__xnor2_2
        1   16.266   sky130_fd_sc_hd__xor2_2

   Chip area for module '\kv_attn_n8_ring': 10010.851200
     of which used for sequential elements: 4211.539200 (42.07%)

