
===========================================================================
report_checks -path_delay min (Hold)
============================================================================
======================= min_ff_n40C_1v95 Corner ===================================

Startpoint: _1337_ (rising edge-triggered flip-flop clocked by clk)
Endpoint: _1337_ (rising edge-triggered flip-flop clocked by clk)
Path Group: clk
Path Type: min

Fanout         Cap        Slew       Delay        Time   Description
---------------------------------------------------------------------------------------------
                                  0.000000    0.000000   clock clk (rise edge)
                                  0.000000    0.000000   clock source latency
     2    0.032873    0.114434    0.079486    0.079486 ^ clk (in)
                                                         clk (net)
                      0.114458    0.000000    0.079486 ^ clkbuf_0_clk/A (sky130_fd_sc_hd__clkbuf_16)
    33    0.171759    0.142018    0.188908    0.268394 ^ clkbuf_0_clk/X (sky130_fd_sc_hd__clkbuf_16)
                                                         clknet_0_clk (net)
                      0.142181    0.003912    0.272306 ^ clkbuf_4_2_0_clk/A (sky130_fd_sc_hd__clkbuf_8)
     2    0.018323    0.037468    0.114078    0.386384 ^ clkbuf_4_2_0_clk/X (sky130_fd_sc_hd__clkbuf_8)
                                                         clknet_4_2_0_clk (net)
                      0.037469    0.000245    0.386629 ^ clkbuf_5_5__f_clk/A (sky130_fd_sc_hd__clkbuf_16)
     7    0.026020    0.035256    0.090435    0.477063 ^ clkbuf_5_5__f_clk/X (sky130_fd_sc_hd__clkbuf_16)
                                                         clknet_5_5__leaf_clk (net)
                      0.035268    0.000573    0.477636 ^ _1337_/CLK (sky130_fd_sc_hd__dfxtp_2)
     4    0.017299    0.038084    0.217217    0.694853 v _1337_/Q (sky130_fd_sc_hd__dfxtp_2)
                                                         core.err[0] (net)
                      0.038084    0.000123    0.694976 v _0580_/A (sky130_fd_sc_hd__inv_2)
     1    0.002708    0.018210    0.029510    0.724486 ^ _0580_/Y (sky130_fd_sc_hd__inv_2)
                                                         _0209_ (net)
                      0.018210    0.000011    0.724496 ^ _0647_/B1 (sky130_fd_sc_hd__a31o_2)
     1    0.005072    0.029145    0.056462    0.780959 ^ _0647_/X (sky130_fd_sc_hd__a31o_2)
                                                         _0270_ (net)
                      0.029145    0.000048    0.781007 ^ _0648_/B (sky130_fd_sc_hd__nand2_2)
     1    0.002348    0.014337    0.024208    0.805215 v _0648_/Y (sky130_fd_sc_hd__nand2_2)
                                                         _0003_ (net)
                      0.014337    0.000014    0.805228 v _1337_/D (sky130_fd_sc_hd__dfxtp_2)
                                              0.805228   data arrival time

                                  0.000000    0.000000   clock clk (rise edge)
                                  0.000000    0.000000   clock source latency
     2    0.032873    0.114434    0.079486    0.079486 ^ clk (in)
                                                         clk (net)
                      0.114458    0.000000    0.079486 ^ clkbuf_0_clk/A (sky130_fd_sc_hd__clkbuf_16)
    33    0.171759    0.142018    0.188908    0.268394 ^ clkbuf_0_clk/X (sky130_fd_sc_hd__clkbuf_16)
                                                         clknet_0_clk (net)
                      0.142181    0.003912    0.272306 ^ clkbuf_4_2_0_clk/A (sky130_fd_sc_hd__clkbuf_8)
     2    0.018323    0.037468    0.114078    0.386384 ^ clkbuf_4_2_0_clk/X (sky130_fd_sc_hd__clkbuf_8)
                                                         clknet_4_2_0_clk (net)
                      0.037469    0.000245    0.386629 ^ clkbuf_5_5__f_clk/A (sky130_fd_sc_hd__clkbuf_16)
     7    0.026020    0.035256    0.090435    0.477063 ^ clkbuf_5_5__f_clk/X (sky130_fd_sc_hd__clkbuf_16)
                                                         clknet_5_5__leaf_clk (net)
                      0.035268    0.000573    0.477636 ^ _1337_/CLK (sky130_fd_sc_hd__dfxtp_2)
                                  0.250000    0.727636   clock uncertainty
                                  0.000000    0.727636   clock reconvergence pessimism
                                 -0.028695    0.698941   library hold time
                                              0.698941   data required time
---------------------------------------------------------------------------------------------
                                              0.698941   data required time
                                             -0.805228   data arrival time
---------------------------------------------------------------------------------------------
                                              0.106288   slack (MET)


Startpoint: _1267_ (rising edge-triggered flip-flop clocked by clk)
Endpoint: _1267_ (rising edge-triggered flip-flop clocked by clk)
Path Group: clk
Path Type: min

Fanout         Cap        Slew       Delay        Time   Description
---------------------------------------------------------------------------------------------
                                  0.000000    0.000000   clock clk (rise edge)
                                  0.000000    0.000000   clock source latency
     2    0.032873    0.114434    0.079486    0.079486 ^ clk (in)
                                                         clk (net)
                      0.114458    0.000000    0.079486 ^ clkbuf_0_clk/A (sky130_fd_sc_hd__clkbuf_16)
    33    0.171759    0.142018    0.188908    0.268394 ^ clkbuf_0_clk/X (sky130_fd_sc_hd__clkbuf_16)
                                                         clknet_0_clk (net)
                      0.142128    0.003229    0.271623 ^ clkbuf_4_11_0_clk/A (sky130_fd_sc_hd__clkbuf_8)
     2    0.018449    0.037599    0.114229    0.385852 ^ clkbuf_4_11_0_clk/X (sky130_fd_sc_hd__clkbuf_8)
                                                         clknet_4_11_0_clk (net)
                      0.037599    0.000141    0.385992 ^ clkbuf_5_23__f_clk/A (sky130_fd_sc_hd__clkbuf_16)
     6    0.019675    0.030961    0.086206    0.472198 ^ clkbuf_5_23__f_clk/X (sky130_fd_sc_hd__clkbuf_16)
                                                         clknet_5_23__leaf_clk (net)
                      0.030961    0.000251    0.472449 ^ _1267_/CLK (sky130_fd_sc_hd__dfxtp_2)
     3    0.007427    0.036517    0.200109    0.672559 ^ _1267_/Q (sky130_fd_sc_hd__dfxtp_2)
                                                         core.resp[15] (net)
                      0.036517    0.000063    0.672622 ^ _0944_/A0 (sky130_fd_sc_hd__mux2_1)
     1    0.002830    0.028861    0.073020    0.745641 ^ _0944_/X (sky130_fd_sc_hd__mux2_1)
                                                         _0440_ (net)
                      0.028861    0.000025    0.745667 ^ _0945_/B2 (sky130_fd_sc_hd__a22o_2)
     1    0.002503    0.020459    0.066620    0.812287 ^ _0945_/X (sky130_fd_sc_hd__a22o_2)
                                                         _0059_ (net)
                      0.020459    0.000028    0.812315 ^ _1267_/D (sky130_fd_sc_hd__dfxtp_2)
                                              0.812315   data arrival time

                                  0.000000    0.000000   clock clk (rise edge)
                                  0.000000    0.000000   clock source latency
     2    0.032873    0.114434    0.079486    0.079486 ^ clk (in)
                                                         clk (net)
                      0.114458    0.000000    0.079486 ^ clkbuf_0_clk/A (sky130_fd_sc_hd__clkbuf_16)
    33    0.171759    0.142018    0.188908    0.268394 ^ clkbuf_0_clk/X (sky130_fd_sc_hd__clkbuf_16)
                                                         clknet_0_clk (net)
                      0.142128    0.003229    0.271623 ^ clkbuf_4_11_0_clk/A (sky130_fd_sc_hd__clkbuf_8)
     2    0.018449    0.037599    0.114229    0.385852 ^ clkbuf_4_11_0_clk/X (sky130_fd_sc_hd__clkbuf_8)
                                                         clknet_4_11_0_clk (net)
                      0.037599    0.000141    0.385992 ^ clkbuf_5_23__f_clk/A (sky130_fd_sc_hd__clkbuf_16)
     6    0.019675    0.030961    0.086206    0.472198 ^ clkbuf_5_23__f_clk/X (sky130_fd_sc_hd__clkbuf_16)
                                                         clknet_5_23__leaf_clk (net)
                      0.030961    0.000251    0.472449 ^ _1267_/CLK (sky130_fd_sc_hd__dfxtp_2)
                                  0.250000    0.722449   clock uncertainty
                                  0.000000    0.722449   clock reconvergence pessimism
                                 -0.016555    0.705894   library hold time
                                              0.705894   data required time
---------------------------------------------------------------------------------------------
                                              0.705894   data required time
                                             -0.812315   data arrival time
---------------------------------------------------------------------------------------------
                                              0.106421   slack (MET)


Startpoint: _1257_ (rising edge-triggered flip-flop clocked by clk)
Endpoint: _1257_ (rising edge-triggered flip-flop clocked by clk)
Path Group: clk
Path Type: min

Fanout         Cap        Slew       Delay        Time   Description
---------------------------------------------------------------------------------------------
                                  0.000000    0.000000   clock clk (rise edge)
                                  0.000000    0.000000   clock source latency
     2    0.032873    0.114434    0.079486    0.079486 ^ clk (in)
                                                         clk (net)
                      0.114458    0.000000    0.079486 ^ clkbuf_0_clk/A (sky130_fd_sc_hd__clkbuf_16)
    33    0.171759    0.142018    0.188908    0.268394 ^ clkbuf_0_clk/X (sky130_fd_sc_hd__clkbuf_16)
                                                         clknet_0_clk (net)
                      0.142201    0.004131    0.272524 ^ clkbuf_4_10_0_clk/A (sky130_fd_sc_hd__clkbuf_8)
     2    0.019091    0.038326    0.114924    0.387449 ^ clkbuf_4_10_0_clk/X (sky130_fd_sc_hd__clkbuf_8)
                                                         clknet_4_10_0_clk (net)
                      0.038326    0.000191    0.387640 ^ clkbuf_5_21__f_clk/A (sky130_fd_sc_hd__clkbuf_16)
     7    0.024299    0.034065    0.089571    0.477210 ^ clkbuf_5_21__f_clk/X (sky130_fd_sc_hd__clkbuf_16)
                                                         clknet_5_21__leaf_clk (net)
                      0.034067    0.000264    0.477474 ^ _1257_/CLK (sky130_fd_sc_hd__dfxtp_2)
     3    0.007823    0.037848    0.202103    0.679578 ^ _1257_/Q (sky130_fd_sc_hd__dfxtp_2)
                                                         core.resp[5] (net)
                      0.037878    0.000043    0.679621 ^ _0908_/A0 (sky130_fd_sc_hd__mux2_1)
     1    0.002742    0.028360    0.072949    0.752570 ^ _0908_/X (sky130_fd_sc_hd__mux2_1)
                                                         _0414_ (net)
                      0.028360    0.000012    0.752582 ^ _0909_/B2 (sky130_fd_sc_hd__a22o_2)
     1    0.002239    0.019635    0.065626    0.818208 ^ _0909_/X (sky130_fd_sc_hd__a22o_2)
                                                         _0049_ (net)
                      0.019635    0.000021    0.818229 ^ _1257_/D (sky130_fd_sc_hd__dfxtp_2)
                                              0.818229   data arrival time

                                  0.000000    0.000000   clock clk (rise edge)
                                  0.000000    0.000000   clock source latency
     2    0.032873    0.114434    0.079486    0.079486 ^ clk (in)
                                                         clk (net)
                      0.114458    0.000000    0.079486 ^ clkbuf_0_clk/A (sky130_fd_sc_hd__clkbuf_16)
    33    0.171759    0.142018    0.188908    0.268394 ^ clkbuf_0_clk/X (sky130_fd_sc_hd__clkbuf_16)
                                                         clknet_0_clk (net)
                      0.142201    0.004131    0.272524 ^ clkbuf_4_10_0_clk/A (sky130_fd_sc_hd__clkbuf_8)
     2    0.019091    0.038326    0.114924    0.387449 ^ clkbuf_4_10_0_clk/X (sky130_fd_sc_hd__clkbuf_8)
                                                         clknet_4_10_0_clk (net)
                      0.038326    0.000191    0.387640 ^ clkbuf_5_21__f_clk/A (sky130_fd_sc_hd__clkbuf_16)
     7    0.024299    0.034065    0.089571    0.477210 ^ clkbuf_5_21__f_clk/X (sky130_fd_sc_hd__clkbuf_16)
                                                         clknet_5_21__leaf_clk (net)
                      0.034067    0.000264    0.477474 ^ _1257_/CLK (sky130_fd_sc_hd__dfxtp_2)
                                  0.250000    0.727474   clock uncertainty
                                  0.000000    0.727474   clock reconvergence pessimism
                                 -0.016423    0.711051   library hold time
                                              0.711051   data required time
---------------------------------------------------------------------------------------------
                                              0.711051   data required time
                                             -0.818229   data arrival time
---------------------------------------------------------------------------------------------
                                              0.107177   slack (MET)


Startpoint: _1258_ (rising edge-triggered flip-flop clocked by clk)
Endpoint: _1258_ (rising edge-triggered flip-flop clocked by clk)
Path Group: clk
Path Type: min

Fanout         Cap        Slew       Delay        Time   Description
---------------------------------------------------------------------------------------------
                                  0.000000    0.000000   clock clk (rise edge)
                                  0.000000    0.000000   clock source latency
     2    0.032873    0.114434    0.079486    0.079486 ^ clk (in)
                                                         clk (net)
                      0.114458    0.000000    0.079486 ^ clkbuf_0_clk/A (sky130_fd_sc_hd__clkbuf_16)
    33    0.171759    0.142018    0.188908    0.268394 ^ clkbuf_0_clk/X (sky130_fd_sc_hd__clkbuf_16)
                                                         clknet_0_clk (net)
                      0.142128    0.003229    0.271623 ^ clkbuf_4_11_0_clk/A (sky130_fd_sc_hd__clkbuf_8)
     2    0.018449    0.037599    0.114229    0.385852 ^ clkbuf_4_11_0_clk/X (sky130_fd_sc_hd__clkbuf_8)
                                                         clknet_4_11_0_clk (net)
                      0.037599    0.000141    0.385992 ^ clkbuf_5_23__f_clk/A (sky130_fd_sc_hd__clkbuf_16)
     6    0.019675    0.030961    0.086206    0.472198 ^ clkbuf_5_23__f_clk/X (sky130_fd_sc_hd__clkbuf_16)
                                                         clknet_5_23__leaf_clk (net)
                      0.030961    0.000250    0.472449 ^ _1258_/CLK (sky130_fd_sc_hd__dfxtp_2)
     3    0.007249    0.035918    0.199634    0.672083 ^ _1258_/Q (sky130_fd_sc_hd__dfxtp_2)
                                                         core.resp[6] (net)
                      0.035918    0.000061    0.672144 ^ _0910_/A0 (sky130_fd_sc_hd__mux2_1)
     1    0.003080    0.030298    0.074158    0.746301 ^ _0910_/X (sky130_fd_sc_hd__mux2_1)
                                                         _0415_ (net)
                      0.030298    0.000029    0.746330 ^ _0911_/B2 (sky130_fd_sc_hd__a22o_2)
     1    0.002489    0.020416    0.066930    0.813260 ^ _0911_/X (sky130_fd_sc_hd__a22o_2)
                                                         _0050_ (net)
                      0.020416    0.000027    0.813287 ^ _1258_/D (sky130_fd_sc_hd__dfxtp_2)
                                              0.813287   data arrival time

                                  0.000000    0.000000   clock clk (rise edge)
                                  0.000000    0.000000   clock source latency
     2    0.032873    0.114434    0.079486    0.079486 ^ clk (in)
                                                         clk (net)
                      0.114458    0.000000    0.079486 ^ clkbuf_0_clk/A (sky130_fd_sc_hd__clkbuf_16)
    33    0.171759    0.142018    0.188908    0.268394 ^ clkbuf_0_clk/X (sky130_fd_sc_hd__clkbuf_16)
                                                         clknet_0_clk (net)
                      0.142128    0.003229    0.271623 ^ clkbuf_4_11_0_clk/A (sky130_fd_sc_hd__clkbuf_8)
     2    0.018449    0.037599    0.114229    0.385852 ^ clkbuf_4_11_0_clk/X (sky130_fd_sc_hd__clkbuf_8)
                                                         clknet_4_11_0_clk (net)
                      0.037599    0.000141    0.385992 ^ clkbuf_5_23__f_clk/A (sky130_fd_sc_hd__clkbuf_16)
     6    0.019675    0.030961    0.086206    0.472198 ^ clkbuf_5_23__f_clk/X (sky130_fd_sc_hd__clkbuf_16)
                                                         clknet_5_23__leaf_clk (net)
                      0.030961    0.000250    0.472449 ^ _1258_/CLK (sky130_fd_sc_hd__dfxtp_2)
                                  0.250000    0.722449   clock uncertainty
                                  0.000000    0.722449   clock reconvergence pessimism
                                 -0.016552    0.705897   library hold time
                                              0.705897   data required time
---------------------------------------------------------------------------------------------
                                              0.705897   data required time
                                             -0.813287   data arrival time
---------------------------------------------------------------------------------------------
                                              0.107390   slack (MET)


Startpoint: _1273_ (rising edge-triggered flip-flop clocked by clk)
Endpoint: _1265_ (rising edge-triggered flip-flop clocked by clk)
Path Group: clk
Path Type: min

Fanout         Cap        Slew       Delay        Time   Description
---------------------------------------------------------------------------------------------
                                  0.000000    0.000000   clock clk (rise edge)
                                  0.000000    0.000000   clock source latency
     2    0.032873    0.114434    0.079486    0.079486 ^ clk (in)
                                                         clk (net)
                      0.114458    0.000000    0.079486 ^ clkbuf_0_clk/A (sky130_fd_sc_hd__clkbuf_16)
    33    0.171759    0.142018    0.188908    0.268394 ^ clkbuf_0_clk/X (sky130_fd_sc_hd__clkbuf_16)
                                                         clknet_0_clk (net)
                      0.142201    0.004131    0.272524 ^ clkbuf_4_10_0_clk/A (sky130_fd_sc_hd__clkbuf_8)
     2    0.019091    0.038326    0.114924    0.387449 ^ clkbuf_4_10_0_clk/X (sky130_fd_sc_hd__clkbuf_8)
                                                         clknet_4_10_0_clk (net)
                      0.038326    0.000191    0.387640 ^ clkbuf_5_21__f_clk/A (sky130_fd_sc_hd__clkbuf_16)
     7    0.024299    0.034065    0.089571    0.477210 ^ clkbuf_5_21__f_clk/X (sky130_fd_sc_hd__clkbuf_16)
                                                         clknet_5_21__leaf_clk (net)
                      0.034065    0.000165    0.477375 ^ _1273_/CLK (sky130_fd_sc_hd__dfxtp_2)
     3    0.007406    0.036443    0.200988    0.678363 ^ _1273_/Q (sky130_fd_sc_hd__dfxtp_2)
                                                         core.resp[21] (net)
                      0.036443    0.000071    0.678434 ^ _0940_/A1 (sky130_fd_sc_hd__mux2_1)
     1    0.002935    0.029459    0.074976    0.753410 ^ _0940_/X (sky130_fd_sc_hd__mux2_1)
                                                         _0438_ (net)
                      0.029459    0.000027    0.753437 ^ _0941_/B2 (sky130_fd_sc_hd__a22o_2)
     1    0.002185    0.019464    0.065717    0.819154 ^ _0941_/X (sky130_fd_sc_hd__a22o_2)
                                                         _0057_ (net)
                      0.019464    0.000021    0.819175 ^ _1265_/D (sky130_fd_sc_hd__dfxtp_2)
                                              0.819175   data arrival time

                                  0.000000    0.000000   clock clk (rise edge)
                                  0.000000    0.000000   clock source latency
     2    0.032873    0.114434    0.079486    0.079486 ^ clk (in)
                                                         clk (net)
                      0.114458    0.000000    0.079486 ^ clkbuf_0_clk/A (sky130_fd_sc_hd__clkbuf_16)
    33    0.171759    0.142018    0.188908    0.268394 ^ clkbuf_0_clk/X (sky130_fd_sc_hd__clkbuf_16)
                                                         clknet_0_clk (net)
                      0.142201    0.004131    0.272524 ^ clkbuf_4_10_0_clk/A (sky130_fd_sc_hd__clkbuf_8)
     2    0.019091    0.038326    0.114924    0.387449 ^ clkbuf_4_10_0_clk/X (sky130_fd_sc_hd__clkbuf_8)
                                                         clknet_4_10_0_clk (net)
                      0.038326    0.000191    0.387640 ^ clkbuf_5_21__f_clk/A (sky130_fd_sc_hd__clkbuf_16)
     7    0.024299    0.034065    0.089571    0.477210 ^ clkbuf_5_21__f_clk/X (sky130_fd_sc_hd__clkbuf_16)
                                                         clknet_5_21__leaf_clk (net)
                      0.034066    0.000230    0.477440 ^ _1265_/CLK (sky130_fd_sc_hd__dfxtp_2)
                                  0.250000    0.727440   clock uncertainty
                                  0.000000    0.727440   clock reconvergence pessimism
                                 -0.016411    0.711029   library hold time
                                              0.711029   data required time
---------------------------------------------------------------------------------------------
                                              0.711029   data required time
                                             -0.819175   data arrival time
---------------------------------------------------------------------------------------------
                                              0.108146   slack (MET)


Startpoint: _1267_ (rising edge-triggered flip-flop clocked by clk)
Endpoint: _1259_ (rising edge-triggered flip-flop clocked by clk)
Path Group: clk
Path Type: min

Fanout         Cap        Slew       Delay        Time   Description
