137. Printing statistics.

=== image_text_match ===

        +----------Local Count, excluding submodules.
        |        +-Local Area, excluding submodules.
        |        | 
      252        - wires
      266        - wire bits
       47        - public wires
       61        - public wire bits
       10        - ports
       24        - port bits
      253 2.63E+03 cells
        2   25.024   sky130_fd_sc_hd__a2111o_2
        1   15.014   sky130_fd_sc_hd__a2111oi_2
        1    10.01   sky130_fd_sc_hd__a211o_2
        9   78.826   sky130_fd_sc_hd__a21o_2
       10   87.584   sky130_fd_sc_hd__a21oi_2
        3   30.029   sky130_fd_sc_hd__a22o_2
        8   70.067   sky130_fd_sc_hd__a31o_2
        7   78.826   sky130_fd_sc_hd__a32o_2
        3   33.782   sky130_fd_sc_hd__a41o_2
       18   135.13   sky130_fd_sc_hd__and2_2
        2   17.517   sky130_fd_sc_hd__and2b_2
       18   135.13   sky130_fd_sc_hd__and3_2
        5   50.048   sky130_fd_sc_hd__and3b_2
        4   40.038   sky130_fd_sc_hd__and4_2
        2   22.522   sky130_fd_sc_hd__and4b_2
        3   37.536   sky130_fd_sc_hd__and4bb_2
        1    5.005   sky130_fd_sc_hd__buf_2
       39  829.546   sky130_fd_sc_hd__dfxtp_2
       13   48.797   sky130_fd_sc_hd__inv_2
        6   67.565   sky130_fd_sc_hd__mux2_1
       12   75.072   sky130_fd_sc_hd__nand2_2
        1    8.758   sky130_fd_sc_hd__nand2b_2
        3   30.029   sky130_fd_sc_hd__nand3_2
       21  131.376   sky130_fd_sc_hd__nor2_2
        4   40.038   sky130_fd_sc_hd__nor3_2
        1   12.512   sky130_fd_sc_hd__nor4_2
        1   15.014   sky130_fd_sc_hd__nor4b_2
        7   70.067   sky130_fd_sc_hd__o211a_2
        2   25.024   sky130_fd_sc_hd__o211ai_2
       10   87.584   sky130_fd_sc_hd__o21a_2
       11   96.342   sky130_fd_sc_hd__o21ai_2
        1   11.261   sky130_fd_sc_hd__o221a_2
        1   11.261   sky130_fd_sc_hd__o311a_2
        3   30.029   sky130_fd_sc_hd__o31a_2
        1   12.512   sky130_fd_sc_hd__o41a_2
        5    31.28   sky130_fd_sc_hd__or2_2
        4   30.029   sky130_fd_sc_hd__or3_2
        3   26.275   sky130_fd_sc_hd__or3b_2
        4   35.034   sky130_fd_sc_hd__or4_2
        2   20.019   sky130_fd_sc_hd__or4b_2
        1   12.512   sky130_fd_sc_hd__or4bb_2

   Chip area for module '\image_text_match': 2630.022400
     of which used for sequential elements: 829.545600 (31.54%)

