                                                                        Cells by Master                                                                         
┏━━━━━━━━━━━━━━━━━━━━━━━━━━━━━━━━━━━━━━━━━━━━━━━━━━━━━━━━━━━━━━━━━━━━━━━━━━━━━━━━━━━━━━━━━━━━━━━━━━━━━━━━━━━━━━━━━━━━━━━━━━━━━━━━━━━┳━━━━━━━━━━━━━━━━━━━━━━━━━━┓
┃ Cell                                                                                                                              ┃ Count                    ┃
┡━━━━━━━━━━━━━━━━━━━━━━━━━━━━━━━━━━━━━━━━━━━━━━━━━━━━━━━━━━━━━━━━━━━━━━━━━━━━━━━━━━━━━━━━━━━━━━━━━━━━━━━━━━━━━━━━━━━━━━━━━━━━━━━━━━━╇━━━━━━━━━━━━━━━━━━━━━━━━━━┩
│ sky130_fd_sc_hd__a21o_2                                                                                                           │ 2                        │
│ sky130_fd_sc_hd__a21oi_2                                                                                                          │ 3                        │
│ sky130_fd_sc_hd__a22o_2                                                                                                           │ 7                        │
│ sky130_fd_sc_hd__a31o_2                                                                                                           │ 1                        │
│ sky130_fd_sc_hd__a32o_2                                                                                                           │ 1                        │
│ sky130_fd_sc_hd__and2_2                                                                                                           │ 10                       │
│ sky130_fd_sc_hd__and3_2                                                                                                           │ 1                        │
│ sky130_fd_sc_hd__buf_1                                                                                                            │ 13                       │
│ sky130_fd_sc_hd__buf_2                                                                                                            │ 4                        │
│ sky130_fd_sc_hd__clkbuf_16                                                                                                        │ 5                        │
│ sky130_fd_sc_hd__clkbuf_2                                                                                                         │ 1                        │
│ sky130_fd_sc_hd__clkbuf_4                                                                                                         │ 11                       │
│ sky130_fd_sc_hd__clkdlybuf4s25_1                                                                                                  │ 13                       │
│ sky130_fd_sc_hd__conb_1                                                                                                           │ 3                        │
│ sky130_fd_sc_hd__decap_3                                                                                                          │ 523                      │
│ sky130_fd_sc_hd__dfxtp_2                                                                                                          │ 21                       │
│ sky130_fd_sc_hd__diode_2                                                                                                          │ 22                       │
│ sky130_fd_sc_hd__dlygate4sd3_1                                                                                                    │ 11                       │
│ sky130_fd_sc_hd__fill_1                                                                                                           │ 56                       │
│ sky130_fd_sc_hd__fill_2                                                                                                           │ 55                       │
│ sky130_fd_sc_hd__inv_2                                                                                                            │ 5                        │
│ sky130_fd_sc_hd__nand2_2                                                                                                          │ 6                        │
│ sky130_fd_sc_hd__nand2b_2                                                                                                         │ 1                        │
│ sky130_fd_sc_hd__nand3_2                                                                                                          │ 1                        │
│ sky130_fd_sc_hd__nor2_2                                                                                                           │ 11                       │
│ sky130_fd_sc_hd__o211a_2                                                                                                          │ 5                        │
│ sky130_fd_sc_hd__o21ai_2                                                                                                          │ 2                        │
│ sky130_fd_sc_hd__o221a_2                                                                                                          │ 1                        │
│ sky130_fd_sc_hd__o2bb2a_2                                                                                                         │ 3                        │
│ sky130_fd_sc_hd__o311a_2                                                                                                          │ 1                        │
│ sky130_fd_sc_hd__o31a_2                                                                                                           │ 1                        │
│ sky130_fd_sc_hd__o31ai_4                                                                                                          │ 1                        │
│ sky130_fd_sc_hd__o32a_2                                                                                                           │ 1                        │
│ sky130_fd_sc_hd__or2_2                                                                                                            │ 2                        │
│ sky130_fd_sc_hd__or4_2                                                                                                            │ 2                        │
│ sky130_fd_sc_hd__tapvpwrvgnd_1                                                                                                    │ 57                       │
│ sky130_fd_sc_hd__xnor2_2                                                                                                          │ 2                        │
│ sky130_fd_sc_hd__xor2_2                                                                                                           │ 3                        │
└───────────────────────────────────────────────────────────────────────────────────────────────────────────────────────────────────┴──────────────────────────┘
