115. Printing statistics.

=== audio_pitch ===

        +----------Local Count, excluding submodules.
        |        +-Local Area, excluding submodules.
        |        | 
       99        - wires
      113        - wire bits
       27        - public wires
       41        - public wire bits
       10        - ports
       24        - port bits
      100  1.1E+03 cells
        2   17.517   sky130_fd_sc_hd__a21o_2
        3   26.275   sky130_fd_sc_hd__a21oi_2
        7   70.067   sky130_fd_sc_hd__a22o_2
        1    8.758   sky130_fd_sc_hd__a31o_2
        1   11.261   sky130_fd_sc_hd__a32o_2
       10   75.072   sky130_fd_sc_hd__and2_2
        1    7.507   sky130_fd_sc_hd__and3_2
        1    3.754   sky130_fd_sc_hd__buf_1
        2    10.01   sky130_fd_sc_hd__buf_2
        3   11.261   sky130_fd_sc_hd__conb_1
       21  446.678   sky130_fd_sc_hd__dfxtp_2
        5   18.768   sky130_fd_sc_hd__inv_2
        6   37.536   sky130_fd_sc_hd__nand2_2
        1    8.758   sky130_fd_sc_hd__nand2b_2
        1    10.01   sky130_fd_sc_hd__nand3_2
       11   68.816   sky130_fd_sc_hd__nor2_2
        5   50.048   sky130_fd_sc_hd__o211a_2
        2   17.517   sky130_fd_sc_hd__o21ai_2
        1   11.261   sky130_fd_sc_hd__o221a_2
        3   33.782   sky130_fd_sc_hd__o2bb2a_2
        1   11.261   sky130_fd_sc_hd__o311a_2
        1    10.01   sky130_fd_sc_hd__o31a_2
        1   12.512   sky130_fd_sc_hd__o31ai_2
        1   11.261   sky130_fd_sc_hd__o32a_2
        2   12.512   sky130_fd_sc_hd__or2_2
        2   17.517   sky130_fd_sc_hd__or4_2
        2   32.531   sky130_fd_sc_hd__xnor2_2
        3   48.797   sky130_fd_sc_hd__xor2_2

   Chip area for module '\audio_pitch': 1101.056000
     of which used for sequential elements: 446.678400 (40.57%)

