
===========================================================================
report_checks -path_delay min (Hold)
============================================================================
======================= min_ff_n40C_1v95 Corner ===================================

Startpoint: _150_ (rising edge-triggered flip-flop clocked by clk)
Endpoint: _151_ (rising edge-triggered flip-flop clocked by clk)
Path Group: clk
Path Type: min

Fanout         Cap        Slew       Delay        Time   Description
---------------------------------------------------------------------------------------------
                                  0.000000    0.000000   clock clk (rise edge)
                                  0.000000    0.000000   clock source latency
     2    0.014909    0.054839    0.037103    0.037103 ^ clk (in)
                                                         clk (net)
                      0.054844    0.000000    0.037103 ^ clkbuf_0_clk/A (sky130_fd_sc_hd__clkbuf_16)
     4    0.041226    0.046039    0.104453    0.141556 ^ clkbuf_0_clk/X (sky130_fd_sc_hd__clkbuf_16)
                                                         clknet_0_clk (net)
                      0.046054    0.000731    0.142286 ^ clkbuf_2_2__f_clk/A (sky130_fd_sc_hd__clkbuf_16)
     6    0.016238    0.028713    0.086274    0.228560 ^ clkbuf_2_2__f_clk/X (sky130_fd_sc_hd__clkbuf_16)
                                                         clknet_2_2__leaf_clk (net)
                      0.028718    0.000248    0.228808 ^ _150_/CLK (sky130_fd_sc_hd__dfxtp_2)
     2    0.006383    0.033023    0.196664    0.425472 ^ _150_/Q (sky130_fd_sc_hd__dfxtp_2)
                                                         line[3] (net)
                      0.033023    0.000038    0.425510 ^ _093_/B2 (sky130_fd_sc_hd__a22o_2)
     1    0.002092    0.019170    0.066291    0.491801 ^ _093_/X (sky130_fd_sc_hd__a22o_2)
                                                         _055_ (net)
                      0.019170    0.000019    0.491820 ^ _094_/B (sky130_fd_sc_hd__and2_2)
     1    0.002239    0.023053    0.073398    0.565218 ^ _094_/X (sky130_fd_sc_hd__and2_2)
                                                         _005_ (net)
                      0.023053    0.000021    0.565239 ^ _151_/D (sky130_fd_sc_hd__dfxtp_2)
                                              0.565239   data arrival time

                                  0.000000    0.000000   clock clk (rise edge)
                                  0.000000    0.000000   clock source latency
     2    0.014909    0.054839    0.037103    0.037103 ^ clk (in)
                                                         clk (net)
                      0.054844    0.000000    0.037103 ^ clkbuf_0_clk/A (sky130_fd_sc_hd__clkbuf_16)
     4    0.041226    0.046039    0.104453    0.141556 ^ clkbuf_0_clk/X (sky130_fd_sc_hd__clkbuf_16)
                                                         clknet_0_clk (net)
                      0.046054    0.000731    0.142286 ^ clkbuf_2_2__f_clk/A (sky130_fd_sc_hd__clkbuf_16)
     6    0.016238    0.028713    0.086274    0.228560 ^ clkbuf_2_2__f_clk/X (sky130_fd_sc_hd__clkbuf_16)
                                                         clknet_2_2__leaf_clk (net)
                      0.028718    0.000253    0.228813 ^ _151_/CLK (sky130_fd_sc_hd__dfxtp_2)
                                  0.250000    0.478813   clock uncertainty
                                  0.000000    0.478813   clock reconvergence pessimism
                                 -0.016792    0.462021   library hold time
                                              0.462021   data required time
---------------------------------------------------------------------------------------------
                                              0.462021   data required time
                                             -0.565239   data arrival time
---------------------------------------------------------------------------------------------
                                              0.103218   slack (MET)


Startpoint: _151_ (rising edge-triggered flip-flop clocked by clk)
Endpoint: _152_ (rising edge-triggered flip-flop clocked by clk)
Path Group: clk
Path Type: min

Fanout         Cap        Slew       Delay        Time   Description
---------------------------------------------------------------------------------------------
                                  0.000000    0.000000   clock clk (rise edge)
                                  0.000000    0.000000   clock source latency
     2    0.014909    0.054839    0.037103    0.037103 ^ clk (in)
                                                         clk (net)
                      0.054844    0.000000    0.037103 ^ clkbuf_0_clk/A (sky130_fd_sc_hd__clkbuf_16)
     4    0.041226    0.046039    0.104453    0.141556 ^ clkbuf_0_clk/X (sky130_fd_sc_hd__clkbuf_16)
                                                         clknet_0_clk (net)
                      0.046054    0.000731    0.142286 ^ clkbuf_2_2__f_clk/A (sky130_fd_sc_hd__clkbuf_16)
     6    0.016238    0.028713    0.086274    0.228560 ^ clkbuf_2_2__f_clk/X (sky130_fd_sc_hd__clkbuf_16)
                                                         clknet_2_2__leaf_clk (net)
                      0.028718    0.000253    0.228813 ^ _151_/CLK (sky130_fd_sc_hd__dfxtp_2)
     2    0.006462    0.033287    0.196862    0.425674 ^ _151_/Q (sky130_fd_sc_hd__dfxtp_2)
                                                         line[4] (net)
                      0.033287    0.000062    0.425736 ^ _095_/B2 (sky130_fd_sc_hd__a22o_2)
     1    0.002324    0.019895    0.067120    0.492857 ^ _095_/X (sky130_fd_sc_hd__a22o_2)
                                                         _056_ (net)
                      0.019895    0.000024    0.492881 ^ _096_/B (sky130_fd_sc_hd__and2_2)
     1    0.001998    0.022301    0.072763    0.565644 ^ _096_/X (sky130_fd_sc_hd__and2_2)
                                                         _006_ (net)
                      0.022301    0.000017    0.565661 ^ _152_/D (sky130_fd_sc_hd__dfxtp_2)
                                              0.565661   data arrival time

                                  0.000000    0.000000   clock clk (rise edge)
                                  0.000000    0.000000   clock source latency
     2    0.014909    0.054839    0.037103    0.037103 ^ clk (in)
                                                         clk (net)
                      0.054844    0.000000    0.037103 ^ clkbuf_0_clk/A (sky130_fd_sc_hd__clkbuf_16)
     4    0.041226    0.046039    0.104453    0.141556 ^ clkbuf_0_clk/X (sky130_fd_sc_hd__clkbuf_16)
                                                         clknet_0_clk (net)
                      0.046054    0.000731    0.142286 ^ clkbuf_2_2__f_clk/A (sky130_fd_sc_hd__clkbuf_16)
     6    0.016238    0.028713    0.086274    0.228560 ^ clkbuf_2_2__f_clk/X (sky130_fd_sc_hd__clkbuf_16)
                                                         clknet_2_2__leaf_clk (net)
                      0.028718    0.000226    0.228786 ^ _152_/CLK (sky130_fd_sc_hd__dfxtp_2)
                                  0.250000    0.478786   clock uncertainty
                                  0.000000    0.478786   clock reconvergence pessimism
                                 -0.016739    0.462047   library hold time
                                              0.462047   data required time
---------------------------------------------------------------------------------------------
                                              0.462047   data required time
                                             -0.565661   data arrival time
---------------------------------------------------------------------------------------------
                                              0.103613   slack (MET)


Startpoint: _152_ (rising edge-triggered flip-flop clocked by clk)
Endpoint: _153_ (rising edge-triggered flip-flop clocked by clk)
Path Group: clk
Path Type: min

Fanout         Cap        Slew       Delay        Time   Description
---------------------------------------------------------------------------------------------
                                  0.000000    0.000000   clock clk (rise edge)
                                  0.000000    0.000000   clock source latency
     2    0.014909    0.054839    0.037103    0.037103 ^ clk (in)
                                                         clk (net)
                      0.054844    0.000000    0.037103 ^ clkbuf_0_clk/A (sky130_fd_sc_hd__clkbuf_16)
     4    0.041226    0.046039    0.104453    0.141556 ^ clkbuf_0_clk/X (sky130_fd_sc_hd__clkbuf_16)
                                                         clknet_0_clk (net)
                      0.046054    0.000731    0.142286 ^ clkbuf_2_2__f_clk/A (sky130_fd_sc_hd__clkbuf_16)
     6    0.016238    0.028713    0.086274    0.228560 ^ clkbuf_2_2__f_clk/X (sky130_fd_sc_hd__clkbuf_16)
                                                         clknet_2_2__leaf_clk (net)
                      0.028718    0.000226    0.228786 ^ _152_/CLK (sky130_fd_sc_hd__dfxtp_2)
     2    0.007254    0.035935    0.198986    0.427772 ^ _152_/Q (sky130_fd_sc_hd__dfxtp_2)
                                                         line[5] (net)
                      0.035935    0.000041    0.427813 ^ _097_/B2 (sky130_fd_sc_hd__a22o_2)
     1    0.002030    0.018970    0.066801    0.494614 ^ _097_/X (sky130_fd_sc_hd__a22o_2)
                                                         _057_ (net)
                      0.018970    0.000018    0.494632 ^ _098_/B (sky130_fd_sc_hd__and2_2)
     1    0.002059    0.022490    0.072728    0.567360 ^ _098_/X (sky130_fd_sc_hd__and2_2)
                                                         _007_ (net)
                      0.022490    0.000010    0.567370 ^ _153_/D (sky130_fd_sc_hd__dfxtp_2)
                                              0.567370   data arrival time

                                  0.000000    0.000000   clock clk (rise edge)
                                  0.000000    0.000000   clock source latency
     2    0.014909    0.054839    0.037103    0.037103 ^ clk (in)
                                                         clk (net)
                      0.054844    0.000000    0.037103 ^ clkbuf_0_clk/A (sky130_fd_sc_hd__clkbuf_16)
     4    0.041226    0.046039    0.104453    0.141556 ^ clkbuf_0_clk/X (sky130_fd_sc_hd__clkbuf_16)
                                                         clknet_0_clk (net)
                      0.046054    0.000731    0.142286 ^ clkbuf_2_2__f_clk/A (sky130_fd_sc_hd__clkbuf_16)
     6    0.016238    0.028713    0.086274    0.228560 ^ clkbuf_2_2__f_clk/X (sky130_fd_sc_hd__clkbuf_16)
                                                         clknet_2_2__leaf_clk (net)
                      0.028713    0.000130    0.228689 ^ _153_/CLK (sky130_fd_sc_hd__dfxtp_2)
                                  0.250000    0.478689   clock uncertainty
                                  0.000000    0.478689   clock reconvergence pessimism
                                 -0.016752    0.461937   library hold time
                                              0.461937   data required time
---------------------------------------------------------------------------------------------
                                              0.461937   data required time
                                             -0.567370   data arrival time
---------------------------------------------------------------------------------------------
                                              0.105433   slack (MET)


Startpoint: _154_ (rising edge-triggered flip-flop clocked by clk)
Endpoint: _154_ (rising edge-triggered flip-flop clocked by clk)
Path Group: clk
Path Type: min

Fanout         Cap        Slew       Delay        Time   Description
---------------------------------------------------------------------------------------------
                                  0.000000    0.000000   clock clk (rise edge)
                                  0.000000    0.000000   clock source latency
     2    0.014909    0.054839    0.037103    0.037103 ^ clk (in)
                                                         clk (net)
                      0.054844    0.000000    0.037103 ^ clkbuf_0_clk/A (sky130_fd_sc_hd__clkbuf_16)
     4    0.041226    0.046039    0.104453    0.141556 ^ clkbuf_0_clk/X (sky130_fd_sc_hd__clkbuf_16)
                                                         clknet_0_clk (net)
                      0.046045    0.000519    0.142075 ^ clkbuf_2_1__f_clk/A (sky130_fd_sc_hd__clkbuf_16)
     6    0.019253    0.030718    0.088380    0.230455 ^ clkbuf_2_1__f_clk/X (sky130_fd_sc_hd__clkbuf_16)
                                                         clknet_2_1__leaf_clk (net)
                      0.030718    0.000116    0.230571 ^ _154_/CLK (sky130_fd_sc_hd__dfxtp_2)
     1    0.004648    0.020133    0.195036    0.425607 v _154_/Q (sky130_fd_sc_hd__dfxtp_2)
                                                         count[0] (net)
                      0.020133    0.000042    0.425649 v _074_/A (sky130_fd_sc_hd__inv_2)
     4    0.012833    0.047957    0.047538    0.473187 ^ _074_/Y (sky130_fd_sc_hd__inv_2)
                                                         _042_ (net)
                      0.047957    0.000075    0.473262 ^ _103_/B2 (sky130_fd_sc_hd__o32a_2)
     1    0.006608    0.032357    0.069377    0.542640 ^ _103_/X (sky130_fd_sc_hd__o32a_2)
                                                         _062_ (net)
                      0.032357    0.000105    0.542744 ^ _104_/B (sky130_fd_sc_hd__nor2_2)
     1    0.002380    0.011796    0.015950    0.558694 v _104_/Y (sky130_fd_sc_hd__nor2_2)
                                                         _008_ (net)
                      0.011796    0.000025    0.558719 v _154_/D (sky130_fd_sc_hd__dfxtp_2)
                                              0.558719   data arrival time

                                  0.000000    0.000000   clock clk (rise edge)
                                  0.000000    0.000000   clock source latency
     2    0.014909    0.054839    0.037103    0.037103 ^ clk (in)
                                                         clk (net)
                      0.054844    0.000000    0.037103 ^ clkbuf_0_clk/A (sky130_fd_sc_hd__clkbuf_16)
     4    0.041226    0.046039    0.104453    0.141556 ^ clkbuf_0_clk/X (sky130_fd_sc_hd__clkbuf_16)
                                                         clknet_0_clk (net)
                      0.046045    0.000519    0.142075 ^ clkbuf_2_1__f_clk/A (sky130_fd_sc_hd__clkbuf_16)
     6    0.019253    0.030718    0.088380    0.230455 ^ clkbuf_2_1__f_clk/X (sky130_fd_sc_hd__clkbuf_16)
                                                         clknet_2_1__leaf_clk (net)
                      0.030718    0.000116    0.230571 ^ _154_/CLK (sky130_fd_sc_hd__dfxtp_2)
                                  0.250000    0.480571   clock uncertainty
                                  0.000000    0.480571   clock reconvergence pessimism
                                 -0.028297    0.452274   library hold time
                                              0.452274   data required time
---------------------------------------------------------------------------------------------
                                              0.452274   data required time
                                             -0.558719   data arrival time
---------------------------------------------------------------------------------------------
                                              0.106445   slack (MET)


Startpoint: _149_ (rising edge-triggered flip-flop clocked by clk)
Endpoint: _150_ (rising edge-triggered flip-flop clocked by clk)
Path Group: clk
Path Type: min

Fanout         Cap        Slew       Delay        Time   Description
---------------------------------------------------------------------------------------------
                                  0.000000    0.000000   clock clk (rise edge)
                                  0.000000    0.000000   clock source latency
     2    0.014909    0.054839    0.037103    0.037103 ^ clk (in)
                                                         clk (net)
                      0.054844    0.000000    0.037103 ^ clkbuf_0_clk/A (sky130_fd_sc_hd__clkbuf_16)
     4    0.041226    0.046039    0.104453    0.141556 ^ clkbuf_0_clk/X (sky130_fd_sc_hd__clkbuf_16)
                                                         clknet_0_clk (net)
                      0.046051    0.000673    0.142228 ^ clkbuf_2_0__f_clk/A (sky130_fd_sc_hd__clkbuf_16)
     6    0.019039    0.030571    0.088173    0.230402 ^ clkbuf_2_0__f_clk/X (sky130_fd_sc_hd__clkbuf_16)
                                                         clknet_2_0__leaf_clk (net)
                      0.030571    0.000202    0.230603 ^ _149_/CLK (sky130_fd_sc_hd__dfxtp_2)
     2    0.006625    0.033828    0.197861    0.428464 ^ _149_/Q (sky130_fd_sc_hd__dfxtp_2)
                                                         line[2] (net)
                      0.033828    0.000019    0.428483 ^ _091_/B2 (sky130_fd_sc_hd__a22o_2)
     1    0.002109    0.019222    0.066544    0.495028 ^ _091_/X (sky130_fd_sc_hd__a22o_2)
                                                         _054_ (net)
                      0.019222    0.000020    0.495048 ^ _092_/B (sky130_fd_sc_hd__and2_2)
     1    0.002886    0.025066    0.075630    0.570678 ^ _092_/X (sky130_fd_sc_hd__and2_2)
                                                         _004_ (net)
                      0.025066    0.000036    0.570713 ^ _150_/D (sky130_fd_sc_hd__dfxtp_2)
                                              0.570713   data arrival time

                                  0.000000    0.000000   clock clk (rise edge)
                                  0.000000    0.000000   clock source latency
     2    0.014909    0.054839    0.037103    0.037103 ^ clk (in)
                                                         clk (net)
                      0.054844    0.000000    0.037103 ^ clkbuf_0_clk/A (sky130_fd_sc_hd__clkbuf_16)
     4    0.041226    0.046039    0.104453    0.141556 ^ clkbuf_0_clk/X (sky130_fd_sc_hd__clkbuf_16)
                                                         clknet_0_clk (net)
                      0.046054    0.000731    0.142286 ^ clkbuf_2_2__f_clk/A (sky130_fd_sc_hd__clkbuf_16)
     6    0.016238    0.028713    0.086274    0.228560 ^ clkbuf_2_2__f_clk/X (sky130_fd_sc_hd__clkbuf_16)
                                                         clknet_2_2__leaf_clk (net)
                      0.028718    0.000248    0.228808 ^ _150_/CLK (sky130_fd_sc_hd__dfxtp_2)
                                  0.250000    0.478808   clock uncertainty
                                  0.000000    0.478808   clock reconvergence pessimism
                                 -0.016934    0.461874   library hold time
                                              0.461874   data required time
---------------------------------------------------------------------------------------------
                                              0.461874   data required time
                                             -0.570713   data arrival time
---------------------------------------------------------------------------------------------
                                              0.108839   slack (MET)


Startpoint: _149_ (rising edge-triggered flip-flop clocked by clk)
Endpoint: _149_ (rising edge-triggered flip-flop clocked by clk)
Path Group: clk
Path Type: min

Fanout         Cap        Slew       Delay        Time   Description
---------------------------------------------------------------------------------------------
                                  0.000000    0.000000   clock clk (rise edge)
                                  0.000000    0.000000   clock source latency
     2    0.014909    0.054839    0.037103    0.037103 ^ clk (in)
                                                         clk (net)
                      0.054844    0.000000    0.037103 ^ clkbuf_0_clk/A (sky130_fd_sc_hd__clkbuf_16)
     4    0.041226    0.046039    0.104453    0.141556 ^ clkbuf_0_clk/X (sky130_fd_sc_hd__clkbuf_16)
                                                         clknet_0_clk (net)
                      0.046051    0.000673    0.142228 ^ clkbuf_2_0__f_clk/A (sky130_fd_sc_hd__clkbuf_16)
     6    0.019039    0.030571    0.088173    0.230402 ^ clkbuf_2_0__f_clk/X (sky130_fd_sc_hd__clkbuf_16)
                                                         clknet_2_0__leaf_clk (net)
                      0.030571    0.000202    0.230603 ^ _149_/CLK (sky130_fd_sc_hd__dfxtp_2)
     2    0.006625    0.033828    0.197861    0.428464 ^ _149_/Q (sky130_fd_sc_hd__dfxtp_2)
                                                         line[2] (net)
                      0.033828    0.000057    0.428521 ^ _089_/A1 (sky130_fd_sc_hd__a22o_2)
     1    0.002598    0.020749    0.071779    0.500300 ^ _089_/X (sky130_fd_sc_hd__a22o_2)
                                                         _053_ (net)
                      0.020749    0.000031    0.500331 ^ _090_/B (sky130_fd_sc_hd__and2_2)
     1    0.002145    0.022759    0.073493    0.573824 ^ _090_/X (sky130_fd_sc_hd__and2_2)
                                                         _003_ (net)
                      0.022759    0.000019    0.573843 ^ _149_/D (sky130_fd_sc_hd__dfxtp_2)
                                              0.573843   data arrival time

                                  0.000000    0.000000   clock clk (rise edge)
                                  0.000000    0.000000   clock source latency
     2    0.014909    0.054839    0.037103    0.037103 ^ clk (in)
                                                         clk (net)
                      0.054844    0.000000    0.037103 ^ clkbuf_0_clk/A (sky130_fd_sc_hd__clkbuf_16)
     4    0.041226    0.046039    0.104453    0.141556 ^ clkbuf_0_clk/X (sky130_fd_sc_hd__clkbuf_16)
                                                         clknet_0_clk (net)
