+ analyze_power_grid -net vccd1 -voltage_file ~/raja/open-ai-chip/designs/prec_bf16/runs/RUN_2026-10-05_20-30-14/59-openroad-irdropreport/net-vccd1.csv
[INFO PSM-0040] All shapes on net vccd1 are connected.
########## IR report #################
Net              : vccd1
Corner           : nom_tt_025C_1v80
Total power      : 1.09e-03 W
Supply voltage   : 1.80e+00 V
Worstcase voltage: 1.80e+00 V
Average voltage  : 1.80e+00 V
Average IR drop  : 5.35e-05 V
Worstcase IR drop: 4.20e-04 V
Percentage drop  : 0.02 %
######################################
+ analyze_power_grid -net vssd1 -voltage_file ~/raja/open-ai-chip/designs/prec_bf16/runs/RUN_2026-10-05_20-30-14/59-openroad-irdropreport/net-vssd1.csv
[INFO PSM-0040] All shapes on net vssd1 are connected.
########## IR report #################
Net              : vssd1
Corner           : nom_tt_025C_1v80
Total power      : 1.09e-03 W
Supply voltage   : 0.00e+00 V
Worstcase voltage: 3.76e-04 V
Average voltage  : 5.24e-05 V
Average IR drop  : 5.24e-05 V
Worstcase IR drop: 3.76e-04 V
Percentage drop  : 0.02 %
######################################
