145. Printing statistics.

=== prec_bf16 ===

        +----------Local Count, excluding submodules.
        |        +-Local Area, excluding submodules.
        |        | 
      775        - wires
      789        - wire bits
       59        - public wires
       73        - public wire bits
       10        - ports
       24        - port bits
      776 7.61E+03 cells
        8   80.077   sky130_fd_sc_hd__a211o_2
        3   37.536   sky130_fd_sc_hd__a211oi_2
        3   30.029   sky130_fd_sc_hd__a21bo_2
        2   22.522   sky130_fd_sc_hd__a21boi_2
       41  359.094   sky130_fd_sc_hd__a21o_2
       44   385.37   sky130_fd_sc_hd__a21oi_2
        8   90.086   sky130_fd_sc_hd__a221o_2
        1   15.014   sky130_fd_sc_hd__a221oi_2
       11  110.106   sky130_fd_sc_hd__a22o_2
        3   37.536   sky130_fd_sc_hd__a22oi_2
        1   11.261   sky130_fd_sc_hd__a2bb2o_2
        2   22.522   sky130_fd_sc_hd__a311o_2
        1   15.014   sky130_fd_sc_hd__a311oi_2
       10   87.584   sky130_fd_sc_hd__a31o_2
        6   75.072   sky130_fd_sc_hd__a31oi_2
        5   56.304   sky130_fd_sc_hd__a32o_2
        3   33.782   sky130_fd_sc_hd__a41o_2
       23  172.666   sky130_fd_sc_hd__and2_2
       24  210.202   sky130_fd_sc_hd__and2b_2
       21  157.651   sky130_fd_sc_hd__and3_2
        4   40.038   sky130_fd_sc_hd__and3b_2
        3   30.029   sky130_fd_sc_hd__and4_2
        4   45.043   sky130_fd_sc_hd__and4b_2
       51  1084.79   sky130_fd_sc_hd__dfxtp_2
       41  153.898   sky130_fd_sc_hd__inv_2
       60  675.648   sky130_fd_sc_hd__mux2_1
        3   67.565   sky130_fd_sc_hd__mux4_2
       80   500.48   sky130_fd_sc_hd__nand2_2
        7   61.309   sky130_fd_sc_hd__nand2b_2
        8   80.077   sky130_fd_sc_hd__nand3_2
        2   22.522   sky130_fd_sc_hd__nand3b_2
        2   25.024   sky130_fd_sc_hd__nand4_2
       57  356.592   sky130_fd_sc_hd__nor2_2
       10  100.096   sky130_fd_sc_hd__nor3_2
        1   12.512   sky130_fd_sc_hd__nor3b_2
        1   12.512   sky130_fd_sc_hd__nor4_2
        1   15.014   sky130_fd_sc_hd__nor4b_2
        3   37.536   sky130_fd_sc_hd__o2111a_2
       12  120.115   sky130_fd_sc_hd__o211a_2
        2   25.024   sky130_fd_sc_hd__o211ai_2
       17  148.893   sky130_fd_sc_hd__o21a_2
       30  262.752   sky130_fd_sc_hd__o21ai_2
        6   60.058   sky130_fd_sc_hd__o21ba_2
        2   22.522   sky130_fd_sc_hd__o21bai_2
        2   22.522   sky130_fd_sc_hd__o221a_2
        2   30.029   sky130_fd_sc_hd__o221ai_2
        2   20.019   sky130_fd_sc_hd__o22a_2
        4   45.043   sky130_fd_sc_hd__o2bb2a_2
        3   33.782   sky130_fd_sc_hd__o311a_2
        6   60.058   sky130_fd_sc_hd__o31a_2
        3   37.536   sky130_fd_sc_hd__o31ai_2
        1   11.261   sky130_fd_sc_hd__o32a_2
        1   12.512   sky130_fd_sc_hd__o41a_2
       44  275.264   sky130_fd_sc_hd__or2_2
       12   90.086   sky130_fd_sc_hd__or3_2
        7   61.309   sky130_fd_sc_hd__or3b_2
        7   61.309   sky130_fd_sc_hd__or4_2
        2   20.019   sky130_fd_sc_hd__or4b_2
        1   12.512   sky130_fd_sc_hd__or4bb_2
       24  390.374   sky130_fd_sc_hd__xnor2_2
       28  455.437   sky130_fd_sc_hd__xor2_2

   Chip area for module '\prec_bf16': 7608.547200
     of which used for sequential elements: 1084.790400 (14.26%)

