
===========================================================================
report_checks -path_delay max (Setup)
============================================================================
======================= max_ss_100C_1v60 Corner ===================================

Startpoint: _1482_ (rising edge-triggered flip-flop clocked by clk)
Endpoint: _1484_ (rising edge-triggered flip-flop clocked by clk)
Path Group: clk
Path Type: max

Fanout         Cap        Slew       Delay        Time   Description
---------------------------------------------------------------------------------------------
                                  0.000000    0.000000   clock clk (rise edge)
                                  0.000000    0.000000   clock source latency
     2    0.023241    0.172588    0.118571    0.118571 ^ clk (in)
                                                         clk (net)
                      0.172599    0.000000    0.118571 ^ clkbuf_0_clk/A (sky130_fd_sc_hd__clkbuf_16)
    17    0.099945    0.176887    0.357898    0.476468 ^ clkbuf_0_clk/X (sky130_fd_sc_hd__clkbuf_16)
                                                         clknet_0_clk (net)
                      0.177778    0.009448    0.485916 ^ clkbuf_3_5__f_clk/A (sky130_fd_sc_hd__clkbuf_16)
     7    0.024740    0.073301    0.277103    0.763020 ^ clkbuf_3_5__f_clk/X (sky130_fd_sc_hd__clkbuf_16)
                                                         clknet_3_5__leaf_clk (net)
                      0.073476    0.001946    0.764966 ^ _1482_/CLK (sky130_fd_sc_hd__dfxtp_2)
     7    0.034322    0.282712    0.816771    1.581737 ^ _1482_/Q (sky130_fd_sc_hd__dfxtp_2)
                                                         acc[11] (net)
                      0.282875    0.006312    1.588049 ^ _1041_/A_N (sky130_fd_sc_hd__and2b_2)
     2    0.008116    0.092946    0.554753    2.142802 v _1041_/X (sky130_fd_sc_hd__and2b_2)
                                                         _0333_ (net)
                      0.092946    0.000430    2.143232 v _1042_/B (sky130_fd_sc_hd__or2_4)
     6    0.034195    0.147942    0.538795    2.682027 v _1042_/X (sky130_fd_sc_hd__or2_4)
                                                         _0334_ (net)
                      0.148057    0.003598    2.685625 v _1069_/A (sky130_fd_sc_hd__or4b_2)
     1    0.005632    0.243505    1.632403    4.318028 v _1069_/X (sky130_fd_sc_hd__or4b_2)
                                                         _0361_ (net)
                      0.243505    0.000418    4.318446 v _1070_/B1 (sky130_fd_sc_hd__a21o_2)
     1    0.008593    0.083352    0.439887    4.758333 v _1070_/X (sky130_fd_sc_hd__a21o_2)
                                                         _0362_ (net)
                      0.083412    0.000600    4.758933 v _1078_/A1 (sky130_fd_sc_hd__a311oi_2)
     2    0.006979    0.390754    0.407614    5.166547 ^ _1078_/Y (sky130_fd_sc_hd__a311oi_2)
                                                         _0370_ (net)
                      0.390754    0.000430    5.166977 ^ max_cap61/A (sky130_fd_sc_hd__clkbuf_2)
     2    0.008228    0.091079    0.335352    5.502329 ^ max_cap61/X (sky130_fd_sc_hd__clkbuf_2)
                                                         net61 (net)
                      0.091081    0.000561    5.502891 ^ _1083_/A1 (sky130_fd_sc_hd__o21bai_2)
     3    0.014614    0.180421    0.220836    5.723727 v _1083_/Y (sky130_fd_sc_hd__o21bai_2)
                                                         _0375_ (net)
                      0.180421    0.000632    5.724359 v fanout53/A (sky130_fd_sc_hd__dlymetal6s2s_1)
     3    0.013462    0.155869    0.412020    6.136379 v fanout53/X (sky130_fd_sc_hd__dlymetal6s2s_1)
                                                         net53 (net)
                      0.155873    0.001049    6.137428 v load_slew54/A (sky130_fd_sc_hd__clkbuf_4)
     6    0.033003    0.135029    0.361451    6.498879 v load_slew54/X (sky130_fd_sc_hd__clkbuf_4)
                                                         net54 (net)
                      0.135087    0.002609    6.501488 v _1086_/S (sky130_fd_sc_hd__mux2_4)
     4    0.025032    0.137268    0.649608    7.151096 v _1086_/X (sky130_fd_sc_hd__mux2_4)
                                                         _0378_ (net)
                      0.137268    0.000622    7.151718 v _1090_/A0 (sky130_fd_sc_hd__mux2_4)
     3    0.019371    0.124652    0.580561    7.732279 v _1090_/X (sky130_fd_sc_hd__mux2_4)
                                                         _0382_ (net)
                      0.124661    0.001194    7.733473 v _1092_/A2 (sky130_fd_sc_hd__a211o_2)
     2    0.009636    0.116034    0.683814    8.417287 v _1092_/X (sky130_fd_sc_hd__a211o_2)
                                                         _0384_ (net)
                      0.116034    0.000492    8.417779 v _1114_/A1 (sky130_fd_sc_hd__a31o_2)
     1    0.012155    0.105900    0.441532    8.859311 v _1114_/X (sky130_fd_sc_hd__a31o_2)
                                                         _0406_ (net)
                      0.105910    0.001080    8.860391 v _1117_/B1 (sky130_fd_sc_hd__a221oi_4)
     1    0.012612    0.408459    0.465676    9.326067 ^ _1117_/Y (sky130_fd_sc_hd__a221oi_4)
                                                         _0409_ (net)
                      0.408461    0.001447    9.327514 ^ fanout46/A (sky130_fd_sc_hd__buf_6)
     2    0.005254    0.047390    0.284685    9.612200 ^ fanout46/X (sky130_fd_sc_hd__buf_6)
                                                         net46 (net)
                      0.047390    0.000177    9.612376 ^ rebuffer108/A (sky130_fd_sc_hd__buf_2)
     7    0.031265    0.250308    0.315558    9.927935 ^ rebuffer108/X (sky130_fd_sc_hd__buf_2)
                                                         net108 (net)
                      0.250394    0.003840    9.931775 ^ _1150_/A (sky130_fd_sc_hd__nand2_2)
     3    0.013183    0.141538    0.210706   10.142481 v _1150_/Y (sky130_fd_sc_hd__nand2_2)
                                                         _0442_ (net)
                      0.141541    0.000917   10.143397 v _1167_/A3 (sky130_fd_sc_hd__mux4_2)
     2    0.010670    0.192532    1.141118   11.284516 v _1167_/X (sky130_fd_sc_hd__mux4_2)
                                                         _0459_ (net)
                      0.192532    0.000753   11.285269 v _1173_/A0 (sky130_fd_sc_hd__mux2_1)
     4    0.017699    0.238127    0.841232   12.126501 v _1173_/X (sky130_fd_sc_hd__mux2_1)
                                                         _0465_ (net)
                      0.238127    0.000822   12.127323 v _1176_/B1 (sky130_fd_sc_hd__o211a_2)
     2    0.009744    0.101133    0.355714   12.483037 v _1176_/X (sky130_fd_sc_hd__o211a_2)
                                                         _0468_ (net)
                      0.101211    0.000631   12.483668 v _1185_/B (sky130_fd_sc_hd__and4b_2)
     1    0.005390    0.091933    0.465319   12.948988 v _1185_/X (sky130_fd_sc_hd__and4b_2)
                                                         _0477_ (net)
                      0.091933    0.000407   12.949395 v _1186_/C (sky130_fd_sc_hd__nor4b_2)
     2    0.016025    0.736324    0.708153   13.657548 ^ _1186_/Y (sky130_fd_sc_hd__nor4b_2)
                                                         _0478_ (net)
                      0.736328    0.001294   13.658841 ^ max_cap40/A (sky130_fd_sc_hd__buf_1)
     4    0.010980    0.221689    0.452812   14.111653 ^ max_cap40/X (sky130_fd_sc_hd__buf_1)
                                                         net40 (net)
                      0.221689    0.000553   14.112206 ^ _1191_/C (sky130_fd_sc_hd__or4_2)
     2    0.011641    0.114108    0.310004   14.422212 ^ _1191_/X (sky130_fd_sc_hd__or4_2)
                                                         _0483_ (net)
                      0.114115    0.000984   14.423196 ^ _1275_/B (sky130_fd_sc_hd__nand2_2)
     1    0.008570    0.129275    0.141411   14.564607 v _1275_/Y (sky130_fd_sc_hd__nand2_2)
                                                         _0567_ (net)
                      0.129277    0.000654   14.565261 v _1276_/B (sky130_fd_sc_hd__xnor2_2)
     1    0.002287    0.078818    0.243141   14.808401 v _1276_/Y (sky130_fd_sc_hd__xnor2_2)
                                                         _0568_ (net)
                      0.078818    0.000167   14.808568 v wire39/A (sky130_fd_sc_hd__clkbuf_2)
     4    0.021610    0.158287    0.278964   15.087532 v wire39/X (sky130_fd_sc_hd__clkbuf_2)
                                                         net39 (net)
                      0.158301    0.001561   15.089093 v _1281_/A2 (sky130_fd_sc_hd__o311a_2)
     1    0.002556    0.091756    0.730935   15.820028 v _1281_/X (sky130_fd_sc_hd__o311a_2)
                                                         _0573_ (net)
                      0.091756    0.000146   15.820174 v _1282_/B (sky130_fd_sc_hd__or3b_2)
     2    0.010353    0.207019    1.114444   16.934618 v _1282_/X (sky130_fd_sc_hd__or3b_2)
                                                         _0574_ (net)
                      0.207019    0.000744   16.935362 v _1284_/A1 (sky130_fd_sc_hd__a311o_2)
     4    0.010723    0.131298    0.716527   17.651890 v _1284_/X (sky130_fd_sc_hd__a311o_2)
                                                         _0576_ (net)
                      0.131298    0.000679   17.652569 v fanout31/A (sky130_fd_sc_hd__buf_2)
     8    0.037699    0.179585    0.382682   18.035250 v fanout31/X (sky130_fd_sc_hd__buf_2)
                                                         net31 (net)
                      0.179712    0.004354   18.039604 v _1303_/S (sky130_fd_sc_hd__mux2_1)
     5    0.023713    0.345230    0.642613   18.682217 ^ _1303_/X (sky130_fd_sc_hd__mux2_1)
                                                         _0595_ (net)
                      0.345258    0.003320   18.685537 ^ _1322_/C_N (sky130_fd_sc_hd__or4bb_4)
     4    0.014963    0.188556    1.207770   19.893307 v _1322_/X (sky130_fd_sc_hd__or4bb_4)
                                                         _0613_ (net)
                      0.188556    0.000878   19.894184 v _1337_/B (sky130_fd_sc_hd__or3b_4)
     2    0.011846    0.140839    0.805255   20.699440 v _1337_/X (sky130_fd_sc_hd__or3b_4)
                                                         _0626_ (net)
                      0.140839    0.001073   20.700512 v _1363_/A1 (sky130_fd_sc_hd__o31a_4)
     4    0.021717    0.132162    0.729043   21.429556 v _1363_/X (sky130_fd_sc_hd__o31a_4)
                                                         _0648_ (net)
                      0.132170    0.001167   21.430723 v _1366_/A1 (sky130_fd_sc_hd__o21ba_2)
     2    0.011202    0.097788    0.459947   21.890669 v _1366_/X (sky130_fd_sc_hd__o21ba_2)
                                                         _0651_ (net)
                      0.097791    0.000666   21.891336 v _1378_/B2 (sky130_fd_sc_hd__a2bb2o_2)
     3    0.014010    0.133458    0.553593   22.444929 v _1378_/X (sky130_fd_sc_hd__a2bb2o_2)
                                                         _0661_ (net)
                      0.133459    0.000648   22.445578 v _1410_/A1 (sky130_fd_sc_hd__a31o_2)
     4    0.022127    0.143834    0.493216   22.938793 v _1410_/X (sky130_fd_sc_hd__a31o_2)
                                                         _0691_ (net)
                      0.143891    0.002663   22.941456 v _1424_/A2 (sky130_fd_sc_hd__a221o_2)
     2    0.008898    0.121063    0.789171   23.730627 v _1424_/X (sky130_fd_sc_hd__a221o_2)
                                                         _0703_ (net)
                      0.121063    0.000515   23.731142 v _1427_/A2 (sky130_fd_sc_hd__a21o_2)
     1    0.003137    0.058582    0.395906   24.127048 v _1427_/X (sky130_fd_sc_hd__a21o_2)
                                                         _0706_ (net)
                      0.058582    0.000211   24.127258 v _1428_/A3 (sky130_fd_sc_hd__a32o_2)
     1    0.004343    0.073697    0.467644   24.594902 v _1428_/X (sky130_fd_sc_hd__a32o_2)
                                                         _0707_ (net)
                      0.073697    0.000322   24.595224 v _1430_/A2 (sky130_fd_sc_hd__a211o_2)
     1    0.002043    0.076406    0.599446   25.194670 v _1430_/X (sky130_fd_sc_hd__a211o_2)
                                                         _0048_ (net)
                      0.076406    0.000146   25.194817 v _1484_/D (sky130_fd_sc_hd__dfxtp_2)
                                             25.194817   data arrival time

                                 25.000000   25.000000   clock clk (rise edge)
                                  0.000000   25.000000   clock source latency
     2    0.023241    0.172588    0.118570   25.118568 ^ clk (in)
                                                         clk (net)
                      0.172599    0.000000   25.118568 ^ clkbuf_0_clk/A (sky130_fd_sc_hd__clkbuf_16)
    17    0.099945    0.176887    0.357899   25.476467 ^ clkbuf_0_clk/X (sky130_fd_sc_hd__clkbuf_16)
                                                         clknet_0_clk (net)
                      0.177778    0.009448   25.485916 ^ clkbuf_3_5__f_clk/A (sky130_fd_sc_hd__clkbuf_16)
     7    0.024740    0.073301    0.277103   25.763020 ^ clkbuf_3_5__f_clk/X (sky130_fd_sc_hd__clkbuf_16)
                                                         clknet_3_5__leaf_clk (net)
                      0.073500    0.002238   25.765257 ^ _1484_/CLK (sky130_fd_sc_hd__dfxtp_2)
                                 -0.250000   25.515259   clock uncertainty
                                  0.000000   25.515259   clock reconvergence pessimism
                                 -0.276101   25.239157   library setup time
                                             25.239157   data required time
---------------------------------------------------------------------------------------------
                                             25.239157   data required time
                                            -25.194817   data arrival time
---------------------------------------------------------------------------------------------
                                              0.044341   slack (MET)


Startpoint: _1482_ (rising edge-triggered flip-flop clocked by clk)
Endpoint: _1483_ (rising edge-triggered flip-flop clocked by clk)
Path Group: clk
Path Type: max

Fanout         Cap        Slew       Delay        Time   Description
---------------------------------------------------------------------------------------------
                                  0.000000    0.000000   clock clk (rise edge)
                                  0.000000    0.000000   clock source latency
     2    0.023241    0.172588    0.118571    0.118571 ^ clk (in)
                                                         clk (net)
                      0.172599    0.000000    0.118571 ^ clkbuf_0_clk/A (sky130_fd_sc_hd__clkbuf_16)
    17    0.099945    0.176887    0.357898    0.476468 ^ clkbuf_0_clk/X (sky130_fd_sc_hd__clkbuf_16)
                                                         clknet_0_clk (net)
                      0.177778    0.009448    0.485916 ^ clkbuf_3_5__f_clk/A (sky130_fd_sc_hd__clkbuf_16)
     7    0.024740    0.073301    0.277103    0.763020 ^ clkbuf_3_5__f_clk/X (sky130_fd_sc_hd__clkbuf_16)
                                                         clknet_3_5__leaf_clk (net)
                      0.073476    0.001946    0.764966 ^ _1482_/CLK (sky130_fd_sc_hd__dfxtp_2)
     7    0.034322    0.282712    0.816771    1.581737 ^ _1482_/Q (sky130_fd_sc_hd__dfxtp_2)
                                                         acc[11] (net)
                      0.282875    0.006312    1.588049 ^ _1041_/A_N (sky130_fd_sc_hd__and2b_2)
     2    0.008116    0.092946    0.554753    2.142802 v _1041_/X (sky130_fd_sc_hd__and2b_2)
                                                         _0333_ (net)
                      0.092946    0.000430    2.143232 v _1042_/B (sky130_fd_sc_hd__or2_4)
     6    0.034195    0.147942    0.538795    2.682027 v _1042_/X (sky130_fd_sc_hd__or2_4)
                                                         _0334_ (net)
                      0.148057    0.003598    2.685625 v _1069_/A (sky130_fd_sc_hd__or4b_2)
     1    0.005632    0.243505    1.632403    4.318028 v _1069_/X (sky130_fd_sc_hd__or4b_2)
                                                         _0361_ (net)
                      0.243505    0.000418    4.318446 v _1070_/B1 (sky130_fd_sc_hd__a21o_2)
     1    0.008593    0.083352    0.439887    4.758333 v _1070_/X (sky130_fd_sc_hd__a21o_2)
                                                         _0362_ (net)
                      0.083412    0.000600    4.758933 v _1078_/A1 (sky130_fd_sc_hd__a311oi_2)
     2    0.006979    0.390754    0.407614    5.166547 ^ _1078_/Y (sky130_fd_sc_hd__a311oi_2)
                                                         _0370_ (net)
                      0.390754    0.000430    5.166977 ^ max_cap61/A (sky130_fd_sc_hd__clkbuf_2)
     2    0.008228    0.091079    0.335352    5.502329 ^ max_cap61/X (sky130_fd_sc_hd__clkbuf_2)
                                                         net61 (net)
                      0.091081    0.000561    5.502891 ^ _1083_/A1 (sky130_fd_sc_hd__o21bai_2)
     3    0.014614    0.180421    0.220836    5.723727 v _1083_/Y (sky130_fd_sc_hd__o21bai_2)
                                                         _0375_ (net)
                      0.180421    0.000632    5.724359 v fanout53/A (sky130_fd_sc_hd__dlymetal6s2s_1)
     3    0.013462    0.155869    0.412020    6.136379 v fanout53/X (sky130_fd_sc_hd__dlymetal6s2s_1)
                                                         net53 (net)
                      0.155873    0.001049    6.137428 v load_slew54/A (sky130_fd_sc_hd__clkbuf_4)
     6    0.033003    0.135029    0.361451    6.498879 v load_slew54/X (sky130_fd_sc_hd__clkbuf_4)
                                                         net54 (net)
                      0.135087    0.002609    6.501488 v _1086_/S (sky130_fd_sc_hd__mux2_4)
     4    0.025032    0.137268    0.649608    7.151096 v _1086_/X (sky130_fd_sc_hd__mux2_4)
                                                         _0378_ (net)
                      0.137268    0.000622    7.151718 v _1090_/A0 (sky130_fd_sc_hd__mux2_4)
     3    0.019371    0.124652    0.580561    7.732279 v _1090_/X (sky130_fd_sc_hd__mux2_4)
                                                         _0382_ (net)
                      0.124661    0.001194    7.733473 v _1092_/A2 (sky130_fd_sc_hd__a211o_2)
     2    0.009636    0.116034    0.683814    8.417287 v _1092_/X (sky130_fd_sc_hd__a211o_2)
                                                         _0384_ (net)
                      0.116034    0.000492    8.417779 v _1114_/A1 (sky130_fd_sc_hd__a31o_2)
     1    0.012155    0.105900    0.441532    8.859311 v _1114_/X (sky130_fd_sc_hd__a31o_2)
                                                         _0406_ (net)
                      0.105910    0.001080    8.860391 v _1117_/B1 (sky130_fd_sc_hd__a221oi_4)
     1    0.012612    0.408459    0.465676    9.326067 ^ _1117_/Y (sky130_fd_sc_hd__a221oi_4)
                                                         _0409_ (net)
                      0.408461    0.001447    9.327514 ^ fanout46/A (sky130_fd_sc_hd__buf_6)
     2    0.005254    0.047390    0.284685    9.612200 ^ fanout46/X (sky130_fd_sc_hd__buf_6)
                                                         net46 (net)
                      0.047390    0.000177    9.612376 ^ rebuffer108/A (sky130_fd_sc_hd__buf_2)
     7    0.031265    0.250308    0.315558    9.927935 ^ rebuffer108/X (sky130_fd_sc_hd__buf_2)
                                                         net108 (net)
                      0.250394    0.003840    9.931775 ^ _1150_/A (sky130_fd_sc_hd__nand2_2)
     3    0.013183    0.141538    0.210706   10.142481 v _1150_/Y (sky130_fd_sc_hd__nand2_2)
                                                         _0442_ (net)
                      0.141541    0.000917   10.143397 v _1167_/A3 (sky130_fd_sc_hd__mux4_2)
     2    0.010670    0.192532    1.141118   11.284516 v _1167_/X (sky130_fd_sc_hd__mux4_2)
                                                         _0459_ (net)
                      0.192532    0.000753   11.285269 v _1173_/A0 (sky130_fd_sc_hd__mux2_1)
     4    0.017699    0.238127    0.841232   12.126501 v _1173_/X (sky130_fd_sc_hd__mux2_1)
                                                         _0465_ (net)
                      0.238127    0.000822   12.127323 v _1176_/B1 (sky130_fd_sc_hd__o211a_2)
     2    0.009744    0.101133    0.355714   12.483037 v _1176_/X (sky130_fd_sc_hd__o211a_2)
                                                         _0468_ (net)
                      0.101211    0.000631   12.483668 v _1185_/B (sky130_fd_sc_hd__and4b_2)
     1    0.005390    0.091933    0.465319   12.948988 v _1185_/X (sky130_fd_sc_hd__and4b_2)
                                                         _0477_ (net)
                      0.091933    0.000407   12.949395 v _1186_/C (sky130_fd_sc_hd__nor4b_2)
     2    0.016025    0.736324    0.708153   13.657548 ^ _1186_/Y (sky130_fd_sc_hd__nor4b_2)
                                                         _0478_ (net)
                      0.736328    0.001294   13.658841 ^ max_cap40/A (sky130_fd_sc_hd__buf_1)
     4    0.010980    0.221689    0.452812   14.111653 ^ max_cap40/X (sky130_fd_sc_hd__buf_1)
                                                         net40 (net)
                      0.221689    0.000553   14.112206 ^ _1191_/C (sky130_fd_sc_hd__or4_2)
     2    0.011641    0.114108    0.310004   14.422212 ^ _1191_/X (sky130_fd_sc_hd__or4_2)
                                                         _0483_ (net)
                      0.114115    0.000984   14.423196 ^ _1275_/B (sky130_fd_sc_hd__nand2_2)
     1    0.008570    0.129275    0.141411   14.564607 v _1275_/Y (sky130_fd_sc_hd__nand2_2)
                                                         _0567_ (net)
                      0.129277    0.000654   14.565261 v _1276_/B (sky130_fd_sc_hd__xnor2_2)
     1    0.002287    0.078818    0.243141   14.808401 v _1276_/Y (sky130_fd_sc_hd__xnor2_2)
                                                         _0568_ (net)
                      0.078818    0.000167   14.808568 v wire39/A (sky130_fd_sc_hd__clkbuf_2)
     4    0.021610    0.158287    0.278964   15.087532 v wire39/X (sky130_fd_sc_hd__clkbuf_2)
                                                         net39 (net)
                      0.158301    0.001561   15.089093 v _1281_/A2 (sky130_fd_sc_hd__o311a_2)
     1    0.002556    0.091756    0.730935   15.820028 v _1281_/X (sky130_fd_sc_hd__o311a_2)
                                                         _0573_ (net)
                      0.091756    0.000146   15.820174 v _1282_/B (sky130_fd_sc_hd__or3b_2)
     2    0.010353    0.207019    1.114444   16.934618 v _1282_/X (sky130_fd_sc_hd__or3b_2)
                                                         _0574_ (net)
                      0.207019    0.000744   16.935362 v _1284_/A1 (sky130_fd_sc_hd__a311o_2)
     4    0.010723    0.131298    0.716527   17.651890 v _1284_/X (sky130_fd_sc_hd__a311o_2)
                                                         _0576_ (net)
                      0.131298    0.000679   17.652569 v fanout31/A (sky130_fd_sc_hd__buf_2)
     8    0.037699    0.179585    0.382682   18.035250 v fanout31/X (sky130_fd_sc_hd__buf_2)
                                                         net31 (net)
                      0.179712    0.004354   18.039604 v _1303_/S (sky130_fd_sc_hd__mux2_1)
     5    0.023713    0.345230    0.642613   18.682217 ^ _1303_/X (sky130_fd_sc_hd__mux2_1)
                                                         _0595_ (net)
                      0.345258    0.003320   18.685537 ^ _1322_/C_N (sky130_fd_sc_hd__or4bb_4)
     4    0.014963    0.188556    1.207770   19.893307 v _1322_/X (sky130_fd_sc_hd__or4bb_4)
                                                         _0613_ (net)
                      0.188556    0.000878   19.894184 v _1337_/B (sky130_fd_sc_hd__or3b_4)
     2    0.011846    0.140839    0.805255   20.699440 v _1337_/X (sky130_fd_sc_hd__or3b_4)
                                                         _0626_ (net)
                      0.140839    0.000540   20.699980 v rebuffer106/A (sky130_fd_sc_hd__buf_2)
