                                                                        Cells by Master                                                                         
┏━━━━━━━━━━━━━━━━━━━━━━━━━━━━━━━━━━━━━━━━━━━━━━━━━━━━━━━━━━━━━━━━━━━━━━━━━━━━━━━━━━━━━━━━━━━━━━━━━━━━━━━━━━━━━━━━━━━━━━━━━━━━━━━━━━━┳━━━━━━━━━━━━━━━━━━━━━━━━━━┓
┃ Cell                                                                                                                              ┃ Count                    ┃
┡━━━━━━━━━━━━━━━━━━━━━━━━━━━━━━━━━━━━━━━━━━━━━━━━━━━━━━━━━━━━━━━━━━━━━━━━━━━━━━━━━━━━━━━━━━━━━━━━━━━━━━━━━━━━━━━━━━━━━━━━━━━━━━━━━━━╇━━━━━━━━━━━━━━━━━━━━━━━━━━┩
│ sky130_fd_sc_hd__a211o_2                                                                                                          │ 5                        │
│ sky130_fd_sc_hd__a211oi_2                                                                                                         │ 2                        │
│ sky130_fd_sc_hd__a21bo_2                                                                                                          │ 3                        │
│ sky130_fd_sc_hd__a21boi_2                                                                                                         │ 2                        │
│ sky130_fd_sc_hd__a21o_2                                                                                                           │ 19                       │
│ sky130_fd_sc_hd__a21oi_2                                                                                                          │ 22                       │
│ sky130_fd_sc_hd__a221o_2                                                                                                          │ 1                        │
│ sky130_fd_sc_hd__a22o_2                                                                                                           │ 4                        │
│ sky130_fd_sc_hd__a31o_2                                                                                                           │ 10                       │
│ sky130_fd_sc_hd__a31oi_2                                                                                                          │ 1                        │
│ sky130_fd_sc_hd__a32o_2                                                                                                           │ 1                        │
│ sky130_fd_sc_hd__a32oi_2                                                                                                          │ 1                        │
│ sky130_fd_sc_hd__a41o_2                                                                                                           │ 2                        │
│ sky130_fd_sc_hd__and2_2                                                                                                           │ 28                       │
│ sky130_fd_sc_hd__and2b_2                                                                                                          │ 7                        │
│ sky130_fd_sc_hd__and3_2                                                                                                           │ 9                        │
│ sky130_fd_sc_hd__and4_2                                                                                                           │ 3                        │
│ sky130_fd_sc_hd__and4bb_2                                                                                                         │ 1                        │
│ sky130_fd_sc_hd__buf_1                                                                                                            │ 22                       │
│ sky130_fd_sc_hd__buf_2                                                                                                            │ 8                        │
│ sky130_fd_sc_hd__clkbuf_16                                                                                                        │ 9                        │
│ sky130_fd_sc_hd__clkbuf_2                                                                                                         │ 1                        │
│ sky130_fd_sc_hd__clkbuf_4                                                                                                         │ 16                       │
│ sky130_fd_sc_hd__clkdlybuf4s25_1                                                                                                  │ 19                       │
│ sky130_fd_sc_hd__decap_3                                                                                                          │ 1387                     │
│ sky130_fd_sc_hd__dfxtp_2                                                                                                          │ 35                       │
│ sky130_fd_sc_hd__diode_2                                                                                                          │ 45                       │
│ sky130_fd_sc_hd__dlygate4sd3_1                                                                                                    │ 18                       │
│ sky130_fd_sc_hd__fill_1                                                                                                           │ 143                      │
│ sky130_fd_sc_hd__fill_2                                                                                                           │ 154                      │
│ sky130_fd_sc_hd__inv_2                                                                                                            │ 11                       │
│ sky130_fd_sc_hd__mux2_1                                                                                                           │ 4                        │
│ sky130_fd_sc_hd__nand2_2                                                                                                          │ 27                       │
│ sky130_fd_sc_hd__nand2b_2                                                                                                         │ 6                        │
│ sky130_fd_sc_hd__nand3_2                                                                                                          │ 4                        │
│ sky130_fd_sc_hd__nand3b_2                                                                                                         │ 2                        │
│ sky130_fd_sc_hd__nand4_2                                                                                                          │ 2                        │
│ sky130_fd_sc_hd__nor2_2                                                                                                           │ 18                       │
│ sky130_fd_sc_hd__nor3_2                                                                                                           │ 3                        │
│ sky130_fd_sc_hd__nor3b_2                                                                                                          │ 2                        │
│ sky130_fd_sc_hd__nor4_2                                                                                                           │ 1                        │
│ sky130_fd_sc_hd__o211a_2                                                                                                          │ 4                        │
│ sky130_fd_sc_hd__o21a_2                                                                                                           │ 6                        │
│ sky130_fd_sc_hd__o21ai_1                                                                                                          │ 1                        │
│ sky130_fd_sc_hd__o21ai_2                                                                                                          │ 22                       │
│ sky130_fd_sc_hd__o21ba_2                                                                                                          │ 4                        │
│ sky130_fd_sc_hd__o21bai_2                                                                                                         │ 1                        │
│ sky130_fd_sc_hd__o221ai_2                                                                                                         │ 1                        │
│ sky130_fd_sc_hd__o22a_2                                                                                                           │ 1                        │
│ sky130_fd_sc_hd__o2bb2a_2                                                                                                         │ 1                        │
│ sky130_fd_sc_hd__o311a_2                                                                                                          │ 2                        │
│ sky130_fd_sc_hd__o31a_2                                                                                                           │ 2                        │
│ sky130_fd_sc_hd__o31ai_2                                                                                                          │ 2                        │
│ sky130_fd_sc_hd__o41a_2                                                                                                           │ 1                        │
│ sky130_fd_sc_hd__or2_2                                                                                                            │ 12                       │
│ sky130_fd_sc_hd__or3_2                                                                                                            │ 6                        │
│ sky130_fd_sc_hd__or3b_2                                                                                                           │ 4                        │
│ sky130_fd_sc_hd__or4_2                                                                                                            │ 2                        │
│ sky130_fd_sc_hd__or4b_2                                                                                                           │ 3                        │
│ sky130_fd_sc_hd__or4bb_2                                                                                                          │ 1                        │
│ sky130_fd_sc_hd__tapvpwrvgnd_1                                                                                                    │ 152                      │
│ sky130_fd_sc_hd__xnor2_2                                                                                                          │ 24                       │
│ sky130_fd_sc_hd__xor2_2                                                                                                           │ 16                       │
└───────────────────────────────────────────────────────────────────────────────────────────────────────────────────────────────────┴──────────────────────────┘
