145. Printing statistics.

=== prec_int8 ===

        +----------Local Count, excluding submodules.
        |        +-Local Area, excluding submodules.
        |        | 
      351        - wires
      365        - wire bits
       43        - public wires
       57        - public wire bits
       10        - ports
       24        - port bits
      352 3.72E+03 cells
        5   50.048   sky130_fd_sc_hd__a211o_2
        2   25.024   sky130_fd_sc_hd__a211oi_2
        3   30.029   sky130_fd_sc_hd__a21bo_2
        2   22.522   sky130_fd_sc_hd__a21boi_2
       19   166.41   sky130_fd_sc_hd__a21o_2
       22  192.685   sky130_fd_sc_hd__a21oi_2
        1   11.261   sky130_fd_sc_hd__a221o_2
        4   40.038   sky130_fd_sc_hd__a22o_2
       10   87.584   sky130_fd_sc_hd__a31o_2
        1   12.512   sky130_fd_sc_hd__a31oi_2
        1   11.261   sky130_fd_sc_hd__a32o_2
        1   16.266   sky130_fd_sc_hd__a32oi_2
        2   22.522   sky130_fd_sc_hd__a41o_2
       28  210.202   sky130_fd_sc_hd__and2_2
        7   61.309   sky130_fd_sc_hd__and2b_2
        9   67.565   sky130_fd_sc_hd__and3_2
        3   30.029   sky130_fd_sc_hd__and4_2
        1   12.512   sky130_fd_sc_hd__and4bb_2
       35  744.464   sky130_fd_sc_hd__dfxtp_2
       11    41.29   sky130_fd_sc_hd__inv_2
        4   45.043   sky130_fd_sc_hd__mux2_1
       27  168.912   sky130_fd_sc_hd__nand2_2
        6    52.55   sky130_fd_sc_hd__nand2b_2
        4   40.038   sky130_fd_sc_hd__nand3_2
        2   22.522   sky130_fd_sc_hd__nand3b_2
        2   25.024   sky130_fd_sc_hd__nand4_2
       18  112.608   sky130_fd_sc_hd__nor2_2
        3   30.029   sky130_fd_sc_hd__nor3_2
        2   25.024   sky130_fd_sc_hd__nor3b_2
        1   12.512   sky130_fd_sc_hd__nor4_2
        4   40.038   sky130_fd_sc_hd__o211a_2
        6    52.55   sky130_fd_sc_hd__o21a_2
       23  201.443   sky130_fd_sc_hd__o21ai_2
        4   40.038   sky130_fd_sc_hd__o21ba_2
        1   11.261   sky130_fd_sc_hd__o21bai_2
        1   15.014   sky130_fd_sc_hd__o221ai_2
        1    10.01   sky130_fd_sc_hd__o22a_2
        1   11.261   sky130_fd_sc_hd__o2bb2a_2
        2   22.522   sky130_fd_sc_hd__o311a_2
        2   20.019   sky130_fd_sc_hd__o31a_2
        2   25.024   sky130_fd_sc_hd__o31ai_2
        1   12.512   sky130_fd_sc_hd__o41a_2
       12   75.072   sky130_fd_sc_hd__or2_2
        6   45.043   sky130_fd_sc_hd__or3_2
        4   35.034   sky130_fd_sc_hd__or3b_2
        2   17.517   sky130_fd_sc_hd__or4_2
        3   30.029   sky130_fd_sc_hd__or4b_2
        1   12.512   sky130_fd_sc_hd__or4bb_2
       24  390.374   sky130_fd_sc_hd__xnor2_2
       16   260.25   sky130_fd_sc_hd__xor2_2

   Chip area for module '\prec_int8': 3717.315200
     of which used for sequential elements: 744.464000 (20.03%)

