
===========================================================================
report_checks -path_delay max (Setup)
============================================================================
======================= max_ss_100C_1v60 Corner ===================================

Startpoint: _635_ (rising edge-triggered flip-flop clocked by clk)
Endpoint: _653_ (rising edge-triggered flip-flop clocked by clk)
Path Group: clk
Path Type: max

Fanout         Cap        Slew       Delay        Time   Description
---------------------------------------------------------------------------------------------
                                  0.000000    0.000000   clock clk (rise edge)
                                  0.000000    0.000000   clock source latency
     2    0.021871    0.163097    0.112349    0.112349 ^ clk (in)
                                                         clk (net)
                      0.163133    0.000000    0.112349 ^ clkbuf_0_clk/A (sky130_fd_sc_hd__clkbuf_16)
    17    0.096828    0.172503    0.348258    0.460607 ^ clkbuf_0_clk/X (sky130_fd_sc_hd__clkbuf_16)
                                                         clknet_0_clk (net)
                      0.174163    0.013430    0.474037 ^ clkbuf_3_3__f_clk/A (sky130_fd_sc_hd__clkbuf_16)
     5    0.016594    0.063196    0.264371    0.738407 ^ clkbuf_3_3__f_clk/X (sky130_fd_sc_hd__clkbuf_16)
                                                         clknet_3_3__leaf_clk (net)
                      0.063196    0.001084    0.739491 ^ _635_/CLK (sky130_fd_sc_hd__dfxtp_2)
     2    0.010536    0.070538    0.626995    1.366486 v _635_/Q (sky130_fd_sc_hd__dfxtp_2)
                                                         rom.addr[0] (net)
                      0.070538    0.000641    1.367127 v fanout46/A (sky130_fd_sc_hd__clkdlybuf4s25_1)
     8    0.021933    0.307913    0.649782    2.016908 v fanout46/X (sky130_fd_sc_hd__clkdlybuf4s25_1)
                                                         net46 (net)
                      0.307913    0.000914    2.017823 v _383_/A (sky130_fd_sc_hd__or4_2)
     2    0.009839    0.268205    1.736966    3.754789 v _383_/X (sky130_fd_sc_hd__or4_2)
                                                         _074_ (net)
                      0.268205    0.000743    3.755532 v _430_/A1 (sky130_fd_sc_hd__a21bo_2)
     2    0.014114    0.111262    0.496335    4.251866 v _430_/X (sky130_fd_sc_hd__a21bo_2)
                                                         _118_ (net)
                      0.111266    0.000831    4.252698 v _431_/B (sky130_fd_sc_hd__or2_2)
     3    0.010813    0.151667    0.701359    4.954057 v _431_/X (sky130_fd_sc_hd__or2_2)
                                                         _119_ (net)
                      0.151667    0.000496    4.954553 v _457_/A1 (sky130_fd_sc_hd__a21o_2)
     2    0.008234    0.081937    0.410465    5.365018 v _457_/X (sky130_fd_sc_hd__a21o_2)
                                                         _144_ (net)
                      0.081937    0.000465    5.365483 v _460_/A1 (sky130_fd_sc_hd__a21o_2)
     3    0.012862    0.102661    0.404115    5.769598 v _460_/X (sky130_fd_sc_hd__a21o_2)
                                                         _147_ (net)
                      0.102661    0.000441    5.770039 v _461_/C (sky130_fd_sc_hd__and3_2)
     3    0.011868    0.112643    0.503138    6.273176 v _461_/X (sky130_fd_sc_hd__and3_2)
                                                         _148_ (net)
                      0.112643    0.000555    6.273731 v _465_/A (sky130_fd_sc_hd__or3_2)
     2    0.004835    0.176418    1.137883    7.411614 v _465_/X (sky130_fd_sc_hd__or3_2)
                                                         _152_ (net)
                      0.176418    0.000284    7.411898 v _468_/B1 (sky130_fd_sc_hd__o211a_2)
     2    0.009092    0.098372    0.322669    7.734567 v _468_/X (sky130_fd_sc_hd__o211a_2)
                                                         _155_ (net)
                      0.098372    0.000521    7.735088 v _489_/A2 (sky130_fd_sc_hd__o21a_2)
     4    0.018839    0.128377    0.453996    8.189084 v _489_/X (sky130_fd_sc_hd__o21a_2)
                                                         _175_ (net)
                      0.128377    0.000468    8.189552 v _514_/A2 (sky130_fd_sc_hd__o21a_2)
     3    0.011958    0.100807    0.432104    8.621656 v _514_/X (sky130_fd_sc_hd__o21a_2)
                                                         _199_ (net)
                      0.100807    0.000346    8.622002 v _538_/B (sky130_fd_sc_hd__or3b_2)
     1    0.002398    0.155750    1.016824    9.638826 v _538_/X (sky130_fd_sc_hd__or3b_2)
                                                         _222_ (net)
                      0.155750    0.000141    9.638968 v _539_/B (sky130_fd_sc_hd__and2_2)
     2    0.011552    0.107005    0.485215   10.124183 v _539_/X (sky130_fd_sc_hd__and2_2)
                                                         _223_ (net)
                      0.107007    0.000631   10.124814 v _540_/B (sky130_fd_sc_hd__and2_2)
     2    0.005065    0.080898    0.425837   10.550652 v _540_/X (sky130_fd_sc_hd__and2_2)
                                                         _224_ (net)
                      0.080898    0.000319   10.550970 v _560_/A1 (sky130_fd_sc_hd__o21ba_2)
     3    0.011896    0.101140    0.443002   10.993972 v _560_/X (sky130_fd_sc_hd__o21ba_2)
                                                         _243_ (net)
                      0.101154    0.001231   10.995203 v _577_/A2 (sky130_fd_sc_hd__o21ba_2)
     5    0.024389    0.150090    0.479854   11.475057 v _577_/X (sky130_fd_sc_hd__o21ba_2)
                                                         _259_ (net)
                      0.150106    0.001653   11.476709 v _607_/A2 (sky130_fd_sc_hd__o311a_2)
     3    0.013767    0.149354    0.816896   12.293606 v _607_/X (sky130_fd_sc_hd__o311a_2)
                                                         _285_ (net)
                      0.149355    0.000782   12.294387 v _609_/B (sky130_fd_sc_hd__or3_2)
     1    0.003568    0.166882    1.077524   13.371911 v _609_/X (sky130_fd_sc_hd__or3_2)
                                                         _287_ (net)
                      0.166882    0.000255   13.372166 v _612_/A2 (sky130_fd_sc_hd__a31o_2)
     1    0.002675    0.061475    0.454953   13.827120 v _612_/X (sky130_fd_sc_hd__a31o_2)
                                                         _032_ (net)
                      0.061475    0.000176   13.827295 v _653_/D (sky130_fd_sc_hd__dfxtp_2)
                                             13.827295   data arrival time

                                 25.000000   25.000000   clock clk (rise edge)
                                  0.000000   25.000000   clock source latency
     2    0.021871    0.163097    0.112349   25.112349 ^ clk (in)
                                                         clk (net)
                      0.163133    0.000000   25.112349 ^ clkbuf_0_clk/A (sky130_fd_sc_hd__clkbuf_16)
    17    0.096828    0.172503    0.348258   25.460608 ^ clkbuf_0_clk/X (sky130_fd_sc_hd__clkbuf_16)
                                                         clknet_0_clk (net)
                      0.173385    0.009893   25.470499 ^ clkbuf_3_7__f_clk/A (sky130_fd_sc_hd__clkbuf_16)
     5    0.017478    0.064284    0.265397   25.735895 ^ clkbuf_3_7__f_clk/X (sky130_fd_sc_hd__clkbuf_16)
                                                         clknet_3_7__leaf_clk (net)
                      0.064284    0.000444   25.736340 ^ _653_/CLK (sky130_fd_sc_hd__dfxtp_2)
                                 -0.250000   25.486341   clock uncertainty
                                  0.000000   25.486341   clock reconvergence pessimism
                                 -0.272390   25.213951   library setup time
                                             25.213951   data required time
---------------------------------------------------------------------------------------------
                                             25.213951   data required time
                                            -13.827295   data arrival time
---------------------------------------------------------------------------------------------
                                             11.386656   slack (MET)


Startpoint: _635_ (rising edge-triggered flip-flop clocked by clk)
Endpoint: _655_ (rising edge-triggered flip-flop clocked by clk)
Path Group: clk
Path Type: max

Fanout         Cap        Slew       Delay        Time   Description
---------------------------------------------------------------------------------------------
                                  0.000000    0.000000   clock clk (rise edge)
                                  0.000000    0.000000   clock source latency
     2    0.021871    0.163097    0.112349    0.112349 ^ clk (in)
                                                         clk (net)
                      0.163133    0.000000    0.112349 ^ clkbuf_0_clk/A (sky130_fd_sc_hd__clkbuf_16)
    17    0.096828    0.172503    0.348258    0.460607 ^ clkbuf_0_clk/X (sky130_fd_sc_hd__clkbuf_16)
                                                         clknet_0_clk (net)
                      0.174163    0.013430    0.474037 ^ clkbuf_3_3__f_clk/A (sky130_fd_sc_hd__clkbuf_16)
     5    0.016594    0.063196    0.264371    0.738407 ^ clkbuf_3_3__f_clk/X (sky130_fd_sc_hd__clkbuf_16)
                                                         clknet_3_3__leaf_clk (net)
                      0.063196    0.001084    0.739491 ^ _635_/CLK (sky130_fd_sc_hd__dfxtp_2)
     2    0.010536    0.070538    0.626995    1.366486 v _635_/Q (sky130_fd_sc_hd__dfxtp_2)
                                                         rom.addr[0] (net)
                      0.070538    0.000641    1.367127 v fanout46/A (sky130_fd_sc_hd__clkdlybuf4s25_1)
     8    0.021933    0.307913    0.649782    2.016908 v fanout46/X (sky130_fd_sc_hd__clkdlybuf4s25_1)
                                                         net46 (net)
                      0.307913    0.000914    2.017823 v _383_/A (sky130_fd_sc_hd__or4_2)
     2    0.009839    0.268205    1.736966    3.754789 v _383_/X (sky130_fd_sc_hd__or4_2)
                                                         _074_ (net)
                      0.268205    0.000743    3.755532 v _430_/A1 (sky130_fd_sc_hd__a21bo_2)
     2    0.014114    0.111262    0.496335    4.251866 v _430_/X (sky130_fd_sc_hd__a21bo_2)
                                                         _118_ (net)
                      0.111266    0.000831    4.252698 v _431_/B (sky130_fd_sc_hd__or2_2)
     3    0.010813    0.151667    0.701359    4.954057 v _431_/X (sky130_fd_sc_hd__or2_2)
                                                         _119_ (net)
                      0.151667    0.000496    4.954553 v _457_/A1 (sky130_fd_sc_hd__a21o_2)
     2    0.008234    0.081937    0.410465    5.365018 v _457_/X (sky130_fd_sc_hd__a21o_2)
                                                         _144_ (net)
                      0.081937    0.000465    5.365483 v _460_/A1 (sky130_fd_sc_hd__a21o_2)
     3    0.012862    0.102661    0.404115    5.769598 v _460_/X (sky130_fd_sc_hd__a21o_2)
                                                         _147_ (net)
                      0.102661    0.000441    5.770039 v _461_/C (sky130_fd_sc_hd__and3_2)
     3    0.011868    0.112643    0.503138    6.273176 v _461_/X (sky130_fd_sc_hd__and3_2)
                                                         _148_ (net)
                      0.112643    0.000555    6.273731 v _465_/A (sky130_fd_sc_hd__or3_2)
     2    0.004835    0.176418    1.137883    7.411614 v _465_/X (sky130_fd_sc_hd__or3_2)
                                                         _152_ (net)
                      0.176418    0.000284    7.411898 v _468_/B1 (sky130_fd_sc_hd__o211a_2)
     2    0.009092    0.098372    0.322669    7.734567 v _468_/X (sky130_fd_sc_hd__o211a_2)
                                                         _155_ (net)
                      0.098372    0.000521    7.735088 v _489_/A2 (sky130_fd_sc_hd__o21a_2)
     4    0.018839    0.128377    0.453996    8.189084 v _489_/X (sky130_fd_sc_hd__o21a_2)
                                                         _175_ (net)
                      0.128377    0.000468    8.189552 v _514_/A2 (sky130_fd_sc_hd__o21a_2)
     3    0.011958    0.100807    0.432104    8.621656 v _514_/X (sky130_fd_sc_hd__o21a_2)
                                                         _199_ (net)
                      0.100807    0.000346    8.622002 v _538_/B (sky130_fd_sc_hd__or3b_2)
     1    0.002398    0.155750    1.016824    9.638826 v _538_/X (sky130_fd_sc_hd__or3b_2)
                                                         _222_ (net)
                      0.155750    0.000141    9.638968 v _539_/B (sky130_fd_sc_hd__and2_2)
     2    0.011552    0.107005    0.485215   10.124183 v _539_/X (sky130_fd_sc_hd__and2_2)
                                                         _223_ (net)
                      0.107007    0.000631   10.124814 v _540_/B (sky130_fd_sc_hd__and2_2)
     2    0.005065    0.080898    0.425837   10.550652 v _540_/X (sky130_fd_sc_hd__and2_2)
                                                         _224_ (net)
                      0.080898    0.000319   10.550970 v _560_/A1 (sky130_fd_sc_hd__o21ba_2)
     3    0.011896    0.101140    0.443002   10.993972 v _560_/X (sky130_fd_sc_hd__o21ba_2)
                                                         _243_ (net)
                      0.101154    0.001231   10.995203 v _577_/A2 (sky130_fd_sc_hd__o21ba_2)
     5    0.024389    0.150090    0.479854   11.475057 v _577_/X (sky130_fd_sc_hd__o21ba_2)
                                                         _259_ (net)
                      0.150106    0.001653   11.476709 v _607_/A2 (sky130_fd_sc_hd__o311a_2)
     3    0.013767    0.149354    0.816896   12.293606 v _607_/X (sky130_fd_sc_hd__o311a_2)
                                                         _285_ (net)
                      0.149354    0.000598   12.294204 v _620_/A2 (sky130_fd_sc_hd__a31o_2)
     1    0.009758    0.094267    0.492989   12.787192 v _620_/X (sky130_fd_sc_hd__a31o_2)
                                                         _296_ (net)
                      0.094349    0.000771   12.787963 v _622_/A (sky130_fd_sc_hd__xnor2_2)
     1    0.002701    0.082132    0.230255   13.018218 v _622_/Y (sky130_fd_sc_hd__xnor2_2)
                                                         _298_ (net)
                      0.082132    0.000197   13.018415 v _624_/A2 (sky130_fd_sc_hd__a21o_2)
     1    0.002013    0.053383    0.370823   13.389238 v _624_/X (sky130_fd_sc_hd__a21o_2)
                                                         _034_ (net)
                      0.053383    0.000141   13.389380 v _655_/D (sky130_fd_sc_hd__dfxtp_2)
                                             13.389380   data arrival time

                                 25.000000   25.000000   clock clk (rise edge)
                                  0.000000   25.000000   clock source latency
     2    0.021871    0.163097    0.112349   25.112349 ^ clk (in)
                                                         clk (net)
                      0.163133    0.000000   25.112349 ^ clkbuf_0_clk/A (sky130_fd_sc_hd__clkbuf_16)
    17    0.096828    0.172503    0.348258   25.460608 ^ clkbuf_0_clk/X (sky130_fd_sc_hd__clkbuf_16)
                                                         clknet_0_clk (net)
                      0.173625    0.011102   25.471708 ^ clkbuf_3_5__f_clk/A (sky130_fd_sc_hd__clkbuf_16)
     5    0.018270    0.065275    0.266574   25.738283 ^ clkbuf_3_5__f_clk/X (sky130_fd_sc_hd__clkbuf_16)
                                                         clknet_3_5__leaf_clk (net)
                      0.065275    0.000751   25.739035 ^ _655_/CLK (sky130_fd_sc_hd__dfxtp_2)
                                 -0.250000   25.489035   clock uncertainty
                                  0.000000   25.489035   clock reconvergence pessimism
                                 -0.268757   25.220278   library setup time
                                             25.220278   data required time
---------------------------------------------------------------------------------------------
                                             25.220278   data required time
                                            -13.389380   data arrival time
---------------------------------------------------------------------------------------------
                                             11.830898   slack (MET)


Startpoint: _635_ (rising edge-triggered flip-flop clocked by clk)
Endpoint: _654_ (rising edge-triggered flip-flop clocked by clk)
Path Group: clk
Path Type: max

Fanout         Cap        Slew       Delay        Time   Description
---------------------------------------------------------------------------------------------
                                  0.000000    0.000000   clock clk (rise edge)
                                  0.000000    0.000000   clock source latency
     2    0.021871    0.163097    0.112349    0.112349 ^ clk (in)
                                                         clk (net)
                      0.163133    0.000000    0.112349 ^ clkbuf_0_clk/A (sky130_fd_sc_hd__clkbuf_16)
    17    0.096828    0.172503    0.348258    0.460607 ^ clkbuf_0_clk/X (sky130_fd_sc_hd__clkbuf_16)
                                                         clknet_0_clk (net)
                      0.174163    0.013430    0.474037 ^ clkbuf_3_3__f_clk/A (sky130_fd_sc_hd__clkbuf_16)
     5    0.016594    0.063196    0.264371    0.738407 ^ clkbuf_3_3__f_clk/X (sky130_fd_sc_hd__clkbuf_16)
                                                         clknet_3_3__leaf_clk (net)
                      0.063196    0.001084    0.739491 ^ _635_/CLK (sky130_fd_sc_hd__dfxtp_2)
     2    0.010536    0.070538    0.626995    1.366486 v _635_/Q (sky130_fd_sc_hd__dfxtp_2)
                                                         rom.addr[0] (net)
                      0.070538    0.000641    1.367127 v fanout46/A (sky130_fd_sc_hd__clkdlybuf4s25_1)
     8    0.021933    0.307913    0.649782    2.016908 v fanout46/X (sky130_fd_sc_hd__clkdlybuf4s25_1)
                                                         net46 (net)
                      0.307913    0.000914    2.017823 v _383_/A (sky130_fd_sc_hd__or4_2)
     2    0.009839    0.268205    1.736966    3.754789 v _383_/X (sky130_fd_sc_hd__or4_2)
                                                         _074_ (net)
                      0.268205    0.000743    3.755532 v _430_/A1 (sky130_fd_sc_hd__a21bo_2)
     2    0.014114    0.111262    0.496335    4.251866 v _430_/X (sky130_fd_sc_hd__a21bo_2)
                                                         _118_ (net)
                      0.111266    0.000831    4.252698 v _431_/B (sky130_fd_sc_hd__or2_2)
     3    0.010813    0.151667    0.701359    4.954057 v _431_/X (sky130_fd_sc_hd__or2_2)
                                                         _119_ (net)
                      0.151667    0.000496    4.954553 v _457_/A1 (sky130_fd_sc_hd__a21o_2)
     2    0.008234    0.081937    0.410465    5.365018 v _457_/X (sky130_fd_sc_hd__a21o_2)
                                                         _144_ (net)
                      0.081937    0.000465    5.365483 v _460_/A1 (sky130_fd_sc_hd__a21o_2)
     3    0.012862    0.102661    0.404115    5.769598 v _460_/X (sky130_fd_sc_hd__a21o_2)
                                                         _147_ (net)
                      0.102661    0.000441    5.770039 v _461_/C (sky130_fd_sc_hd__and3_2)
     3    0.011868    0.112643    0.503138    6.273176 v _461_/X (sky130_fd_sc_hd__and3_2)
                                                         _148_ (net)
                      0.112643    0.000555    6.273731 v _465_/A (sky130_fd_sc_hd__or3_2)
     2    0.004835    0.176418    1.137883    7.411614 v _465_/X (sky130_fd_sc_hd__or3_2)
                                                         _152_ (net)
                      0.176418    0.000284    7.411898 v _468_/B1 (sky130_fd_sc_hd__o211a_2)
     2    0.009092    0.098372    0.322669    7.734567 v _468_/X (sky130_fd_sc_hd__o211a_2)
                                                         _155_ (net)
                      0.098372    0.000521    7.735088 v _489_/A2 (sky130_fd_sc_hd__o21a_2)
     4    0.018839    0.128377    0.453996    8.189084 v _489_/X (sky130_fd_sc_hd__o21a_2)
                                                         _175_ (net)
                      0.128377    0.000468    8.189552 v _514_/A2 (sky130_fd_sc_hd__o21a_2)
     3    0.011958    0.100807    0.432104    8.621656 v _514_/X (sky130_fd_sc_hd__o21a_2)
                                                         _199_ (net)
                      0.100807    0.000346    8.622002 v _538_/B (sky130_fd_sc_hd__or3b_2)
     1    0.002398    0.155750    1.016824    9.638826 v _538_/X (sky130_fd_sc_hd__or3b_2)
                                                         _222_ (net)
                      0.155750    0.000141    9.638968 v _539_/B (sky130_fd_sc_hd__and2_2)
     2    0.011552    0.107005    0.485215   10.124183 v _539_/X (sky130_fd_sc_hd__and2_2)
                                                         _223_ (net)
                      0.107007    0.000631   10.124814 v _540_/B (sky130_fd_sc_hd__and2_2)
     2    0.005065    0.080898    0.425837   10.550652 v _540_/X (sky130_fd_sc_hd__and2_2)
                                                         _224_ (net)
                      0.080898    0.000319   10.550970 v _560_/A1 (sky130_fd_sc_hd__o21ba_2)
     3    0.011896    0.101140    0.443002   10.993972 v _560_/X (sky130_fd_sc_hd__o21ba_2)
                                                         _243_ (net)
                      0.101154    0.001231   10.995203 v _577_/A2 (sky130_fd_sc_hd__o21ba_2)
     5    0.024389    0.150090    0.479854   11.475057 v _577_/X (sky130_fd_sc_hd__o21ba_2)
                                                         _259_ (net)
                      0.150106    0.001653   11.476709 v _607_/A2 (sky130_fd_sc_hd__o311a_2)
     3    0.013767    0.149354    0.816896   12.293606 v _607_/X (sky130_fd_sc_hd__o311a_2)
                                                         _285_ (net)
                      0.149357    0.000916   12.294521 v _610_/A1 (sky130_fd_sc_hd__o21ai_2)
     3    0.013715    0.312376    0.377077   12.671598 ^ _610_/Y (sky130_fd_sc_hd__o21ai_2)
                                                         _288_ (net)
                      0.312376    0.000778   12.672377 ^ _616_/A2 (sky130_fd_sc_hd__a31o_2)
     1    0.005383    0.091443    0.420552   13.092929 ^ _616_/X (sky130_fd_sc_hd__a31o_2)
                                                         _293_ (net)
                      0.091443    0.000398   13.093327 ^ _618_/A2 (sky130_fd_sc_hd__o21ai_2)
     1    0.002086    0.071640    0.094872   13.188198 v _618_/Y (sky130_fd_sc_hd__o21ai_2)
                                                         _033_ (net)
                      0.071641    0.000140   13.188339 v _654_/D (sky130_fd_sc_hd__dfxtp_2)
                                             13.188339   data arrival time

                                 25.000000   25.000000   clock clk (rise edge)
                                  0.000000   25.000000   clock source latency
     2    0.021871    0.163097    0.112349   25.112349 ^ clk (in)
                                                         clk (net)
