+ analyze_power_grid -net vccd1 -voltage_file ~/raja/open-ai-chip/designs/soc_kv_attn_n8/runs/RUN_2026-10-06_08-09-32/57-openroad-irdropreport/net-vccd1.csv
[INFO PSM-0040] All shapes on net vccd1 are connected.
########## IR report #################
Net              : vccd1
Corner           : nom_tt_025C_1v80
Total power      : 3.11e-03 W
Supply voltage   : 1.80e+00 V
Worstcase voltage: 1.80e+00 V
Average voltage  : 1.80e+00 V
Average IR drop  : 1.28e-04 V
Worstcase IR drop: 6.74e-04 V
Percentage drop  : 0.04 %
######################################
+ analyze_power_grid -net vssd1 -voltage_file ~/raja/open-ai-chip/designs/soc_kv_attn_n8/runs/RUN_2026-10-06_08-09-32/57-openroad-irdropreport/net-vssd1.csv
[INFO PSM-0040] All shapes on net vssd1 are connected.
########## IR report #################
Net              : vssd1
Corner           : nom_tt_025C_1v80
Total power      : 3.11e-03 W
Supply voltage   : 0.00e+00 V
Worstcase voltage: 6.06e-04 V
Average voltage  : 1.21e-04 V
Average IR drop  : 1.21e-04 V
Worstcase IR drop: 6.06e-04 V
Percentage drop  : 0.03 %
######################################
