169. Printing statistics.

=== soc_kv_attn_n8 ===

        +----------Local Count, excluding submodules.
        |        +-Local Area, excluding submodules.
        |        | 
     1940        - wires
     2038        - wire bits
      568        - public wires
      666        - public wire bits
       11        - ports
      109        - port bits
     1965 2.67E+04 cells
        2   25.024   sky130_fd_sc_hd__a2111o_2
       11  110.106   sky130_fd_sc_hd__a211o_2
        3   37.536   sky130_fd_sc_hd__a211oi_2
       11  110.106   sky130_fd_sc_hd__a21bo_2
        1   11.261   sky130_fd_sc_hd__a21boi_2
       29  253.994   sky130_fd_sc_hd__a21o_2
       31   271.51   sky130_fd_sc_hd__a21oi_2
       12   135.13   sky130_fd_sc_hd__a221o_2
        6   90.086   sky130_fd_sc_hd__a221oi_2
       34  340.326   sky130_fd_sc_hd__a22o_2
        9  112.608   sky130_fd_sc_hd__a22oi_2
        3   33.782   sky130_fd_sc_hd__a2bb2o_2
        2   22.522   sky130_fd_sc_hd__a311o_2
        3   45.043   sky130_fd_sc_hd__a311oi_2
       21  183.926   sky130_fd_sc_hd__a31o_2
       13   146.39   sky130_fd_sc_hd__a32o_2
        2   22.522   sky130_fd_sc_hd__a41o_2
       51  382.867   sky130_fd_sc_hd__and2_2
       10   87.584   sky130_fd_sc_hd__and2b_2
       48  360.346   sky130_fd_sc_hd__and3_2
       18  180.173   sky130_fd_sc_hd__and3b_2
       13  130.125   sky130_fd_sc_hd__and4_2
        2   22.522   sky130_fd_sc_hd__and4b_2
        5    62.56   sky130_fd_sc_hd__and4bb_2
        4   20.019   sky130_fd_sc_hd__buf_2
        8   30.029   sky130_fd_sc_hd__conb_1
      570 1.21E+04   sky130_fd_sc_hd__dfxtp_2
       33  123.869   sky130_fd_sc_hd__inv_2
      466 5.25E+03   sky130_fd_sc_hd__mux2_1
       96 2.16E+03   sky130_fd_sc_hd__mux4_2
       39  243.984   sky130_fd_sc_hd__nand2_2
        8   70.067   sky130_fd_sc_hd__nand2b_2
        6   60.058   sky130_fd_sc_hd__nand3_2
        1   11.261   sky130_fd_sc_hd__nand3b_2
        4   50.048   sky130_fd_sc_hd__nand4_2
       86  538.016   sky130_fd_sc_hd__nor2_2
        4   40.038   sky130_fd_sc_hd__nor3_2
        6   75.072   sky130_fd_sc_hd__nor3b_2
        3   37.536   sky130_fd_sc_hd__nor4_2
        3   37.536   sky130_fd_sc_hd__o2111a_2
        1   15.014   sky130_fd_sc_hd__o2111ai_2
       55  550.528   sky130_fd_sc_hd__o211a_2
        1   12.512   sky130_fd_sc_hd__o211ai_2
       25   218.96   sky130_fd_sc_hd__o21a_2
       25   218.96   sky130_fd_sc_hd__o21ai_2
        9   90.086   sky130_fd_sc_hd__o21ba_2
        1   11.261   sky130_fd_sc_hd__o21bai_2
        1   11.261   sky130_fd_sc_hd__o221a_2
        1   15.014   sky130_fd_sc_hd__o221ai_2
       36  360.346   sky130_fd_sc_hd__o22a_2
        1   12.512   sky130_fd_sc_hd__o22ai_2
        9  101.347   sky130_fd_sc_hd__o2bb2a_2
        2   22.522   sky130_fd_sc_hd__o311a_2
        2   20.019   sky130_fd_sc_hd__o31a_2
        1   11.261   sky130_fd_sc_hd__o32a_2
       69  431.664   sky130_fd_sc_hd__or2_2
       11   82.579   sky130_fd_sc_hd__or3_2
       11   96.342   sky130_fd_sc_hd__or3b_2
        9   78.826   sky130_fd_sc_hd__or4_2
        6   60.058   sky130_fd_sc_hd__or4b_2
        4   65.062   sky130_fd_sc_hd__xnor2_2
        8  130.125   sky130_fd_sc_hd__xor2_2

   Chip area for module '\soc_kv_attn_n8': 26665.574400
     of which used for sequential elements: 12124.128000 (45.47%)

