Starting…
Running 'Verilator.Lint' at 'designs/user_proj_example/runs/RUN_2026-10-05_18-17-43/01-verilator-lint'…
Logging subprocess to [repr.filename]'designs/user_proj_example/runs/RUN_2026-10-05_18-17-43/01-verilator-lint/verilator-lint.log'[/repr.filename]…
Running 'Checker.LintTimingConstructs' at 'designs/user_proj_example/runs/RUN_2026-10-05_18-17-43/02-checker-linttimingconstructs'…
Check for Lint Timing Errors clear.
Running 'Checker.LintErrors' at 'designs/user_proj_example/runs/RUN_2026-10-05_18-17-43/03-checker-linterrors'…
Check for Lint errors clear.
Running 'Checker.LintWarnings' at 'designs/user_proj_example/runs/RUN_2026-10-05_18-17-43/04-checker-lintwarnings'…
8 Lint warnings found.
Running 'Yosys.JsonHeader' at 'designs/user_proj_example/runs/RUN_2026-10-05_18-17-43/05-yosys-jsonheader'…
Logging subprocess to [repr.filename]'designs/user_proj_example/runs/RUN_2026-10-05_18-17-43/05-yosys-jsonheader/yosys-jsonheader.log'[/repr.filename]…
Running 'Yosys.Synthesis' at 'designs/user_proj_example/runs/RUN_2026-10-05_18-17-43/06-yosys-synthesis'…
Logging subprocess to [repr.filename]'designs/user_proj_example/runs/RUN_2026-10-05_18-17-43/06-yosys-synthesis/yosys-synthesis.log'[/repr.filename]…
Parsing synthesis checks…
Running 'Checker.YosysUnmappedCells' at 'designs/user_proj_example/runs/RUN_2026-10-05_18-17-43/07-checker-yosysunmappedcells'…
Check for Unmapped Yosys instances clear.
Running 'Checker.YosysSynthChecks' at 'designs/user_proj_example/runs/RUN_2026-10-05_18-17-43/08-checker-yosyssynthchecks'…
Check for Yosys check errors clear.
Running 'Checker.NetlistAssignStatements' at 'designs/user_proj_example/runs/RUN_2026-10-05_18-17-43/09-checker-netlistassignstatements'…
Running 'OpenROAD.CheckSDCFiles' at 'designs/user_proj_example/runs/RUN_2026-10-05_18-17-43/10-openroad-checksdcfiles'…
'PNR_SDC_FILE' is not defined. Using generic fallback SDC for OpenROAD PnR steps.
'SIGNOFF_SDC_FILE' is not defined. Using generic fallback SDC for OpenROAD PnR steps.
Running 'OpenROAD.CheckMacroInstances' at 'designs/user_proj_example/runs/RUN_2026-10-05_18-17-43/11-openroad-checkmacroinstances'…
No macros found, skipping instance check…
Running 'OpenROAD.STAPrePNR' at 'designs/user_proj_example/runs/RUN_2026-10-05_18-17-43/12-openroad-staprepnr'…
Starting STA for the nom_tt_025C_1v80 timing corner…
Starting STA for the nom_ss_100C_1v60 timing corner…
Starting STA for the nom_ff_n40C_1v95 timing corner…
Skipping corner min_tt_025C_1v80 for STA (identical to nom_tt_025C_1v80 at this stage)…
Skipping corner min_ss_100C_1v60 for STA (identical to nom_ss_100C_1v60 at this stage)…
Skipping corner min_ff_n40C_1v95 for STA (identical to nom_ff_n40C_1v95 at this stage)…
Skipping corner max_tt_025C_1v80 for STA (identical to nom_tt_025C_1v80 at this stage)…
Skipping corner max_ss_100C_1v60 for STA (identical to nom_ss_100C_1v60 at this stage)…
Skipping corner max_ff_n40C_1v95 for STA (identical to nom_ff_n40C_1v95 at this stage)…
Logging subprocess to [repr.filename]'designs/user_proj_example/runs/RUN_2026-10-05_18-17-43/12-openroad-staprepnr/nom_tt_025C_1v80/sta.log'[/repr.filename]…
Logging subprocess to [repr.filename]'designs/user_proj_example/runs/RUN_2026-10-05_18-17-43/12-openroad-staprepnr/nom_ff_n40C_1v95/sta.log'[/repr.filename]…
Logging subprocess to [repr.filename]'designs/user_proj_example/runs/RUN_2026-10-05_18-17-43/12-openroad-staprepnr/nom_ss_100C_1v60/sta.log'[/repr.filename]…
Finished STA for the nom_ff_n40C_1v95 timing corner.
Finished STA for the nom_ss_100C_1v60 timing corner.
Finished STA for the nom_tt_025C_1v80 timing corner.
Running 'OpenROAD.Floorplan' at 'designs/user_proj_example/runs/RUN_2026-10-05_18-17-43/13-openroad-floorplan'…
Logging subprocess to [repr.filename]'designs/user_proj_example/runs/RUN_2026-10-05_18-17-43/13-openroad-floorplan/openroad-floorplan.log'[/repr.filename]…
[STA-0366] port 'user_irq[*]' not found.
[STA-0366] port 'user_irq[*]' not found.
Running 'OpenROAD.DumpRCValues' at 'designs/user_proj_example/runs/RUN_2026-10-05_18-17-43/14-openroad-dumprcvalues'…
Logging subprocess to [repr.filename]'designs/user_proj_example/runs/RUN_2026-10-05_18-17-43/14-openroad-dumprcvalues/openroad-dumprcvalues.log'[/repr.filename]…
Running 'Odb.CheckMacroAntennaProperties' at 'designs/user_proj_example/runs/RUN_2026-10-05_18-17-43/15-odb-checkmacroantennaproperties'…
No cells provided, skipping 'Odb.CheckMacroAntennaProperties'…
Running 'Odb.SetPowerConnections' at 'designs/user_proj_example/runs/RUN_2026-10-05_18-17-43/16-odb-setpowerconnections'…
Logging subprocess to [repr.filename]'designs/user_proj_example/runs/RUN_2026-10-05_18-17-43/16-odb-setpowerconnections/odb-setpowerconnections.log'[/repr.filename]…
Running 'Odb.ManualMacroPlacement' at 'designs/user_proj_example/runs/RUN_2026-10-05_18-17-43/17-odb-manualmacroplacement'…
No instances found, skipping 'Odb.ManualMacroPlacement'…
Running 'OpenROAD.CutRows' at 'designs/user_proj_example/runs/RUN_2026-10-05_18-17-43/18-openroad-cutrows'…
Logging subprocess to [repr.filename]'designs/user_proj_example/runs/RUN_2026-10-05_18-17-43/18-openroad-cutrows/openroad-cutrows.log'[/repr.filename]…
[STA-0366] port 'user_irq[*]' not found.
[STA-0366] port 'user_irq[*]' not found.
Running 'OpenROAD.TapEndcapInsertion' at 'designs/user_proj_example/runs/RUN_2026-10-05_18-17-43/19-openroad-tapendcapinsertion'…
Logging subprocess to [repr.filename]'designs/user_proj_example/runs/RUN_2026-10-05_18-17-43/19-openroad-tapendcapinsertion/openroad-tapendcapinsertion.log'[/repr.filename]…
[STA-0366] port 'user_irq[*]' not found.
[STA-0366] port 'user_irq[*]' not found.
Running 'Odb.AddPDNObstructions' at 'designs/user_proj_example/runs/RUN_2026-10-05_18-17-43/20-odb-addpdnobstructions'…
'PDN_OBSTRUCTIONS' is not defined. Skipping 'Odb.AddPDNObstructions'…
Running 'OpenROAD.GeneratePDN' at 'designs/user_proj_example/runs/RUN_2026-10-05_18-17-43/21-openroad-generatepdn'…
'PDN_CFG' not explicitly set, setting it to /nix/store/ql4nbdxqdd9ph8x1k8awi7yklk8rx51j-python3-3.13.9-env/lib/python3.13/site-packages/librelane/scripts/openroad/common/pdn_cfg.tcl…
Logging subprocess to [repr.filename]'designs/user_proj_example/runs/RUN_2026-10-05_18-17-43/21-openroad-generatepdn/openroad-generatepdn.log'[/repr.filename]…
[STA-0366] port 'user_irq[*]' not found.
[STA-0366] port 'user_irq[*]' not found.
Running 'Odb.RemovePDNObstructions' at 'designs/user_proj_example/runs/RUN_2026-10-05_18-17-43/22-odb-removepdnobstructions'…
'PDN_OBSTRUCTIONS' is not defined. Skipping 'Odb.RemovePDNObstructions'…
Running 'Odb.AddRoutingObstructions' at 'designs/user_proj_example/runs/RUN_2026-10-05_18-17-43/23-odb-addroutingobstructions'…
'ROUTING_OBSTRUCTIONS' is not defined. Skipping 'Odb.AddRoutingObstructions'…
Running 'OpenROAD.GlobalPlacementSkipIO' at 'designs/user_proj_example/runs/RUN_2026-10-05_18-17-43/24-openroad-globalplacementskipio'…
I/O pins to be placed from ~/raja/open-ai-chip/designs/user_proj_example/pin_order.cfg. Returning state unaltered…
Running 'OpenROAD.IOPlacement' at 'designs/user_proj_example/runs/RUN_2026-10-05_18-17-43/25-openroad-ioplacement'…
IO_PIN_ORDER_CFG is set. Skipping 'OpenROAD.IOPlacement'…
Running 'Odb.CustomIOPlacement' at 'designs/user_proj_example/runs/RUN_2026-10-05_18-17-43/26-odb-customioplacement'…
Logging subprocess to [repr.filename]'designs/user_proj_example/runs/RUN_2026-10-05_18-17-43/26-odb-customioplacement/odb-customioplacement.log'[/repr.filename]…
Running 'Odb.ApplyDEFTemplate' at 'designs/user_proj_example/runs/RUN_2026-10-05_18-17-43/27-odb-applydeftemplate'…
No DEF template provided, skipping 'Odb.ApplyDEFTemplate'…
Running 'OpenROAD.GlobalPlacement' at 'designs/user_proj_example/runs/RUN_2026-10-05_18-17-43/28-openroad-globalplacement'…
'PL_TARGET_DENSITY_PCT' not explicitly set, using dynamically calculated target density: 29.519700…
Logging subprocess to [repr.filename]'designs/user_proj_example/runs/RUN_2026-10-05_18-17-43/28-openroad-globalplacement/openroad-globalplacement.log'[/repr.filename]…
[STA-0366] port 'user_irq[*]' not found.
[STA-0366] port 'user_irq[*]' not found.
Running 'Odb.WriteVerilogHeader' at 'designs/user_proj_example/runs/RUN_2026-10-05_18-17-43/29-odb-writeverilogheader'…
Logging subprocess to [repr.filename]'designs/user_proj_example/runs/RUN_2026-10-05_18-17-43/29-odb-writeverilogheader/odb-writeverilogheader.log'[/repr.filename]…
Running 'Checker.PowerGridViolations' at 'designs/user_proj_example/runs/RUN_2026-10-05_18-17-43/30-checker-powergridviolations'…
Check for power grid violations (as reported by OpenROAD PSM- you may ignore these if LVS passes) clear.
Running 'OpenROAD.STAMidPNR' at 'designs/user_proj_example/runs/RUN_2026-10-05_18-17-43/31-openroad-stamidpnr'…
Logging subprocess to [repr.filename]'designs/user_proj_example/runs/RUN_2026-10-05_18-17-43/31-openroad-stamidpnr/openroad-stamidpnr.log'[/repr.filename]…
[STA-0366] port 'user_irq[*]' not found.
[STA-0366] port 'user_irq[*]' not found.
Running 'OpenROAD.RepairDesignPostGPL' at 'designs/user_proj_example/runs/RUN_2026-10-05_18-17-43/32-openroad-repairdesignpostgpl'…
Logging subprocess to [repr.filename]'designs/user_proj_example/runs/RUN_2026-10-05_18-17-43/32-openroad-repairdesignpostgpl/openroad-repairdesignpostgpl.log'[/repr.filename]…
[STA-1140] ~/.volare/sky130A/libs.ref/sky130_fd_sc_hd/lib/sky130_fd_sc_hd__tt_025C_1v80.lib line 1, library sky130_fd_sc_hd__tt_025C_1v80 already exists.
[STA-1140] ~/.volare/sky130A/libs.ref/sky130_fd_sc_hd/lib/sky130_fd_sc_hd__ff_n40C_1v95.lib line 1, library sky130_fd_sc_hd__ff_n40C_1v95 already exists.
[STA-1140] ~/.volare/sky130A/libs.ref/sky130_fd_sc_hd/lib/sky130_fd_sc_hd__ss_100C_1v60.lib line 1, library sky130_fd_sc_hd__ss_100C_1v60 already exists.
[STA-1140] ~/.volare/sky130A/libs.ref/sky130_fd_sc_hd/lib/sky130_fd_sc_hd__tt_025C_1v80.lib line 1, library sky130_fd_sc_hd__tt_025C_1v80 already exists.
[STA-1140] ~/.volare/sky130A/libs.ref/sky130_fd_sc_hd/lib/sky130_fd_sc_hd__ss_100C_1v60.lib line 1, library sky130_fd_sc_hd__ss_100C_1v60 already exists.
[STA-1140] ~/.volare/sky130A/libs.ref/sky130_fd_sc_hd/lib/sky130_fd_sc_hd__ff_n40C_1v95.lib line 1, library sky130_fd_sc_hd__ff_n40C_1v95 already exists.
[STA-0366] port 'user_irq[*]' not found.
[STA-0366] port 'user_irq[*]' not found.
[RSZ-0020] found 2 floating nets.
Running 'Odb.ManualGlobalPlacement' at 'designs/user_proj_example/runs/RUN_2026-10-05_18-17-43/33-odb-manualglobalplacement'…
'MANUAL_GLOBAL_PLACEMENTS' not set. Skipping 'Odb.ManualGlobalPlacement'…
Running 'OpenROAD.DetailedPlacement' at 'designs/user_proj_example/runs/RUN_2026-10-05_18-17-43/34-openroad-detailedplacement'…
Logging subprocess to [repr.filename]'designs/user_proj_example/runs/RUN_2026-10-05_18-17-43/34-openroad-detailedplacement/openroad-detailedplacement.log'[/repr.filename]…
[STA-0366] port 'user_irq[*]' not found.
[STA-0366] port 'user_irq[*]' not found.
Running 'OpenROAD.CTS' at 'designs/user_proj_example/runs/RUN_2026-10-05_18-17-43/35-openroad-cts'…
Logging subprocess to [repr.filename]'designs/user_proj_example/runs/RUN_2026-10-05_18-17-43/35-openroad-cts/openroad-cts.log'[/repr.filename]…
[STA-1140] ~/.volare/sky130A/libs.ref/sky130_fd_sc_hd/lib/sky130_fd_sc_hd__tt_025C_1v80.lib line 1, library sky130_fd_sc_hd__tt_025C_1v80 already exists.
[STA-1140] ~/.volare/sky130A/libs.ref/sky130_fd_sc_hd/lib/sky130_fd_sc_hd__ff_n40C_1v95.lib line 1, library sky130_fd_sc_hd__ff_n40C_1v95 already exists.
[STA-1140] ~/.volare/sky130A/libs.ref/sky130_fd_sc_hd/lib/sky130_fd_sc_hd__ss_100C_1v60.lib line 1, library sky130_fd_sc_hd__ss_100C_1v60 already exists.
[STA-1140] ~/.volare/sky130A/libs.ref/sky130_fd_sc_hd/lib/sky130_fd_sc_hd__tt_025C_1v80.lib line 1, library sky130_fd_sc_hd__tt_025C_1v80 already exists.
[STA-1140] ~/.volare/sky130A/libs.ref/sky130_fd_sc_hd/lib/sky130_fd_sc_hd__ss_100C_1v60.lib line 1, library sky130_fd_sc_hd__ss_100C_1v60 already exists.
[STA-1140] ~/.volare/sky130A/libs.ref/sky130_fd_sc_hd/lib/sky130_fd_sc_hd__ff_n40C_1v95.lib line 1, library sky130_fd_sc_hd__ff_n40C_1v95 already exists.
[STA-0366] port 'user_irq[*]' not found.
[STA-0366] port 'user_irq[*]' not found.
[CTS-0041] Net "wb_clk_i" has 1 sinks. Skipping...
[RSZ-0065] max wire length less than 6884u increases wire delays.
Running 'OpenROAD.STAMidPNR-1' at 'designs/user_proj_example/runs/RUN_2026-10-05_18-17-43/36-openroad-stamidpnr-1'…
Logging subprocess to [repr.filename]'designs/user_proj_example/runs/RUN_2026-10-05_18-17-43/36-openroad-stamidpnr-1/openroad-stamidpnr-1.log'[/repr.filename]…
[STA-0366] port 'user_irq[*]' not found.
[STA-0366] port 'user_irq[*]' not found.
Running 'OpenROAD.ResizerTimingPostCTS' at 'designs/user_proj_example/runs/RUN_2026-10-05_18-17-43/37-openroad-resizertimingpostcts'…
Logging subprocess to [repr.filename]'designs/user_proj_example/runs/RUN_2026-10-05_18-17-43/37-openroad-resizertimingpostcts/openroad-resizertimingpostcts.log'[/repr.filename]…
[STA-1140] ~/.volare/sky130A/libs.ref/sky130_fd_sc_hd/lib/sky130_fd_sc_hd__tt_025C_1v80.lib line 1, library sky130_fd_sc_hd__tt_025C_1v80 already exists.
[STA-1140] ~/.volare/sky130A/libs.ref/sky130_fd_sc_hd/lib/sky130_fd_sc_hd__ff_n40C_1v95.lib line 1, library sky130_fd_sc_hd__ff_n40C_1v95 already exists.
[STA-1140] ~/.volare/sky130A/libs.ref/sky130_fd_sc_hd/lib/sky130_fd_sc_hd__ss_100C_1v60.lib line 1, library sky130_fd_sc_hd__ss_100C_1v60 already exists.
[STA-1140] ~/.volare/sky130A/libs.ref/sky130_fd_sc_hd/lib/sky130_fd_sc_hd__tt_025C_1v80.lib line 1, library sky130_fd_sc_hd__tt_025C_1v80 already exists.
[STA-1140] ~/.volare/sky130A/libs.ref/sky130_fd_sc_hd/lib/sky130_fd_sc_hd__ss_100C_1v60.lib line 1, library sky130_fd_sc_hd__ss_100C_1v60 already exists.
[STA-1140] ~/.volare/sky130A/libs.ref/sky130_fd_sc_hd/lib/sky130_fd_sc_hd__ff_n40C_1v95.lib line 1, library sky130_fd_sc_hd__ff_n40C_1v95 already exists.
[STA-0366] port 'user_irq[*]' not found.
[STA-0366] port 'user_irq[*]' not found.
Running 'OpenROAD.STAMidPNR-2' at 'designs/user_proj_example/runs/RUN_2026-10-05_18-17-43/38-openroad-stamidpnr-2'…
Logging subprocess to [repr.filename]'designs/user_proj_example/runs/RUN_2026-10-05_18-17-43/38-openroad-stamidpnr-2/openroad-stamidpnr-2.log'[/repr.filename]…
[STA-0366] port 'user_irq[*]' not found.
[STA-0366] port 'user_irq[*]' not found.
Running 'OpenROAD.GlobalRouting' at 'designs/user_proj_example/runs/RUN_2026-10-05_18-17-43/39-openroad-globalrouting'…
Logging subprocess to [repr.filename]'designs/user_proj_example/runs/RUN_2026-10-05_18-17-43/39-openroad-globalrouting/openroad-globalrouting.log'[/repr.filename]…
[STA-0366] port 'user_irq[*]' not found.
[STA-0366] port 'user_irq[*]' not found.
Running 'OpenROAD.CheckAntennas' at 'designs/user_proj_example/runs/RUN_2026-10-05_18-17-43/40-openroad-checkantennas'…
Logging subprocess to [repr.filename]'designs/user_proj_example/runs/RUN_2026-10-05_18-17-43/40-openroad-checkantennas/openroad-checkantennas.log'[/repr.filename]…
[STA-0366] port 'user_irq[*]' not found.
[STA-0366] port 'user_irq[*]' not found.
Running 'OpenROAD.RepairDesignPostGRT' at 'designs/user_proj_example/runs/RUN_2026-10-05_18-17-43/41-openroad-repairdesignpostgrt'…
Logging subprocess to [repr.filename]'designs/user_proj_example/runs/RUN_2026-10-05_18-17-43/41-openroad-repairdesignpostgrt/openroad-repairdesignpostgrt.log'[/repr.filename]…
[STA-1140] ~/.volare/sky130A/libs.ref/sky130_fd_sc_hd/lib/sky130_fd_sc_hd__tt_025C_1v80.lib line 1, library sky130_fd_sc_hd__tt_025C_1v80 already exists.
[STA-1140] ~/.volare/sky130A/libs.ref/sky130_fd_sc_hd/lib/sky130_fd_sc_hd__ff_n40C_1v95.lib line 1, library sky130_fd_sc_hd__ff_n40C_1v95 already exists.
[STA-1140] ~/.volare/sky130A/libs.ref/sky130_fd_sc_hd/lib/sky130_fd_sc_hd__ss_100C_1v60.lib line 1, library sky130_fd_sc_hd__ss_100C_1v60 already exists.
[STA-1140] ~/.volare/sky130A/libs.ref/sky130_fd_sc_hd/lib/sky130_fd_sc_hd__tt_025C_1v80.lib line 1, library sky130_fd_sc_hd__tt_025C_1v80 already exists.
[STA-1140] ~/.volare/sky130A/libs.ref/sky130_fd_sc_hd/lib/sky130_fd_sc_hd__ss_100C_1v60.lib line 1, library sky130_fd_sc_hd__ss_100C_1v60 already exists.
[STA-1140] ~/.volare/sky130A/libs.ref/sky130_fd_sc_hd/lib/sky130_fd_sc_hd__ff_n40C_1v95.lib line 1, library sky130_fd_sc_hd__ff_n40C_1v95 already exists.
[STA-0366] port 'user_irq[*]' not found.
[STA-0366] port 'user_irq[*]' not found.
Running 'Odb.DiodesOnPorts' at 'designs/user_proj_example/runs/RUN_2026-10-05_18-17-43/42-odb-diodesonports'…
'DIODE_ON_PORTS' is set to 'none': skipping 'Odb.DiodesOnPorts'…
Running 'Odb.HeuristicDiodeInsertion' at 'designs/user_proj_example/runs/RUN_2026-10-05_18-17-43/43-odb-heuristicdiodeinsertion'…
Running 'Odb.FuzzyDiodePlacement' at 'designs/user_proj_example/runs/RUN_2026-10-05_18-17-43/43-odb-heuristicdiodeinsertion/1-odb-fuzzydiodeplacement'…
Logging subprocess to [repr.filename]'designs/user_proj_example/runs/RUN_2026-10-05_18-17-43/43-odb-heuristicdiodeinsertion/1-odb-fuzzydiodeplacement/odb-fuzzydiodeplacement.log'[/repr.filename]…
Running 'OpenROAD.DetailedPlacement' at 'designs/user_proj_example/runs/RUN_2026-10-05_18-17-43/43-odb-heuristicdiodeinsertion/2-openroad-detailedplacement'…
Logging subprocess to [repr.filename]'designs/user_proj_example/runs/RUN_2026-10-05_18-17-43/43-odb-heuristicdiodeinsertion/2-openroad-detailedplacement/openroad-detailedplacement.log'[/repr.filename]…
[STA-0366] port 'user_irq[*]' not found.
[STA-0366] port 'user_irq[*]' not found.
Running 'OpenROAD.GlobalRouting' at 'designs/user_proj_example/runs/RUN_2026-10-05_18-17-43/43-odb-heuristicdiodeinsertion/3-openroad-globalrouting'…
Logging subprocess to [repr.filename]'designs/user_proj_example/runs/RUN_2026-10-05_18-17-43/43-odb-heuristicdiodeinsertion/3-openroad-globalrouting/openroad-globalrouting.log'[/repr.filename]…
[STA-0366] port 'user_irq[*]' not found.
[STA-0366] port 'user_irq[*]' not found.
Running 'OpenROAD.RepairAntennas' at 'designs/user_proj_example/runs/RUN_2026-10-05_18-17-43/44-openroad-repairantennas'…
Running 'OpenROAD.DiodeInsertion' at 'designs/user_proj_example/runs/RUN_2026-10-05_18-17-43/44-openroad-repairantennas/1-openroad-diodeinsertion'…
Logging subprocess to [repr.filename]'designs/user_proj_example/runs/RUN_2026-10-05_18-17-43/44-openroad-repairantennas/1-openroad-diodeinsertion/openroad-diodeinsertion.log'[/repr.filename]…
[STA-0366] port 'user_irq[*]' not found.
[STA-0366] port 'user_irq[*]' not found.
Running 'OpenROAD.CheckAntennas' at 'designs/user_proj_example/runs/RUN_2026-10-05_18-17-43/44-openroad-repairantennas/2-openroad-checkantennas'…
Logging subprocess to [repr.filename]'designs/user_proj_example/runs/RUN_2026-10-05_18-17-43/44-openroad-repairantennas/2-openroad-checkantennas/openroad-checkantennas.log'[/repr.filename]…
[STA-0366] port 'user_irq[*]' not found.
[STA-0366] port 'user_irq[*]' not found.
Running 'OpenROAD.ResizerTimingPostGRT' at 'designs/user_proj_example/runs/RUN_2026-10-05_18-17-43/45-openroad-resizertimingpostgrt'…
Logging subprocess to [repr.filename]'designs/user_proj_example/runs/RUN_2026-10-05_18-17-43/45-openroad-resizertimingpostgrt/openroad-resizertimingpostgrt.log'[/repr.filename]…
[STA-1140] ~/.volare/sky130A/libs.ref/sky130_fd_sc_hd/lib/sky130_fd_sc_hd__tt_025C_1v80.lib line 1, library sky130_fd_sc_hd__tt_025C_1v80 already exists.
[STA-1140] ~/.volare/sky130A/libs.ref/sky130_fd_sc_hd/lib/sky130_fd_sc_hd__ff_n40C_1v95.lib line 1, library sky130_fd_sc_hd__ff_n40C_1v95 already exists.
[STA-1140] ~/.volare/sky130A/libs.ref/sky130_fd_sc_hd/lib/sky130_fd_sc_hd__ss_100C_1v60.lib line 1, library sky130_fd_sc_hd__ss_100C_1v60 already exists.
[STA-1140] ~/.volare/sky130A/libs.ref/sky130_fd_sc_hd/lib/sky130_fd_sc_hd__tt_025C_1v80.lib line 1, library sky130_fd_sc_hd__tt_025C_1v80 already exists.
[STA-1140] ~/.volare/sky130A/libs.ref/sky130_fd_sc_hd/lib/sky130_fd_sc_hd__ss_100C_1v60.lib line 1, library sky130_fd_sc_hd__ss_100C_1v60 already exists.
[STA-1140] ~/.volare/sky130A/libs.ref/sky130_fd_sc_hd/lib/sky130_fd_sc_hd__ff_n40C_1v95.lib line 1, library sky130_fd_sc_hd__ff_n40C_1v95 already exists.
[STA-0366] port 'user_irq[*]' not found.
[STA-0366] port 'user_irq[*]' not found.
Running 'OpenROAD.STAMidPNR-3' at 'designs/user_proj_example/runs/RUN_2026-10-05_18-17-43/46-openroad-stamidpnr-3'…
Logging subprocess to [repr.filename]'designs/user_proj_example/runs/RUN_2026-10-05_18-17-43/46-openroad-stamidpnr-3/openroad-stamidpnr-3.log'[/repr.filename]…
[STA-0366] port 'user_irq[*]' not found.
[STA-0366] port 'user_irq[*]' not found.
Running 'OpenROAD.DetailedRouting' at 'designs/user_proj_example/runs/RUN_2026-10-05_18-17-43/47-openroad-detailedrouting'…
Running TritonRoute with 6 threads…
Logging subprocess to [repr.filename]'designs/user_proj_example/runs/RUN_2026-10-05_18-17-43/47-openroad-detailedrouting/openroad-detailedrouting.log'[/repr.filename]…
[STA-0366] port 'user_irq[*]' not found.
[STA-0366] port 'user_irq[*]' not found.
[DRT-0349] LEF58_ENCLOSURE with no CUTCLASS is not supported. Skipping for layer mcon
[DRT-0349] LEF58_ENCLOSURE with no CUTCLASS is not supported. Skipping for layer mcon
[DRT-0349] LEF58_ENCLOSURE with no CUTCLASS is not supported. Skipping for layer via
[DRT-0349] LEF58_ENCLOSURE with no CUTCLASS is not supported. Skipping for layer via
[DRT-0349] LEF58_ENCLOSURE with no CUTCLASS is not supported. Skipping for layer via2
[DRT-0349] LEF58_ENCLOSURE with no CUTCLASS is not supported. Skipping for layer via2
[DRT-0349] LEF58_ENCLOSURE with no CUTCLASS is not supported. Skipping for layer via3
[DRT-0349] LEF58_ENCLOSURE with no CUTCLASS is not supported. Skipping for layer via3
[DRT-0349] LEF58_ENCLOSURE with no CUTCLASS is not supported. Skipping for layer via4
[DRT-0349] LEF58_ENCLOSURE with no CUTCLASS is not supported. Skipping for layer via4
Running 'Odb.RemoveRoutingObstructions' at 'designs/user_proj_example/runs/RUN_2026-10-05_18-17-43/48-odb-removeroutingobstructions'…
'ROUTING_OBSTRUCTIONS' is not defined. Skipping 'Odb.RemoveRoutingObstructions'…
Running 'OpenROAD.CheckAntennas-1' at 'designs/user_proj_example/runs/RUN_2026-10-05_18-17-43/49-openroad-checkantennas-1'…
Logging subprocess to [repr.filename]'designs/user_proj_example/runs/RUN_2026-10-05_18-17-43/49-openroad-checkantennas-1/openroad-checkantennas-1.log'[/repr.filename]…
[STA-0366] port 'user_irq[*]' not found.
[STA-0366] port 'user_irq[*]' not found.
Running 'Checker.TrDRC' at 'designs/user_proj_example/runs/RUN_2026-10-05_18-17-43/50-checker-trdrc'…
Check for Routing DRC errors clear.
Running 'Odb.ReportDisconnectedPins' at 'designs/user_proj_example/runs/RUN_2026-10-05_18-17-43/51-odb-reportdisconnectedpins'…
Logging subprocess to [repr.filename]'designs/user_proj_example/runs/RUN_2026-10-05_18-17-43/51-odb-reportdisconnectedpins/odb-reportdisconnectedpins.log'[/repr.filename]…
Running 'Checker.DisconnectedPins' at 'designs/user_proj_example/runs/RUN_2026-10-05_18-17-43/52-checker-disconnectedpins'…
Check for critical disconnected pins clear.
Running 'Odb.ReportWireLength' at 'designs/user_proj_example/runs/RUN_2026-10-05_18-17-43/53-odb-reportwirelength'…
Logging subprocess to [repr.filename]'designs/user_proj_example/runs/RUN_2026-10-05_18-17-43/53-odb-reportwirelength/odb-reportwirelength.log'[/repr.filename]…
Running 'Checker.WireLength' at 'designs/user_proj_example/runs/RUN_2026-10-05_18-17-43/54-checker-wirelength'…
Threshold for Threshold-surpassing long wires is not set. The checker will be skipped.
Running 'OpenROAD.FillInsertion' at 'designs/user_proj_example/runs/RUN_2026-10-05_18-17-43/55-openroad-fillinsertion'…
Logging subprocess to [repr.filename]'designs/user_proj_example/runs/RUN_2026-10-05_18-17-43/55-openroad-fillinsertion/openroad-fillinsertion.log'[/repr.filename]…
[STA-0366] port 'user_irq[*]' not found.
[STA-0366] port 'user_irq[*]' not found.
Running 'Odb.CellFrequencyTables' at 'designs/user_proj_example/runs/RUN_2026-10-05_18-17-43/56-odb-cellfrequencytables'…
Logging subprocess to [repr.filename]'designs/user_proj_example/runs/RUN_2026-10-05_18-17-43/56-odb-cellfrequencytables/buffer_list.txt'[/repr.filename]…
Logging subprocess to [repr.filename]'designs/user_proj_example/runs/RUN_2026-10-05_18-17-43/56-odb-cellfrequencytables/odb-cellfrequencytables.log'[/repr.filename]…
Running 'OpenROAD.RCX' at 'designs/user_proj_example/runs/RUN_2026-10-05_18-17-43/57-openroad-rcx'…
Running RCX for corners matching nom_* (~/raja/open-ai-chip/designs/user_proj_example/runs/RUN_2026-10-05_18-17-43/57-openroad-rcx/nom/rcx.log)…
Running RCX for corners matching min_* (~/raja/open-ai-chip/designs/user_proj_example/runs/RUN_2026-10-05_18-17-43/57-openroad-rcx/min/rcx.log)…
Running RCX for corners matching max_* (~/raja/open-ai-chip/designs/user_proj_example/runs/RUN_2026-10-05_18-17-43/57-openroad-rcx/max/rcx.log)…
Logging subprocess to [repr.filename]'designs/user_proj_example/runs/RUN_2026-10-05_18-17-43/57-openroad-rcx/nom/rcx.log'[/repr.filename]…
Logging subprocess to [repr.filename]'designs/user_proj_example/runs/RUN_2026-10-05_18-17-43/57-openroad-rcx/max/rcx.log'[/repr.filename]…
Logging subprocess to [repr.filename]'designs/user_proj_example/runs/RUN_2026-10-05_18-17-43/57-openroad-rcx/min/rcx.log'[/repr.filename]…
Finished RCX for corners matching max_*.
Finished RCX for corners matching min_*.
Finished RCX for corners matching nom_*.
Running 'OpenROAD.STAPostPNR' at 'designs/user_proj_example/runs/RUN_2026-10-05_18-17-43/58-openroad-stapostpnr'…
Starting STA for the nom_tt_025C_1v80 timing corner…
Starting STA for the nom_ss_100C_1v60 timing corner…
Starting STA for the nom_ff_n40C_1v95 timing corner…
Starting STA for the min_tt_025C_1v80 timing corner…
Starting STA for the min_ss_100C_1v60 timing corner…
Starting STA for the min_ff_n40C_1v95 timing corner…
Logging subprocess to [repr.filename]'designs/user_proj_example/runs/RUN_2026-10-05_18-17-43/58-openroad-stapostpnr/nom_tt_025C_1v80/sta.log'[/repr.filename]…
Logging subprocess to [repr.filename]'designs/user_proj_example/runs/RUN_2026-10-05_18-17-43/58-openroad-stapostpnr/nom_ss_100C_1v60/sta.log'[/repr.filename]…
Logging subprocess to [repr.filename]'designs/user_proj_example/runs/RUN_2026-10-05_18-17-43/58-openroad-stapostpnr/nom_ff_n40C_1v95/sta.log'[/repr.filename]…
Logging subprocess to [repr.filename]'designs/user_proj_example/runs/RUN_2026-10-05_18-17-43/58-openroad-stapostpnr/min_tt_025C_1v80/sta.log'[/repr.filename]…
Logging subprocess to [repr.filename]'designs/user_proj_example/runs/RUN_2026-10-05_18-17-43/58-openroad-stapostpnr/min_ss_100C_1v60/sta.log'[/repr.filename]…
Logging subprocess to [repr.filename]'designs/user_proj_example/runs/RUN_2026-10-05_18-17-43/58-openroad-stapostpnr/min_ff_n40C_1v95/sta.log'[/repr.filename]…
Finished STA for the min_tt_025C_1v80 timing corner.
Logging subprocess to [repr.filename]'designs/user_proj_example/runs/RUN_2026-10-05_18-17-43/58-openroad-stapostpnr/min_tt_025C_1v80/filter_unannotated.log'[/repr.filename]…
Finished STA for the nom_ff_n40C_1v95 timing corner.
Logging subprocess to [repr.filename]'designs/user_proj_example/runs/RUN_2026-10-05_18-17-43/58-openroad-stapostpnr/nom_ff_n40C_1v95/filter_unannotated.log'[/repr.filename]…
Finished STA for the min_ss_100C_1v60 timing corner.
Logging subprocess to [repr.filename]'designs/user_proj_example/runs/RUN_2026-10-05_18-17-43/58-openroad-stapostpnr/min_ss_100C_1v60/filter_unannotated.log'[/repr.filename]…
Finished STA for the nom_ss_100C_1v60 timing corner.
Logging subprocess to [repr.filename]'designs/user_proj_example/runs/RUN_2026-10-05_18-17-43/58-openroad-stapostpnr/nom_ss_100C_1v60/filter_unannotated.log'[/repr.filename]…
Finished STA for the nom_tt_025C_1v80 timing corner.
Finished STA for the min_ff_n40C_1v95 timing corner.
Logging subprocess to [repr.filename]'designs/user_proj_example/runs/RUN_2026-10-05_18-17-43/58-openroad-stapostpnr/nom_tt_025C_1v80/filter_unannotated.log'[/repr.filename]…
Logging subprocess to [repr.filename]'designs/user_proj_example/runs/RUN_2026-10-05_18-17-43/58-openroad-stapostpnr/min_ff_n40C_1v95/filter_unannotated.log'[/repr.filename]…
Starting STA for the max_tt_025C_1v80 timing corner…
Logging subprocess to [repr.filename]'designs/user_proj_example/runs/RUN_2026-10-05_18-17-43/58-openroad-stapostpnr/max_tt_025C_1v80/sta.log'[/repr.filename]…
Starting STA for the max_ss_100C_1v60 timing corner…
Logging subprocess to [repr.filename]'designs/user_proj_example/runs/RUN_2026-10-05_18-17-43/58-openroad-stapostpnr/max_ss_100C_1v60/sta.log'[/repr.filename]…
Starting STA for the max_ff_n40C_1v95 timing corner…
Logging subprocess to [repr.filename]'designs/user_proj_example/runs/RUN_2026-10-05_18-17-43/58-openroad-stapostpnr/max_ff_n40C_1v95/sta.log'[/repr.filename]…
Finished STA for the max_tt_025C_1v80 timing corner.
Logging subprocess to [repr.filename]'designs/user_proj_example/runs/RUN_2026-10-05_18-17-43/58-openroad-stapostpnr/max_tt_025C_1v80/filter_unannotated.log'[/repr.filename]…
Finished STA for the max_ss_100C_1v60 timing corner.
Logging subprocess to [repr.filename]'designs/user_proj_example/runs/RUN_2026-10-05_18-17-43/58-openroad-stapostpnr/max_ss_100C_1v60/filter_unannotated.log'[/repr.filename]…
Finished STA for the max_ff_n40C_1v95 timing corner.
Logging subprocess to [repr.filename]'designs/user_proj_example/runs/RUN_2026-10-05_18-17-43/58-openroad-stapostpnr/max_ff_n40C_1v95/filter_unannotated.log'[/repr.filename]…
Running 'OpenROAD.IRDropReport' at 'designs/user_proj_example/runs/RUN_2026-10-05_18-17-43/59-openroad-irdropreport'…
'VSRC_LOC_FILES' was not given a value, which may make the results of IR drop analysis inaccurate. If you are not integrating a top-level chip for manufacture, you may ignore this warning, otherwise, see the documentation for 'VSRC_LOC_FILES'.
Logging subprocess to [repr.filename]'designs/user_proj_example/runs/RUN_2026-10-05_18-17-43/59-openroad-irdropreport/openroad-irdropreport.log'[/repr.filename]…
[STA-0366] port 'user_irq[*]' not found.
[STA-0366] port 'user_irq[*]' not found.
+ analyze_power_grid -net vccd1 -voltage_file ~/raja/open-ai-chip/designs/user_proj_example/runs/RUN_2026-10-05_18-17-43/59-openroad-irdropreport/net-vccd1.csv
[INFO PSM-0040] All shapes on net vccd1 are connected.
########## IR report #################
Net              : vccd1
Corner           : nom_tt_025C_1v80
Total power      : 3.30e-04 W
Supply voltage   : 1.80e+00 V
Worstcase voltage: 1.80e+00 V
Average voltage  : 1.80e+00 V
Average IR drop  : 1.57e-05 V
Worstcase IR drop: 2.20e-04 V
Percentage drop  : 0.01 %
######################################
+ analyze_power_grid -net vssd1 -voltage_file ~/raja/open-ai-chip/designs/user_proj_example/runs/RUN_2026-10-05_18-17-43/59-openroad-irdropreport/net-vssd1.csv
[INFO PSM-0040] All shapes on net vssd1 are connected.
########## IR report #################
Net              : vssd1
Corner           : nom_tt_025C_1v80
Total power      : 3.30e-04 W
Supply voltage   : 0.00e+00 V
Worstcase voltage: 2.58e-04 V
Average voltage  : 1.52e-05 V
Average IR drop  : 1.52e-05 V
Worstcase IR drop: 2.58e-04 V
Percentage drop  : 0.01 %
######################################

Running 'Magic.StreamOut' at 'designs/user_proj_example/runs/RUN_2026-10-05_18-17-43/60-magic-streamout'…
Logging subprocess to [repr.filename]'designs/user_proj_example/runs/RUN_2026-10-05_18-17-43/60-magic-streamout/magic-streamout.log'[/repr.filename]…
Running 'KLayout.StreamOut' at 'designs/user_proj_example/runs/RUN_2026-10-05_18-17-43/61-klayout-streamout'…
Logging subprocess to [repr.filename]'designs/user_proj_example/runs/RUN_2026-10-05_18-17-43/61-klayout-streamout/klayout-streamout.log'[/repr.filename]…
Running 'KLayout.Render' at 'designs/user_proj_example/runs/RUN_2026-10-05_18-17-43/62-klayout-render'…
Logging subprocess to [repr.filename]'designs/user_proj_example/runs/RUN_2026-10-05_18-17-43/62-klayout-render/klayout-render.log'[/repr.filename]…
Running 'Magic.WriteLEF' at 'designs/user_proj_example/runs/RUN_2026-10-05_18-17-43/63-magic-writelef'…
Logging subprocess to [repr.filename]'designs/user_proj_example/runs/RUN_2026-10-05_18-17-43/63-magic-writelef/magic-writelef.log'[/repr.filename]…
Running 'Odb.CheckDesignAntennaProperties' at 'designs/user_proj_example/runs/RUN_2026-10-05_18-17-43/64-odb-checkdesignantennaproperties'…
Logging subprocess to [repr.filename]'designs/user_proj_example/runs/RUN_2026-10-05_18-17-43/64-odb-checkdesignantennaproperties/odb-checkdesignantennaproperties.log'[/repr.filename]…
Cell 'user_proj_example' has (286) input pin(s) without antenna gate information. They might not be connected to a gate.
Cell 'user_proj_example' has (131) output pin(s) without antenna diffusion information. They might not be driven.
Running 'KLayout.XOR' at 'designs/user_proj_example/runs/RUN_2026-10-05_18-17-43/65-klayout-xor'…
Running XOR with 2 threads…
Logging subprocess to [repr.filename]'designs/user_proj_example/runs/RUN_2026-10-05_18-17-43/65-klayout-xor/klayout-xor.log'[/repr.filename]…
Running 'Checker.XOR' at 'designs/user_proj_example/runs/RUN_2026-10-05_18-17-43/66-checker-xor'…
Check for XOR differences clear.
Running 'Magic.DRC' at 'designs/user_proj_example/runs/RUN_2026-10-05_18-17-43/67-magic-drc'…
Logging subprocess to [repr.filename]'designs/user_proj_example/runs/RUN_2026-10-05_18-17-43/67-magic-drc/magic-drc.log'[/repr.filename]…
Running 'KLayout.DRC' at 'designs/user_proj_example/runs/RUN_2026-10-05_18-17-43/68-klayout-drc'…
Running KLayout DRC with 2 threads…
Logging subprocess to [repr.filename]'designs/user_proj_example/runs/RUN_2026-10-05_18-17-43/68-klayout-drc/klayout-drc.log'[/repr.filename]…
Logging subprocess to [repr.filename]'designs/user_proj_example/runs/RUN_2026-10-05_18-17-43/68-klayout-drc/xml_drc_report_to_json.log'[/repr.filename]…
Running 'Checker.MagicDRC' at 'designs/user_proj_example/runs/RUN_2026-10-05_18-17-43/69-checker-magicdrc'…
Check for Magic DRC errors clear.
Running 'Checker.KLayoutDRC' at 'designs/user_proj_example/runs/RUN_2026-10-05_18-17-43/70-checker-klayoutdrc'…
Check for KLayout DRC errors clear.
Running 'Magic.SpiceExtraction' at 'designs/user_proj_example/runs/RUN_2026-10-05_18-17-43/71-magic-spiceextraction'…
Logging subprocess to [repr.filename]'designs/user_proj_example/runs/RUN_2026-10-05_18-17-43/71-magic-spiceextraction/magic-spiceextraction.log'[/repr.filename]…
Running 'Checker.IllegalOverlap' at 'designs/user_proj_example/runs/RUN_2026-10-05_18-17-43/72-checker-illegaloverlap'…
Check for Magic Illegal Overlap errors clear.
Running 'Netgen.LVS' at 'designs/user_proj_example/runs/RUN_2026-10-05_18-17-43/73-netgen-lvs'…
Logging subprocess to [repr.filename]'designs/user_proj_example/runs/RUN_2026-10-05_18-17-43/73-netgen-lvs/netgen-lvs.log'[/repr.filename]…
Running 'Checker.LVS' at 'designs/user_proj_example/runs/RUN_2026-10-05_18-17-43/74-checker-lvs'…
Check for LVS errors clear.
Gating variable for step 'Yosys.EQY' set to 'False'- the step will be skipped.
Skipping step 'Equivalence Check'…
Running 'Checker.SetupViolations' at 'designs/user_proj_example/runs/RUN_2026-10-05_18-17-43/75-checker-setupviolations'…
No setup violations found
Running 'Checker.HoldViolations' at 'designs/user_proj_example/runs/RUN_2026-10-05_18-17-43/76-checker-holdviolations'…
No hold violations found
Running 'Checker.MaxSlewViolations' at 'designs/user_proj_example/runs/RUN_2026-10-05_18-17-43/77-checker-maxslewviolations'…
Max Slew violations found in the following corners:
* max_ff_n40C_1v95
* max_ss_100C_1v60
* max_tt_025C_1v80
* min_ff_n40C_1v95
* min_ss_100C_1v60
* min_tt_025C_1v80
* nom_ff_n40C_1v95
* nom_ss_100C_1v60
* nom_tt_025C_1v80
No max slew violations found
Running 'Checker.MaxCapViolations' at 'designs/user_proj_example/runs/RUN_2026-10-05_18-17-43/78-checker-maxcapviolations'…
Max Cap violations found in the following corners:
* max_ss_100C_1v60
* min_ss_100C_1v60
* nom_ss_100C_1v60
No max cap violations found
Running 'Misc.ReportManufacturability' at 'designs/user_proj_example/runs/RUN_2026-10-05_18-17-43/79-misc-reportmanufacturability'…
Saving views to '~/raja/open-ai-chip/designs/user_proj_example/runs/RUN_2026-10-05_18-17-43/final'…
Flow complete.
