                                                                        Cells by Master                                                                         
┏━━━━━━━━━━━━━━━━━━━━━━━━━━━━━━━━━━━━━━━━━━━━━━━━━━━━━━━━━━━━━━━━━━━━━━━━━━━━━━━━━━━━━━━━━━━━━━━━━━━━━━━━━━━━━━━━━━━━━━━━━━━━━━━━━━━┳━━━━━━━━━━━━━━━━━━━━━━━━━━┓
┃ Cell                                                                                                                              ┃ Count                    ┃
┡━━━━━━━━━━━━━━━━━━━━━━━━━━━━━━━━━━━━━━━━━━━━━━━━━━━━━━━━━━━━━━━━━━━━━━━━━━━━━━━━━━━━━━━━━━━━━━━━━━━━━━━━━━━━━━━━━━━━━━━━━━━━━━━━━━━╇━━━━━━━━━━━━━━━━━━━━━━━━━━┩
│ sky130_fd_sc_hd__a211o_2                                                                                                          │ 2                        │
│ sky130_fd_sc_hd__a21bo_2                                                                                                          │ 3                        │
│ sky130_fd_sc_hd__a21boi_2                                                                                                         │ 1                        │
│ sky130_fd_sc_hd__a21o_2                                                                                                           │ 6                        │
│ sky130_fd_sc_hd__a21oi_2                                                                                                          │ 8                        │
│ sky130_fd_sc_hd__a22o_2                                                                                                           │ 2                        │
│ sky130_fd_sc_hd__a31o_2                                                                                                           │ 3                        │
│ sky130_fd_sc_hd__and2_2                                                                                                           │ 3                        │
│ sky130_fd_sc_hd__and2b_2                                                                                                          │ 8                        │
│ sky130_fd_sc_hd__and3_2                                                                                                           │ 3                        │
│ sky130_fd_sc_hd__and3b_2                                                                                                          │ 1                        │
│ sky130_fd_sc_hd__buf_1                                                                                                            │ 15                       │
│ sky130_fd_sc_hd__buf_2                                                                                                            │ 3                        │
│ sky130_fd_sc_hd__clkbuf_16                                                                                                        │ 5                        │
│ sky130_fd_sc_hd__clkbuf_2                                                                                                         │ 2                        │
│ sky130_fd_sc_hd__clkbuf_4                                                                                                         │ 14                       │
│ sky130_fd_sc_hd__clkdlybuf4s25_1                                                                                                  │ 11                       │
│ sky130_fd_sc_hd__decap_3                                                                                                          │ 245                      │
│ sky130_fd_sc_hd__dfxtp_2                                                                                                          │ 25                       │
│ sky130_fd_sc_hd__diode_2                                                                                                          │ 20                       │
│ sky130_fd_sc_hd__dlygate4sd3_1                                                                                                    │ 18                       │
│ sky130_fd_sc_hd__fill_1                                                                                                           │ 55                       │
│ sky130_fd_sc_hd__fill_2                                                                                                           │ 53                       │
│ sky130_fd_sc_hd__inv_2                                                                                                            │ 4                        │
│ sky130_fd_sc_hd__mux2_1                                                                                                           │ 17                       │
│ sky130_fd_sc_hd__nand2_2                                                                                                          │ 13                       │
│ sky130_fd_sc_hd__nand2b_2                                                                                                         │ 2                        │
│ sky130_fd_sc_hd__nand3_2                                                                                                          │ 1                        │
│ sky130_fd_sc_hd__nor2_2                                                                                                           │ 6                        │
│ sky130_fd_sc_hd__nor3_2                                                                                                           │ 1                        │
│ sky130_fd_sc_hd__nor3b_2                                                                                                          │ 1                        │
│ sky130_fd_sc_hd__o211a_2                                                                                                          │ 2                        │
│ sky130_fd_sc_hd__o21a_2                                                                                                           │ 2                        │
│ sky130_fd_sc_hd__o21ai_2                                                                                                          │ 1                        │
│ sky130_fd_sc_hd__o21ba_2                                                                                                          │ 4                        │
│ sky130_fd_sc_hd__o21bai_2                                                                                                         │ 1                        │
│ sky130_fd_sc_hd__or2_2                                                                                                            │ 8                        │
│ sky130_fd_sc_hd__or3_2                                                                                                            │ 2                        │
│ sky130_fd_sc_hd__or3b_2                                                                                                           │ 2                        │
│ sky130_fd_sc_hd__or4b_2                                                                                                           │ 1                        │
│ sky130_fd_sc_hd__tapvpwrvgnd_1                                                                                                    │ 57                       │
│ sky130_fd_sc_hd__xnor2_2                                                                                                          │ 27                       │
│ sky130_fd_sc_hd__xor2_2                                                                                                           │ 11                       │
└───────────────────────────────────────────────────────────────────────────────────────────────────────────────────────────────────┴──────────────────────────┘
