122. Printing statistics.

=== audio_onset ===

        +----------Local Count, excluding submodules.
        |        +-Local Area, excluding submodules.
        |        | 
      172        - wires
      186        - wire bits
       27        - public wires
       41        - public wire bits
       10        - ports
       24        - port bits
      173 2.08E+03 cells
        2   20.019   sky130_fd_sc_hd__a211o_2
        3   30.029   sky130_fd_sc_hd__a21bo_2
        1   11.261   sky130_fd_sc_hd__a21boi_2
        6    52.55   sky130_fd_sc_hd__a21o_2
        8   70.067   sky130_fd_sc_hd__a21oi_2
        2   20.019   sky130_fd_sc_hd__a22o_2
        3   26.275   sky130_fd_sc_hd__a31o_2
        3   22.522   sky130_fd_sc_hd__and2_2
        8   70.067   sky130_fd_sc_hd__and2b_2
        3   22.522   sky130_fd_sc_hd__and3_2
        1    10.01   sky130_fd_sc_hd__and3b_2
        2    10.01   sky130_fd_sc_hd__buf_2
       25   531.76   sky130_fd_sc_hd__dfxtp_2
        4   15.014   sky130_fd_sc_hd__inv_2
       17  191.434   sky130_fd_sc_hd__mux2_1
       13   81.328   sky130_fd_sc_hd__nand2_2
        2   17.517   sky130_fd_sc_hd__nand2b_2
        1    10.01   sky130_fd_sc_hd__nand3_2
        6   37.536   sky130_fd_sc_hd__nor2_2
        1    10.01   sky130_fd_sc_hd__nor3_2
        1   12.512   sky130_fd_sc_hd__nor3b_2
        2   20.019   sky130_fd_sc_hd__o211a_2
        2   17.517   sky130_fd_sc_hd__o21a_2
        1    8.758   sky130_fd_sc_hd__o21ai_2
        4   40.038   sky130_fd_sc_hd__o21ba_2
        1   11.261   sky130_fd_sc_hd__o21bai_2
        8   50.048   sky130_fd_sc_hd__or2_2
        2   15.014   sky130_fd_sc_hd__or3_2
        2   17.517   sky130_fd_sc_hd__or3b_2
        1    10.01   sky130_fd_sc_hd__or4b_2
       27  439.171   sky130_fd_sc_hd__xnor2_2
       11  178.922   sky130_fd_sc_hd__xor2_2

   Chip area for module '\audio_onset': 2080.745600
     of which used for sequential elements: 531.760000 (25.56%)

