                                                                        Cells by Master                                                                         
┏━━━━━━━━━━━━━━━━━━━━━━━━━━━━━━━━━━━━━━━━━━━━━━━━━━━━━━━━━━━━━━━━━━━━━━━━━━━━━━━━━━━━━━━━━━━━━━━━━━━━━━━━━━━━━━━━━━━━━━━━━━━━━━━━━━━┳━━━━━━━━━━━━━━━━━━━━━━━━━━┓
┃ Cell                                                                                                                              ┃ Count                    ┃
┡━━━━━━━━━━━━━━━━━━━━━━━━━━━━━━━━━━━━━━━━━━━━━━━━━━━━━━━━━━━━━━━━━━━━━━━━━━━━━━━━━━━━━━━━━━━━━━━━━━━━━━━━━━━━━━━━━━━━━━━━━━━━━━━━━━━╇━━━━━━━━━━━━━━━━━━━━━━━━━━┩
│ sky130_fd_sc_hd__a211oi_2                                                                                                         │ 2                        │
│ sky130_fd_sc_hd__a21bo_2                                                                                                          │ 1                        │
│ sky130_fd_sc_hd__a21boi_2                                                                                                         │ 1                        │
│ sky130_fd_sc_hd__a21o_2                                                                                                           │ 1                        │
│ sky130_fd_sc_hd__a221o_2                                                                                                          │ 1                        │
│ sky130_fd_sc_hd__a22o_2                                                                                                           │ 1                        │
│ sky130_fd_sc_hd__a22oi_2                                                                                                          │ 1                        │
│ sky130_fd_sc_hd__a31o_2                                                                                                           │ 3                        │
│ sky130_fd_sc_hd__a32o_2                                                                                                           │ 1                        │
│ sky130_fd_sc_hd__a41o_2                                                                                                           │ 1                        │
│ sky130_fd_sc_hd__and2_2                                                                                                           │ 3                        │
│ sky130_fd_sc_hd__and2b_2                                                                                                          │ 8                        │
│ sky130_fd_sc_hd__and3_2                                                                                                           │ 1                        │
│ sky130_fd_sc_hd__and3b_2                                                                                                          │ 3                        │
│ sky130_fd_sc_hd__and4_2                                                                                                           │ 1                        │
│ sky130_fd_sc_hd__and4b_2                                                                                                          │ 3                        │
│ sky130_fd_sc_hd__buf_1                                                                                                            │ 9                        │
│ sky130_fd_sc_hd__clkbuf_16                                                                                                        │ 5                        │
│ sky130_fd_sc_hd__clkbuf_4                                                                                                         │ 8                        │
│ sky130_fd_sc_hd__clkdlybuf4s25_1                                                                                                  │ 10                       │
│ sky130_fd_sc_hd__conb_1                                                                                                           │ 4                        │
│ sky130_fd_sc_hd__decap_3                                                                                                          │ 605                      │
│ sky130_fd_sc_hd__dfxtp_2                                                                                                          │ 19                       │
│ sky130_fd_sc_hd__diode_2                                                                                                          │ 18                       │
│ sky130_fd_sc_hd__dlygate4sd3_1                                                                                                    │ 9                        │
│ sky130_fd_sc_hd__fill_1                                                                                                           │ 46                       │
│ sky130_fd_sc_hd__fill_2                                                                                                           │ 45                       │
│ sky130_fd_sc_hd__inv_2                                                                                                            │ 2                        │
│ sky130_fd_sc_hd__mux2_1                                                                                                           │ 3                        │
│ sky130_fd_sc_hd__nand2_2                                                                                                          │ 4                        │
│ sky130_fd_sc_hd__nand4_2                                                                                                          │ 1                        │
│ sky130_fd_sc_hd__nor2_2                                                                                                           │ 5                        │
│ sky130_fd_sc_hd__o211a_2                                                                                                          │ 1                        │
│ sky130_fd_sc_hd__o21a_2                                                                                                           │ 3                        │
│ sky130_fd_sc_hd__o21ai_2                                                                                                          │ 2                        │
│ sky130_fd_sc_hd__o21ba_2                                                                                                          │ 1                        │
│ sky130_fd_sc_hd__o31a_2                                                                                                           │ 1                        │
│ sky130_fd_sc_hd__or2_2                                                                                                            │ 4                        │
│ sky130_fd_sc_hd__or4_2                                                                                                            │ 1                        │
│ sky130_fd_sc_hd__tapvpwrvgnd_1                                                                                                    │ 57                       │
└───────────────────────────────────────────────────────────────────────────────────────────────────────────────────────────────────┴──────────────────────────┘
