137. Printing statistics.

=== prec_bin ===

        +----------Local Count, excluding submodules.
        |        +-Local Area, excluding submodules.
        |        | 
       82        - wires
       96        - wire bits
       27        - public wires
       41        - public wire bits
       10        - ports
       24        - port bits
       83   948.41 cells
        2   25.024   sky130_fd_sc_hd__a211oi_2
        1    10.01   sky130_fd_sc_hd__a21bo_2
        1   11.261   sky130_fd_sc_hd__a21boi_2
        1    8.758   sky130_fd_sc_hd__a21o_2
        1   11.261   sky130_fd_sc_hd__a221o_2
        1    10.01   sky130_fd_sc_hd__a22o_2
        1   12.512   sky130_fd_sc_hd__a22oi_2
        3   26.275   sky130_fd_sc_hd__a31o_2
        1   11.261   sky130_fd_sc_hd__a32o_2
        1   11.261   sky130_fd_sc_hd__a41o_2
        3   22.522   sky130_fd_sc_hd__and2_2
        8   70.067   sky130_fd_sc_hd__and2b_2
        1    7.507   sky130_fd_sc_hd__and3_2
        3   30.029   sky130_fd_sc_hd__and3b_2
        1    10.01   sky130_fd_sc_hd__and4_2
        3   33.782   sky130_fd_sc_hd__and4b_2
        4   15.014   sky130_fd_sc_hd__conb_1
       19  404.138   sky130_fd_sc_hd__dfxtp_2
        2    7.507   sky130_fd_sc_hd__inv_2
        3   33.782   sky130_fd_sc_hd__mux2_1
        4   25.024   sky130_fd_sc_hd__nand2_2
        1   12.512   sky130_fd_sc_hd__nand4_2
        5    31.28   sky130_fd_sc_hd__nor2_2
        1    10.01   sky130_fd_sc_hd__o211a_2
        3   26.275   sky130_fd_sc_hd__o21a_2
        2   17.517   sky130_fd_sc_hd__o21ai_2
        1    10.01   sky130_fd_sc_hd__o21ba_2
        1    10.01   sky130_fd_sc_hd__o31a_2
        4   25.024   sky130_fd_sc_hd__or2_2
        1    8.758   sky130_fd_sc_hd__or4_2

   Chip area for module '\prec_bin': 948.409600
     of which used for sequential elements: 404.137600 (42.61%)

