                                                                        Cells by Master                                                                         
┏━━━━━━━━━━━━━━━━━━━━━━━━━━━━━━━━━━━━━━━━━━━━━━━━━━━━━━━━━━━━━━━━━━━━━━━━━━━━━━━━━━━━━━━━━━━━━━━━━━━━━━━━━━━━━━━━━━━━━━━━━━━━━━━━━━━┳━━━━━━━━━━━━━━━━━━━━━━━━━━┓
┃ Cell                                                                                                                              ┃ Count                    ┃
┡━━━━━━━━━━━━━━━━━━━━━━━━━━━━━━━━━━━━━━━━━━━━━━━━━━━━━━━━━━━━━━━━━━━━━━━━━━━━━━━━━━━━━━━━━━━━━━━━━━━━━━━━━━━━━━━━━━━━━━━━━━━━━━━━━━━╇━━━━━━━━━━━━━━━━━━━━━━━━━━┩
│ sky130_fd_sc_hd__a2111o_2                                                                                                         │ 1                        │
│ sky130_fd_sc_hd__a211o_2                                                                                                          │ 1                        │
│ sky130_fd_sc_hd__a21oi_2                                                                                                          │ 3                        │
│ sky130_fd_sc_hd__a221o_2                                                                                                          │ 1                        │
│ sky130_fd_sc_hd__a22o_2                                                                                                           │ 1                        │
│ sky130_fd_sc_hd__a311oi_2                                                                                                         │ 1                        │
│ sky130_fd_sc_hd__a31o_2                                                                                                           │ 1                        │
│ sky130_fd_sc_hd__and2_2                                                                                                           │ 1                        │
│ sky130_fd_sc_hd__and3_2                                                                                                           │ 1                        │
│ sky130_fd_sc_hd__and3b_2                                                                                                          │ 1                        │
│ sky130_fd_sc_hd__buf_1                                                                                                            │ 7                        │
│ sky130_fd_sc_hd__buf_2                                                                                                            │ 2                        │
│ sky130_fd_sc_hd__clkbuf_16                                                                                                        │ 3                        │
│ sky130_fd_sc_hd__clkbuf_4                                                                                                         │ 6                        │
│ sky130_fd_sc_hd__clkdlybuf4s25_1                                                                                                  │ 13                       │
│ sky130_fd_sc_hd__conb_1                                                                                                           │ 5                        │
│ sky130_fd_sc_hd__decap_3                                                                                                          │ 713                      │
│ sky130_fd_sc_hd__dfxtp_2                                                                                                          │ 10                       │
│ sky130_fd_sc_hd__diode_2                                                                                                          │ 13                       │
│ sky130_fd_sc_hd__dlygate4sd3_1                                                                                                    │ 8                        │
│ sky130_fd_sc_hd__fill_1                                                                                                           │ 39                       │
│ sky130_fd_sc_hd__fill_2                                                                                                           │ 42                       │
│ sky130_fd_sc_hd__inv_2                                                                                                            │ 6                        │
│ sky130_fd_sc_hd__mux2_1                                                                                                           │ 3                        │
│ sky130_fd_sc_hd__nand2_2                                                                                                          │ 7                        │
│ sky130_fd_sc_hd__nand2b_2                                                                                                         │ 1                        │
│ sky130_fd_sc_hd__nand3_2                                                                                                          │ 1                        │
│ sky130_fd_sc_hd__nor2_2                                                                                                           │ 1                        │
│ sky130_fd_sc_hd__nor3_2                                                                                                           │ 1                        │
│ sky130_fd_sc_hd__o211a_2                                                                                                          │ 3                        │
│ sky130_fd_sc_hd__o21ba_2                                                                                                          │ 1                        │
│ sky130_fd_sc_hd__o31a_2                                                                                                           │ 2                        │
│ sky130_fd_sc_hd__o31ai_2                                                                                                          │ 1                        │
│ sky130_fd_sc_hd__o41ai_2                                                                                                          │ 1                        │
│ sky130_fd_sc_hd__or2_2                                                                                                            │ 1                        │
│ sky130_fd_sc_hd__or3_2                                                                                                            │ 1                        │
│ sky130_fd_sc_hd__or3b_2                                                                                                           │ 1                        │
│ sky130_fd_sc_hd__or4_2                                                                                                            │ 2                        │
│ sky130_fd_sc_hd__tapvpwrvgnd_1                                                                                                    │ 57                       │
└───────────────────────────────────────────────────────────────────────────────────────────────────────────────────────────────────┴──────────────────────────┘
