+ analyze_power_grid -net vccd1 -voltage_file ~/raja/open-ai-chip/designs/vision_all_lit/runs/RUN_2026-10-05_18-14-33/58-openroad-irdropreport/net-vccd1.csv
[INFO PSM-0040] All shapes on net vccd1 are connected.
########## IR report #################
Net              : vccd1
Corner           : nom_tt_025C_1v80
Total power      : 5.46e-05 W
Supply voltage   : 1.80e+00 V
Worstcase voltage: 1.80e+00 V
Average voltage  : 1.80e+00 V
Average IR drop  : 1.30e-05 V
Worstcase IR drop: 1.36e-04 V
Percentage drop  : 0.01 %
######################################
+ analyze_power_grid -net vssd1 -voltage_file ~/raja/open-ai-chip/designs/vision_all_lit/runs/RUN_2026-10-05_18-14-33/58-openroad-irdropreport/net-vssd1.csv
[INFO PSM-0040] All shapes on net vssd1 are connected.
########## IR report #################
Net              : vssd1
Corner           : nom_tt_025C_1v80
Total power      : 5.46e-05 W
Supply voltage   : 0.00e+00 V
Worstcase voltage: 1.06e-04 V
Average voltage  : 1.25e-05 V
Average IR drop  : 1.25e-05 V
Worstcase IR drop: 1.06e-04 V
Percentage drop  : 0.01 %
######################################
