129. Printing statistics.

=== vision_all_lit ===

        +----------Local Count, excluding submodules.
        |        +-Local Area, excluding submodules.
        |        | 
       59        - wires
       73        - wire bits
       18        - public wires
       32        - public wire bits
       10        - ports
       24        - port bits
       60  614.339 cells
        1   12.512   sky130_fd_sc_hd__a2111o_2
        1    10.01   sky130_fd_sc_hd__a211o_2
        3   26.275   sky130_fd_sc_hd__a21oi_2
        1   11.261   sky130_fd_sc_hd__a221o_2
        1    10.01   sky130_fd_sc_hd__a22o_2
        1   15.014   sky130_fd_sc_hd__a311oi_2
        1    8.758   sky130_fd_sc_hd__a31o_2
        1    7.507   sky130_fd_sc_hd__and2_2
        1    7.507   sky130_fd_sc_hd__and3_2
        1    10.01   sky130_fd_sc_hd__and3b_2
        5   18.768   sky130_fd_sc_hd__conb_1
       10  212.704   sky130_fd_sc_hd__dfxtp_2
        6   22.522   sky130_fd_sc_hd__inv_2
        3   33.782   sky130_fd_sc_hd__mux2_1
        7   43.792   sky130_fd_sc_hd__nand2_2
        1    8.758   sky130_fd_sc_hd__nand2b_2
        1    10.01   sky130_fd_sc_hd__nand3_2
        1    6.256   sky130_fd_sc_hd__nor2_2
        1    10.01   sky130_fd_sc_hd__nor3_2
        3   30.029   sky130_fd_sc_hd__o211a_2
        1    10.01   sky130_fd_sc_hd__o21ba_2
        2   20.019   sky130_fd_sc_hd__o31a_2
        1   12.512   sky130_fd_sc_hd__o31ai_2
        1   16.266   sky130_fd_sc_hd__o41ai_2
        1    6.256   sky130_fd_sc_hd__or2_2
        1    7.507   sky130_fd_sc_hd__or3_2
        1    8.758   sky130_fd_sc_hd__or3b_2
        2   17.517   sky130_fd_sc_hd__or4_2

   Chip area for module '\vision_all_lit': 614.339200
     of which used for sequential elements: 212.704000 (34.62%)

