                                                                        Cells by Master                                                                         
┏━━━━━━━━━━━━━━━━━━━━━━━━━━━━━━━━━━━━━━━━━━━━━━━━━━━━━━━━━━━━━━━━━━━━━━━━━━━━━━━━━━━━━━━━━━━━━━━━━━━━━━━━━━━━━━━━━━━━━━━━━━━━━━━━━━━┳━━━━━━━━━━━━━━━━━━━━━━━━━━┓
┃ Cell                                                                                                                              ┃ Count                    ┃
┡━━━━━━━━━━━━━━━━━━━━━━━━━━━━━━━━━━━━━━━━━━━━━━━━━━━━━━━━━━━━━━━━━━━━━━━━━━━━━━━━━━━━━━━━━━━━━━━━━━━━━━━━━━━━━━━━━━━━━━━━━━━━━━━━━━━╇━━━━━━━━━━━━━━━━━━━━━━━━━━┩
│ sky130_fd_sc_hd__a211o_2                                                                                                          │ 6                        │
│ sky130_fd_sc_hd__a211oi_2                                                                                                         │ 2                        │
│ sky130_fd_sc_hd__a21bo_2                                                                                                          │ 1                        │
│ sky130_fd_sc_hd__a21o_2                                                                                                           │ 19                       │
│ sky130_fd_sc_hd__a21oi_2                                                                                                          │ 10                       │
│ sky130_fd_sc_hd__a221o_2                                                                                                          │ 12                       │
│ sky130_fd_sc_hd__a22o_2                                                                                                           │ 24                       │
│ sky130_fd_sc_hd__a2bb2o_2                                                                                                         │ 1                        │
│ sky130_fd_sc_hd__a31o_2                                                                                                           │ 16                       │
│ sky130_fd_sc_hd__a31oi_2                                                                                                          │ 2                        │
│ sky130_fd_sc_hd__a32o_2                                                                                                           │ 2                        │
│ sky130_fd_sc_hd__a41o_2                                                                                                           │ 2                        │
│ sky130_fd_sc_hd__and2_2                                                                                                           │ 17                       │
│ sky130_fd_sc_hd__and2b_2                                                                                                          │ 2                        │
│ sky130_fd_sc_hd__and3_2                                                                                                           │ 34                       │
│ sky130_fd_sc_hd__and3b_2                                                                                                          │ 1                        │
│ sky130_fd_sc_hd__and4_2                                                                                                           │ 3                        │
│ sky130_fd_sc_hd__and4b_2                                                                                                          │ 3                        │
│ sky130_fd_sc_hd__and4bb_2                                                                                                         │ 1                        │
│ sky130_fd_sc_hd__buf_1                                                                                                            │ 15                       │
│ sky130_fd_sc_hd__buf_2                                                                                                            │ 12                       │
│ sky130_fd_sc_hd__clkbuf_16                                                                                                        │ 33                       │
│ sky130_fd_sc_hd__clkbuf_2                                                                                                         │ 1                        │
│ sky130_fd_sc_hd__clkbuf_4                                                                                                         │ 1                        │
│ sky130_fd_sc_hd__clkbuf_8                                                                                                         │ 16                       │
│ sky130_fd_sc_hd__clkdlybuf4s25_1                                                                                                  │ 73                       │
│ sky130_fd_sc_hd__decap_3                                                                                                          │ 5152                     │
│ sky130_fd_sc_hd__dfxtp_2                                                                                                          │ 159                      │
│ sky130_fd_sc_hd__diode_2                                                                                                          │ 272                      │
│ sky130_fd_sc_hd__dlygate4sd3_1                                                                                                    │ 162                      │
│ sky130_fd_sc_hd__fill_1                                                                                                           │ 439                      │
│ sky130_fd_sc_hd__fill_2                                                                                                           │ 299                      │
│ sky130_fd_sc_hd__inv_2                                                                                                            │ 17                       │
│ sky130_fd_sc_hd__mux2_1                                                                                                           │ 125                      │
│ sky130_fd_sc_hd__mux4_2                                                                                                           │ 16                       │
│ sky130_fd_sc_hd__nand2_2                                                                                                          │ 21                       │
│ sky130_fd_sc_hd__nand3_2                                                                                                          │ 3                        │
│ sky130_fd_sc_hd__nand3b_2                                                                                                         │ 1                        │
│ sky130_fd_sc_hd__nand4_2                                                                                                          │ 1                        │
│ sky130_fd_sc_hd__nor2_1                                                                                                           │ 1                        │
│ sky130_fd_sc_hd__nor2_2                                                                                                           │ 21                       │
│ sky130_fd_sc_hd__nor3_2                                                                                                           │ 4                        │
│ sky130_fd_sc_hd__o211a_2                                                                                                          │ 7                        │
│ sky130_fd_sc_hd__o211ai_2                                                                                                         │ 1                        │
│ sky130_fd_sc_hd__o21a_2                                                                                                           │ 23                       │
│ sky130_fd_sc_hd__o21ai_2                                                                                                          │ 9                        │
│ sky130_fd_sc_hd__o21ba_2                                                                                                          │ 6                        │
│ sky130_fd_sc_hd__o221a_2                                                                                                          │ 1                        │
│ sky130_fd_sc_hd__o22a_2                                                                                                           │ 23                       │
│ sky130_fd_sc_hd__o311a_2                                                                                                          │ 1                        │
│ sky130_fd_sc_hd__o31a_2                                                                                                           │ 1                        │
│ sky130_fd_sc_hd__or2_2                                                                                                            │ 10                       │
│ sky130_fd_sc_hd__or3_2                                                                                                            │ 5                        │
│ sky130_fd_sc_hd__or3b_2                                                                                                           │ 4                        │
│ sky130_fd_sc_hd__or4_2                                                                                                            │ 2                        │
│ sky130_fd_sc_hd__or4b_2                                                                                                           │ 2                        │
│ sky130_fd_sc_hd__tapvpwrvgnd_1                                                                                                    │ 469                      │
│ sky130_fd_sc_hd__xnor2_2                                                                                                          │ 2                        │
│ sky130_fd_sc_hd__xor2_2                                                                                                           │ 1                        │
└───────────────────────────────────────────────────────────────────────────────────────────────────────────────────────────────────┴──────────────────────────┘
