159. Printing statistics.

=== kv_attn_n4 ===

        +----------Local Count, excluding submodules.
        |        +-Local Area, excluding submodules.
        |        | 
      632        - wires
      646        - wire bits
      165        - public wires
      179        - public wire bits
       10        - ports
       24        - port bits
      633 7.96E+03 cells
        6   60.058   sky130_fd_sc_hd__a211o_2
        2   25.024   sky130_fd_sc_hd__a211oi_2
        1    10.01   sky130_fd_sc_hd__a21bo_2
       19   166.41   sky130_fd_sc_hd__a21o_2
       10   87.584   sky130_fd_sc_hd__a21oi_2
       12   135.13   sky130_fd_sc_hd__a221o_2
       24   240.23   sky130_fd_sc_hd__a22o_2
        1   11.261   sky130_fd_sc_hd__a2bb2o_2
       16  140.134   sky130_fd_sc_hd__a31o_2
        2   25.024   sky130_fd_sc_hd__a31oi_2
        2   22.522   sky130_fd_sc_hd__a32o_2
        2   22.522   sky130_fd_sc_hd__a41o_2
       17  127.622   sky130_fd_sc_hd__and2_2
        2   17.517   sky130_fd_sc_hd__and2b_2
       34  255.245   sky130_fd_sc_hd__and3_2
        1    10.01   sky130_fd_sc_hd__and3b_2
        3   30.029   sky130_fd_sc_hd__and4_2
        3   33.782   sky130_fd_sc_hd__and4b_2
        1   12.512   sky130_fd_sc_hd__and4bb_2
        8   40.038   sky130_fd_sc_hd__buf_2
      159 3.38E+03   sky130_fd_sc_hd__dfxtp_2
       17   63.811   sky130_fd_sc_hd__inv_2
      125   1407.6   sky130_fd_sc_hd__mux2_1
       16  360.346   sky130_fd_sc_hd__mux4_2
       21  131.376   sky130_fd_sc_hd__nand2_2
        3   30.029   sky130_fd_sc_hd__nand3_2
        1   11.261   sky130_fd_sc_hd__nand3b_2
        1   12.512   sky130_fd_sc_hd__nand4_2
       22  137.632   sky130_fd_sc_hd__nor2_2
        4   40.038   sky130_fd_sc_hd__nor3_2
        7   70.067   sky130_fd_sc_hd__o211a_2
        1   12.512   sky130_fd_sc_hd__o211ai_2
       23  201.443   sky130_fd_sc_hd__o21a_2
        9   78.826   sky130_fd_sc_hd__o21ai_2
        6   60.058   sky130_fd_sc_hd__o21ba_2
        1   11.261   sky130_fd_sc_hd__o221a_2
       23  230.221   sky130_fd_sc_hd__o22a_2
        1   11.261   sky130_fd_sc_hd__o311a_2
        1    10.01   sky130_fd_sc_hd__o31a_2
       10    62.56   sky130_fd_sc_hd__or2_2
        5   37.536   sky130_fd_sc_hd__or3_2
        4   35.034   sky130_fd_sc_hd__or3b_2
        2   17.517   sky130_fd_sc_hd__or4_2
        2   20.019   sky130_fd_sc_hd__or4b_2
        2   32.531   sky130_fd_sc_hd__xnor2_2
        1   16.266   sky130_fd_sc_hd__xor2_2

   Chip area for module '\kv_attn_n4': 7956.380800
     of which used for sequential elements: 3381.993600 (42.51%)

