┏━━━━━━━━━━━━━━━━━━━━━━┳━━━━━━━━━━┳━━━━━━━━━━┳━━━━━━━━━━┳━━━━━━━━━━┳━━━━━━━━━━━┳━━━━━━━━━━┳━━━━━━━━━━━┳━━━━━━━━━━┳━━━━━━━━━━━┳━━━━━━━━━━┳━━━━━━━━━━━┳━━━━━━━━━━┓
┃                      ┃ Hold     ┃ Reg to   ┃          ┃          ┃ of which  ┃ Setup    ┃           ┃          ┃           ┃ of which ┃           ┃          ┃
┃                      ┃ Worst    ┃ Reg      ┃          ┃ Hold Vio ┃ reg to    ┃ Worst    ┃ Reg to    ┃ Setup    ┃ Setup Vio ┃ reg to   ┃ Max Cap   ┃ Max Slew ┃
┃ Corner/Group         ┃ Slack    ┃ Paths    ┃ Hold TNS ┃ Count    ┃ reg       ┃ Slack    ┃ Reg Paths ┃ TNS      ┃ Count     ┃ reg      ┃ Violatio… ┃ Violati… ┃
┡━━━━━━━━━━━━━━━━━━━━━━╇━━━━━━━━━━╇━━━━━━━━━━╇━━━━━━━━━━╇━━━━━━━━━━╇━━━━━━━━━━━╇━━━━━━━━━━╇━━━━━━━━━━━╇━━━━━━━━━━╇━━━━━━━━━━━╇━━━━━━━━━━╇━━━━━━━━━━━╇━━━━━━━━━━┩
│ Overall              │ 0.1029   │ 0.1029   │ 0.0000   │ 0        │ 0         │ 9.3494   │ 13.8506   │ 0.0000   │ 0         │ 0        │ 0         │ 415      │
│ nom_tt_025C_1v80     │ 0.3236   │ 0.3236   │ 0.0000   │ 0        │ 0         │ 14.6072  │ N/A       │ 0.0000   │ 0         │ 0        │ 0         │ 18       │
│ nom_ss_100C_1v60     │ 0.8640   │ 0.8640   │ 0.0000   │ 0        │ 0         │ 9.6080   │ 14.0409   │ 0.0000   │ 0         │ 0        │ 0         │ 363      │
│ nom_ff_n40C_1v95     │ 0.1039   │ 0.1039   │ 0.0000   │ 0        │ 0         │ 16.4349  │ N/A       │ 0.0000   │ 0         │ 0        │ 0         │ 0        │
│ min_tt_025C_1v80     │ 0.3184   │ 0.3184   │ 0.0000   │ 0        │ 0         │ 14.7496  │ N/A       │ 0.0000   │ 0         │ 0        │ 0         │ 18       │
│ min_ss_100C_1v60     │ 0.8528   │ 0.8528   │ 0.0000   │ 0        │ 0         │ 9.8877   │ 14.2283   │ 0.0000   │ 0         │ 0        │ 0         │ 335      │
│ min_ff_n40C_1v95     │ 0.1029   │ 0.1029   │ 0.0000   │ 0        │ 0         │ 16.5321  │ N/A       │ 0.0000   │ 0         │ 0        │ 0         │ 0        │
│ max_tt_025C_1v80     │ 0.3288   │ 0.3288   │ 0.0000   │ 0        │ 0         │ 14.4742  │ N/A       │ 0.0000   │ 0         │ 0        │ 0         │ 72       │
│ max_ss_100C_1v60     │ 0.8757   │ 0.8757   │ 0.0000   │ 0        │ 0         │ 9.3494   │ 13.8506   │ 0.0000   │ 0         │ 0        │ 0         │ 415      │
│ max_ff_n40C_1v95     │ 0.1055   │ 0.1055   │ 0.0000   │ 0        │ 0         │ 16.3439  │ N/A       │ 0.0000   │ 0         │ 0        │ 0         │ 0        │
└──────────────────────┴──────────┴──────────┴──────────┴──────────┴───────────┴──────────┴───────────┴──────────┴───────────┴──────────┴───────────┴──────────┘
