                                                                        Cells by Master                                                                         
┏━━━━━━━━━━━━━━━━━━━━━━━━━━━━━━━━━━━━━━━━━━━━━━━━━━━━━━━━━━━━━━━━━━━━━━━━━━━━━━━━━━━━━━━━━━━━━━━━━━━━━━━━━━━━━━━━━━━━━━━━━━━━━━━━━━━┳━━━━━━━━━━━━━━━━━━━━━━━━━━┓
┃ Cell                                                                                                                              ┃ Count                    ┃
┡━━━━━━━━━━━━━━━━━━━━━━━━━━━━━━━━━━━━━━━━━━━━━━━━━━━━━━━━━━━━━━━━━━━━━━━━━━━━━━━━━━━━━━━━━━━━━━━━━━━━━━━━━━━━━━━━━━━━━━━━━━━━━━━━━━━╇━━━━━━━━━━━━━━━━━━━━━━━━━━┩
│ sky130_fd_sc_hd__a2111o_2                                                                                                         │ 1                        │
│ sky130_fd_sc_hd__a211o_2                                                                                                          │ 5                        │
│ sky130_fd_sc_hd__a21bo_2                                                                                                          │ 8                        │
│ sky130_fd_sc_hd__a21boi_2                                                                                                         │ 3                        │
│ sky130_fd_sc_hd__a21o_2                                                                                                           │ 46                       │
│ sky130_fd_sc_hd__a21oi_2                                                                                                          │ 32                       │
│ sky130_fd_sc_hd__a221o_2                                                                                                          │ 10                       │
│ sky130_fd_sc_hd__a22o_2                                                                                                           │ 105                      │
│ sky130_fd_sc_hd__a22oi_2                                                                                                          │ 12                       │
│ sky130_fd_sc_hd__a2bb2o_2                                                                                                         │ 2                        │
│ sky130_fd_sc_hd__a311o_2                                                                                                          │ 2                        │
│ sky130_fd_sc_hd__a31o_2                                                                                                           │ 14                       │
│ sky130_fd_sc_hd__a31oi_2                                                                                                          │ 2                        │
│ sky130_fd_sc_hd__a32o_2                                                                                                           │ 5                        │
│ sky130_fd_sc_hd__a32oi_2                                                                                                          │ 2                        │
│ sky130_fd_sc_hd__and2_2                                                                                                           │ 60                       │
│ sky130_fd_sc_hd__and2b_2                                                                                                          │ 10                       │
│ sky130_fd_sc_hd__and3_2                                                                                                           │ 30                       │
│ sky130_fd_sc_hd__and3b_2                                                                                                          │ 16                       │
│ sky130_fd_sc_hd__and4_2                                                                                                           │ 9                        │
│ sky130_fd_sc_hd__and4b_2                                                                                                          │ 3                        │
│ sky130_fd_sc_hd__and4bb_2                                                                                                         │ 11                       │
│ sky130_fd_sc_hd__buf_1                                                                                                            │ 27                       │
│ sky130_fd_sc_hd__buf_12                                                                                                           │ 28                       │
│ sky130_fd_sc_hd__buf_2                                                                                                            │ 6                        │
│ sky130_fd_sc_hd__buf_4                                                                                                            │ 34                       │
│ sky130_fd_sc_hd__bufinv_16                                                                                                        │ 2                        │
│ sky130_fd_sc_hd__bufinv_8                                                                                                         │ 1                        │
│ sky130_fd_sc_hd__clkbuf_16                                                                                                        │ 1                        │
│ sky130_fd_sc_hd__clkbuf_2                                                                                                         │ 4                        │
│ sky130_fd_sc_hd__clkbuf_4                                                                                                         │ 63                       │
│ sky130_fd_sc_hd__clkbuf_8                                                                                                         │ 206                      │
│ sky130_fd_sc_hd__clkdlybuf4s25_1                                                                                                  │ 167                      │
│ sky130_fd_sc_hd__clkinv_2                                                                                                         │ 1                        │
│ sky130_fd_sc_hd__clkinvlp_4                                                                                                       │ 1                        │
│ sky130_fd_sc_hd__conb_1                                                                                                           │ 8                        │
│ sky130_fd_sc_hd__decap_3                                                                                                          │ 5807                     │
│ sky130_fd_sc_hd__dfxtp_2                                                                                                          │ 393                      │
│ sky130_fd_sc_hd__diode_2                                                                                                          │ 52                       │
│ sky130_fd_sc_hd__dlygate4sd3_1                                                                                                    │ 421                      │
│ sky130_fd_sc_hd__fill_1                                                                                                           │ 738                      │
│ sky130_fd_sc_hd__fill_2                                                                                                           │ 596                      │
│ sky130_fd_sc_hd__inv_2                                                                                                            │ 28                       │
│ sky130_fd_sc_hd__mux2_1                                                                                                           │ 200                      │
│ sky130_fd_sc_hd__mux4_2                                                                                                           │ 41                       │
│ sky130_fd_sc_hd__nand2_2                                                                                                          │ 36                       │
│ sky130_fd_sc_hd__nand2b_2                                                                                                         │ 11                       │
│ sky130_fd_sc_hd__nand3_2                                                                                                          │ 4                        │
│ sky130_fd_sc_hd__nand3b_2                                                                                                         │ 3                        │
│ sky130_fd_sc_hd__nor2_1                                                                                                           │ 1                        │
│ sky130_fd_sc_hd__nor2_2                                                                                                           │ 100                      │
│ sky130_fd_sc_hd__nor3_2                                                                                                           │ 1                        │
│ sky130_fd_sc_hd__nor3b_2                                                                                                          │ 3                        │
│ sky130_fd_sc_hd__nor4_2                                                                                                           │ 8                        │
│ sky130_fd_sc_hd__o2111ai_2                                                                                                        │ 1                        │
│ sky130_fd_sc_hd__o211a_2                                                                                                          │ 20                       │
│ sky130_fd_sc_hd__o21a_2                                                                                                           │ 20                       │
│ sky130_fd_sc_hd__o21ai_2                                                                                                          │ 19                       │
│ sky130_fd_sc_hd__o21ba_2                                                                                                          │ 4                        │
│ sky130_fd_sc_hd__o21bai_2                                                                                                         │ 1                        │
│ sky130_fd_sc_hd__o22ai_2                                                                                                          │ 1                        │
│ sky130_fd_sc_hd__o2bb2a_2                                                                                                         │ 9                        │
│ sky130_fd_sc_hd__o311a_2                                                                                                          │ 1                        │
│ sky130_fd_sc_hd__o31ai_1                                                                                                          │ 1                        │
│ sky130_fd_sc_hd__o32a_2                                                                                                           │ 2                        │
│ sky130_fd_sc_hd__o32ai_2                                                                                                          │ 1                        │
│ sky130_fd_sc_hd__o41a_2                                                                                                           │ 5                        │
│ sky130_fd_sc_hd__or2_2                                                                                                            │ 24                       │
│ sky130_fd_sc_hd__or3_2                                                                                                            │ 13                       │
│ sky130_fd_sc_hd__or3b_2                                                                                                           │ 12                       │
│ sky130_fd_sc_hd__or4_2                                                                                                            │ 35                       │
│ sky130_fd_sc_hd__or4b_2                                                                                                           │ 18                       │
│ sky130_fd_sc_hd__or4bb_2                                                                                                          │ 1                        │
│ sky130_fd_sc_hd__tapvpwrvgnd_1                                                                                                    │ 765                      │
│ sky130_fd_sc_hd__xnor2_2                                                                                                          │ 5                        │
│ sky130_fd_sc_hd__xor2_2                                                                                                           │ 4                        │
└───────────────────────────────────────────────────────────────────────────────────────────────────────────────────────────────────┴──────────────────────────┘
