163. Printing statistics.

=== soc_image_text_match ===

        +----------Local Count, excluding submodules.
        |        +-Local Area, excluding submodules.
        |        | 
     1401        - wires
     1499        - wire bits
      395        - public wires
      493        - public wire bits
       11        - ports
      109        - port bits
     1426 1.84E+04 cells
        1   12.512   sky130_fd_sc_hd__a2111o_2
        5   50.048   sky130_fd_sc_hd__a211o_2
        8   80.077   sky130_fd_sc_hd__a21bo_2
        3   33.782   sky130_fd_sc_hd__a21boi_2
       46  402.886   sky130_fd_sc_hd__a21o_2
       32  280.269   sky130_fd_sc_hd__a21oi_2
       10  112.608   sky130_fd_sc_hd__a221o_2
      105 1.05E+03   sky130_fd_sc_hd__a22o_2
       12  150.144   sky130_fd_sc_hd__a22oi_2
        2   22.522   sky130_fd_sc_hd__a2bb2o_2
        2   22.522   sky130_fd_sc_hd__a311o_2
       14  122.618   sky130_fd_sc_hd__a31o_2
        2   25.024   sky130_fd_sc_hd__a31oi_2
        5   56.304   sky130_fd_sc_hd__a32o_2
        2   32.531   sky130_fd_sc_hd__a32oi_2
       60  450.432   sky130_fd_sc_hd__and2_2
       10   87.584   sky130_fd_sc_hd__and2b_2
       30  225.216   sky130_fd_sc_hd__and3_2
       16  160.154   sky130_fd_sc_hd__and3b_2
        9   90.086   sky130_fd_sc_hd__and4_2
        3   33.782   sky130_fd_sc_hd__and4b_2
       11  137.632   sky130_fd_sc_hd__and4bb_2
        4   20.019   sky130_fd_sc_hd__buf_2
        8   30.029   sky130_fd_sc_hd__conb_1
      393 8.36E+03   sky130_fd_sc_hd__dfxtp_2
       28  105.101   sky130_fd_sc_hd__inv_2
      200  2252.16   sky130_fd_sc_hd__mux2_1
       41  923.386   sky130_fd_sc_hd__mux4_2
       36  225.216   sky130_fd_sc_hd__nand2_2
       11   96.342   sky130_fd_sc_hd__nand2b_2
        4   40.038   sky130_fd_sc_hd__nand3_2
        3   33.782   sky130_fd_sc_hd__nand3b_2
      101  631.856   sky130_fd_sc_hd__nor2_2
        1    10.01   sky130_fd_sc_hd__nor3_2
        3   37.536   sky130_fd_sc_hd__nor3b_2
        8  100.096   sky130_fd_sc_hd__nor4_2
        1   15.014   sky130_fd_sc_hd__o2111ai_2
       20  200.192   sky130_fd_sc_hd__o211a_2
       20  175.168   sky130_fd_sc_hd__o21a_2
       19   166.41   sky130_fd_sc_hd__o21ai_2
        4   40.038   sky130_fd_sc_hd__o21ba_2
        1   11.261   sky130_fd_sc_hd__o21bai_2
        1   12.512   sky130_fd_sc_hd__o22ai_2
        9  101.347   sky130_fd_sc_hd__o2bb2a_2
        1   11.261   sky130_fd_sc_hd__o311a_2
        1   12.512   sky130_fd_sc_hd__o31ai_2
        2   22.522   sky130_fd_sc_hd__o32a_2
        1   16.266   sky130_fd_sc_hd__o32ai_2
        5    62.56   sky130_fd_sc_hd__o41a_2
       24  150.144   sky130_fd_sc_hd__or2_2
       13   97.594   sky130_fd_sc_hd__or3_2
       12  105.101   sky130_fd_sc_hd__or3b_2
       35  306.544   sky130_fd_sc_hd__or4_2
       18  180.173   sky130_fd_sc_hd__or4b_2
        1   12.512   sky130_fd_sc_hd__or4bb_2
        5   81.328   sky130_fd_sc_hd__xnor2_2
        4   65.062   sky130_fd_sc_hd__xor2_2

   Chip area for module '\soc_image_text_match': 18350.099200
     of which used for sequential elements: 8359.267200 (45.55%)

