+ analyze_power_grid -net vccd1 -voltage_file ~/raja/open-ai-chip/designs/text_sentiment/runs/RUN_2026-10-05_16-30-06/58-openroad-irdropreport/net-vccd1.csv
[INFO PSM-0040] All shapes on net vccd1 are connected.
########## IR report #################
Net              : vccd1
Corner           : nom_tt_025C_1v80
Total power      : 6.22e-05 W
Supply voltage   : 1.80e+00 V
Worstcase voltage: 1.80e+00 V
Average voltage  : 1.80e+00 V
Average IR drop  : 1.44e-05 V
Worstcase IR drop: 1.31e-04 V
Percentage drop  : 0.01 %
######################################
+ analyze_power_grid -net vssd1 -voltage_file ~/raja/open-ai-chip/designs/text_sentiment/runs/RUN_2026-10-05_16-30-06/58-openroad-irdropreport/net-vssd1.csv
[INFO PSM-0040] All shapes on net vssd1 are connected.
########## IR report #################
Net              : vssd1
Corner           : nom_tt_025C_1v80
Total power      : 6.22e-05 W
Supply voltage   : 0.00e+00 V
Worstcase voltage: 1.16e-04 V
Average voltage  : 1.29e-05 V
Average IR drop  : 1.29e-05 V
Worstcase IR drop: 1.16e-04 V
Percentage drop  : 0.01 %
######################################
