137. Printing statistics.

=== text_sentiment ===

        +----------Local Count, excluding submodules.
        |        +-Local Area, excluding submodules.
        |        | 
       82        - wires
       96        - wire bits
       20        - public wires
       34        - public wire bits
       10        - ports
       24        - port bits
       83  867.082 cells
        3   26.275   sky130_fd_sc_hd__a21o_2
        6    52.55   sky130_fd_sc_hd__a21oi_2
        1   11.261   sky130_fd_sc_hd__a221o_2
        1    10.01   sky130_fd_sc_hd__a22o_2
        1   12.512   sky130_fd_sc_hd__a22oi_2
        3   26.275   sky130_fd_sc_hd__a31o_2
        2   22.522   sky130_fd_sc_hd__a32o_2
        6   45.043   sky130_fd_sc_hd__and2_2
        2   15.014   sky130_fd_sc_hd__and3_2
        3   15.014   sky130_fd_sc_hd__buf_2
       12  255.245   sky130_fd_sc_hd__dfxtp_2
        5   18.768   sky130_fd_sc_hd__inv_2
        3   33.782   sky130_fd_sc_hd__mux2_1
        6   37.536   sky130_fd_sc_hd__nand2_2
        2   17.517   sky130_fd_sc_hd__nand2b_2
        9   56.304   sky130_fd_sc_hd__nor2_2
        1    10.01   sky130_fd_sc_hd__o211a_2
        1    8.758   sky130_fd_sc_hd__o21a_2
        1   11.261   sky130_fd_sc_hd__o221a_2
        1    10.01   sky130_fd_sc_hd__o22a_2
        3   33.782   sky130_fd_sc_hd__o2bb2a_2
        1    10.01   sky130_fd_sc_hd__o31a_2
        2   12.512   sky130_fd_sc_hd__or2_2
        2   17.517   sky130_fd_sc_hd__or4_2
        6   97.594   sky130_fd_sc_hd__xnor2_2

   Chip area for module '\text_sentiment': 867.081600
     of which used for sequential elements: 255.244800 (29.44%)

