
===========================================================================
report_checks -path_delay max (Setup)
============================================================================
======================= max_ss_100C_1v60 Corner ===================================

Startpoint: wb_rst_i (input port clocked by clk)
Endpoint: mprj/_3048_ (rising edge-triggered flip-flop clocked by clk)
Path Group: clk
Path Type: max

Fanout         Cap        Slew       Delay        Time   Description
---------------------------------------------------------------------------------------------
                                  0.000000    0.000000   clock clk (rise edge)
                                  5.570000    5.570000   clock network delay (propagated)
                                 12.500000   18.070000 v input external delay
     2    0.047013    0.000000    0.000000   18.070000 v wb_rst_i (in)
                                                         wb_rst_i (net)
                      0.007728    0.003864   18.073862 v mprj/input1/A (sky130_fd_sc_hd__clkdlybuf4s25_1)
     1    0.003006    0.076632    0.429896   18.503759 v mprj/input1/X (sky130_fd_sc_hd__clkdlybuf4s25_1)
                                                         mprj/net1 (net)
                      0.076632    0.000201   18.503960 v mprj/fanout357/A (sky130_fd_sc_hd__clkdlybuf4s25_1)
     3    0.027154    0.374071    0.702075   19.206034 v mprj/fanout357/X (sky130_fd_sc_hd__clkdlybuf4s25_1)
                                                         mprj/net357 (net)
                      0.374071    0.001275   19.207310 v mprj/fanout353/A (sky130_fd_sc_hd__clkdlybuf4s25_1)
     4    0.043406    0.582183    0.974968   20.182278 v mprj/fanout353/X (sky130_fd_sc_hd__clkdlybuf4s25_1)
                                                         mprj/net353 (net)
                      0.582189    0.002755   20.185034 v mprj/fanout352/A (sky130_fd_sc_hd__clkdlybuf4s25_1)
     4    0.024804    0.345115    0.869784   21.054817 v mprj/fanout352/X (sky130_fd_sc_hd__clkdlybuf4s25_1)
                                                         mprj/net352 (net)
                      0.345129    0.002526   21.057343 v mprj/_1751_/A (sky130_fd_sc_hd__nor2_2)
     2    0.024580    0.459113    0.535897   21.593241 ^ mprj/_1751_/Y (sky130_fd_sc_hd__nor2_2)
                                                         mprj/_0905_ (net)
                      0.459119    0.001402   21.594641 ^ mprj/fanout144/A (sky130_fd_sc_hd__clkdlybuf4s25_1)
     8    0.047451    0.761029    1.106253   22.700893 ^ mprj/fanout144/X (sky130_fd_sc_hd__clkdlybuf4s25_1)
                                                         mprj/net144 (net)
                      0.761029    0.001171   22.702065 ^ mprj/fanout143/A (sky130_fd_sc_hd__clkdlybuf4s25_1)
     7    0.036911    0.595716    1.081712   23.783777 ^ mprj/fanout143/X (sky130_fd_sc_hd__clkdlybuf4s25_1)
                                                         mprj/net143 (net)
                      0.595716    0.001638   23.785416 ^ mprj/fanout141/A (sky130_fd_sc_hd__clkdlybuf4s25_1)
     8    0.032807    0.531297    0.995348   24.780764 ^ mprj/fanout141/X (sky130_fd_sc_hd__clkdlybuf4s25_1)
                                                         mprj/net141 (net)
                      0.531298    0.001972   24.782734 ^ mprj/_1925_/A (sky130_fd_sc_hd__nand2_2)
     2    0.005616    0.140202    0.231582   25.014317 v mprj/_1925_/Y (sky130_fd_sc_hd__nand2_2)
                                                         mprj/_0935_ (net)
                      0.140203    0.000320   25.014637 v mprj/_1926_/C (sky130_fd_sc_hd__or3_2)
     4    0.028500    0.296563    1.211983   26.226620 v mprj/_1926_/X (sky130_fd_sc_hd__or3_2)
                                                         mprj/_0936_ (net)
                      0.296570    0.001961   26.228580 v mprj/_2077_/A (sky130_fd_sc_hd__nor2_2)
     2    0.010523    0.229434    0.344594   26.573175 ^ mprj/_2077_/Y (sky130_fd_sc_hd__nor2_2)
                                                         mprj/_0961_ (net)
                      0.229434    0.000524   26.573698 ^ mprj/fanout87/A (sky130_fd_sc_hd__buf_1)
     8    0.057886    1.067871    0.922718   27.496416 ^ mprj/fanout87/X (sky130_fd_sc_hd__buf_1)
                                                         mprj/net87 (net)
                      1.067933    0.006901   27.503317 ^ mprj/_2078_/S (sky130_fd_sc_hd__mux2_1)
     1    0.002416    0.106120    0.929393   28.432711 v mprj/_2078_/X (sky130_fd_sc_hd__mux2_1)
                                                         mprj/_0315_ (net)
                      0.106120    0.000147   28.432859 v mprj/hold368/A (sky130_fd_sc_hd__dlygate4sd3_1)
     1    0.002658    0.104458    1.137987   29.570847 v mprj/hold368/X (sky130_fd_sc_hd__dlygate4sd3_1)
                                                         mprj/net368 (net)
                      0.104458    0.000167   29.571012 v mprj/_3048_/D (sky130_fd_sc_hd__dfxtp_2)
                                             29.571012   data arrival time

                                 25.000000   25.000000   clock clk (rise edge)
                                  4.650000   29.650000   clock source latency
     2    0.097351    0.610000    0.000000   29.650000 ^ wb_clk_i (in)
                                                         wb_clk_i (net)
                      0.632893    0.011447   29.661446 ^ mprj/clkbuf_0_wb_clk_i/A (sky130_fd_sc_hd__clkbuf_16)
     2    0.016576    0.071658    0.452717   30.114162 ^ mprj/clkbuf_0_wb_clk_i/X (sky130_fd_sc_hd__clkbuf_16)
                                                         mprj/clknet_0_wb_clk_i (net)
                      0.071660    0.001457   30.115620 ^ mprj/clkbuf_1_0_0_wb_clk_i/A (sky130_fd_sc_hd__clkbuf_8)
     2    0.023014    0.091051    0.241577   30.357197 ^ mprj/clkbuf_1_0_0_wb_clk_i/X (sky130_fd_sc_hd__clkbuf_8)
                                                         mprj/clknet_1_0_0_wb_clk_i (net)
                      0.091210    0.003361   30.360558 ^ mprj/clkbuf_2_1_0_wb_clk_i/A (sky130_fd_sc_hd__clkbuf_8)
     2    0.018793    0.080594    0.241844   30.602402 ^ mprj/clkbuf_2_1_0_wb_clk_i/X (sky130_fd_sc_hd__clkbuf_8)
                                                         mprj/clknet_2_1_0_wb_clk_i (net)
                      0.080632    0.001585   30.603987 ^ mprj/clkbuf_3_2_0_wb_clk_i/A (sky130_fd_sc_hd__clkbuf_8)
     2    0.016447    0.075214    0.232014   30.836000 ^ mprj/clkbuf_3_2_0_wb_clk_i/X (sky130_fd_sc_hd__clkbuf_8)
                                                         mprj/clknet_3_2_0_wb_clk_i (net)
                      0.075224    0.000831   30.836830 ^ mprj/clkbuf_4_4_0_wb_clk_i/A (sky130_fd_sc_hd__clkbuf_8)
     2    0.009447    0.060229    0.213827   31.050657 ^ mprj/clkbuf_4_4_0_wb_clk_i/X (sky130_fd_sc_hd__clkbuf_8)
                                                         mprj/clknet_4_4_0_wb_clk_i (net)
                      0.060229    0.000352   31.051010 ^ mprj/clkbuf_5_9_0_wb_clk_i/A (sky130_fd_sc_hd__clkbuf_8)
     7    0.041668    0.133520    0.274976   31.325987 ^ mprj/clkbuf_5_9_0_wb_clk_i/X (sky130_fd_sc_hd__clkbuf_8)
                                                         mprj/clknet_5_9_0_wb_clk_i (net)
                      0.133599    0.002988   31.328974 ^ mprj/clkbuf_leaf_47_wb_clk_i/A (sky130_fd_sc_hd__clkbuf_8)
     3    0.006583    0.053173    0.233022   31.561996 ^ mprj/clkbuf_leaf_47_wb_clk_i/X (sky130_fd_sc_hd__clkbuf_8)
                                                         mprj/clknet_leaf_47_wb_clk_i (net)
                      0.053173    0.000412   31.562408 ^ mprj/_3048_/CLK (sky130_fd_sc_hd__dfxtp_2)
                                 -0.250000   31.312408   clock uncertainty
                                  0.000000   31.312408   clock reconvergence pessimism
                                 -0.293270   31.019138   library setup time
                                             31.019138   data required time
---------------------------------------------------------------------------------------------
                                             31.019138   data required time
                                            -29.571012   data arrival time
---------------------------------------------------------------------------------------------
                                              1.448125   slack (MET)


Startpoint: wb_rst_i (input port clocked by clk)
Endpoint: mprj/_3053_ (rising edge-triggered flip-flop clocked by clk)
Path Group: clk
Path Type: max

Fanout         Cap        Slew       Delay        Time   Description
---------------------------------------------------------------------------------------------
                                  0.000000    0.000000   clock clk (rise edge)
                                  5.570000    5.570000   clock network delay (propagated)
                                 12.500000   18.070000 v input external delay
     2    0.047013    0.000000    0.000000   18.070000 v wb_rst_i (in)
                                                         wb_rst_i (net)
                      0.007728    0.003864   18.073862 v mprj/input1/A (sky130_fd_sc_hd__clkdlybuf4s25_1)
     1    0.003006    0.076632    0.429896   18.503759 v mprj/input1/X (sky130_fd_sc_hd__clkdlybuf4s25_1)
                                                         mprj/net1 (net)
                      0.076632    0.000201   18.503960 v mprj/fanout357/A (sky130_fd_sc_hd__clkdlybuf4s25_1)
     3    0.027154    0.374071    0.702075   19.206034 v mprj/fanout357/X (sky130_fd_sc_hd__clkdlybuf4s25_1)
                                                         mprj/net357 (net)
                      0.374071    0.001275   19.207310 v mprj/fanout353/A (sky130_fd_sc_hd__clkdlybuf4s25_1)
     4    0.043406    0.582183    0.974968   20.182278 v mprj/fanout353/X (sky130_fd_sc_hd__clkdlybuf4s25_1)
                                                         mprj/net353 (net)
                      0.582189    0.002755   20.185034 v mprj/fanout352/A (sky130_fd_sc_hd__clkdlybuf4s25_1)
     4    0.024804    0.345115    0.869784   21.054817 v mprj/fanout352/X (sky130_fd_sc_hd__clkdlybuf4s25_1)
                                                         mprj/net352 (net)
                      0.345129    0.002526   21.057343 v mprj/_1751_/A (sky130_fd_sc_hd__nor2_2)
     2    0.024580    0.459113    0.535897   21.593241 ^ mprj/_1751_/Y (sky130_fd_sc_hd__nor2_2)
                                                         mprj/_0905_ (net)
                      0.459119    0.001402   21.594641 ^ mprj/fanout144/A (sky130_fd_sc_hd__clkdlybuf4s25_1)
     8    0.047451    0.761029    1.106253   22.700893 ^ mprj/fanout144/X (sky130_fd_sc_hd__clkdlybuf4s25_1)
                                                         mprj/net144 (net)
                      0.761029    0.001171   22.702065 ^ mprj/fanout143/A (sky130_fd_sc_hd__clkdlybuf4s25_1)
     7    0.036911    0.595716    1.081712   23.783777 ^ mprj/fanout143/X (sky130_fd_sc_hd__clkdlybuf4s25_1)
                                                         mprj/net143 (net)
                      0.595716    0.001638   23.785416 ^ mprj/fanout141/A (sky130_fd_sc_hd__clkdlybuf4s25_1)
     8    0.032807    0.531297    0.995348   24.780764 ^ mprj/fanout141/X (sky130_fd_sc_hd__clkdlybuf4s25_1)
                                                         mprj/net141 (net)
                      0.531298    0.001972   24.782734 ^ mprj/_1925_/A (sky130_fd_sc_hd__nand2_2)
     2    0.005616    0.140202    0.231582   25.014317 v mprj/_1925_/Y (sky130_fd_sc_hd__nand2_2)
                                                         mprj/_0935_ (net)
                      0.140203    0.000320   25.014637 v mprj/_1926_/C (sky130_fd_sc_hd__or3_2)
     4    0.028500    0.296563    1.211983   26.226620 v mprj/_1926_/X (sky130_fd_sc_hd__or3_2)
                                                         mprj/_0936_ (net)
                      0.296570    0.001961   26.228580 v mprj/_2077_/A (sky130_fd_sc_hd__nor2_2)
     2    0.010523    0.229434    0.344594   26.573175 ^ mprj/_2077_/Y (sky130_fd_sc_hd__nor2_2)
                                                         mprj/_0961_ (net)
                      0.229434    0.000524   26.573698 ^ mprj/fanout87/A (sky130_fd_sc_hd__buf_1)
     8    0.057886    1.067871    0.922718   27.496416 ^ mprj/fanout87/X (sky130_fd_sc_hd__buf_1)
                                                         mprj/net87 (net)
                      1.067888    0.003698   27.500114 ^ mprj/_2083_/S (sky130_fd_sc_hd__mux2_1)
     1    0.002147    0.103847    0.924707   28.424822 v mprj/_2083_/X (sky130_fd_sc_hd__mux2_1)
                                                         mprj/_0320_ (net)
                      0.103847    0.000085   28.424908 v mprj/hold458/A (sky130_fd_sc_hd__dlygate4sd3_1)
     1    0.001984    0.098724    1.125480   29.550388 v mprj/hold458/X (sky130_fd_sc_hd__dlygate4sd3_1)
                                                         mprj/net458 (net)
                      0.098724    0.000140   29.550528 v mprj/_3053_/D (sky130_fd_sc_hd__dfxtp_2)
                                             29.550528   data arrival time

                                 25.000000   25.000000   clock clk (rise edge)
                                  4.650000   29.650000   clock source latency
     2    0.097351    0.610000    0.000000   29.650000 ^ wb_clk_i (in)
                                                         wb_clk_i (net)
                      0.632893    0.011447   29.661446 ^ mprj/clkbuf_0_wb_clk_i/A (sky130_fd_sc_hd__clkbuf_16)
     2    0.016576    0.071658    0.452717   30.114162 ^ mprj/clkbuf_0_wb_clk_i/X (sky130_fd_sc_hd__clkbuf_16)
                                                         mprj/clknet_0_wb_clk_i (net)
                      0.071660    0.001457   30.115620 ^ mprj/clkbuf_1_0_0_wb_clk_i/A (sky130_fd_sc_hd__clkbuf_8)
     2    0.023014    0.091051    0.241577   30.357197 ^ mprj/clkbuf_1_0_0_wb_clk_i/X (sky130_fd_sc_hd__clkbuf_8)
                                                         mprj/clknet_1_0_0_wb_clk_i (net)
                      0.091392    0.003954   30.361151 ^ mprj/clkbuf_2_0_0_wb_clk_i/A (sky130_fd_sc_hd__clkbuf_8)
     2    0.019604    0.082515    0.243507   30.604658 ^ mprj/clkbuf_2_0_0_wb_clk_i/X (sky130_fd_sc_hd__clkbuf_8)
                                                         mprj/clknet_2_0_0_wb_clk_i (net)
                      0.082598    0.002284   30.606941 ^ mprj/clkbuf_3_1_0_wb_clk_i/A (sky130_fd_sc_hd__clkbuf_8)
     2    0.015096    0.072197    0.229797   30.836739 ^ mprj/clkbuf_3_1_0_wb_clk_i/X (sky130_fd_sc_hd__clkbuf_8)
                                                         mprj/clknet_3_1_0_wb_clk_i (net)
                      0.072242    0.000941   30.837681 ^ mprj/clkbuf_4_3_0_wb_clk_i/A (sky130_fd_sc_hd__clkbuf_8)
     2    0.009478    0.060313    0.212466   31.050146 ^ mprj/clkbuf_4_3_0_wb_clk_i/X (sky130_fd_sc_hd__clkbuf_8)
                                                         mprj/clknet_4_3_0_wb_clk_i (net)
                      0.060313    0.000639   31.050785 ^ mprj/clkbuf_5_6_0_wb_clk_i/A (sky130_fd_sc_hd__clkbuf_8)
     8    0.050394    0.154635    0.291937   31.342724 ^ mprj/clkbuf_5_6_0_wb_clk_i/X (sky130_fd_sc_hd__clkbuf_8)
                                                         mprj/clknet_5_6_0_wb_clk_i (net)
                      0.154655    0.001840   31.344563 ^ mprj/clkbuf_leaf_25_wb_clk_i/A (sky130_fd_sc_hd__clkbuf_8)
     3    0.008594    0.058463    0.248534   31.593098 ^ mprj/clkbuf_leaf_25_wb_clk_i/X (sky130_fd_sc_hd__clkbuf_8)
                                                         mprj/clknet_leaf_25_wb_clk_i (net)
                      0.058463    0.000476   31.593573 ^ mprj/_3053_/CLK (sky130_fd_sc_hd__dfxtp_2)
                                 -0.250000   31.343573   clock uncertainty
                                  0.000000   31.343573   clock reconvergence pessimism
                                 -0.289452   31.054119   library setup time
                                             31.054119   data required time
---------------------------------------------------------------------------------------------
                                             31.054119   data required time
                                            -29.550528   data arrival time
---------------------------------------------------------------------------------------------
                                              1.503590   slack (MET)


Startpoint: wb_rst_i (input port clocked by clk)
Endpoint: mprj/_3014_ (rising edge-triggered flip-flop clocked by clk)
Path Group: clk
Path Type: max

Fanout         Cap        Slew       Delay        Time   Description
---------------------------------------------------------------------------------------------
                                  0.000000    0.000000   clock clk (rise edge)
                                  5.570000    5.570000   clock network delay (propagated)
                                 12.500000   18.070000 v input external delay
     2    0.047013    0.000000    0.000000   18.070000 v wb_rst_i (in)
                                                         wb_rst_i (net)
                      0.007728    0.003864   18.073862 v mprj/input1/A (sky130_fd_sc_hd__clkdlybuf4s25_1)
     1    0.003006    0.076632    0.429896   18.503759 v mprj/input1/X (sky130_fd_sc_hd__clkdlybuf4s25_1)
                                                         mprj/net1 (net)
                      0.076632    0.000201   18.503960 v mprj/fanout357/A (sky130_fd_sc_hd__clkdlybuf4s25_1)
     3    0.027154    0.374071    0.702075   19.206034 v mprj/fanout357/X (sky130_fd_sc_hd__clkdlybuf4s25_1)
                                                         mprj/net357 (net)
                      0.374071    0.001275   19.207310 v mprj/fanout353/A (sky130_fd_sc_hd__clkdlybuf4s25_1)
     4    0.043406    0.582183    0.974968   20.182278 v mprj/fanout353/X (sky130_fd_sc_hd__clkdlybuf4s25_1)
                                                         mprj/net353 (net)
                      0.582189    0.002755   20.185034 v mprj/fanout352/A (sky130_fd_sc_hd__clkdlybuf4s25_1)
     4    0.024804    0.345115    0.869784   21.054817 v mprj/fanout352/X (sky130_fd_sc_hd__clkdlybuf4s25_1)
                                                         mprj/net352 (net)
                      0.345129    0.002526   21.057343 v mprj/_1751_/A (sky130_fd_sc_hd__nor2_2)
     2    0.024580    0.459113    0.535897   21.593241 ^ mprj/_1751_/Y (sky130_fd_sc_hd__nor2_2)
                                                         mprj/_0905_ (net)
                      0.459119    0.001402   21.594641 ^ mprj/fanout144/A (sky130_fd_sc_hd__clkdlybuf4s25_1)
     8    0.047451    0.761029    1.106253   22.700893 ^ mprj/fanout144/X (sky130_fd_sc_hd__clkdlybuf4s25_1)
                                                         mprj/net144 (net)
                      0.761029    0.001171   22.702065 ^ mprj/fanout143/A (sky130_fd_sc_hd__clkdlybuf4s25_1)
     7    0.036911    0.595716    1.081712   23.783777 ^ mprj/fanout143/X (sky130_fd_sc_hd__clkdlybuf4s25_1)
                                                         mprj/net143 (net)
                      0.595716    0.001638   23.785416 ^ mprj/fanout141/A (sky130_fd_sc_hd__clkdlybuf4s25_1)
     8    0.032807    0.531297    0.995348   24.780764 ^ mprj/fanout141/X (sky130_fd_sc_hd__clkdlybuf4s25_1)
                                                         mprj/net141 (net)
                      0.531298    0.001972   24.782734 ^ mprj/_1925_/A (sky130_fd_sc_hd__nand2_2)
     2    0.005616    0.140202    0.231582   25.014317 v mprj/_1925_/Y (sky130_fd_sc_hd__nand2_2)
                                                         mprj/_0935_ (net)
                      0.140203    0.000320   25.014637 v mprj/_1926_/C (sky130_fd_sc_hd__or3_2)
     4    0.028500    0.296563    1.211983   26.226620 v mprj/_1926_/X (sky130_fd_sc_hd__or3_2)
                                                         mprj/_0936_ (net)
                      0.296564    0.001364   26.227983 v mprj/_2037_/A (sky130_fd_sc_hd__nor2_2)
     2    0.011521    0.245038    0.357364   26.585348 ^ mprj/_2037_/Y (sky130_fd_sc_hd__nor2_2)
                                                         mprj/_0957_ (net)
                      0.245038    0.000696   26.586044 ^ mprj/fanout89/A (sky130_fd_sc_hd__buf_1)
     8    0.054733    1.010998    0.886764   27.472809 ^ mprj/fanout89/X (sky130_fd_sc_hd__buf_1)
                                                         mprj/net89 (net)
                      1.011094    0.008349   27.481157 ^ mprj/_2040_/S (sky130_fd_sc_hd__mux2_1)
     1    0.001721    0.100459    0.907850   28.389008 v mprj/_2040_/X (sky130_fd_sc_hd__mux2_1)
                                                         mprj/_0281_ (net)
                      0.100459    0.000123   28.389130 v mprj/hold447/A (sky130_fd_sc_hd__dlygate4sd3_1)
     1    0.002798    0.105547    1.137599   29.526728 v mprj/hold447/X (sky130_fd_sc_hd__dlygate4sd3_1)
                                                         mprj/net447 (net)
                      0.105547    0.000176   29.526905 v mprj/_3014_/D (sky130_fd_sc_hd__dfxtp_2)
                                             29.526905   data arrival time

                                 25.000000   25.000000   clock clk (rise edge)
                                  4.650000   29.650000   clock source latency
     2    0.097351    0.610000    0.000000   29.650000 ^ wb_clk_i (in)
                                                         wb_clk_i (net)
                      0.632893    0.011447   29.661446 ^ mprj/clkbuf_0_wb_clk_i/A (sky130_fd_sc_hd__clkbuf_16)
     2    0.016576    0.071658    0.452717   30.114162 ^ mprj/clkbuf_0_wb_clk_i/X (sky130_fd_sc_hd__clkbuf_16)
                                                         mprj/clknet_0_wb_clk_i (net)
                      0.071660    0.001457   30.115620 ^ mprj/clkbuf_1_0_0_wb_clk_i/A (sky130_fd_sc_hd__clkbuf_8)
     2    0.023014    0.091051    0.241577   30.357197 ^ mprj/clkbuf_1_0_0_wb_clk_i/X (sky130_fd_sc_hd__clkbuf_8)
                                                         mprj/clknet_1_0_0_wb_clk_i (net)
                      0.091392    0.003954   30.361151 ^ mprj/clkbuf_2_0_0_wb_clk_i/A (sky130_fd_sc_hd__clkbuf_8)
     2    0.019604    0.082515    0.243507   30.604658 ^ mprj/clkbuf_2_0_0_wb_clk_i/X (sky130_fd_sc_hd__clkbuf_8)
                                                         mprj/clknet_2_0_0_wb_clk_i (net)
                      0.082592    0.002213   30.606871 ^ mprj/clkbuf_3_0_0_wb_clk_i/A (sky130_fd_sc_hd__clkbuf_8)
     2    0.015267    0.072602    0.230180   30.837051 ^ mprj/clkbuf_3_0_0_wb_clk_i/X (sky130_fd_sc_hd__clkbuf_8)
                                                         mprj/clknet_3_0_0_wb_clk_i (net)
                      0.072621    0.001005   30.838057 ^ mprj/clkbuf_4_0_0_wb_clk_i/A (sky130_fd_sc_hd__clkbuf_8)
     2    0.010196    0.061828    0.214367   31.052423 ^ mprj/clkbuf_4_0_0_wb_clk_i/X (sky130_fd_sc_hd__clkbuf_8)
                                                         mprj/clknet_4_0_0_wb_clk_i (net)
                      0.061828    0.000391   31.052814 ^ mprj/clkbuf_5_0_0_wb_clk_i/A (sky130_fd_sc_hd__clkbuf_8)
     7    0.045452    0.143134    0.281904   31.334719 ^ mprj/clkbuf_5_0_0_wb_clk_i/X (sky130_fd_sc_hd__clkbuf_8)
                                                         mprj/clknet_5_0_0_wb_clk_i (net)
                      0.143464    0.004725   31.339443 ^ mprj/clkbuf_leaf_2_wb_clk_i/A (sky130_fd_sc_hd__clkbuf_8)
     4    0.010020    0.061487    0.246555   31.585999 ^ mprj/clkbuf_leaf_2_wb_clk_i/X (sky130_fd_sc_hd__clkbuf_8)
                                                         mprj/clknet_leaf_2_wb_clk_i (net)
                      0.061487    0.000483   31.586481 ^ mprj/_3014_/CLK (sky130_fd_sc_hd__dfxtp_2)
                                 -0.250000   31.336481   clock uncertainty
                                  0.000000   31.336481   clock reconvergence pessimism
                                 -0.291469   31.045013   library setup time
                                             31.045013   data required time
---------------------------------------------------------------------------------------------
                                             31.045013   data required time
                                            -29.526905   data arrival time
---------------------------------------------------------------------------------------------
                                              1.518108   slack (MET)


Startpoint: wb_rst_i (input port clocked by clk)
Endpoint: mprj/_2951_ (rising edge-triggered flip-flop clocked by clk)
Path Group: clk
Path Type: max

Fanout         Cap        Slew       Delay        Time   Description
---------------------------------------------------------------------------------------------
                                  0.000000    0.000000   clock clk (rise edge)
                                  5.570000    5.570000   clock network delay (propagated)
                                 12.500000   18.070000 v input external delay
     2    0.047013    0.000000    0.000000   18.070000 v wb_rst_i (in)
                                                         wb_rst_i (net)
