159. Printing statistics.

=== kv_attn_n8 ===

        +----------Local Count, excluding submodules.
        |        +-Local Area, excluding submodules.
        |        | 
      772        - wires
      786        - wire bits
      205        - public wires
      219        - public wire bits
       10        - ports
       24        - port bits
      773    1E+04 cells
        1   12.512   sky130_fd_sc_hd__a2111o_2
       10  100.096   sky130_fd_sc_hd__a211o_2
        1    10.01   sky130_fd_sc_hd__a21bo_2
        1   11.261   sky130_fd_sc_hd__a21boi_2
       11   96.342   sky130_fd_sc_hd__a21o_2
       13  113.859   sky130_fd_sc_hd__a21oi_2
       18  202.694   sky130_fd_sc_hd__a221o_2
       19  190.182   sky130_fd_sc_hd__a22o_2
        1   11.261   sky130_fd_sc_hd__a311o_2
       41  359.094   sky130_fd_sc_hd__a31o_2
        1   12.512   sky130_fd_sc_hd__a31oi_2
        5   56.304   sky130_fd_sc_hd__a32o_2
        3   33.782   sky130_fd_sc_hd__a41o_2
       14  105.101   sky130_fd_sc_hd__and2_2
        4   35.034   sky130_fd_sc_hd__and2b_2
       16  120.115   sky130_fd_sc_hd__and3_2
        2   20.019   sky130_fd_sc_hd__and3b_2
        2   20.019   sky130_fd_sc_hd__and4_2
        4   50.048   sky130_fd_sc_hd__and4bb_2
        8   40.038   sky130_fd_sc_hd__buf_2
      200  4254.08   sky130_fd_sc_hd__dfxtp_2
       20   75.072   sky130_fd_sc_hd__inv_2
      183 2.06E+03   sky130_fd_sc_hd__mux2_1
       26  585.562   sky130_fd_sc_hd__mux4_2
       16  100.096   sky130_fd_sc_hd__nand2_2
        6    52.55   sky130_fd_sc_hd__nand2b_2
        2   20.019   sky130_fd_sc_hd__nand3_2
        1   11.261   sky130_fd_sc_hd__nand3b_2
        1   12.512   sky130_fd_sc_hd__nand4_2
       20   125.12   sky130_fd_sc_hd__nor2_2
        2   20.019   sky130_fd_sc_hd__nor3_2
        2   25.024   sky130_fd_sc_hd__nor4_2
        9   90.086   sky130_fd_sc_hd__o211a_2
       43  376.611   sky130_fd_sc_hd__o21a_2
        8   70.067   sky130_fd_sc_hd__o21ai_2
        5   50.048   sky130_fd_sc_hd__o21ba_2
        2   22.522   sky130_fd_sc_hd__o221a_2
        3   30.029   sky130_fd_sc_hd__o22a_2
        1   11.261   sky130_fd_sc_hd__o2bb2a_2
        1   11.261   sky130_fd_sc_hd__o311a_2
        3   30.029   sky130_fd_sc_hd__o31a_2
       17  106.352   sky130_fd_sc_hd__or2_2
        6   45.043   sky130_fd_sc_hd__or3_2
        5   43.792   sky130_fd_sc_hd__or3b_2
        4   35.034   sky130_fd_sc_hd__or4_2
        4   40.038   sky130_fd_sc_hd__or4b_2
        4   65.062   sky130_fd_sc_hd__xnor2_2
        4   65.062   sky130_fd_sc_hd__xor2_2

   Chip area for module '\kv_attn_n8': 10034.624000
     of which used for sequential elements: 4254.080000 (42.39%)

