                                                                        Cells by Master                                                                         
┏━━━━━━━━━━━━━━━━━━━━━━━━━━━━━━━━━━━━━━━━━━━━━━━━━━━━━━━━━━━━━━━━━━━━━━━━━━━━━━━━━━━━━━━━━━━━━━━━━━━━━━━━━━━━━━━━━━━━━━━━━━━━━━━━━━━┳━━━━━━━━━━━━━━━━━━━━━━━━━━┓
┃ Cell                                                                                                                              ┃ Count                    ┃
┡━━━━━━━━━━━━━━━━━━━━━━━━━━━━━━━━━━━━━━━━━━━━━━━━━━━━━━━━━━━━━━━━━━━━━━━━━━━━━━━━━━━━━━━━━━━━━━━━━━━━━━━━━━━━━━━━━━━━━━━━━━━━━━━━━━━╇━━━━━━━━━━━━━━━━━━━━━━━━━━┩
│ sky130_fd_sc_hd__a211o_2                                                                                                          │ 5                        │
│ sky130_fd_sc_hd__a211oi_2                                                                                                         │ 2                        │
│ sky130_fd_sc_hd__a21bo_2                                                                                                          │ 1                        │
│ sky130_fd_sc_hd__a21boi_2                                                                                                         │ 2                        │
│ sky130_fd_sc_hd__a21o_2                                                                                                           │ 13                       │
│ sky130_fd_sc_hd__a21oi_2                                                                                                          │ 14                       │
│ sky130_fd_sc_hd__a221o_2                                                                                                          │ 4                        │
│ sky130_fd_sc_hd__a22o_2                                                                                                           │ 3                        │
│ sky130_fd_sc_hd__a22oi_2                                                                                                          │ 2                        │
│ sky130_fd_sc_hd__a31o_2                                                                                                           │ 6                        │
│ sky130_fd_sc_hd__a31oi_2                                                                                                          │ 1                        │
│ sky130_fd_sc_hd__a41o_2                                                                                                           │ 1                        │
│ sky130_fd_sc_hd__and2_2                                                                                                           │ 22                       │
│ sky130_fd_sc_hd__and2b_2                                                                                                          │ 2                        │
│ sky130_fd_sc_hd__and3_2                                                                                                           │ 6                        │
│ sky130_fd_sc_hd__and4_2                                                                                                           │ 4                        │
│ sky130_fd_sc_hd__buf_1                                                                                                            │ 17                       │
│ sky130_fd_sc_hd__buf_2                                                                                                            │ 3                        │
│ sky130_fd_sc_hd__clkbuf_16                                                                                                        │ 9                        │
│ sky130_fd_sc_hd__clkbuf_2                                                                                                         │ 3                        │
│ sky130_fd_sc_hd__clkbuf_4                                                                                                         │ 13                       │
│ sky130_fd_sc_hd__clkdlybuf4s25_1                                                                                                  │ 15                       │
│ sky130_fd_sc_hd__decap_3                                                                                                          │ 127                      │
│ sky130_fd_sc_hd__dfxtp_2                                                                                                          │ 30                       │
│ sky130_fd_sc_hd__diode_2                                                                                                          │ 13                       │
│ sky130_fd_sc_hd__dlygate4sd3_1                                                                                                    │ 17                       │
│ sky130_fd_sc_hd__fill_1                                                                                                           │ 54                       │
│ sky130_fd_sc_hd__fill_2                                                                                                           │ 43                       │
│ sky130_fd_sc_hd__inv_2                                                                                                            │ 9                        │
│ sky130_fd_sc_hd__mux2_1                                                                                                           │ 3                        │
│ sky130_fd_sc_hd__nand2_2                                                                                                          │ 14                       │
│ sky130_fd_sc_hd__nand2b_2                                                                                                         │ 5                        │
│ sky130_fd_sc_hd__nand3_2                                                                                                          │ 3                        │
│ sky130_fd_sc_hd__nand4_2                                                                                                          │ 1                        │
│ sky130_fd_sc_hd__nand4b_2                                                                                                         │ 1                        │
│ sky130_fd_sc_hd__nor2_2                                                                                                           │ 15                       │
│ sky130_fd_sc_hd__nor3_2                                                                                                           │ 1                        │
│ sky130_fd_sc_hd__nor4_2                                                                                                           │ 1                        │
│ sky130_fd_sc_hd__o211a_2                                                                                                          │ 2                        │
│ sky130_fd_sc_hd__o211ai_2                                                                                                         │ 1                        │
│ sky130_fd_sc_hd__o21a_2                                                                                                           │ 5                        │
│ sky130_fd_sc_hd__o21ai_2                                                                                                          │ 11                       │
│ sky130_fd_sc_hd__o21ba_2                                                                                                          │ 1                        │
│ sky130_fd_sc_hd__o22a_2                                                                                                           │ 1                        │
│ sky130_fd_sc_hd__o2bb2a_2                                                                                                         │ 2                        │
│ sky130_fd_sc_hd__o31a_2                                                                                                           │ 2                        │
│ sky130_fd_sc_hd__or2_2                                                                                                            │ 10                       │
│ sky130_fd_sc_hd__or3_2                                                                                                            │ 5                        │
│ sky130_fd_sc_hd__or4_2                                                                                                            │ 1                        │
│ sky130_fd_sc_hd__or4b_2                                                                                                           │ 1                        │
│ sky130_fd_sc_hd__or4bb_2                                                                                                          │ 2                        │
│ sky130_fd_sc_hd__tapvpwrvgnd_1                                                                                                    │ 57                       │
│ sky130_fd_sc_hd__xnor2_2                                                                                                          │ 8                        │
│ sky130_fd_sc_hd__xor2_2                                                                                                           │ 7                        │
└───────────────────────────────────────────────────────────────────────────────────────────────────────────────────────────────────┴──────────────────────────┘
