145. Printing statistics.

=== prec_int4 ===

        +----------Local Count, excluding submodules.
        |        +-Local Area, excluding submodules.
        |        | 
      229        - wires
      243        - wire bits
       38        - public wires
       52        - public wire bits
       10        - ports
       24        - port bits
      230 2.42E+03 cells
        5   50.048   sky130_fd_sc_hd__a211o_2
        2   25.024   sky130_fd_sc_hd__a211oi_2
        1    10.01   sky130_fd_sc_hd__a21bo_2
        2   22.522   sky130_fd_sc_hd__a21boi_2
       13  113.859   sky130_fd_sc_hd__a21o_2
       14  122.618   sky130_fd_sc_hd__a21oi_2
        4   45.043   sky130_fd_sc_hd__a221o_2
        3   30.029   sky130_fd_sc_hd__a22o_2
        2   25.024   sky130_fd_sc_hd__a22oi_2
        6    52.55   sky130_fd_sc_hd__a31o_2
        1   12.512   sky130_fd_sc_hd__a31oi_2
        1   11.261   sky130_fd_sc_hd__a41o_2
       22  165.158   sky130_fd_sc_hd__and2_2
        2   17.517   sky130_fd_sc_hd__and2b_2
        6   45.043   sky130_fd_sc_hd__and3_2
        4   40.038   sky130_fd_sc_hd__and4_2
       30  638.112   sky130_fd_sc_hd__dfxtp_2
        9   33.782   sky130_fd_sc_hd__inv_2
        3   33.782   sky130_fd_sc_hd__mux2_1
       14   87.584   sky130_fd_sc_hd__nand2_2
        5   43.792   sky130_fd_sc_hd__nand2b_2
        3   30.029   sky130_fd_sc_hd__nand3_2
        1   12.512   sky130_fd_sc_hd__nand4_2
        1   15.014   sky130_fd_sc_hd__nand4b_2
       15    93.84   sky130_fd_sc_hd__nor2_2
        1    10.01   sky130_fd_sc_hd__nor3_2
        1   12.512   sky130_fd_sc_hd__nor4_2
        2   20.019   sky130_fd_sc_hd__o211a_2
        1   12.512   sky130_fd_sc_hd__o211ai_2
        5   43.792   sky130_fd_sc_hd__o21a_2
       11   96.342   sky130_fd_sc_hd__o21ai_2
        1    10.01   sky130_fd_sc_hd__o21ba_2
        1    10.01   sky130_fd_sc_hd__o22a_2
        2   22.522   sky130_fd_sc_hd__o2bb2a_2
        2   20.019   sky130_fd_sc_hd__o31a_2
       10    62.56   sky130_fd_sc_hd__or2_2
        5   37.536   sky130_fd_sc_hd__or3_2
        1    8.758   sky130_fd_sc_hd__or4_2
        1    10.01   sky130_fd_sc_hd__or4b_2
        2   25.024   sky130_fd_sc_hd__or4bb_2
        8  130.125   sky130_fd_sc_hd__xnor2_2
        7  113.859   sky130_fd_sc_hd__xor2_2

   Chip area for module '\prec_int4': 2422.323200
     of which used for sequential elements: 638.112000 (26.34%)

