
===========================================================================
report_checks -path_delay max (Setup)
============================================================================
======================= max_ss_100C_1v60 Corner ===================================

Startpoint: _402_ (rising edge-triggered flip-flop clocked by clk)
Endpoint: _415_ (rising edge-triggered flip-flop clocked by clk)
Path Group: clk
Path Type: max

Fanout         Cap        Slew       Delay        Time   Description
---------------------------------------------------------------------------------------------
                                  0.000000    0.000000   clock clk (rise edge)
                                  0.000000    0.000000   clock source latency
     2    0.017383    0.131979    0.089776    0.089776 ^ clk (in)
                                                         clk (net)
                      0.132008    0.000000    0.089776 ^ clkbuf_0_clk/A (sky130_fd_sc_hd__clkbuf_16)
     8    0.083089    0.152953    0.323637    0.413413 ^ clkbuf_0_clk/X (sky130_fd_sc_hd__clkbuf_16)
                                                         clknet_0_clk (net)
                      0.153091    0.004154    0.417568 ^ clkbuf_3_4__f_clk/A (sky130_fd_sc_hd__clkbuf_16)
     4    0.009702    0.054527    0.245080    0.662648 ^ clkbuf_3_4__f_clk/X (sky130_fd_sc_hd__clkbuf_16)
                                                         clknet_3_4__leaf_clk (net)
                      0.054528    0.000277    0.662925 ^ _402_/CLK (sky130_fd_sc_hd__dfxtp_2)
     5    0.014146    0.085556    0.637743    1.300668 v _402_/Q (sky130_fd_sc_hd__dfxtp_2)
                                                         rom.addr[1] (net)
                      0.085556    0.000752    1.301420 v _253_/A (sky130_fd_sc_hd__or4b_2)
     3    0.016139    0.315671    1.743812    3.045231 v _253_/X (sky130_fd_sc_hd__or4b_2)
                                                         _052_ (net)
                      0.315671    0.001289    3.046520 v _255_/B1 (sky130_fd_sc_hd__o21ai_2)
     4    0.019489    0.409218    0.291325    3.337845 ^ _255_/Y (sky130_fd_sc_hd__o21ai_2)
                                                         _054_ (net)
                      0.409236    0.002200    3.340045 ^ max_cap31/A (sky130_fd_sc_hd__clkbuf_2)
     5    0.024376    0.216523    0.437272    3.777317 ^ max_cap31/X (sky130_fd_sc_hd__clkbuf_2)
                                                         net31 (net)
                      0.216546    0.002313    3.779630 ^ _288_/C1 (sky130_fd_sc_hd__o211ai_2)
     4    0.019283    0.308878    0.350596    4.130227 v _288_/Y (sky130_fd_sc_hd__o211ai_2)
                                                         _085_ (net)
                      0.308878    0.001211    4.131437 v _292_/A1 (sky130_fd_sc_hd__a21o_2)
     3    0.009964    0.089416    0.484208    4.615645 v _292_/X (sky130_fd_sc_hd__a21o_2)
                                                         _089_ (net)
                      0.089420    0.000686    4.616332 v _295_/B2 (sky130_fd_sc_hd__a22o_2)
     2    0.007573    0.089136    0.446558    5.062890 v _295_/X (sky130_fd_sc_hd__a22o_2)
                                                         _092_ (net)
                      0.089136    0.000395    5.063284 v _297_/A2 (sky130_fd_sc_hd__a21o_2)
     3    0.012752    0.102353    0.438405    5.501690 v _297_/X (sky130_fd_sc_hd__a21o_2)
                                                         _094_ (net)
                      0.102356    0.000706    5.502396 v _298_/C (sky130_fd_sc_hd__and3_2)
     3    0.012397    0.115071    0.505997    6.008393 v _298_/X (sky130_fd_sc_hd__and3_2)
                                                         _095_ (net)
                      0.115073    0.000631    6.009024 v _301_/B (sky130_fd_sc_hd__or3_2)
     2    0.007286    0.193535    1.115402    7.124426 v _301_/X (sky130_fd_sc_hd__or3_2)
                                                         _098_ (net)
                      0.193535    0.000345    7.124771 v _303_/B (sky130_fd_sc_hd__and3_2)
     2    0.005355    0.085871    0.480747    7.605517 v _303_/X (sky130_fd_sc_hd__and3_2)
                                                         _100_ (net)
                      0.085871    0.000315    7.605833 v _323_/B1 (sky130_fd_sc_hd__a21o_2)
     4    0.024126    0.144936    0.446770    8.052603 v _323_/X (sky130_fd_sc_hd__a21o_2)
                                                         _119_ (net)
                      0.144950    0.001516    8.054118 v _350_/A2 (sky130_fd_sc_hd__a211o_2)
     2    0.010622    0.121166    0.698242    8.752361 v _350_/X (sky130_fd_sc_hd__a211o_2)
                                                         _144_ (net)
                      0.121167    0.000612    8.752973 v _359_/A3 (sky130_fd_sc_hd__a31o_2)
     2    0.013067    0.110150    0.521223    9.274196 v _359_/X (sky130_fd_sc_hd__a31o_2)
                                                         _152_ (net)
                      0.110150    0.000482    9.274678 v _363_/A2 (sky130_fd_sc_hd__a21o_2)
     3    0.017742    0.122896    0.472946    9.747624 v _363_/X (sky130_fd_sc_hd__a21o_2)
                                                         _155_ (net)
                      0.122901    0.000912    9.748536 v _372_/A1 (sky130_fd_sc_hd__a21oi_2)
     4    0.020626    0.431554    0.446183   10.194719 ^ _372_/Y (sky130_fd_sc_hd__a21oi_2)
                                                         _163_ (net)
                      0.431560    0.001283   10.196003 ^ _374_/A (sky130_fd_sc_hd__nor2_2)
     1    0.004801    0.093747    0.189933   10.385936 v _374_/Y (sky130_fd_sc_hd__nor2_2)
                                                         _165_ (net)
                      0.093747    0.000279   10.386215 v _384_/A2 (sky130_fd_sc_hd__o31a_2)
     1    0.003614    0.090613    0.627689   11.013904 v _384_/X (sky130_fd_sc_hd__o31a_2)
                                                         _174_ (net)
                      0.090613    0.000150   11.014054 v _385_/B2 (sky130_fd_sc_hd__a221o_2)
     1    0.002483    0.085669    0.662483   11.676537 v _385_/X (sky130_fd_sc_hd__a221o_2)
                                                         _028_ (net)
                      0.085669    0.000175   11.676711 v _415_/D (sky130_fd_sc_hd__dfxtp_2)
                                             11.676711   data arrival time

                                 25.000000   25.000000   clock clk (rise edge)
                                  0.000000   25.000000   clock source latency
     2    0.017383    0.131979    0.089777   25.089777 ^ clk (in)
                                                         clk (net)
                      0.132008    0.000000   25.089777 ^ clkbuf_0_clk/A (sky130_fd_sc_hd__clkbuf_16)
     8    0.083089    0.152953    0.323636   25.413412 ^ clkbuf_0_clk/X (sky130_fd_sc_hd__clkbuf_16)
                                                         clknet_0_clk (net)
                      0.153080    0.004007   25.417419 ^ clkbuf_3_3__f_clk/A (sky130_fd_sc_hd__clkbuf_16)
     4    0.013056    0.058772    0.249740   25.667160 ^ clkbuf_3_3__f_clk/X (sky130_fd_sc_hd__clkbuf_16)
                                                         clknet_3_3__leaf_clk (net)
                      0.058772    0.000684   25.667843 ^ _415_/CLK (sky130_fd_sc_hd__dfxtp_2)
                                 -0.250000   25.417845   clock uncertainty
                                  0.000000   25.417845   clock reconvergence pessimism
                                 -0.283941   25.133905   library setup time
                                             25.133905   data required time
---------------------------------------------------------------------------------------------
                                             25.133905   data required time
                                            -11.676711   data arrival time
---------------------------------------------------------------------------------------------
                                             13.457193   slack (MET)


Startpoint: _402_ (rising edge-triggered flip-flop clocked by clk)
Endpoint: _414_ (rising edge-triggered flip-flop clocked by clk)
Path Group: clk
Path Type: max

Fanout         Cap        Slew       Delay        Time   Description
---------------------------------------------------------------------------------------------
                                  0.000000    0.000000   clock clk (rise edge)
                                  0.000000    0.000000   clock source latency
     2    0.017383    0.131979    0.089776    0.089776 ^ clk (in)
                                                         clk (net)
                      0.132008    0.000000    0.089776 ^ clkbuf_0_clk/A (sky130_fd_sc_hd__clkbuf_16)
     8    0.083089    0.152953    0.323637    0.413413 ^ clkbuf_0_clk/X (sky130_fd_sc_hd__clkbuf_16)
                                                         clknet_0_clk (net)
                      0.153091    0.004154    0.417568 ^ clkbuf_3_4__f_clk/A (sky130_fd_sc_hd__clkbuf_16)
     4    0.009702    0.054527    0.245080    0.662648 ^ clkbuf_3_4__f_clk/X (sky130_fd_sc_hd__clkbuf_16)
                                                         clknet_3_4__leaf_clk (net)
                      0.054528    0.000277    0.662925 ^ _402_/CLK (sky130_fd_sc_hd__dfxtp_2)
     5    0.014146    0.085556    0.637743    1.300668 v _402_/Q (sky130_fd_sc_hd__dfxtp_2)
                                                         rom.addr[1] (net)
                      0.085556    0.000752    1.301420 v _253_/A (sky130_fd_sc_hd__or4b_2)
     3    0.016139    0.315671    1.743812    3.045231 v _253_/X (sky130_fd_sc_hd__or4b_2)
                                                         _052_ (net)
                      0.315671    0.001289    3.046520 v _255_/B1 (sky130_fd_sc_hd__o21ai_2)
     4    0.019489    0.409218    0.291325    3.337845 ^ _255_/Y (sky130_fd_sc_hd__o21ai_2)
                                                         _054_ (net)
                      0.409236    0.002200    3.340045 ^ max_cap31/A (sky130_fd_sc_hd__clkbuf_2)
     5    0.024376    0.216523    0.437272    3.777317 ^ max_cap31/X (sky130_fd_sc_hd__clkbuf_2)
                                                         net31 (net)
                      0.216546    0.002313    3.779630 ^ _288_/C1 (sky130_fd_sc_hd__o211ai_2)
     4    0.019283    0.308878    0.350596    4.130227 v _288_/Y (sky130_fd_sc_hd__o211ai_2)
                                                         _085_ (net)
                      0.308878    0.001211    4.131437 v _292_/A1 (sky130_fd_sc_hd__a21o_2)
     3    0.009964    0.089416    0.484208    4.615645 v _292_/X (sky130_fd_sc_hd__a21o_2)
                                                         _089_ (net)
                      0.089420    0.000686    4.616332 v _295_/B2 (sky130_fd_sc_hd__a22o_2)
     2    0.007573    0.089136    0.446558    5.062890 v _295_/X (sky130_fd_sc_hd__a22o_2)
                                                         _092_ (net)
                      0.089136    0.000395    5.063284 v _297_/A2 (sky130_fd_sc_hd__a21o_2)
     3    0.012752    0.102353    0.438405    5.501690 v _297_/X (sky130_fd_sc_hd__a21o_2)
                                                         _094_ (net)
                      0.102356    0.000706    5.502396 v _298_/C (sky130_fd_sc_hd__and3_2)
     3    0.012397    0.115071    0.505997    6.008393 v _298_/X (sky130_fd_sc_hd__and3_2)
                                                         _095_ (net)
                      0.115073    0.000631    6.009024 v _301_/B (sky130_fd_sc_hd__or3_2)
     2    0.007286    0.193535    1.115402    7.124426 v _301_/X (sky130_fd_sc_hd__or3_2)
                                                         _098_ (net)
                      0.193535    0.000345    7.124771 v _303_/B (sky130_fd_sc_hd__and3_2)
     2    0.005355    0.085871    0.480747    7.605517 v _303_/X (sky130_fd_sc_hd__and3_2)
                                                         _100_ (net)
                      0.085871    0.000315    7.605833 v _323_/B1 (sky130_fd_sc_hd__a21o_2)
     4    0.024126    0.144936    0.446770    8.052603 v _323_/X (sky130_fd_sc_hd__a21o_2)
                                                         _119_ (net)
                      0.144950    0.001516    8.054118 v _350_/A2 (sky130_fd_sc_hd__a211o_2)
     2    0.010622    0.121166    0.698242    8.752361 v _350_/X (sky130_fd_sc_hd__a211o_2)
                                                         _144_ (net)
                      0.121167    0.000612    8.752973 v _359_/A3 (sky130_fd_sc_hd__a31o_2)
     2    0.013067    0.110150    0.521223    9.274196 v _359_/X (sky130_fd_sc_hd__a31o_2)
                                                         _152_ (net)
                      0.110150    0.000482    9.274678 v _363_/A2 (sky130_fd_sc_hd__a21o_2)
     3    0.017742    0.122896    0.472946    9.747624 v _363_/X (sky130_fd_sc_hd__a21o_2)
                                                         _155_ (net)
                      0.122901    0.000912    9.748536 v _372_/A1 (sky130_fd_sc_hd__a21oi_2)
     4    0.020626    0.431554    0.446183   10.194719 ^ _372_/Y (sky130_fd_sc_hd__a21oi_2)
                                                         _163_ (net)
                      0.431560    0.001277   10.195996 ^ _376_/A1 (sky130_fd_sc_hd__a21oi_2)
     1    0.003014    0.107490    0.209883   10.405879 v _376_/Y (sky130_fd_sc_hd__a21oi_2)
                                                         _167_ (net)
                      0.107490    0.000218   10.406096 v _377_/B1 (sky130_fd_sc_hd__o21a_2)
     1    0.003642    0.062642    0.228433   10.634530 v _377_/X (sky130_fd_sc_hd__o21a_2)
                                                         _168_ (net)
                      0.062642    0.000273   10.634803 v _378_/C1 (sky130_fd_sc_hd__a211o_2)
     1    0.002418    0.078523    0.495206   11.130009 v _378_/X (sky130_fd_sc_hd__a211o_2)
                                                         _027_ (net)
                      0.078523    0.000160   11.130168 v _414_/D (sky130_fd_sc_hd__dfxtp_2)
                                             11.130168   data arrival time

                                 25.000000   25.000000   clock clk (rise edge)
                                  0.000000   25.000000   clock source latency
     2    0.017383    0.131979    0.089777   25.089777 ^ clk (in)
                                                         clk (net)
                      0.132008    0.000000   25.089777 ^ clkbuf_0_clk/A (sky130_fd_sc_hd__clkbuf_16)
     8    0.083089    0.152953    0.323636   25.413412 ^ clkbuf_0_clk/X (sky130_fd_sc_hd__clkbuf_16)
                                                         clknet_0_clk (net)
                      0.153112    0.004414   25.417828 ^ clkbuf_3_2__f_clk/A (sky130_fd_sc_hd__clkbuf_16)
     4    0.012684    0.058305    0.249234   25.667061 ^ clkbuf_3_2__f_clk/X (sky130_fd_sc_hd__clkbuf_16)
                                                         clknet_3_2__leaf_clk (net)
                      0.058305    0.000595   25.667656 ^ _414_/CLK (sky130_fd_sc_hd__dfxtp_2)
                                 -0.250000   25.417656   clock uncertainty
                                  0.000000   25.417656   clock reconvergence pessimism
                                 -0.281096   25.136560   library setup time
                                             25.136560   data required time
---------------------------------------------------------------------------------------------
                                             25.136560   data required time
                                            -11.130168   data arrival time
---------------------------------------------------------------------------------------------
                                             14.006392   slack (MET)


Startpoint: _402_ (rising edge-triggered flip-flop clocked by clk)
Endpoint: _416_ (rising edge-triggered flip-flop clocked by clk)
Path Group: clk
Path Type: max

Fanout         Cap        Slew       Delay        Time   Description
---------------------------------------------------------------------------------------------
                                  0.000000    0.000000   clock clk (rise edge)
                                  0.000000    0.000000   clock source latency
     2    0.017383    0.131979    0.089776    0.089776 ^ clk (in)
                                                         clk (net)
                      0.132008    0.000000    0.089776 ^ clkbuf_0_clk/A (sky130_fd_sc_hd__clkbuf_16)
     8    0.083089    0.152953    0.323637    0.413413 ^ clkbuf_0_clk/X (sky130_fd_sc_hd__clkbuf_16)
                                                         clknet_0_clk (net)
                      0.153091    0.004154    0.417568 ^ clkbuf_3_4__f_clk/A (sky130_fd_sc_hd__clkbuf_16)
     4    0.009702    0.054527    0.245080    0.662648 ^ clkbuf_3_4__f_clk/X (sky130_fd_sc_hd__clkbuf_16)
                                                         clknet_3_4__leaf_clk (net)
                      0.054528    0.000277    0.662925 ^ _402_/CLK (sky130_fd_sc_hd__dfxtp_2)
     5    0.014146    0.085556    0.637743    1.300668 v _402_/Q (sky130_fd_sc_hd__dfxtp_2)
                                                         rom.addr[1] (net)
                      0.085556    0.000752    1.301420 v _253_/A (sky130_fd_sc_hd__or4b_2)
     3    0.016139    0.315671    1.743812    3.045231 v _253_/X (sky130_fd_sc_hd__or4b_2)
                                                         _052_ (net)
                      0.315671    0.001289    3.046520 v _255_/B1 (sky130_fd_sc_hd__o21ai_2)
     4    0.019489    0.409218    0.291325    3.337845 ^ _255_/Y (sky130_fd_sc_hd__o21ai_2)
                                                         _054_ (net)
                      0.409236    0.002200    3.340045 ^ max_cap31/A (sky130_fd_sc_hd__clkbuf_2)
     5    0.024376    0.216523    0.437272    3.777317 ^ max_cap31/X (sky130_fd_sc_hd__clkbuf_2)
                                                         net31 (net)
                      0.216546    0.002313    3.779630 ^ _288_/C1 (sky130_fd_sc_hd__o211ai_2)
     4    0.019283    0.308878    0.350596    4.130227 v _288_/Y (sky130_fd_sc_hd__o211ai_2)
                                                         _085_ (net)
                      0.308878    0.001211    4.131437 v _292_/A1 (sky130_fd_sc_hd__a21o_2)
     3    0.009964    0.089416    0.484208    4.615645 v _292_/X (sky130_fd_sc_hd__a21o_2)
                                                         _089_ (net)
                      0.089420    0.000686    4.616332 v _295_/B2 (sky130_fd_sc_hd__a22o_2)
     2    0.007573    0.089136    0.446558    5.062890 v _295_/X (sky130_fd_sc_hd__a22o_2)
                                                         _092_ (net)
                      0.089136    0.000395    5.063284 v _297_/A2 (sky130_fd_sc_hd__a21o_2)
     3    0.012752    0.102353    0.438405    5.501690 v _297_/X (sky130_fd_sc_hd__a21o_2)
                                                         _094_ (net)
                      0.102356    0.000706    5.502396 v _298_/C (sky130_fd_sc_hd__and3_2)
     3    0.012397    0.115071    0.505997    6.008393 v _298_/X (sky130_fd_sc_hd__and3_2)
                                                         _095_ (net)
                      0.115073    0.000631    6.009024 v _301_/B (sky130_fd_sc_hd__or3_2)
     2    0.007286    0.193535    1.115402    7.124426 v _301_/X (sky130_fd_sc_hd__or3_2)
                                                         _098_ (net)
                      0.193535    0.000345    7.124771 v _303_/B (sky130_fd_sc_hd__and3_2)
     2    0.005355    0.085871    0.480747    7.605517 v _303_/X (sky130_fd_sc_hd__and3_2)
                                                         _100_ (net)
                      0.085871    0.000315    7.605833 v _323_/B1 (sky130_fd_sc_hd__a21o_2)
     4    0.024126    0.144936    0.446770    8.052603 v _323_/X (sky130_fd_sc_hd__a21o_2)
                                                         _119_ (net)
                      0.144950    0.001516    8.054118 v _350_/A2 (sky130_fd_sc_hd__a211o_2)
     2    0.010622    0.121166    0.698242    8.752361 v _350_/X (sky130_fd_sc_hd__a211o_2)
                                                         _144_ (net)
                      0.121167    0.000612    8.752973 v _359_/A3 (sky130_fd_sc_hd__a31o_2)
     2    0.013067    0.110150    0.521223    9.274196 v _359_/X (sky130_fd_sc_hd__a31o_2)
                                                         _152_ (net)
                      0.110150    0.000482    9.274678 v _363_/A2 (sky130_fd_sc_hd__a21o_2)
     3    0.017742    0.122896    0.472946    9.747624 v _363_/X (sky130_fd_sc_hd__a21o_2)
                                                         _155_ (net)
                      0.122901    0.000912    9.748536 v _372_/A1 (sky130_fd_sc_hd__a21oi_2)
     4    0.020626    0.431554    0.446183   10.194719 ^ _372_/Y (sky130_fd_sc_hd__a21oi_2)
                                                         _163_ (net)
                      0.431561    0.001431   10.196150 ^ _383_/A2 (sky130_fd_sc_hd__a211o_2)
     3    0.013650    0.129324    0.446799   10.642949 ^ _383_/X (sky130_fd_sc_hd__a211o_2)
                                                         _173_ (net)
                      0.129325    0.000652   10.643601 ^ _388_/A2 (sky130_fd_sc_hd__a31o_2)
     1    0.006617    0.100234    0.364282   11.007883 ^ _388_/X (sky130_fd_sc_hd__a31o_2)
                                                         _177_ (net)
                      0.100236    0.000560   11.008443 ^ _390_/A2 (sky130_fd_sc_hd__o21ai_2)
     1    0.003224    0.075234    0.105054   11.113496 v _390_/Y (sky130_fd_sc_hd__o21ai_2)
                                                         _029_ (net)
                      0.075234    0.000196   11.113692 v _416_/D (sky130_fd_sc_hd__dfxtp_2)
                                             11.113692   data arrival time

                                 25.000000   25.000000   clock clk (rise edge)
                                  0.000000   25.000000   clock source latency
     2    0.017383    0.131979    0.089777   25.089777 ^ clk (in)
                                                         clk (net)
                      0.132008    0.000000   25.089777 ^ clkbuf_0_clk/A (sky130_fd_sc_hd__clkbuf_16)
     8    0.083089    0.152953    0.323636   25.413412 ^ clkbuf_0_clk/X (sky130_fd_sc_hd__clkbuf_16)
                                                         clknet_0_clk (net)
                      0.153112    0.004414   25.417828 ^ clkbuf_3_2__f_clk/A (sky130_fd_sc_hd__clkbuf_16)
     4    0.012684    0.058305    0.249234   25.667061 ^ clkbuf_3_2__f_clk/X (sky130_fd_sc_hd__clkbuf_16)
                                                         clknet_3_2__leaf_clk (net)
                      0.058306    0.000657   25.667717 ^ _416_/CLK (sky130_fd_sc_hd__dfxtp_2)
                                 -0.250000   25.417719   clock uncertainty
                                  0.000000   25.417719   clock reconvergence pessimism
                                 -0.279729   25.137991   library setup time
                                             25.137991   data required time
---------------------------------------------------------------------------------------------
                                             25.137991   data required time
                                            -11.113692   data arrival time
---------------------------------------------------------------------------------------------
