                                                                        Cells by Master                                                                         
┏━━━━━━━━━━━━━━━━━━━━━━━━━━━━━━━━━━━━━━━━━━━━━━━━━━━━━━━━━━━━━━━━━━━━━━━━━━━━━━━━━━━━━━━━━━━━━━━━━━━━━━━━━━━━━━━━━━━━━━━━━━━━━━━━━━━┳━━━━━━━━━━━━━━━━━━━━━━━━━━┓
┃ Cell                                                                                                                              ┃ Count                    ┃
┡━━━━━━━━━━━━━━━━━━━━━━━━━━━━━━━━━━━━━━━━━━━━━━━━━━━━━━━━━━━━━━━━━━━━━━━━━━━━━━━━━━━━━━━━━━━━━━━━━━━━━━━━━━━━━━━━━━━━━━━━━━━━━━━━━━━╇━━━━━━━━━━━━━━━━━━━━━━━━━━┩
│ sky130_fd_sc_hd__a2111oi_1                                                                                                        │ 1                        │
│ sky130_fd_sc_hd__a211o_2                                                                                                          │ 7                        │
│ sky130_fd_sc_hd__a21bo_2                                                                                                          │ 3                        │
│ sky130_fd_sc_hd__a21boi_2                                                                                                         │ 3                        │
│ sky130_fd_sc_hd__a21o_2                                                                                                           │ 14                       │
│ sky130_fd_sc_hd__a21oi_2                                                                                                          │ 10                       │
│ sky130_fd_sc_hd__a221o_2                                                                                                          │ 16                       │
│ sky130_fd_sc_hd__a22o_2                                                                                                           │ 18                       │
│ sky130_fd_sc_hd__a22oi_2                                                                                                          │ 1                        │
│ sky130_fd_sc_hd__a311o_2                                                                                                          │ 2                        │
│ sky130_fd_sc_hd__a31o_2                                                                                                           │ 9                        │
│ sky130_fd_sc_hd__a31oi_2                                                                                                          │ 5                        │
│ sky130_fd_sc_hd__a32o_2                                                                                                           │ 1                        │
│ sky130_fd_sc_hd__a41o_2                                                                                                           │ 3                        │
│ sky130_fd_sc_hd__and2_2                                                                                                           │ 25                       │
│ sky130_fd_sc_hd__and2b_2                                                                                                          │ 8                        │
│ sky130_fd_sc_hd__and3_2                                                                                                           │ 15                       │
│ sky130_fd_sc_hd__and3b_2                                                                                                          │ 1                        │
│ sky130_fd_sc_hd__and4_2                                                                                                           │ 3                        │
│ sky130_fd_sc_hd__and4b_2                                                                                                          │ 3                        │
│ sky130_fd_sc_hd__and4bb_2                                                                                                         │ 4                        │
│ sky130_fd_sc_hd__buf_1                                                                                                            │ 29                       │
│ sky130_fd_sc_hd__buf_2                                                                                                            │ 12                       │
│ sky130_fd_sc_hd__clkbuf_16                                                                                                        │ 5                        │
│ sky130_fd_sc_hd__clkbuf_2                                                                                                         │ 1                        │
│ sky130_fd_sc_hd__clkbuf_4                                                                                                         │ 12                       │
│ sky130_fd_sc_hd__clkbuf_8                                                                                                         │ 29                       │
│ sky130_fd_sc_hd__clkdlybuf4s25_1                                                                                                  │ 97                       │
│ sky130_fd_sc_hd__clkinv_2                                                                                                         │ 2                        │
│ sky130_fd_sc_hd__clkinv_4                                                                                                         │ 1                        │
│ sky130_fd_sc_hd__decap_3                                                                                                          │ 5968                     │
│ sky130_fd_sc_hd__dfxtp_2                                                                                                          │ 222                      │
│ sky130_fd_sc_hd__diode_2                                                                                                          │ 577                      │
│ sky130_fd_sc_hd__dlygate4sd3_1                                                                                                    │ 199                      │
│ sky130_fd_sc_hd__fill_1                                                                                                           │ 573                      │
│ sky130_fd_sc_hd__fill_2                                                                                                           │ 440                      │
│ sky130_fd_sc_hd__inv_2                                                                                                            │ 21                       │
│ sky130_fd_sc_hd__mux2_1                                                                                                           │ 155                      │
│ sky130_fd_sc_hd__mux4_2                                                                                                           │ 19                       │
│ sky130_fd_sc_hd__nand2_2                                                                                                          │ 25                       │
│ sky130_fd_sc_hd__nand2b_2                                                                                                         │ 7                        │
│ sky130_fd_sc_hd__nand3_2                                                                                                          │ 3                        │
│ sky130_fd_sc_hd__nand4b_2                                                                                                         │ 1                        │
│ sky130_fd_sc_hd__nor2_2                                                                                                           │ 23                       │
│ sky130_fd_sc_hd__nor3_2                                                                                                           │ 3                        │
│ sky130_fd_sc_hd__nor4_2                                                                                                           │ 2                        │
│ sky130_fd_sc_hd__nor4b_2                                                                                                          │ 1                        │
│ sky130_fd_sc_hd__o211a_2                                                                                                          │ 39                       │
│ sky130_fd_sc_hd__o211ai_2                                                                                                         │ 1                        │
│ sky130_fd_sc_hd__o21a_2                                                                                                           │ 25                       │
│ sky130_fd_sc_hd__o21ai_2                                                                                                          │ 16                       │
│ sky130_fd_sc_hd__o21ba_2                                                                                                          │ 5                        │
│ sky130_fd_sc_hd__o221a_2                                                                                                          │ 1                        │
│ sky130_fd_sc_hd__o22a_2                                                                                                           │ 31                       │
│ sky130_fd_sc_hd__o2bb2a_2                                                                                                         │ 2                        │
│ sky130_fd_sc_hd__o311a_2                                                                                                          │ 2                        │
│ sky130_fd_sc_hd__o31a_2                                                                                                           │ 1                        │
│ sky130_fd_sc_hd__or2_2                                                                                                            │ 47                       │
│ sky130_fd_sc_hd__or3_2                                                                                                            │ 12                       │
│ sky130_fd_sc_hd__or3b_2                                                                                                           │ 7                        │
│ sky130_fd_sc_hd__or4_2                                                                                                            │ 2                        │
│ sky130_fd_sc_hd__or4b_2                                                                                                           │ 3                        │
│ sky130_fd_sc_hd__tapvpwrvgnd_1                                                                                                    │ 592                      │
│ sky130_fd_sc_hd__xnor2_2                                                                                                          │ 4                        │
│ sky130_fd_sc_hd__xor2_2                                                                                                           │ 6                        │
└───────────────────────────────────────────────────────────────────────────────────────────────────────────────────────────────────┴──────────────────────────┘
