+ analyze_power_grid -net vccd1 -voltage_file ~/raja/open-ai-chip/designs/kv_attn_n8_int4/runs/RUN_2026-10-06_06-58-48/58-openroad-irdropreport/net-vccd1.csv
[INFO PSM-0040] All shapes on net vccd1 are connected.
########## IR report #################
Net              : vccd1
Corner           : nom_tt_025C_1v80
Total power      : 8.57e-04 W
Supply voltage   : 1.80e+00 V
Worstcase voltage: 1.80e+00 V
Average voltage  : 1.80e+00 V
Average IR drop  : 3.89e-05 V
Worstcase IR drop: 1.53e-04 V
Percentage drop  : 0.01 %
######################################
+ analyze_power_grid -net vssd1 -voltage_file ~/raja/open-ai-chip/designs/kv_attn_n8_int4/runs/RUN_2026-10-06_06-58-48/58-openroad-irdropreport/net-vssd1.csv
[INFO PSM-0040] All shapes on net vssd1 are connected.
########## IR report #################
Net              : vssd1
Corner           : nom_tt_025C_1v80
Total power      : 8.57e-04 W
Supply voltage   : 0.00e+00 V
Worstcase voltage: 1.90e-04 V
Average voltage  : 3.74e-05 V
Average IR drop  : 3.74e-05 V
Worstcase IR drop: 1.90e-04 V
Percentage drop  : 0.01 %
######################################
