164. Printing statistics.

=== kv_attn_n8_int4 ===

        +----------Local Count, excluding submodules.
        |        +-Local Area, excluding submodules.
        |        | 
      845        - wires
      859        - wire bits
      227        - public wires
      241        - public wire bits
       10        - ports
       24        - port bits
      846 1.08E+04 cells
        1   15.014   sky130_fd_sc_hd__a2111oi_2
        7   70.067   sky130_fd_sc_hd__a211o_2
        3   30.029   sky130_fd_sc_hd__a21bo_2
        3   33.782   sky130_fd_sc_hd__a21boi_2
       14  122.618   sky130_fd_sc_hd__a21o_2
       10   87.584   sky130_fd_sc_hd__a21oi_2
       16  180.173   sky130_fd_sc_hd__a221o_2
       18  180.173   sky130_fd_sc_hd__a22o_2
        1   12.512   sky130_fd_sc_hd__a22oi_2
        2   22.522   sky130_fd_sc_hd__a311o_2
        9   78.826   sky130_fd_sc_hd__a31o_2
        5    62.56   sky130_fd_sc_hd__a31oi_2
        1   11.261   sky130_fd_sc_hd__a32o_2
        3   33.782   sky130_fd_sc_hd__a41o_2
       25   187.68   sky130_fd_sc_hd__and2_2
        8   70.067   sky130_fd_sc_hd__and2b_2
       15  112.608   sky130_fd_sc_hd__and3_2
        1    10.01   sky130_fd_sc_hd__and3b_2
        3   30.029   sky130_fd_sc_hd__and4_2
        3   33.782   sky130_fd_sc_hd__and4b_2
        4   50.048   sky130_fd_sc_hd__and4bb_2
        8   40.038   sky130_fd_sc_hd__buf_2
      222 4.72E+03   sky130_fd_sc_hd__dfxtp_2
       21   78.826   sky130_fd_sc_hd__inv_2
      155 1.75E+03   sky130_fd_sc_hd__mux2_1
       19   427.91   sky130_fd_sc_hd__mux4_2
       25    156.4   sky130_fd_sc_hd__nand2_2
        7   61.309   sky130_fd_sc_hd__nand2b_2
        3   30.029   sky130_fd_sc_hd__nand3_2
        1   15.014   sky130_fd_sc_hd__nand4b_2
       23  143.888   sky130_fd_sc_hd__nor2_2
        3   30.029   sky130_fd_sc_hd__nor3_2
        2   25.024   sky130_fd_sc_hd__nor4_2
        1   15.014   sky130_fd_sc_hd__nor4b_2
       39  390.374   sky130_fd_sc_hd__o211a_2
        1   12.512   sky130_fd_sc_hd__o211ai_2
       25   218.96   sky130_fd_sc_hd__o21a_2
       16  140.134   sky130_fd_sc_hd__o21ai_2
        5   50.048   sky130_fd_sc_hd__o21ba_2
        1   11.261   sky130_fd_sc_hd__o221a_2
       31  310.298   sky130_fd_sc_hd__o22a_2
        2   22.522   sky130_fd_sc_hd__o2bb2a_2
        2   22.522   sky130_fd_sc_hd__o311a_2
        1    10.01   sky130_fd_sc_hd__o31a_2
       47  294.032   sky130_fd_sc_hd__or2_2
       12   90.086   sky130_fd_sc_hd__or3_2
        7   61.309   sky130_fd_sc_hd__or3b_2
        2   17.517   sky130_fd_sc_hd__or4_2
        3   30.029   sky130_fd_sc_hd__or4b_2
        4   65.062   sky130_fd_sc_hd__xnor2_2
        6   97.594   sky130_fd_sc_hd__xor2_2

   Chip area for module '\kv_attn_n8_int4': 10770.329600
     of which used for sequential elements: 4722.028800 (43.84%)

