                                                                        Cells by Master                                                                         
┏━━━━━━━━━━━━━━━━━━━━━━━━━━━━━━━━━━━━━━━━━━━━━━━━━━━━━━━━━━━━━━━━━━━━━━━━━━━━━━━━━━━━━━━━━━━━━━━━━━━━━━━━━━━━━━━━━━━━━━━━━━━━━━━━━━━┳━━━━━━━━━━━━━━━━━━━━━━━━━━┓
┃ Cell                                                                                                                              ┃ Count                    ┃
┡━━━━━━━━━━━━━━━━━━━━━━━━━━━━━━━━━━━━━━━━━━━━━━━━━━━━━━━━━━━━━━━━━━━━━━━━━━━━━━━━━━━━━━━━━━━━━━━━━━━━━━━━━━━━━━━━━━━━━━━━━━━━━━━━━━━╇━━━━━━━━━━━━━━━━━━━━━━━━━━┩
│ sky130_fd_sc_hd__a211o_2                                                                                                          │ 1                        │
│ sky130_fd_sc_hd__a21boi_2                                                                                                         │ 1                        │
│ sky130_fd_sc_hd__a21o_2                                                                                                           │ 6                        │
│ sky130_fd_sc_hd__a21oi_2                                                                                                          │ 1                        │
│ sky130_fd_sc_hd__a21oi_4                                                                                                          │ 1                        │
│ sky130_fd_sc_hd__a221o_2                                                                                                          │ 1                        │
│ sky130_fd_sc_hd__a22o_2                                                                                                           │ 1                        │
│ sky130_fd_sc_hd__a2bb2o_2                                                                                                         │ 2                        │
│ sky130_fd_sc_hd__a31o_2                                                                                                           │ 9                        │
│ sky130_fd_sc_hd__a32o_2                                                                                                           │ 11                       │
│ sky130_fd_sc_hd__a41o_2                                                                                                           │ 1                        │
│ sky130_fd_sc_hd__and2_2                                                                                                           │ 8                        │
│ sky130_fd_sc_hd__and2b_2                                                                                                          │ 1                        │
│ sky130_fd_sc_hd__and3_2                                                                                                           │ 3                        │
│ sky130_fd_sc_hd__and3b_2                                                                                                          │ 2                        │
│ sky130_fd_sc_hd__and4_2                                                                                                           │ 9                        │
│ sky130_fd_sc_hd__and4b_2                                                                                                          │ 3                        │
│ sky130_fd_sc_hd__buf_1                                                                                                            │ 1                        │
│ sky130_fd_sc_hd__buf_12                                                                                                           │ 65                       │
│ sky130_fd_sc_hd__buf_2                                                                                                            │ 34                       │
│ sky130_fd_sc_hd__buf_4                                                                                                            │ 66                       │
│ sky130_fd_sc_hd__bufinv_16                                                                                                        │ 1                        │
│ sky130_fd_sc_hd__clkbuf_16                                                                                                        │ 5                        │
│ sky130_fd_sc_hd__clkbuf_4                                                                                                         │ 1                        │
│ sky130_fd_sc_hd__clkbuf_8                                                                                                         │ 1                        │
│ sky130_fd_sc_hd__clkdlybuf4s25_1                                                                                                  │ 58                       │
│ sky130_fd_sc_hd__conb_1                                                                                                           │ 131                      │
│ sky130_fd_sc_hd__decap_3                                                                                                          │ 6118                     │
│ sky130_fd_sc_hd__dfxtp_2                                                                                                          │ 33                       │
│ sky130_fd_sc_hd__diode_2                                                                                                          │ 254                      │
│ sky130_fd_sc_hd__dlygate4sd3_1                                                                                                    │ 166                      │
│ sky130_fd_sc_hd__fill_1                                                                                                           │ 511                      │
│ sky130_fd_sc_hd__fill_2                                                                                                           │ 677                      │
│ sky130_fd_sc_hd__inv_2                                                                                                            │ 15                       │
│ sky130_fd_sc_hd__mux2_1                                                                                                           │ 20                       │
│ sky130_fd_sc_hd__nand2_2                                                                                                          │ 7                        │
│ sky130_fd_sc_hd__nand3_2                                                                                                          │ 1                        │
│ sky130_fd_sc_hd__nand3b_2                                                                                                         │ 1                        │
│ sky130_fd_sc_hd__nor2_2                                                                                                           │ 7                        │
│ sky130_fd_sc_hd__o2111a_2                                                                                                         │ 1                        │
│ sky130_fd_sc_hd__o211a_2                                                                                                          │ 4                        │
│ sky130_fd_sc_hd__o21a_2                                                                                                           │ 5                        │
│ sky130_fd_sc_hd__o221a_2                                                                                                          │ 1                        │
│ sky130_fd_sc_hd__o2bb2a_2                                                                                                         │ 2                        │
│ sky130_fd_sc_hd__or2_2                                                                                                            │ 5                        │
│ sky130_fd_sc_hd__tapvpwrvgnd_1                                                                                                    │ 469                      │
│ sky130_fd_sc_hd__xnor2_2                                                                                                          │ 1                        │
│ sky130_fd_sc_hd__xor2_2                                                                                                           │ 5                        │
└───────────────────────────────────────────────────────────────────────────────────────────────────────────────────────────────────┴──────────────────────────┘
