115. Printing statistics.

=== user_proj_example ===

        +----------Local Count, excluding submodules.
        |        +-Local Area, excluding submodules.
        |        | 
      153        - wires
      677        - wire bits
       19        - public wires
      543        - public wire bits
       17        - ports
      541        - port bits
      332 2.59E+03 cells
        1    10.01   sky130_fd_sc_hd__a211o_2
        1   11.261   sky130_fd_sc_hd__a21boi_2
        6    52.55   sky130_fd_sc_hd__a21o_2
        2   17.517   sky130_fd_sc_hd__a21oi_2
        1   11.261   sky130_fd_sc_hd__a221o_2
        1    10.01   sky130_fd_sc_hd__a22o_2
        2   22.522   sky130_fd_sc_hd__a2bb2o_2
        9   78.826   sky130_fd_sc_hd__a31o_2
       11  123.869   sky130_fd_sc_hd__a32o_2
        1   11.261   sky130_fd_sc_hd__a41o_2
        8   60.058   sky130_fd_sc_hd__and2_2
        1    8.758   sky130_fd_sc_hd__and2b_2
        3   22.522   sky130_fd_sc_hd__and3_2
        2   20.019   sky130_fd_sc_hd__and3b_2
        9   90.086   sky130_fd_sc_hd__and4_2
        3   33.782   sky130_fd_sc_hd__and4b_2
       32  160.154   sky130_fd_sc_hd__buf_2
      131  491.722   sky130_fd_sc_hd__conb_1
       33  701.923   sky130_fd_sc_hd__dfxtp_2
       15   56.304   sky130_fd_sc_hd__inv_2
       20  225.216   sky130_fd_sc_hd__mux2_1
        7   43.792   sky130_fd_sc_hd__nand2_2
        1    10.01   sky130_fd_sc_hd__nand3_2
        1   11.261   sky130_fd_sc_hd__nand3b_2
        7   43.792   sky130_fd_sc_hd__nor2_2
        1   12.512   sky130_fd_sc_hd__o2111a_2
        4   40.038   sky130_fd_sc_hd__o211a_2
        5   43.792   sky130_fd_sc_hd__o21a_2
        1   11.261   sky130_fd_sc_hd__o221a_2
        2   22.522   sky130_fd_sc_hd__o2bb2a_2
        5    31.28   sky130_fd_sc_hd__or2_2
        1   16.266   sky130_fd_sc_hd__xnor2_2
        5   81.328   sky130_fd_sc_hd__xor2_2

   Chip area for module '\user_proj_example': 2587.481600
     of which used for sequential elements: 701.923200 (27.13%)

